13:14:08.023  INFO    -> pi -0.1 -0.08
13:14:08.027  INFO    <- OK
13:14:08.027  INFO    -> speed 0
13:14:08.031  INFO    <- OK
13:14:08.031  INFO    -> speed 1000
13:14:08.034  INFO    <- OK
13:14:08.034  INFO    -> rpm
13:14:08.039  INFO    <- OK ret=0 rpm=0 (hex=0x0000)
13:14:08.040  INFO    -> current
13:14:08.046  INFO    <- OK ret=0 val1=-0.15 val2=0.05
13:14:08.234  INFO    -> rpm
13:14:08.238  INFO    <- OK ret=0 rpm=0 (hex=0x0000)
13:14:08.434  INFO    -> rpm
13:14:08.438  INFO    <- OK ret=0 rpm=0 (hex=0x0000)
13:14:08.634  INFO    -> rpm
13:14:08.639  INFO    <- OK ret=0 rpm=0 (hex=0x0000)
13:14:08.834  INFO    -> rpm
13:14:08.840  INFO    <- OK ret=0 rpm=900 (hex=0x0384)
13:14:09.034  INFO    -> rpm
13:14:09.039  INFO    <- OK ret=0 rpm=1375 (hex=0x055f)
13:14:09.040  INFO    -> current
13:14:09.045  INFO    <- OK ret=0 val1=-0.15 val2=0.00
13:14:09.234  INFO    -> rpm
13:14:09.239  INFO    <- OK ret=0 rpm=1300 (hex=0x0514)
13:14:09.434  INFO    -> rpm
13:14:09.439  INFO    <- OK ret=0 rpm=1150 (hex=0x047e)
13:14:09.634  INFO    -> rpm
13:14:09.639  INFO    <- OK ret=0 rpm=1050 (hex=0x041a)
13:14:09.834  INFO    -> rpm
13:14:09.839  INFO    <- OK ret=0 rpm=975 (hex=0x03cf)
13:14:10.034  INFO    -> rpm
13:14:10.039  INFO    <- OK ret=0 rpm=1000 (hex=0x03e8)
13:14:10.040  INFO    -> current
13:14:10.045  INFO    <- OK ret=0 val1=-0.54 val2=-0.39
13:14:10.234  INFO    -> rpm
13:14:10.239  INFO    <- OK ret=0 rpm=1000 (hex=0x03e8)
13:14:10.434  INFO    -> rpm
13:14:10.439  INFO    <- OK ret=0 rpm=975 (hex=0x03cf)
13:14:10.634  INFO    -> rpm
13:14:10.639  INFO    <- OK ret=0 rpm=1000 (hex=0x03e8)
13:14:10.834  INFO    -> rpm
13:14:10.839  INFO    <- OK ret=0 rpm=1000 (hex=0x03e8)
13:14:11.034  INFO    -> rpm
13:14:11.039  INFO    <- OK ret=0 rpm=1000 (hex=0x03e8)
13:14:11.040  INFO    -> current
13:14:11.045  INFO    <- OK ret=0 val1=-0.54 val2=-0.44
13:14:11.234  INFO    -> rpm
13:14:11.239  INFO    <- OK ret=0 rpm=1000 (hex=0x03e8)
13:14:11.434  INFO    -> rpm
13:14:11.439  INFO    <- OK ret=0 rpm=1000 (hex=0x03e8)
13:14:11.634  INFO    -> rpm
13:14:11.639  INFO    <- OK ret=0 rpm=1025 (hex=0x0401)
13:14:11.834  INFO    -> rpm
13:14:11.839  INFO    <- OK ret=0 rpm=975 (hex=0x03cf)
13:14:12.034  INFO    -> rpm
13:14:12.039  INFO    <- OK ret=0 rpm=1000 (hex=0x03e8)
13:14:12.040  INFO    -> current
13:14:12.045  INFO    <- OK ret=0 val1=-0.49 val2=-0.39
13:14:12.234  INFO    -> rpm
13:14:12.239  INFO    <- OK ret=0 rpm=1000 (hex=0x03e8)
13:14:12.434  INFO    -> rpm
13:14:12.439  INFO    <- OK ret=0 rpm=1000 (hex=0x03e8)
13:14:12.634  INFO    -> rpm
13:14:12.639  INFO    <- OK ret=0 rpm=1025 (hex=0x0401)
13:14:12.834  INFO    -> rpm
13:14:12.839  INFO    <- OK ret=0 rpm=1000 (hex=0x03e8)
13:14:13.034  INFO    -> rpm
13:14:13.039  INFO    <- OK ret=0 rpm=1000 (hex=0x03e8)
13:14:13.040  INFO    -> current
13:14:13.045  INFO    <- OK ret=0 val1=-0.44 val2=-0.44
13:14:13.234  INFO    -> rpm
13:14:13.239  INFO    <- OK ret=0 rpm=1000 (hex=0x03e8)
13:14:13.435  INFO    -> rpm
13:14:13.439  INFO    <- OK ret=0 rpm=1000 (hex=0x03e8)
13:14:13.634  INFO    -> rpm
13:14:13.639  INFO    <- OK ret=0 rpm=1025 (hex=0x0401)
13:14:13.834  INFO    -> rpm
13:14:13.839  INFO    <- OK ret=0 rpm=975 (hex=0x03cf)
13:14:14.034  INFO    -> rpm
13:14:14.039  INFO    <- OK ret=0 rpm=1000 (hex=0x03e8)
13:14:14.040  INFO    -> current
13:14:14.045  INFO    <- OK ret=0 val1=-0.49 val2=-0.44
13:14:14.234  INFO    -> rpm
13:14:14.240  INFO    <- OK ret=0 rpm=1000 (hex=0x03e8)
13:14:14.434  INFO    -> rpm
13:14:14.440  INFO    <- OK ret=0 rpm=1025 (hex=0x0401)
13:14:14.634  INFO    -> rpm
13:14:14.639  INFO    <- OK ret=0 rpm=975 (hex=0x03cf)
13:14:14.834  INFO    -> rpm
13:14:14.840  INFO    <- OK ret=0 rpm=1025 (hex=0x0401)
13:14:14.840  INFO    -> speed 800
13:14:14.845  INFO    <- OK
13:14:15.095  INFO    -> speed 600
13:14:15.100  INFO    <- OK
13:14:15.351  INFO    -> speed 400
13:14:15.356  INFO    <- OK
13:14:15.607  INFO    -> speed 200
13:14:15.612  INFO    <- OK
13:14:15.862  INFO    -> speed 0
13:14:15.867  INFO    <- OK
