15:12:17.277  INFO    -> pi 0.02 0.06
15:12:17.281  INFO    <- OK
15:12:17.281  INFO    -> speed 0
15:12:17.284  INFO    <- OK
15:12:17.284  INFO    -> speed 1000
15:12:17.288  INFO    <- OK
15:12:17.288  INFO    -> rpm
15:12:17.292  INFO    <- OK ret=0 rpm=0 (hex=0x0000)
15:12:17.292  INFO    -> current
15:12:17.297  INFO    <- OK ret=0 val1=-0.10 val2=0.05
15:12:17.488  INFO    -> rpm
15:12:17.492  INFO    <- OK ret=0 rpm=550 (hex=0x0226)
15:12:17.688  INFO    -> rpm
15:12:17.692  INFO    <- OK ret=0 rpm=750 (hex=0x02ee)
15:12:17.888  INFO    -> rpm
15:12:17.893  INFO    <- OK ret=0 rpm=700 (hex=0x02bc)
15:12:18.088  INFO    -> rpm
15:12:18.093  INFO    <- OK ret=0 rpm=850 (hex=0x0352)
15:12:18.288  INFO    -> rpm
15:12:18.293  INFO    <- OK ret=0 rpm=925 (hex=0x039d)
15:12:18.293  INFO    -> current
15:12:18.299  INFO    <- OK ret=0 val1=-0.39 val2=-0.29
15:12:18.488  INFO    -> rpm
15:12:18.493  INFO    <- OK ret=0 rpm=925 (hex=0x039d)
15:12:18.688  INFO    -> rpm
15:12:18.693  INFO    <- OK ret=0 rpm=975 (hex=0x03cf)
15:12:18.888  INFO    -> rpm
15:12:18.893  INFO    <- OK ret=0 rpm=1000 (hex=0x03e8)
15:12:19.088  INFO    -> rpm
15:12:19.093  INFO    <- OK ret=0 rpm=975 (hex=0x03cf)
15:12:19.288  INFO    -> rpm
15:12:19.293  INFO    <- OK ret=0 rpm=1000 (hex=0x03e8)
15:12:19.293  INFO    -> current
15:12:19.299  INFO    <- OK ret=0 val1=-0.49 val2=-0.59
15:12:19.488  INFO    -> rpm
15:12:19.493  INFO    <- OK ret=0 rpm=1000 (hex=0x03e8)
15:12:19.688  INFO    -> rpm
15:12:19.693  INFO    <- OK ret=0 rpm=1000 (hex=0x03e8)
15:12:19.888  INFO    -> rpm
15:12:19.893  INFO    <- OK ret=0 rpm=1000 (hex=0x03e8)
15:12:20.088  INFO    -> rpm
15:12:20.093  INFO    <- OK ret=0 rpm=1000 (hex=0x03e8)
15:12:20.288  INFO    -> rpm
15:12:20.293  INFO    <- OK ret=0 rpm=975 (hex=0x03cf)
15:12:20.293  INFO    -> current
15:12:20.299  INFO    <- OK ret=0 val1=-0.59 val2=-0.54
15:12:20.488  INFO    -> rpm
15:12:20.499  INFO    <- OK ret=0 rpm=1000 (hex=0x03e8)
15:12:20.688  INFO    -> rpm
15:12:20.693  INFO    <- OK ret=0 rpm=1025 (hex=0x0401)
15:12:20.888  INFO    -> rpm
15:12:20.893  INFO    <- OK ret=0 rpm=1000 (hex=0x03e8)
15:12:21.088  INFO    -> rpm
15:12:21.093  INFO    <- OK ret=0 rpm=1025 (hex=0x0401)
15:12:21.288  INFO    -> rpm
15:12:21.293  INFO    <- OK ret=0 rpm=1000 (hex=0x03e8)
15:12:21.293  INFO    -> current
15:12:21.299  INFO    <- OK ret=0 val1=-0.54 val2=-0.49
15:12:21.488  INFO    -> rpm
15:12:21.493  INFO    <- OK ret=0 rpm=1000 (hex=0x03e8)
15:12:21.688  INFO    -> rpm
15:12:21.693  INFO    <- OK ret=0 rpm=1025 (hex=0x0401)
15:12:21.888  INFO    -> rpm
15:12:21.893  INFO    <- OK ret=0 rpm=1000 (hex=0x03e8)
15:12:22.088  INFO    -> rpm
15:12:22.093  INFO    <- OK ret=0 rpm=1025 (hex=0x0401)
15:12:22.288  INFO    -> rpm
15:12:22.293  INFO    <- OK ret=0 rpm=975 (hex=0x03cf)
15:12:22.293  INFO    -> current
15:12:22.299  INFO    <- OK ret=0 val1=-0.49 val2=-0.44
15:12:22.488  INFO    -> rpm
15:12:22.493  INFO    <- OK ret=0 rpm=1025 (hex=0x0401)
15:12:22.688  INFO    -> rpm
15:12:22.693  INFO    <- OK ret=0 rpm=975 (hex=0x03cf)
15:12:22.888  INFO    -> rpm
15:12:22.893  INFO    <- OK ret=0 rpm=1025 (hex=0x0401)
15:12:23.088  INFO    -> rpm
15:12:23.093  INFO    <- OK ret=0 rpm=975 (hex=0x03cf)
15:12:23.288  INFO    -> rpm
15:12:23.293  INFO    <- OK ret=0 rpm=1000 (hex=0x03e8)
15:12:23.294  INFO    -> current
15:12:23.299  INFO    <- OK ret=0 val1=-0.49 val2=-0.59
15:12:23.488  INFO    -> rpm
15:12:23.493  INFO    <- OK ret=0 rpm=1025 (hex=0x0401)
15:12:23.688  INFO    -> rpm
15:12:23.693  INFO    <- OK ret=0 rpm=1000 (hex=0x03e8)
15:12:23.888  INFO    -> rpm
15:12:23.893  INFO    <- OK ret=0 rpm=1025 (hex=0x0401)
15:12:24.088  INFO    -> rpm
15:12:24.093  INFO    <- OK ret=0 rpm=1000 (hex=0x03e8)
15:12:24.094  INFO    -> speed 800
15:12:24.098  INFO    <- OK
15:12:24.349  INFO    -> speed 600
15:12:24.354  INFO    <- OK
15:12:24.605  INFO    -> speed 400
15:12:24.609  INFO    <- OK
15:12:24.860  INFO    -> speed 200
15:12:24.865  INFO    <- OK
15:12:25.116  INFO    -> speed 0
15:12:25.121  INFO    <- OK
