15:11:21.874  INFO    -> pi 0.02 -0.02
15:11:21.878  INFO    <- OK
15:11:21.879  INFO    -> speed 0
15:11:21.882  INFO    <- OK
15:11:21.882  INFO    -> speed 1000
15:11:21.886  INFO    <- OK
15:11:21.886  INFO    -> rpm
15:11:21.890  INFO    <- OK ret=0 rpm=0 (hex=0x0000)
15:11:21.890  INFO    -> current
15:11:21.895  INFO    <- OK ret=0 val1=-0.10 val2=0.05
15:11:22.086  INFO    -> rpm
15:11:22.090  INFO    <- OK ret=0 rpm=0 (hex=0x0000)
15:11:22.286  INFO    -> rpm
15:11:22.291  INFO    <- OK ret=0 rpm=0 (hex=0x0000)
15:11:22.486  INFO    -> rpm
15:11:22.491  INFO    <- OK ret=0 rpm=0 (hex=0x0000)
15:11:22.686  INFO    -> rpm
15:11:22.691  INFO    <- OK ret=0 rpm=1675 (hex=0x068b)
15:11:22.886  INFO    -> rpm
15:11:22.891  INFO    <- OK ret=0 rpm=1100 (hex=0x044c)
15:11:22.892  INFO    -> current
15:11:22.897  INFO    <- OK ret=0 val1=-0.73 val2=-0.78
15:11:23.086  INFO    -> rpm
15:11:23.091  INFO    <- OK ret=0 rpm=1075 (hex=0x0433)
15:11:23.286  INFO    -> rpm
15:11:23.291  INFO    <- OK ret=0 rpm=1100 (hex=0x044c)
15:11:23.486  INFO    -> rpm
15:11:23.491  INFO    <- OK ret=0 rpm=1050 (hex=0x041a)
15:11:23.686  INFO    -> rpm
15:11:23.691  INFO    <- OK ret=0 rpm=1025 (hex=0x0401)
15:11:23.886  INFO    -> rpm
15:11:23.891  INFO    <- OK ret=0 rpm=1025 (hex=0x0401)
15:11:23.892  INFO    -> current
15:11:23.897  INFO    <- OK ret=0 val1=-0.54 val2=-0.39
15:11:24.086  INFO    -> rpm
15:11:24.091  INFO    <- OK ret=0 rpm=1000 (hex=0x03e8)
15:11:24.286  INFO    -> rpm
15:11:24.291  INFO    <- OK ret=0 rpm=1025 (hex=0x0401)
15:11:24.486  INFO    -> rpm
15:11:24.491  INFO    <- OK ret=0 rpm=975 (hex=0x03cf)
15:11:24.686  INFO    -> rpm
15:11:24.691  INFO    <- OK ret=0 rpm=1025 (hex=0x0401)
15:11:24.886  INFO    -> rpm
15:11:24.891  INFO    <- OK ret=0 rpm=975 (hex=0x03cf)
15:11:24.892  INFO    -> current
15:11:24.897  INFO    <- OK ret=0 val1=-0.59 val2=-0.49
15:11:25.086  INFO    -> rpm
15:11:25.091  INFO    <- OK ret=0 rpm=1025 (hex=0x0401)
15:11:25.286  INFO    -> rpm
15:11:25.291  INFO    <- OK ret=0 rpm=1025 (hex=0x0401)
15:11:25.486  INFO    -> rpm
15:11:25.491  INFO    <- OK ret=0 rpm=975 (hex=0x03cf)
15:11:25.686  INFO    -> rpm
15:11:25.691  INFO    <- OK ret=0 rpm=1025 (hex=0x0401)
15:11:25.886  INFO    -> rpm
15:11:25.891  INFO    <- OK ret=0 rpm=950 (hex=0x03b6)
15:11:25.892  INFO    -> current
15:11:25.897  INFO    <- OK ret=0 val1=-0.54 val2=-0.49
15:11:26.086  INFO    -> rpm
15:11:26.104  INFO    <- OK ret=0 rpm=1000 (hex=0x03e8)
15:11:26.286  INFO    -> rpm
15:11:26.291  INFO    <- OK ret=0 rpm=975 (hex=0x03cf)
15:11:26.486  INFO    -> rpm
15:11:26.491  INFO    <- OK ret=0 rpm=1000 (hex=0x03e8)
15:11:26.686  INFO    -> rpm
15:11:26.691  INFO    <- OK ret=0 rpm=1000 (hex=0x03e8)
15:11:26.886  INFO    -> rpm
15:11:26.891  INFO    <- OK ret=0 rpm=1000 (hex=0x03e8)
15:11:26.892  INFO    -> current
15:11:26.897  INFO    <- OK ret=0 val1=-0.54 val2=-0.39
15:11:27.086  INFO    -> rpm
15:11:27.091  INFO    <- OK ret=0 rpm=1000 (hex=0x03e8)
15:11:27.286  INFO    -> rpm
15:11:27.291  INFO    <- OK ret=0 rpm=1000 (hex=0x03e8)
15:11:27.486  INFO    -> rpm
15:11:27.491  INFO    <- OK ret=0 rpm=1000 (hex=0x03e8)
15:11:27.686  INFO    -> rpm
15:11:27.691  INFO    <- OK ret=0 rpm=1000 (hex=0x03e8)
15:11:27.886  INFO    -> rpm
15:11:27.891  INFO    <- OK ret=0 rpm=975 (hex=0x03cf)
15:11:27.892  INFO    -> current
15:11:27.897  INFO    <- OK ret=0 val1=-0.49 val2=-0.54
15:11:28.086  INFO    -> rpm
15:11:28.091  INFO    <- OK ret=0 rpm=1025 (hex=0x0401)
15:11:28.286  INFO    -> rpm
15:11:28.291  INFO    <- OK ret=0 rpm=950 (hex=0x03b6)
15:11:28.486  INFO    -> rpm
15:11:28.491  INFO    <- OK ret=0 rpm=1000 (hex=0x03e8)
15:11:28.686  INFO    -> rpm
15:11:28.691  INFO    <- OK ret=0 rpm=1000 (hex=0x03e8)
15:11:28.692  INFO    -> speed 800
15:11:28.696  INFO    <- OK
15:11:28.947  INFO    -> speed 600
15:11:28.952  INFO    <- OK
15:11:29.203  INFO    -> speed 400
15:11:29.208  INFO    <- OK
15:11:29.458  INFO    -> speed 200
15:11:29.463  INFO    <- OK
15:11:29.714  INFO    -> speed 0
15:11:29.719  INFO    <- OK
