15:10:40.167  INFO    -> pi 0.02 -0.08
15:10:40.170  INFO    <- OK
15:10:40.171  INFO    -> speed 0
15:10:40.174  INFO    <- OK
15:10:40.174  INFO    -> speed 1000
15:10:40.177  INFO    <- OK
15:10:40.178  INFO    -> rpm
15:10:40.182  INFO    <- OK ret=0 rpm=0 (hex=0x0000)
15:10:40.182  INFO    -> current
15:10:40.187  INFO    <- OK ret=0 val1=-0.10 val2=0.05
15:10:40.378  INFO    -> rpm
15:10:40.382  INFO    <- OK ret=0 rpm=150 (hex=0x0096)
15:10:40.578  INFO    -> rpm
15:10:40.588  INFO    <- OK ret=0 rpm=700 (hex=0x02bc)
15:10:40.778  INFO    -> rpm
15:10:40.783  INFO    <- OK ret=0 rpm=650 (hex=0x028a)
15:10:40.978  INFO    -> rpm
15:10:40.983  INFO    <- OK ret=0 rpm=725 (hex=0x02d5)
15:10:41.178  INFO    -> rpm
15:10:41.183  INFO    <- OK ret=0 rpm=825 (hex=0x0339)
15:10:41.183  INFO    -> current
15:10:41.189  INFO    <- OK ret=0 val1=-0.24 val2=-0.20
15:10:41.378  INFO    -> rpm
15:10:41.383  INFO    <- OK ret=0 rpm=875 (hex=0x036b)
15:10:41.578  INFO    -> rpm
15:10:41.583  INFO    <- OK ret=0 rpm=925 (hex=0x039d)
15:10:41.778  INFO    -> rpm
15:10:41.783  INFO    <- OK ret=0 rpm=925 (hex=0x039d)
15:10:41.978  INFO    -> rpm
15:10:41.983  INFO    <- OK ret=0 rpm=975 (hex=0x03cf)
15:10:42.178  INFO    -> rpm
15:10:42.183  INFO    <- OK ret=0 rpm=950 (hex=0x03b6)
15:10:42.183  INFO    -> current
15:10:42.189  INFO    <- OK ret=0 val1=-0.44 val2=-0.44
15:10:42.378  INFO    -> rpm
15:10:42.383  INFO    <- OK ret=0 rpm=975 (hex=0x03cf)
15:10:42.578  INFO    -> rpm
15:10:42.583  INFO    <- OK ret=0 rpm=975 (hex=0x03cf)
15:10:42.778  INFO    -> rpm
15:10:42.783  INFO    <- OK ret=0 rpm=975 (hex=0x03cf)
15:10:42.978  INFO    -> rpm
15:10:42.983  INFO    <- OK ret=0 rpm=975 (hex=0x03cf)
15:10:43.178  INFO    -> rpm
15:10:43.183  INFO    <- OK ret=0 rpm=975 (hex=0x03cf)
15:10:43.183  INFO    -> current
15:10:43.189  INFO    <- OK ret=0 val1=-0.49 val2=-0.39
15:10:43.378  INFO    -> rpm
15:10:43.383  INFO    <- OK ret=0 rpm=1000 (hex=0x03e8)
15:10:43.578  INFO    -> rpm
15:10:43.583  INFO    <- OK ret=0 rpm=1000 (hex=0x03e8)
15:10:43.778  INFO    -> rpm
15:10:43.783  INFO    <- OK ret=0 rpm=1000 (hex=0x03e8)
15:10:43.978  INFO    -> rpm
15:10:43.983  INFO    <- OK ret=0 rpm=1000 (hex=0x03e8)
15:10:44.178  INFO    -> rpm
15:10:44.183  INFO    <- OK ret=0 rpm=1025 (hex=0x0401)
15:10:44.183  INFO    -> current
15:10:44.189  INFO    <- OK ret=0 val1=-0.54 val2=-0.44
15:10:44.378  INFO    -> rpm
15:10:44.383  INFO    <- OK ret=0 rpm=975 (hex=0x03cf)
15:10:44.578  INFO    -> rpm
15:10:44.587  INFO    <- OK ret=0 rpm=1000 (hex=0x03e8)
15:10:44.778  INFO    -> rpm
15:10:44.783  INFO    <- OK ret=0 rpm=950 (hex=0x03b6)
15:10:44.978  INFO    -> rpm
15:10:44.983  INFO    <- OK ret=0 rpm=1000 (hex=0x03e8)
15:10:45.178  INFO    -> rpm
15:10:45.183  INFO    <- OK ret=0 rpm=1025 (hex=0x0401)
15:10:45.183  INFO    -> current
15:10:45.189  INFO    <- OK ret=0 val1=-0.49 val2=-0.44
15:10:45.378  INFO    -> rpm
15:10:45.383  INFO    <- OK ret=0 rpm=975 (hex=0x03cf)
15:10:45.578  INFO    -> rpm
15:10:45.583  INFO    <- OK ret=0 rpm=1000 (hex=0x03e8)
15:10:45.778  INFO    -> rpm
15:10:45.783  INFO    <- OK ret=0 rpm=1000 (hex=0x03e8)
15:10:45.978  INFO    -> rpm
15:10:45.983  INFO    <- OK ret=0 rpm=1000 (hex=0x03e8)
15:10:46.178  INFO    -> rpm
15:10:46.183  INFO    <- OK ret=0 rpm=975 (hex=0x03cf)
15:10:46.183  INFO    -> current
15:10:46.189  INFO    <- OK ret=0 val1=-0.49 val2=-0.54
15:10:46.378  INFO    -> rpm
15:10:46.383  INFO    <- OK ret=0 rpm=1025 (hex=0x0401)
15:10:46.578  INFO    -> rpm
15:10:46.583  INFO    <- OK ret=0 rpm=975 (hex=0x03cf)
15:10:46.778  INFO    -> rpm
15:10:46.783  INFO    <- OK ret=0 rpm=1025 (hex=0x0401)
15:10:46.978  INFO    -> rpm
15:10:46.983  INFO    <- OK ret=0 rpm=975 (hex=0x03cf)
15:10:46.984  INFO    -> speed 800
15:10:46.988  INFO    <- OK
15:10:47.239  INFO    -> speed 600
15:10:47.244  INFO    <- OK
15:10:47.495  INFO    -> speed 400
15:10:47.499  INFO    <- OK
15:10:47.750  INFO    -> speed 200
15:10:47.755  INFO    <- OK
15:10:48.006  INFO    -> speed 0
15:10:48.011  INFO    <- OK
