15:11:08.139  INFO    -> pi 0.02 -0.04
15:11:08.143  INFO    <- OK
15:11:08.143  INFO    -> speed 0
15:11:08.147  INFO    <- OK
15:11:08.147  INFO    -> speed 1000
15:11:08.150  INFO    <- OK
15:11:08.151  INFO    -> rpm
15:11:08.155  INFO    <- OK ret=0 rpm=0 (hex=0x0000)
15:11:08.155  INFO    -> current
15:11:08.160  INFO    <- OK ret=0 val1=-0.10 val2=0.05
15:11:08.351  INFO    -> rpm
15:11:08.355  INFO    <- OK ret=0 rpm=400 (hex=0x0190)
15:11:08.551  INFO    -> rpm
15:11:08.554  INFO    <- OK ret=0 rpm=725 (hex=0x02d5)
15:11:08.751  INFO    -> rpm
15:11:08.755  INFO    <- OK ret=0 rpm=700 (hex=0x02bc)
15:11:08.951  INFO    -> rpm
15:11:08.956  INFO    <- OK ret=0 rpm=800 (hex=0x0320)
15:11:09.151  INFO    -> rpm
15:11:09.156  INFO    <- OK ret=0 rpm=900 (hex=0x0384)
15:11:09.156  INFO    -> current
15:11:09.162  INFO    <- OK ret=0 val1=-0.39 val2=-0.24
15:11:09.351  INFO    -> rpm
15:11:09.356  INFO    <- OK ret=0 rpm=900 (hex=0x0384)
15:11:09.551  INFO    -> rpm
15:11:09.556  INFO    <- OK ret=0 rpm=925 (hex=0x039d)
15:11:09.751  INFO    -> rpm
15:11:09.756  INFO    <- OK ret=0 rpm=975 (hex=0x03cf)
15:11:09.951  INFO    -> rpm
15:11:09.956  INFO    <- OK ret=0 rpm=950 (hex=0x03b6)
15:11:10.151  INFO    -> rpm
15:11:10.156  INFO    <- OK ret=0 rpm=975 (hex=0x03cf)
15:11:10.156  INFO    -> current
15:11:10.162  INFO    <- OK ret=0 val1=-0.44 val2=-0.39
15:11:10.351  INFO    -> rpm
15:11:10.356  INFO    <- OK ret=0 rpm=950 (hex=0x03b6)
15:11:10.551  INFO    -> rpm
15:11:10.556  INFO    <- OK ret=0 rpm=1000 (hex=0x03e8)
15:11:10.751  INFO    -> rpm
15:11:10.756  INFO    <- OK ret=0 rpm=1000 (hex=0x03e8)
15:11:10.951  INFO    -> rpm
15:11:10.956  INFO    <- OK ret=0 rpm=1000 (hex=0x03e8)
15:11:11.151  INFO    -> rpm
15:11:11.156  INFO    <- OK ret=0 rpm=1000 (hex=0x03e8)
15:11:11.156  INFO    -> current
15:11:11.162  INFO    <- OK ret=0 val1=-0.49 val2=-0.59
15:11:11.351  INFO    -> rpm
15:11:11.356  INFO    <- OK ret=0 rpm=975 (hex=0x03cf)
15:11:11.551  INFO    -> rpm
15:11:11.556  INFO    <- OK ret=0 rpm=975 (hex=0x03cf)
15:11:11.751  INFO    -> rpm
15:11:11.756  INFO    <- OK ret=0 rpm=1025 (hex=0x0401)
15:11:11.951  INFO    -> rpm
15:11:11.956  INFO    <- OK ret=0 rpm=950 (hex=0x03b6)
15:11:12.151  INFO    -> rpm
15:11:12.156  INFO    <- OK ret=0 rpm=1025 (hex=0x0401)
15:11:12.156  INFO    -> current
15:11:12.162  INFO    <- OK ret=0 val1=-0.59 val2=-0.59
15:11:12.351  INFO    -> rpm
15:11:12.356  INFO    <- OK ret=0 rpm=975 (hex=0x03cf)
15:11:12.551  INFO    -> rpm
15:11:12.556  INFO    <- OK ret=0 rpm=1025 (hex=0x0401)
15:11:12.751  INFO    -> rpm
15:11:12.756  INFO    <- OK ret=0 rpm=975 (hex=0x03cf)
15:11:12.951  INFO    -> rpm
15:11:12.956  INFO    <- OK ret=0 rpm=1025 (hex=0x0401)
15:11:13.151  INFO    -> rpm
15:11:13.156  INFO    <- OK ret=0 rpm=1025 (hex=0x0401)
15:11:13.156  INFO    -> current
15:11:13.162  INFO    <- OK ret=0 val1=-0.54 val2=-0.44
15:11:13.351  INFO    -> rpm
15:11:13.356  INFO    <- OK ret=0 rpm=1000 (hex=0x03e8)
15:11:13.551  INFO    -> rpm
15:11:13.556  INFO    <- OK ret=0 rpm=975 (hex=0x03cf)
15:11:13.751  INFO    -> rpm
15:11:13.756  INFO    <- OK ret=0 rpm=1000 (hex=0x03e8)
15:11:13.951  INFO    -> rpm
15:11:13.956  INFO    <- OK ret=0 rpm=1000 (hex=0x03e8)
15:11:14.151  INFO    -> rpm
15:11:14.156  INFO    <- OK ret=0 rpm=1000 (hex=0x03e8)
15:11:14.156  INFO    -> current
15:11:14.162  INFO    <- OK ret=0 val1=-0.59 val2=-0.49
15:11:14.351  INFO    -> rpm
15:11:14.356  INFO    <- OK ret=0 rpm=1000 (hex=0x03e8)
15:11:14.551  INFO    -> rpm
15:11:14.556  INFO    <- OK ret=0 rpm=1000 (hex=0x03e8)
15:11:14.751  INFO    -> rpm
15:11:14.756  INFO    <- OK ret=0 rpm=1000 (hex=0x03e8)
15:11:14.951  INFO    -> rpm
15:11:14.956  INFO    <- OK ret=0 rpm=1000 (hex=0x03e8)
15:11:14.956  INFO    -> speed 800
15:11:14.961  INFO    <- OK
15:11:15.211  INFO    -> speed 600
15:11:15.216  INFO    <- OK
15:11:15.467  INFO    -> speed 400
15:11:15.472  INFO    <- OK
15:11:15.723  INFO    -> speed 200
15:11:15.727  INFO    <- OK
15:11:15.978  INFO    -> speed 0
15:11:15.983  INFO    <- OK
