12:29:35.042  INFO    -> pi 0.03 0.0
12:29:35.046  INFO    <- OK
12:29:35.046  INFO    -> speed 0
12:29:35.050  INFO    <- OK
12:29:35.050  INFO    -> speed 1000
12:29:35.053  INFO    <- OK
12:29:35.054  INFO    -> rpm
12:29:35.061  INFO    <- OK ret=0 rpm=0 (hex=0x0000)
12:29:35.061  INFO    -> current
12:29:35.066  INFO    <- OK ret=0 val1=0.05 val2=0.05
12:29:35.254  INFO    -> rpm
12:29:35.258  INFO    <- OK ret=0 rpm=500 (hex=0x01f4)
12:29:35.454  INFO    -> rpm
12:29:35.458  INFO    <- OK ret=0 rpm=750 (hex=0x02ee)
12:29:35.654  INFO    -> rpm
12:29:35.659  INFO    <- OK ret=0 rpm=675 (hex=0x02a3)
12:29:35.854  INFO    -> rpm
12:29:35.859  INFO    <- OK ret=0 rpm=850 (hex=0x0352)
12:29:36.054  INFO    -> rpm
12:29:36.059  INFO    <- OK ret=0 rpm=900 (hex=0x0384)
12:29:36.059  INFO    -> current
12:29:36.065  INFO    <- OK ret=0 val1=-0.29 val2=-0.39
12:29:36.254  INFO    -> rpm
12:29:36.259  INFO    <- OK ret=0 rpm=950 (hex=0x03b6)
12:29:36.454  INFO    -> rpm
12:29:36.459  INFO    <- OK ret=0 rpm=950 (hex=0x03b6)
12:29:36.654  INFO    -> rpm
12:29:36.659  INFO    <- OK ret=0 rpm=975 (hex=0x03cf)
12:29:36.854  INFO    -> rpm
12:29:36.859  INFO    <- OK ret=0 rpm=975 (hex=0x03cf)
12:29:37.054  INFO    -> rpm
12:29:37.059  INFO    <- OK ret=0 rpm=975 (hex=0x03cf)
12:29:37.059  INFO    -> current
12:29:37.065  INFO    <- OK ret=0 val1=-0.54 val2=-0.44
12:29:37.254  INFO    -> rpm
12:29:37.259  INFO    <- OK ret=0 rpm=975 (hex=0x03cf)
12:29:37.454  INFO    -> rpm
12:29:37.459  INFO    <- OK ret=0 rpm=1000 (hex=0x03e8)
12:29:37.654  INFO    -> rpm
12:29:37.659  INFO    <- OK ret=0 rpm=1000 (hex=0x03e8)
12:29:37.854  INFO    -> rpm
12:29:37.859  INFO    <- OK ret=0 rpm=1000 (hex=0x03e8)
12:29:38.054  INFO    -> rpm
12:29:38.059  INFO    <- OK ret=0 rpm=975 (hex=0x03cf)
12:29:38.059  INFO    -> current
12:29:38.065  INFO    <- OK ret=0 val1=-0.39 val2=-0.54
12:29:38.254  INFO    -> rpm
12:29:38.259  INFO    <- OK ret=0 rpm=1025 (hex=0x0401)
12:29:38.454  INFO    -> rpm
12:29:38.459  INFO    <- OK ret=0 rpm=975 (hex=0x03cf)
12:29:38.654  INFO    -> rpm
12:29:38.659  INFO    <- OK ret=0 rpm=1000 (hex=0x03e8)
12:29:38.854  INFO    -> rpm
12:29:38.858  INFO    <- OK ret=0 rpm=1000 (hex=0x03e8)
12:29:39.054  INFO    -> rpm
12:29:39.059  INFO    <- OK ret=0 rpm=1000 (hex=0x03e8)
12:29:39.059  INFO    -> current
12:29:39.065  INFO    <- OK ret=0 val1=-0.54 val2=-0.54
12:29:39.254  INFO    -> rpm
12:29:39.259  INFO    <- OK ret=0 rpm=975 (hex=0x03cf)
12:29:39.454  INFO    -> rpm
12:29:39.459  INFO    <- OK ret=0 rpm=1025 (hex=0x0401)
12:29:39.654  INFO    -> rpm
12:29:39.659  INFO    <- OK ret=0 rpm=1000 (hex=0x03e8)
12:29:39.854  INFO    -> rpm
12:29:39.859  INFO    <- OK ret=0 rpm=1000 (hex=0x03e8)
12:29:40.054  INFO    -> rpm
12:29:40.059  INFO    <- OK ret=0 rpm=1000 (hex=0x03e8)
12:29:40.059  INFO    -> current
12:29:40.065  INFO    <- OK ret=0 val1=-0.44 val2=-0.49
12:29:40.254  INFO    -> rpm
12:29:40.259  INFO    <- OK ret=0 rpm=1000 (hex=0x03e8)
12:29:40.454  INFO    -> rpm
12:29:40.462  INFO    <- OK ret=0 rpm=1025 (hex=0x0401)
12:29:40.654  INFO    -> rpm
12:29:40.659  INFO    <- OK ret=0 rpm=1025 (hex=0x0401)
12:29:40.854  INFO    -> rpm
12:29:40.859  INFO    <- OK ret=0 rpm=1000 (hex=0x03e8)
12:29:41.054  INFO    -> rpm
12:29:41.059  INFO    <- OK ret=0 rpm=1000 (hex=0x03e8)
12:29:41.059  INFO    -> current
12:29:41.065  INFO    <- OK ret=0 val1=-0.39 val2=-0.44
12:29:41.254  INFO    -> rpm
12:29:41.259  INFO    <- OK ret=0 rpm=1000 (hex=0x03e8)
12:29:41.454  INFO    -> rpm
12:29:41.459  INFO    <- OK ret=0 rpm=1000 (hex=0x03e8)
12:29:41.654  INFO    -> rpm
12:29:41.659  INFO    <- OK ret=0 rpm=1000 (hex=0x03e8)
12:29:41.854  INFO    -> rpm
12:29:41.859  INFO    <- OK ret=0 rpm=975 (hex=0x03cf)
12:29:41.859  INFO    -> speed 800
12:29:41.864  INFO    <- OK
12:29:42.115  INFO    -> speed 600
12:29:42.119  INFO    <- OK
12:29:42.370  INFO    -> speed 400
12:29:42.375  INFO    <- OK
12:29:42.626  INFO    -> speed 200
12:29:42.630  INFO    <- OK
12:29:42.881  INFO    -> speed 0
12:29:42.886  INFO    <- OK
