12:28:35.227  INFO    -> pi 0.0 -0.03
12:28:35.231  INFO    <- OK
12:28:35.231  INFO    -> speed 0
12:28:35.235  INFO    <- OK
12:28:35.235  INFO    -> speed 1000
12:28:35.238  INFO    <- OK
12:28:35.238  INFO    -> rpm
12:28:35.242  INFO    <- OK ret=0 rpm=0 (hex=0x0000)
12:28:35.243  INFO    -> current
12:28:35.247  INFO    <- OK ret=0 val1=0.05 val2=0.00
12:28:35.439  INFO    -> rpm
12:28:35.442  INFO    <- OK ret=0 rpm=75 (hex=0x004b)
12:28:35.639  INFO    -> rpm
12:28:35.643  INFO    <- OK ret=0 rpm=850 (hex=0x0352)
12:28:35.839  INFO    -> rpm
12:28:35.844  INFO    <- OK ret=0 rpm=775 (hex=0x0307)
12:28:36.039  INFO    -> rpm
12:28:36.044  INFO    <- OK ret=0 rpm=825 (hex=0x0339)
12:28:36.239  INFO    -> rpm
12:28:36.244  INFO    <- OK ret=0 rpm=925 (hex=0x039d)
12:28:36.244  INFO    -> current
12:28:36.250  INFO    <- OK ret=0 val1=-0.15 val2=-0.20
12:28:36.439  INFO    -> rpm
12:28:36.444  INFO    <- OK ret=0 rpm=900 (hex=0x0384)
12:28:36.639  INFO    -> rpm
12:28:36.644  INFO    <- OK ret=0 rpm=950 (hex=0x03b6)
12:28:36.839  INFO    -> rpm
12:28:36.846  INFO    <- OK ret=0 rpm=1000 (hex=0x03e8)
12:28:37.039  INFO    -> rpm
12:28:37.044  INFO    <- OK ret=0 rpm=1000 (hex=0x03e8)
12:28:37.239  INFO    -> rpm
12:28:37.244  INFO    <- OK ret=0 rpm=1000 (hex=0x03e8)
12:28:37.244  INFO    -> current
12:28:37.250  INFO    <- OK ret=0 val1=-0.49 val2=-0.49
12:28:37.439  INFO    -> rpm
12:28:37.444  INFO    <- OK ret=0 rpm=975 (hex=0x03cf)
12:28:37.639  INFO    -> rpm
12:28:37.644  INFO    <- OK ret=0 rpm=975 (hex=0x03cf)
12:28:37.839  INFO    -> rpm
12:28:37.845  INFO    <- OK ret=0 rpm=1025 (hex=0x0401)
12:28:38.039  INFO    -> rpm
12:28:38.044  INFO    <- OK ret=0 rpm=1000 (hex=0x03e8)
12:28:38.239  INFO    -> rpm
12:28:38.244  INFO    <- OK ret=0 rpm=1025 (hex=0x0401)
12:28:38.244  INFO    -> current
12:28:38.250  INFO    <- OK ret=0 val1=-0.44 val2=-0.49
12:28:38.439  INFO    -> rpm
12:28:38.444  INFO    <- OK ret=0 rpm=1000 (hex=0x03e8)
12:28:38.639  INFO    -> rpm
12:28:38.644  INFO    <- OK ret=0 rpm=1000 (hex=0x03e8)
12:28:38.839  INFO    -> rpm
12:28:38.844  INFO    <- OK ret=0 rpm=1025 (hex=0x0401)
12:28:39.039  INFO    -> rpm
12:28:39.044  INFO    <- OK ret=0 rpm=975 (hex=0x03cf)
12:28:39.239  INFO    -> rpm
12:28:39.244  INFO    <- OK ret=0 rpm=1025 (hex=0x0401)
12:28:39.244  INFO    -> current
12:28:39.250  INFO    <- OK ret=0 val1=-0.39 val2=-0.49
12:28:39.439  INFO    -> rpm
12:28:39.444  INFO    <- OK ret=0 rpm=975 (hex=0x03cf)
12:28:39.639  INFO    -> rpm
12:28:39.644  INFO    <- OK ret=0 rpm=1000 (hex=0x03e8)
12:28:39.839  INFO    -> rpm
12:28:39.849  INFO    <- OK ret=0 rpm=1000 (hex=0x03e8)
12:28:40.039  INFO    -> rpm
12:28:40.044  INFO    <- OK ret=0 rpm=1000 (hex=0x03e8)
12:28:40.239  INFO    -> rpm
12:28:40.244  INFO    <- OK ret=0 rpm=975 (hex=0x03cf)
12:28:40.244  INFO    -> current
12:28:40.250  INFO    <- OK ret=0 val1=-0.49 val2=-0.49
12:28:40.439  INFO    -> rpm
12:28:40.444  INFO    <- OK ret=0 rpm=1000 (hex=0x03e8)
12:28:40.639  INFO    -> rpm
12:28:40.644  INFO    <- OK ret=0 rpm=1000 (hex=0x03e8)
12:28:40.839  INFO    -> rpm
12:28:40.844  INFO    <- OK ret=0 rpm=1000 (hex=0x03e8)
12:28:41.039  INFO    -> rpm
12:28:41.044  INFO    <- OK ret=0 rpm=1000 (hex=0x03e8)
12:28:41.239  INFO    -> rpm
12:28:41.244  INFO    <- OK ret=0 rpm=1000 (hex=0x03e8)
12:28:41.244  INFO    -> current
12:28:41.250  INFO    <- OK ret=0 val1=-0.54 val2=-0.54
12:28:41.439  INFO    -> rpm
12:28:41.444  INFO    <- OK ret=0 rpm=1000 (hex=0x03e8)
12:28:41.639  INFO    -> rpm
12:28:41.644  INFO    <- OK ret=0 rpm=1000 (hex=0x03e8)
12:28:41.839  INFO    -> rpm
12:28:41.844  INFO    <- OK ret=0 rpm=1000 (hex=0x03e8)
12:28:42.039  INFO    -> rpm
12:28:42.044  INFO    <- OK ret=0 rpm=1000 (hex=0x03e8)
12:28:42.044  INFO    -> speed 800
12:28:42.049  INFO    <- OK
12:28:42.300  INFO    -> speed 600
12:28:42.304  INFO    <- OK
12:28:42.555  INFO    -> speed 400
12:28:42.560  INFO    <- OK
12:28:42.811  INFO    -> speed 200
12:28:42.816  INFO    <- OK
12:28:43.066  INFO    -> speed 0
12:28:43.071  INFO    <- OK
