12:30:19.628  INFO    -> pi 0.03 0.03
12:30:19.632  INFO    <- OK
12:30:19.632  INFO    -> speed 0
12:30:19.636  INFO    <- OK
12:30:19.636  INFO    -> speed 1000
12:30:19.639  INFO    <- OK
12:30:19.639  INFO    -> rpm
12:30:19.646  INFO    <- OK ret=0 rpm=0 (hex=0x0000)
12:30:19.646  INFO    -> current
12:30:19.651  INFO    <- OK ret=0 val1=0.05 val2=0.05
12:30:19.840  INFO    -> rpm
12:30:19.844  INFO    <- OK ret=0 rpm=475 (hex=0x01db)
12:30:20.040  INFO    -> rpm
12:30:20.044  INFO    <- OK ret=0 rpm=800 (hex=0x0320)
12:30:20.240  INFO    -> rpm
12:30:20.245  INFO    <- OK ret=0 rpm=700 (hex=0x02bc)
12:30:20.440  INFO    -> rpm
12:30:20.445  INFO    <- OK ret=0 rpm=900 (hex=0x0384)
12:30:20.640  INFO    -> rpm
12:30:20.645  INFO    <- OK ret=0 rpm=900 (hex=0x0384)
12:30:20.645  INFO    -> current
12:30:20.651  INFO    <- OK ret=0 val1=-0.15 val2=-0.05
12:30:20.840  INFO    -> rpm
12:30:20.850  INFO    <- OK ret=0 rpm=925 (hex=0x039d)
12:30:21.040  INFO    -> rpm
12:30:21.045  INFO    <- OK ret=0 rpm=950 (hex=0x03b6)
12:30:21.240  INFO    -> rpm
12:30:21.245  INFO    <- OK ret=0 rpm=975 (hex=0x03cf)
12:30:21.440  INFO    -> rpm
12:30:21.445  INFO    <- OK ret=0 rpm=975 (hex=0x03cf)
12:30:21.640  INFO    -> rpm
12:30:21.645  INFO    <- OK ret=0 rpm=1000 (hex=0x03e8)
12:30:21.645  INFO    -> current
12:30:21.651  INFO    <- OK ret=0 val1=-0.49 val2=-0.54
12:30:21.840  INFO    -> rpm
12:30:21.845  INFO    <- OK ret=0 rpm=950 (hex=0x03b6)
12:30:22.040  INFO    -> rpm
12:30:22.045  INFO    <- OK ret=0 rpm=1025 (hex=0x0401)
12:30:22.240  INFO    -> rpm
12:30:22.245  INFO    <- OK ret=0 rpm=975 (hex=0x03cf)
12:30:22.440  INFO    -> rpm
12:30:22.445  INFO    <- OK ret=0 rpm=1000 (hex=0x03e8)
12:30:22.640  INFO    -> rpm
12:30:22.645  INFO    <- OK ret=0 rpm=975 (hex=0x03cf)
12:30:22.645  INFO    -> current
12:30:22.651  INFO    <- OK ret=0 val1=-0.49 val2=-0.49
12:30:22.840  INFO    -> rpm
12:30:22.845  INFO    <- OK ret=0 rpm=1025 (hex=0x0401)
12:30:23.040  INFO    -> rpm
12:30:23.045  INFO    <- OK ret=0 rpm=975 (hex=0x03cf)
12:30:23.240  INFO    -> rpm
12:30:23.245  INFO    <- OK ret=0 rpm=1025 (hex=0x0401)
12:30:23.440  INFO    -> rpm
12:30:23.445  INFO    <- OK ret=0 rpm=1000 (hex=0x03e8)
12:30:23.640  INFO    -> rpm
12:30:23.645  INFO    <- OK ret=0 rpm=1000 (hex=0x03e8)
12:30:23.645  INFO    -> current
12:30:23.651  INFO    <- OK ret=0 val1=-0.49 val2=-0.44
12:30:23.840  INFO    -> rpm
12:30:23.845  INFO    <- OK ret=0 rpm=1025 (hex=0x0401)
12:30:24.040  INFO    -> rpm
12:30:24.045  INFO    <- OK ret=0 rpm=1000 (hex=0x03e8)
12:30:24.240  INFO    -> rpm
12:30:24.245  INFO    <- OK ret=0 rpm=1025 (hex=0x0401)
12:30:24.440  INFO    -> rpm
12:30:24.445  INFO    <- OK ret=0 rpm=1000 (hex=0x03e8)
12:30:24.640  INFO    -> rpm
12:30:24.645  INFO    <- OK ret=0 rpm=1000 (hex=0x03e8)
12:30:24.645  INFO    -> current
12:30:24.651  INFO    <- OK ret=0 val1=-0.59 val2=-0.44
12:30:24.840  INFO    -> rpm
12:30:24.845  INFO    <- OK ret=0 rpm=1000 (hex=0x03e8)
12:30:25.040  INFO    -> rpm
12:30:25.045  INFO    <- OK ret=0 rpm=975 (hex=0x03cf)
12:30:25.240  INFO    -> rpm
12:30:25.245  INFO    <- OK ret=0 rpm=1000 (hex=0x03e8)
12:30:25.440  INFO    -> rpm
12:30:25.445  INFO    <- OK ret=0 rpm=1000 (hex=0x03e8)
12:30:25.640  INFO    -> rpm
12:30:25.645  INFO    <- OK ret=0 rpm=1000 (hex=0x03e8)
12:30:25.645  INFO    -> current
12:30:25.651  INFO    <- OK ret=0 val1=-0.44 val2=-0.49
12:30:25.840  INFO    -> rpm
12:30:25.848  INFO    <- OK ret=0 rpm=1000 (hex=0x03e8)
12:30:26.040  INFO    -> rpm
12:30:26.045  INFO    <- OK ret=0 rpm=1025 (hex=0x0401)
12:30:26.240  INFO    -> rpm
12:30:26.245  INFO    <- OK ret=0 rpm=1000 (hex=0x03e8)
12:30:26.440  INFO    -> rpm
12:30:26.445  INFO    <- OK ret=0 rpm=975 (hex=0x03cf)
12:30:26.445  INFO    -> speed 800
12:30:26.450  INFO    <- OK
12:30:26.701  INFO    -> speed 600
12:30:26.705  INFO    <- OK
12:30:26.956  INFO    -> speed 400
12:30:26.961  INFO    <- OK
12:30:27.212  INFO    -> speed 200
12:30:27.217  INFO    <- OK
12:30:27.468  INFO    -> speed 0
12:30:27.473  INFO    <- OK
