13:13:30.727  INFO    -> pi -0.1 -0.08
13:13:30.731  INFO    <- OK
13:13:30.731  INFO    -> speed 0
13:13:30.734  INFO    <- OK
13:13:30.734  INFO    -> speed 1000
13:13:30.738  INFO    <- OK
13:13:30.738  INFO    -> rpm
13:13:30.742  INFO    <- OK ret=0 rpm=0 (hex=0x0000)
13:13:30.742  INFO    -> current
13:13:30.747  INFO    <- OK ret=0 val1=-0.10 val2=0.05
13:13:30.938  INFO    -> rpm
13:13:30.942  INFO    <- OK ret=0 rpm=0 (hex=0x0000)
13:13:31.138  INFO    -> rpm
13:13:31.142  INFO    <- OK ret=0 rpm=0 (hex=0x0000)
13:13:31.338  INFO    -> rpm
13:13:31.342  INFO    <- OK ret=0 rpm=200 (hex=0x00c8)
13:13:31.538  INFO    -> rpm
13:13:31.543  INFO    <- OK ret=0 rpm=1050 (hex=0x041a)
13:13:31.738  INFO    -> rpm
13:13:31.743  INFO    <- OK ret=0 rpm=1275 (hex=0x04fb)
13:13:31.744  INFO    -> current
13:13:31.749  INFO    <- OK ret=0 val1=-0.15 val2=0.05
13:13:31.938  INFO    -> rpm
13:13:31.943  INFO    <- OK ret=0 rpm=1200 (hex=0x04b0)
13:13:32.138  INFO    -> rpm
13:13:32.143  INFO    <- OK ret=0 rpm=1075 (hex=0x0433)
13:13:32.338  INFO    -> rpm
13:13:32.343  INFO    <- OK ret=0 rpm=1000 (hex=0x03e8)
13:13:32.538  INFO    -> rpm
13:13:32.543  INFO    <- OK ret=0 rpm=1000 (hex=0x03e8)
13:13:32.738  INFO    -> rpm
13:13:32.743  INFO    <- OK ret=0 rpm=975 (hex=0x03cf)
13:13:32.744  INFO    -> current
13:13:32.749  INFO    <- OK ret=0 val1=-0.54 val2=-0.54
13:13:32.938  INFO    -> rpm
13:13:32.943  INFO    <- OK ret=0 rpm=1000 (hex=0x03e8)
13:13:33.138  INFO    -> rpm
13:13:33.143  INFO    <- OK ret=0 rpm=1000 (hex=0x03e8)
13:13:33.338  INFO    -> rpm
13:13:33.343  INFO    <- OK ret=0 rpm=1025 (hex=0x0401)
13:13:33.538  INFO    -> rpm
13:13:33.543  INFO    <- OK ret=0 rpm=1000 (hex=0x03e8)
13:13:33.738  INFO    -> rpm
13:13:33.743  INFO    <- OK ret=0 rpm=1025 (hex=0x0401)
13:13:33.744  INFO    -> current
13:13:33.749  INFO    <- OK ret=0 val1=-0.59 val2=-0.49
13:13:33.938  INFO    -> rpm
13:13:33.943  INFO    <- OK ret=0 rpm=1000 (hex=0x03e8)
13:13:34.138  INFO    -> rpm
13:13:34.143  INFO    <- OK ret=0 rpm=1000 (hex=0x03e8)
13:13:34.338  INFO    -> rpm
13:13:34.343  INFO    <- OK ret=0 rpm=975 (hex=0x03cf)
13:13:34.538  INFO    -> rpm
13:13:34.543  INFO    <- OK ret=0 rpm=1000 (hex=0x03e8)
13:13:34.738  INFO    -> rpm
13:13:34.743  INFO    <- OK ret=0 rpm=1000 (hex=0x03e8)
13:13:34.744  INFO    -> current
13:13:34.749  INFO    <- OK ret=0 val1=-0.54 val2=-0.49
13:13:34.938  INFO    -> rpm
13:13:34.943  INFO    <- OK ret=0 rpm=975 (hex=0x03cf)
13:13:35.138  INFO    -> rpm
13:13:35.148  INFO    <- OK ret=0 rpm=1000 (hex=0x03e8)
13:13:35.338  INFO    -> rpm
13:13:35.343  INFO    <- OK ret=0 rpm=1000 (hex=0x03e8)
13:13:35.538  INFO    -> rpm
13:13:35.543  INFO    <- OK ret=0 rpm=1000 (hex=0x03e8)
13:13:35.738  INFO    -> rpm
13:13:35.743  INFO    <- OK ret=0 rpm=1025 (hex=0x0401)
13:13:35.744  INFO    -> current
13:13:35.749  INFO    <- OK ret=0 val1=-0.54 val2=-0.44
13:13:35.938  INFO    -> rpm
13:13:35.943  INFO    <- OK ret=0 rpm=1000 (hex=0x03e8)
13:13:36.138  INFO    -> rpm
13:13:36.143  INFO    <- OK ret=0 rpm=1000 (hex=0x03e8)
13:13:36.338  INFO    -> rpm
13:13:36.343  INFO    <- OK ret=0 rpm=1025 (hex=0x0401)
13:13:36.538  INFO    -> rpm
13:13:36.543  INFO    <- OK ret=0 rpm=1000 (hex=0x03e8)
13:13:36.738  INFO    -> rpm
13:13:36.743  INFO    <- OK ret=0 rpm=1000 (hex=0x03e8)
13:13:36.744  INFO    -> current
13:13:36.749  INFO    <- OK ret=0 val1=-0.59 val2=-0.49
13:13:36.938  INFO    -> rpm
13:13:36.943  INFO    <- OK ret=0 rpm=1025 (hex=0x0401)
13:13:37.138  INFO    -> rpm
13:13:37.143  INFO    <- OK ret=0 rpm=1025 (hex=0x0401)
13:13:37.338  INFO    -> rpm
13:13:37.343  INFO    <- OK ret=0 rpm=1000 (hex=0x03e8)
13:13:37.538  INFO    -> rpm
13:13:37.543  INFO    <- OK ret=0 rpm=975 (hex=0x03cf)
13:13:37.544  INFO    -> speed 800
13:13:37.548  INFO    <- OK
13:13:37.799  INFO    -> speed 600
13:13:37.804  INFO    <- OK
13:13:38.054  INFO    -> speed 400
13:13:38.059  INFO    <- OK
13:13:38.310  INFO    -> speed 200
13:13:38.315  INFO    <- OK
13:13:38.566  INFO    -> speed 0
13:13:38.570  INFO    <- OK
