12:46:04.422  INFO    -> pi 0.1 0.0
12:46:04.426  INFO    <- OK
12:46:04.426  INFO    -> speed 0
12:46:04.430  INFO    <- OK
12:46:04.430  INFO    -> speed 1000
12:46:04.433  INFO    <- OK
12:46:04.434  INFO    -> rpm
12:46:04.438  INFO    <- OK ret=0 rpm=0 (hex=0x0000)
12:46:04.438  INFO    -> current
12:46:04.443  INFO    <- OK ret=0 val1=-0.10 val2=0.00
12:46:04.634  INFO    -> rpm
12:46:04.638  INFO    <- OK ret=0 rpm=800 (hex=0x0320)
12:46:04.834  INFO    -> rpm
12:46:04.838  INFO    <- OK ret=0 rpm=675 (hex=0x02a3)
12:46:05.034  INFO    -> rpm
12:46:05.039  INFO    <- OK ret=0 rpm=725 (hex=0x02d5)
12:46:05.234  INFO    -> rpm
12:46:05.239  INFO    <- OK ret=0 rpm=850 (hex=0x0352)
12:46:05.434  INFO    -> rpm
12:46:05.439  INFO    <- OK ret=0 rpm=850 (hex=0x0352)
12:46:05.439  INFO    -> current
12:46:05.446  INFO    <- OK ret=0 val1=-0.34 val2=-0.49
12:46:05.634  INFO    -> rpm
12:46:05.639  INFO    <- OK ret=0 rpm=900 (hex=0x0384)
12:46:05.834  INFO    -> rpm
12:46:05.839  INFO    <- OK ret=0 rpm=900 (hex=0x0384)
12:46:06.034  INFO    -> rpm
12:46:06.039  INFO    <- OK ret=0 rpm=925 (hex=0x039d)
12:46:06.234  INFO    -> rpm
12:46:06.239  INFO    <- OK ret=0 rpm=975 (hex=0x03cf)
12:46:06.434  INFO    -> rpm
12:46:06.439  INFO    <- OK ret=0 rpm=925 (hex=0x039d)
12:46:06.440  INFO    -> current
12:46:06.446  INFO    <- OK ret=0 val1=-0.54 val2=-0.49
12:46:06.634  INFO    -> rpm
12:46:06.639  INFO    <- OK ret=0 rpm=1000 (hex=0x03e8)
12:46:06.834  INFO    -> rpm
12:46:06.839  INFO    <- OK ret=0 rpm=925 (hex=0x039d)
12:46:07.034  INFO    -> rpm
12:46:07.039  INFO    <- OK ret=0 rpm=1025 (hex=0x0401)
12:46:07.234  INFO    -> rpm
12:46:07.239  INFO    <- OK ret=0 rpm=950 (hex=0x03b6)
12:46:07.434  INFO    -> rpm
12:46:07.439  INFO    <- OK ret=0 rpm=1025 (hex=0x0401)
12:46:07.440  INFO    -> current
12:46:07.446  INFO    <- OK ret=0 val1=-0.54 val2=-0.54
12:46:07.634  INFO    -> rpm
12:46:07.643  INFO    <- OK ret=0 rpm=975 (hex=0x03cf)
12:46:07.834  INFO    -> rpm
12:46:07.839  INFO    <- OK ret=0 rpm=975 (hex=0x03cf)
12:46:08.034  INFO    -> rpm
12:46:08.039  INFO    <- OK ret=0 rpm=1000 (hex=0x03e8)
12:46:08.234  INFO    -> rpm
12:46:08.239  INFO    <- OK ret=0 rpm=1025 (hex=0x0401)
12:46:08.434  INFO    -> rpm
12:46:08.439  INFO    <- OK ret=0 rpm=975 (hex=0x03cf)
12:46:08.440  INFO    -> current
12:46:08.447  INFO    <- OK ret=0 val1=-0.49 val2=-0.54
12:46:08.634  INFO    -> rpm
12:46:08.639  INFO    <- OK ret=0 rpm=1000 (hex=0x03e8)
12:46:08.834  INFO    -> rpm
12:46:08.839  INFO    <- OK ret=0 rpm=1000 (hex=0x03e8)
12:46:09.034  INFO    -> rpm
12:46:09.039  INFO    <- OK ret=0 rpm=1000 (hex=0x03e8)
12:46:09.234  INFO    -> rpm
12:46:09.239  INFO    <- OK ret=0 rpm=1025 (hex=0x0401)
12:46:09.434  INFO    -> rpm
12:46:09.439  INFO    <- OK ret=0 rpm=1000 (hex=0x03e8)
12:46:09.440  INFO    -> current
12:46:09.446  INFO    <- OK ret=0 val1=-0.49 val2=-0.54
12:46:09.634  INFO    -> rpm
12:46:09.639  INFO    <- OK ret=0 rpm=1025 (hex=0x0401)
12:46:09.834  INFO    -> rpm
12:46:09.839  INFO    <- OK ret=0 rpm=975 (hex=0x03cf)
12:46:10.034  INFO    -> rpm
12:46:10.039  INFO    <- OK ret=0 rpm=1025 (hex=0x0401)
12:46:10.234  INFO    -> rpm
12:46:10.239  INFO    <- OK ret=0 rpm=975 (hex=0x03cf)
12:46:10.434  INFO    -> rpm
12:46:10.439  INFO    <- OK ret=0 rpm=1025 (hex=0x0401)
12:46:10.440  INFO    -> current
12:46:10.447  INFO    <- OK ret=0 val1=-0.49 val2=-0.54
12:46:10.634  INFO    -> rpm
12:46:10.639  INFO    <- OK ret=0 rpm=975 (hex=0x03cf)
12:46:10.834  INFO    -> rpm
12:46:10.839  INFO    <- OK ret=0 rpm=1000 (hex=0x03e8)
12:46:11.034  INFO    -> rpm
12:46:11.039  INFO    <- OK ret=0 rpm=1025 (hex=0x0401)
12:46:11.234  INFO    -> rpm
12:46:11.239  INFO    <- OK ret=0 rpm=1000 (hex=0x03e8)
12:46:11.240  INFO    -> speed 800
12:46:11.245  INFO    <- OK
12:46:11.496  INFO    -> speed 600
12:46:11.501  INFO    <- OK
12:46:11.752  INFO    -> speed 400
12:46:11.757  INFO    <- OK
12:46:12.007  INFO    -> speed 200
12:46:12.013  INFO    <- OK
12:46:12.264  INFO    -> speed 0
12:46:12.268  INFO    <- OK
