12:46:44.916  INFO    -> pi 0.1 0.03
12:46:44.919  INFO    <- OK
12:46:44.920  INFO    -> speed 0
12:46:44.923  INFO    <- OK
12:46:44.923  INFO    -> speed 1000
12:46:44.927  INFO    <- OK
12:46:44.927  INFO    -> rpm
12:46:44.931  INFO    <- OK ret=0 rpm=0 (hex=0x0000)
12:46:44.931  INFO    -> current
12:46:44.940  INFO    <- OK ret=0 val1=-0.10 val2=0.05
12:46:45.127  INFO    -> rpm
12:46:45.131  INFO    <- OK ret=0 rpm=575 (hex=0x023f)
12:46:45.327  INFO    -> rpm
12:46:45.331  INFO    <- OK ret=0 rpm=800 (hex=0x0320)
12:46:45.527  INFO    -> rpm
12:46:45.531  INFO    <- OK ret=0 rpm=650 (hex=0x028a)
12:46:45.727  INFO    -> rpm
12:46:45.732  INFO    <- OK ret=0 rpm=950 (hex=0x03b6)
12:46:45.927  INFO    -> rpm
12:46:45.932  INFO    <- OK ret=0 rpm=750 (hex=0x02ee)
12:46:45.933  INFO    -> current
12:46:45.938  INFO    <- OK ret=0 val1=-0.29 val2=-0.15
12:46:46.127  INFO    -> rpm
12:46:46.132  INFO    <- OK ret=0 rpm=950 (hex=0x03b6)
12:46:46.327  INFO    -> rpm
12:46:46.332  INFO    <- OK ret=0 rpm=875 (hex=0x036b)
12:46:46.527  INFO    -> rpm
12:46:46.532  INFO    <- OK ret=0 rpm=975 (hex=0x03cf)
12:46:46.727  INFO    -> rpm
12:46:46.732  INFO    <- OK ret=0 rpm=900 (hex=0x0384)
12:46:46.927  INFO    -> rpm
12:46:46.932  INFO    <- OK ret=0 rpm=975 (hex=0x03cf)
12:46:46.932  INFO    -> current
12:46:46.938  INFO    <- OK ret=0 val1=-0.49 val2=-0.59
12:46:47.127  INFO    -> rpm
12:46:47.132  INFO    <- OK ret=0 rpm=950 (hex=0x03b6)
12:46:47.327  INFO    -> rpm
12:46:47.332  INFO    <- OK ret=0 rpm=1000 (hex=0x03e8)
12:46:47.527  INFO    -> rpm
12:46:47.532  INFO    <- OK ret=0 rpm=975 (hex=0x03cf)
12:46:47.727  INFO    -> rpm
12:46:47.732  INFO    <- OK ret=0 rpm=1025 (hex=0x0401)
12:46:47.927  INFO    -> rpm
12:46:47.932  INFO    <- OK ret=0 rpm=950 (hex=0x03b6)
12:46:47.932  INFO    -> current
12:46:47.938  INFO    <- OK ret=0 val1=-0.59 val2=-0.54
12:46:48.127  INFO    -> rpm
12:46:48.132  INFO    <- OK ret=0 rpm=1025 (hex=0x0401)
12:46:48.327  INFO    -> rpm
12:46:48.332  INFO    <- OK ret=0 rpm=975 (hex=0x03cf)
12:46:48.527  INFO    -> rpm
12:46:48.532  INFO    <- OK ret=0 rpm=1025 (hex=0x0401)
12:46:48.727  INFO    -> rpm
12:46:48.732  INFO    <- OK ret=0 rpm=950 (hex=0x03b6)
12:46:48.927  INFO    -> rpm
12:46:48.932  INFO    <- OK ret=0 rpm=1000 (hex=0x03e8)
12:46:48.933  INFO    -> current
12:46:48.938  INFO    <- OK ret=0 val1=-0.44 val2=-0.44
12:46:49.127  INFO    -> rpm
12:46:49.132  INFO    <- OK ret=0 rpm=1025 (hex=0x0401)
12:46:49.327  INFO    -> rpm
12:46:49.332  INFO    <- OK ret=0 rpm=975 (hex=0x03cf)
12:46:49.527  INFO    -> rpm
12:46:49.532  INFO    <- OK ret=0 rpm=1000 (hex=0x03e8)
12:46:49.727  INFO    -> rpm
12:46:49.732  INFO    <- OK ret=0 rpm=1000 (hex=0x03e8)
12:46:49.927  INFO    -> rpm
12:46:49.932  INFO    <- OK ret=0 rpm=975 (hex=0x03cf)
12:46:49.932  INFO    -> current
12:46:49.938  INFO    <- OK ret=0 val1=-0.49 val2=-0.54
12:46:50.127  INFO    -> rpm
12:46:50.132  INFO    <- OK ret=0 rpm=1025 (hex=0x0401)
12:46:50.327  INFO    -> rpm
12:46:50.332  INFO    <- OK ret=0 rpm=1000 (hex=0x03e8)
12:46:50.527  INFO    -> rpm
12:46:50.532  INFO    <- OK ret=0 rpm=1000 (hex=0x03e8)
12:46:50.727  INFO    -> rpm
12:46:50.732  INFO    <- OK ret=0 rpm=975 (hex=0x03cf)
12:46:50.927  INFO    -> rpm
12:46:50.932  INFO    <- OK ret=0 rpm=1050 (hex=0x041a)
12:46:50.932  INFO    -> current
12:46:50.938  INFO    <- OK ret=0 val1=-0.49 val2=-0.39
12:46:51.127  INFO    -> rpm
12:46:51.132  INFO    <- OK ret=0 rpm=975 (hex=0x03cf)
12:46:51.327  INFO    -> rpm
12:46:51.332  INFO    <- OK ret=0 rpm=1000 (hex=0x03e8)
12:46:51.527  INFO    -> rpm
12:46:51.532  INFO    <- OK ret=0 rpm=1000 (hex=0x03e8)
12:46:51.727  INFO    -> rpm
12:46:51.732  INFO    <- OK ret=0 rpm=1000 (hex=0x03e8)
12:46:51.732  INFO    -> speed 800
12:46:51.737  INFO    <- OK
12:46:51.988  INFO    -> speed 600
12:46:51.993  INFO    <- OK
12:46:52.243  INFO    -> speed 400
12:46:52.248  INFO    <- OK
12:46:52.499  INFO    -> speed 200
12:46:52.504  INFO    <- OK
12:46:52.754  INFO    -> speed 0
12:46:52.759  INFO    <- OK
