12:46:29.853  INFO    -> pi 0.0 0.03
12:46:29.856  INFO    <- OK
12:46:29.857  INFO    -> speed 0
12:46:29.860  INFO    <- OK
12:46:29.860  INFO    -> speed 1000
12:46:29.864  INFO    <- OK
12:46:29.864  INFO    -> rpm
12:46:29.868  INFO    <- OK ret=0 rpm=0 (hex=0x0000)
12:46:29.868  INFO    -> current
12:46:29.873  INFO    <- OK ret=0 val1=-0.10 val2=0.05
12:46:30.064  INFO    -> rpm
12:46:30.068  INFO    <- OK ret=0 rpm=25 (hex=0x0019)
12:46:30.264  INFO    -> rpm
12:46:30.268  INFO    <- OK ret=0 rpm=875 (hex=0x036b)
12:46:30.464  INFO    -> rpm
12:46:30.469  INFO    <- OK ret=0 rpm=850 (hex=0x0352)
12:46:30.664  INFO    -> rpm
12:46:30.669  INFO    <- OK ret=0 rpm=850 (hex=0x0352)
12:46:30.864  INFO    -> rpm
12:46:30.869  INFO    <- OK ret=0 rpm=950 (hex=0x03b6)
12:46:30.869  INFO    -> current
12:46:30.875  INFO    <- OK ret=0 val1=-0.34 val2=-0.34
12:46:31.064  INFO    -> rpm
12:46:31.069  INFO    <- OK ret=0 rpm=950 (hex=0x03b6)
12:46:31.264  INFO    -> rpm
12:46:31.269  INFO    <- OK ret=0 rpm=975 (hex=0x03cf)
12:46:31.464  INFO    -> rpm
12:46:31.469  INFO    <- OK ret=0 rpm=1000 (hex=0x03e8)
12:46:31.664  INFO    -> rpm
12:46:31.669  INFO    <- OK ret=0 rpm=975 (hex=0x03cf)
12:46:31.864  INFO    -> rpm
12:46:31.869  INFO    <- OK ret=0 rpm=1000 (hex=0x03e8)
12:46:31.869  INFO    -> current
12:46:31.875  INFO    <- OK ret=0 val1=-0.44 val2=-0.49
12:46:32.064  INFO    -> rpm
12:46:32.069  INFO    <- OK ret=0 rpm=1000 (hex=0x03e8)
12:46:32.264  INFO    -> rpm
12:46:32.269  INFO    <- OK ret=0 rpm=1025 (hex=0x0401)
12:46:32.464  INFO    -> rpm
12:46:32.469  INFO    <- OK ret=0 rpm=975 (hex=0x03cf)
12:46:32.664  INFO    -> rpm
12:46:32.669  INFO    <- OK ret=0 rpm=1025 (hex=0x0401)
12:46:32.864  INFO    -> rpm
12:46:32.873  INFO    <- OK ret=0 rpm=1000 (hex=0x03e8)
12:46:32.873  INFO    -> current
12:46:32.879  INFO    <- OK ret=0 val1=-0.54 val2=-0.49
12:46:33.064  INFO    -> rpm
12:46:33.069  INFO    <- OK ret=0 rpm=1000 (hex=0x03e8)
12:46:33.264  INFO    -> rpm
12:46:33.269  INFO    <- OK ret=0 rpm=1000 (hex=0x03e8)
12:46:33.464  INFO    -> rpm
12:46:33.469  INFO    <- OK ret=0 rpm=1000 (hex=0x03e8)
12:46:33.664  INFO    -> rpm
12:46:33.669  INFO    <- OK ret=0 rpm=1000 (hex=0x03e8)
12:46:33.864  INFO    -> rpm
12:46:33.869  INFO    <- OK ret=0 rpm=1000 (hex=0x03e8)
12:46:33.870  INFO    -> current
12:46:33.875  INFO    <- OK ret=0 val1=-0.54 val2=-0.54
12:46:34.064  INFO    -> rpm
12:46:34.069  INFO    <- OK ret=0 rpm=1000 (hex=0x03e8)
12:46:34.264  INFO    -> rpm
12:46:34.269  INFO    <- OK ret=0 rpm=1000 (hex=0x03e8)
12:46:34.464  INFO    -> rpm
12:46:34.469  INFO    <- OK ret=0 rpm=1000 (hex=0x03e8)
12:46:34.664  INFO    -> rpm
12:46:34.669  INFO    <- OK ret=0 rpm=1000 (hex=0x03e8)
12:46:34.864  INFO    -> rpm
12:46:34.869  INFO    <- OK ret=0 rpm=1000 (hex=0x03e8)
12:46:34.870  INFO    -> current
12:46:34.876  INFO    <- OK ret=0 val1=-0.54 val2=-0.54
12:46:35.064  INFO    -> rpm
12:46:35.069  INFO    <- OK ret=0 rpm=1025 (hex=0x0401)
12:46:35.264  INFO    -> rpm
12:46:35.269  INFO    <- OK ret=0 rpm=975 (hex=0x03cf)
12:46:35.464  INFO    -> rpm
12:46:35.469  INFO    <- OK ret=0 rpm=1000 (hex=0x03e8)
12:46:35.664  INFO    -> rpm
12:46:35.669  INFO    <- OK ret=0 rpm=1000 (hex=0x03e8)
12:46:35.864  INFO    -> rpm
12:46:35.869  INFO    <- OK ret=0 rpm=1000 (hex=0x03e8)
12:46:35.869  INFO    -> current
12:46:35.875  INFO    <- OK ret=0 val1=-0.44 val2=-0.49
12:46:36.064  INFO    -> rpm
12:46:36.069  INFO    <- OK ret=0 rpm=1000 (hex=0x03e8)
12:46:36.264  INFO    -> rpm
12:46:36.269  INFO    <- OK ret=0 rpm=1025 (hex=0x0401)
12:46:36.464  INFO    -> rpm
12:46:36.469  INFO    <- OK ret=0 rpm=1000 (hex=0x03e8)
12:46:36.664  INFO    -> rpm
12:46:36.669  INFO    <- OK ret=0 rpm=1000 (hex=0x03e8)
12:46:36.669  INFO    -> speed 800
12:46:36.674  INFO    <- OK
12:46:36.924  INFO    -> speed 600
12:46:36.929  INFO    <- OK
12:46:37.180  INFO    -> speed 400
12:46:37.185  INFO    <- OK
12:46:37.436  INFO    -> speed 200
12:46:37.441  INFO    <- OK
12:46:37.691  INFO    -> speed 0
12:46:37.696  INFO    <- OK
