14:31:04.650  INFO    -> pi -0.1 -0.06
14:31:04.654  INFO    <- OK
14:31:04.654  INFO    -> speed 0
14:31:04.657  INFO    <- OK
14:31:04.657  INFO    -> speed 1000
14:31:04.661  INFO    <- OK
14:31:04.661  INFO    -> rpm
14:31:04.665  INFO    <- OK ret=0 rpm=0 (hex=0x0000)
14:31:04.665  INFO    -> current
14:31:04.672  INFO    <- OK ret=0 val1=-0.15 val2=0.05
14:31:04.861  INFO    -> rpm
14:31:04.865  INFO    <- OK ret=0 rpm=0 (hex=0x0000)
14:31:05.061  INFO    -> rpm
14:31:05.065  INFO    <- OK ret=0 rpm=0 (hex=0x0000)
14:31:05.261  INFO    -> rpm
14:31:05.266  INFO    <- OK ret=0 rpm=350 (hex=0x015e)
14:31:05.461  INFO    -> rpm
14:31:05.466  INFO    <- OK ret=0 rpm=1175 (hex=0x0497)
14:31:05.661  INFO    -> rpm
14:31:05.666  INFO    <- OK ret=0 rpm=1275 (hex=0x04fb)
14:31:05.667  INFO    -> current
14:31:05.672  INFO    <- OK ret=0 val1=-0.49 val2=-0.39
14:31:05.861  INFO    -> rpm
14:31:05.866  INFO    <- OK ret=0 rpm=1150 (hex=0x047e)
14:31:06.061  INFO    -> rpm
14:31:06.066  INFO    <- OK ret=0 rpm=1050 (hex=0x041a)
14:31:06.261  INFO    -> rpm
14:31:06.266  INFO    <- OK ret=0 rpm=1000 (hex=0x03e8)
14:31:06.461  INFO    -> rpm
14:31:06.466  INFO    <- OK ret=0 rpm=975 (hex=0x03cf)
14:31:06.661  INFO    -> rpm
14:31:06.666  INFO    <- OK ret=0 rpm=975 (hex=0x03cf)
14:31:06.667  INFO    -> current
14:31:06.672  INFO    <- OK ret=0 val1=-0.54 val2=-0.44
14:31:06.861  INFO    -> rpm
14:31:06.866  INFO    <- OK ret=0 rpm=1000 (hex=0x03e8)
14:31:07.061  INFO    -> rpm
14:31:07.066  INFO    <- OK ret=0 rpm=1000 (hex=0x03e8)
14:31:07.261  INFO    -> rpm
14:31:07.266  INFO    <- OK ret=0 rpm=1025 (hex=0x0401)
14:31:07.461  INFO    -> rpm
14:31:07.466  INFO    <- OK ret=0 rpm=1000 (hex=0x03e8)
14:31:07.661  INFO    -> rpm
14:31:07.666  INFO    <- OK ret=0 rpm=1000 (hex=0x03e8)
14:31:07.667  INFO    -> current
14:31:07.672  INFO    <- OK ret=0 val1=-0.44 val2=-0.44
14:31:07.861  INFO    -> rpm
14:31:07.866  INFO    <- OK ret=0 rpm=1025 (hex=0x0401)
14:31:08.061  INFO    -> rpm
14:31:08.066  INFO    <- OK ret=0 rpm=1000 (hex=0x03e8)
14:31:08.261  INFO    -> rpm
14:31:08.266  INFO    <- OK ret=0 rpm=1000 (hex=0x03e8)
14:31:08.461  INFO    -> rpm
14:31:08.466  INFO    <- OK ret=0 rpm=1000 (hex=0x03e8)
14:31:08.661  INFO    -> rpm
14:31:08.666  INFO    <- OK ret=0 rpm=1000 (hex=0x03e8)
14:31:08.667  INFO    -> current
14:31:08.672  INFO    <- OK ret=0 val1=-0.49 val2=-0.44
14:31:08.861  INFO    -> rpm
14:31:08.866  INFO    <- OK ret=0 rpm=975 (hex=0x03cf)
14:31:09.061  INFO    -> rpm
14:31:09.066  INFO    <- OK ret=0 rpm=1000 (hex=0x03e8)
14:31:09.261  INFO    -> rpm
14:31:09.270  INFO    <- OK ret=0 rpm=1000 (hex=0x03e8)
14:31:09.461  INFO    -> rpm
14:31:09.466  INFO    <- OK ret=0 rpm=975 (hex=0x03cf)
14:31:09.661  INFO    -> rpm
14:31:09.666  INFO    <- OK ret=0 rpm=1025 (hex=0x0401)
14:31:09.667  INFO    -> current
14:31:09.672  INFO    <- OK ret=0 val1=-0.49 val2=-0.59
14:31:09.861  INFO    -> rpm
14:31:09.866  INFO    <- OK ret=0 rpm=1000 (hex=0x03e8)
14:31:10.061  INFO    -> rpm
14:31:10.066  INFO    <- OK ret=0 rpm=975 (hex=0x03cf)
14:31:10.261  INFO    -> rpm
14:31:10.266  INFO    <- OK ret=0 rpm=1000 (hex=0x03e8)
14:31:10.461  INFO    -> rpm
14:31:10.466  INFO    <- OK ret=0 rpm=1000 (hex=0x03e8)
14:31:10.661  INFO    -> rpm
14:31:10.666  INFO    <- OK ret=0 rpm=1000 (hex=0x03e8)
14:31:10.667  INFO    -> current
14:31:10.672  INFO    <- OK ret=0 val1=-0.54 val2=-0.44
14:31:10.861  INFO    -> rpm
14:31:10.866  INFO    <- OK ret=0 rpm=1000 (hex=0x03e8)
14:31:11.061  INFO    -> rpm
14:31:11.066  INFO    <- OK ret=0 rpm=975 (hex=0x03cf)
14:31:11.261  INFO    -> rpm
14:31:11.266  INFO    <- OK ret=0 rpm=1000 (hex=0x03e8)
14:31:11.461  INFO    -> rpm
14:31:11.466  INFO    <- OK ret=0 rpm=1000 (hex=0x03e8)
14:31:11.467  INFO    -> speed 800
14:31:11.471  INFO    <- OK
14:31:11.722  INFO    -> speed 600
14:31:11.727  INFO    <- OK
14:31:11.977  INFO    -> speed 400
14:31:11.982  INFO    <- OK
14:31:12.233  INFO    -> speed 200
14:31:12.238  INFO    <- OK
14:31:12.489  INFO    -> speed 0
14:31:12.493  INFO    <- OK
