13:41:23.059  INFO    -> speed 0
13:41:23.063  INFO    <- OK
13:41:23.063  INFO    -> speed 1000
13:41:23.073  INFO    <- OK
13:41:23.073  INFO    -> rpm
13:41:23.077  INFO    <- OK ret=0 rpm=0 (hex=0x0000)
13:41:23.077  INFO    -> current
13:41:23.081  INFO    <- OK ret=0 val1=0.05 val2=0.00
13:41:23.273  INFO    -> rpm
13:41:23.277  INFO    <- OK ret=0 rpm=25 (hex=0x0019)
13:41:23.473  INFO    -> rpm
13:41:23.477  INFO    <- OK ret=0 rpm=850 (hex=0x0352)
13:41:23.673  INFO    -> rpm
13:41:23.678  INFO    <- OK ret=0 rpm=650 (hex=0x028a)
13:41:23.873  INFO    -> rpm
13:41:23.878  INFO    <- OK ret=0 rpm=875 (hex=0x036b)
13:41:24.073  INFO    -> rpm
13:41:24.084  INFO    <- OK ret=0 rpm=900 (hex=0x0384)
13:41:24.084  INFO    -> current
13:41:24.090  INFO    <- OK ret=0 val1=-0.24 val2=-0.39
13:41:24.273  INFO    -> rpm
13:41:24.278  INFO    <- OK ret=0 rpm=925 (hex=0x039d)
13:41:24.473  INFO    -> rpm
13:41:24.478  INFO    <- OK ret=0 rpm=975 (hex=0x03cf)
13:41:24.673  INFO    -> rpm
13:41:24.678  INFO    <- OK ret=0 rpm=975 (hex=0x03cf)
13:41:24.873  INFO    -> rpm
13:41:24.878  INFO    <- OK ret=0 rpm=1000 (hex=0x03e8)
13:41:25.073  INFO    -> rpm
13:41:25.078  INFO    <- OK ret=0 rpm=975 (hex=0x03cf)
13:41:25.079  INFO    -> current
13:41:25.084  INFO    <- OK ret=0 val1=-0.59 val2=-0.49
13:41:25.273  INFO    -> rpm
13:41:25.278  INFO    <- OK ret=0 rpm=1000 (hex=0x03e8)
13:41:25.473  INFO    -> rpm
13:41:25.478  INFO    <- OK ret=0 rpm=975 (hex=0x03cf)
13:41:25.673  INFO    -> rpm
13:41:25.678  INFO    <- OK ret=0 rpm=1000 (hex=0x03e8)
13:41:25.873  INFO    -> rpm
13:41:25.878  INFO    <- OK ret=0 rpm=1000 (hex=0x03e8)
13:41:26.073  INFO    -> rpm
13:41:26.078  INFO    <- OK ret=0 rpm=1025 (hex=0x0401)
13:41:26.079  INFO    -> current
13:41:26.085  INFO    <- OK ret=0 val1=-0.54 val2=-0.54
13:41:26.273  INFO    -> rpm
13:41:26.278  INFO    <- OK ret=0 rpm=1025 (hex=0x0401)
13:41:26.473  INFO    -> rpm
13:41:26.478  INFO    <- OK ret=0 rpm=975 (hex=0x03cf)
13:41:26.673  INFO    -> rpm
13:41:26.678  INFO    <- OK ret=0 rpm=1025 (hex=0x0401)
13:41:26.873  INFO    -> rpm
13:41:26.878  INFO    <- OK ret=0 rpm=950 (hex=0x03b6)
13:41:27.073  INFO    -> rpm
13:41:27.083  INFO    <- OK ret=0 rpm=1050 (hex=0x041a)
13:41:27.083  INFO    -> current
13:41:27.089  INFO    <- OK ret=0 val1=-0.44 val2=-0.59
13:41:27.273  INFO    -> rpm
13:41:27.278  INFO    <- OK ret=0 rpm=950 (hex=0x03b6)
13:41:27.473  INFO    -> rpm
13:41:27.478  INFO    <- OK ret=0 rpm=1050 (hex=0x041a)
13:41:27.673  INFO    -> rpm
13:41:27.678  INFO    <- OK ret=0 rpm=925 (hex=0x039d)
13:41:27.873  INFO    -> rpm
13:41:27.878  INFO    <- OK ret=0 rpm=1025 (hex=0x0401)
13:41:28.073  INFO    -> rpm
13:41:28.078  INFO    <- OK ret=0 rpm=975 (hex=0x03cf)
13:41:28.079  INFO    -> current
13:41:28.084  INFO    <- OK ret=0 val1=-0.54 val2=-0.54
13:41:28.273  INFO    -> rpm
13:41:28.278  INFO    <- OK ret=0 rpm=1025 (hex=0x0401)
13:41:28.473  INFO    -> rpm
13:41:28.478  INFO    <- OK ret=0 rpm=950 (hex=0x03b6)
13:41:28.673  INFO    -> rpm
13:41:28.678  INFO    <- OK ret=0 rpm=1050 (hex=0x041a)
13:41:28.873  INFO    -> rpm
13:41:28.878  INFO    <- OK ret=0 rpm=1000 (hex=0x03e8)
13:41:29.073  INFO    -> rpm
13:41:29.078  INFO    <- OK ret=0 rpm=1000 (hex=0x03e8)
13:41:29.079  INFO    -> current
13:41:29.084  INFO    <- OK ret=0 val1=-0.49 val2=-0.44
13:41:29.273  INFO    -> rpm
13:41:29.278  INFO    <- OK ret=0 rpm=1025 (hex=0x0401)
13:41:29.473  INFO    -> rpm
13:41:29.478  INFO    <- OK ret=0 rpm=1025 (hex=0x0401)
13:41:29.673  INFO    -> rpm
13:41:29.678  INFO    <- OK ret=0 rpm=1000 (hex=0x03e8)
13:41:29.873  INFO    -> rpm
13:41:29.878  INFO    <- OK ret=0 rpm=975 (hex=0x03cf)
13:41:30.073  INFO    -> rpm
13:41:30.078  INFO    <- OK ret=0 rpm=1000 (hex=0x03e8)
13:41:30.079  INFO    -> current
13:41:30.084  INFO    <- OK ret=0 val1=-0.54 val2=-0.54
13:41:30.273  INFO    -> rpm
13:41:30.278  INFO    <- OK ret=0 rpm=1025 (hex=0x0401)
13:41:30.473  INFO    -> rpm
13:41:30.478  INFO    <- OK ret=0 rpm=975 (hex=0x03cf)
13:41:30.673  INFO    -> rpm
13:41:30.678  INFO    <- OK ret=0 rpm=1000 (hex=0x03e8)
13:41:30.873  INFO    -> rpm
13:41:30.878  INFO    <- OK ret=0 rpm=975 (hex=0x03cf)
13:41:30.879  INFO    -> speed 0
13:41:30.884  INFO    <- OK
