15:06:36.576  INFO    -> pi -0.1 -0.02
15:06:36.580  INFO    <- OK
15:06:36.580  INFO    -> speed 0
15:06:36.583  INFO    <- OK
15:06:36.583  INFO    -> speed 1000
15:06:36.587  INFO    <- OK
15:06:36.587  INFO    -> rpm
15:06:36.591  INFO    <- OK ret=0 rpm=0 (hex=0x0000)
15:06:36.591  INFO    -> current
15:06:36.596  INFO    <- OK ret=0 val1=-0.10 val2=0.05
15:06:36.787  INFO    -> rpm
15:06:36.791  INFO    <- OK ret=0 rpm=0 (hex=0x0000)
15:06:36.987  INFO    -> rpm
15:06:36.991  INFO    <- OK ret=0 rpm=0 (hex=0x0000)
15:06:37.187  INFO    -> rpm
15:06:37.192  INFO    <- OK ret=0 rpm=350 (hex=0x015e)
15:06:37.387  INFO    -> rpm
15:06:37.392  INFO    <- OK ret=0 rpm=1250 (hex=0x04e2)
15:06:37.587  INFO    -> rpm
15:06:37.592  INFO    <- OK ret=0 rpm=1350 (hex=0x0546)
15:06:37.593  INFO    -> current
15:06:37.598  INFO    <- OK ret=0 val1=-0.34 val2=-0.34
15:06:37.787  INFO    -> rpm
15:06:37.792  INFO    <- OK ret=0 rpm=1200 (hex=0x04b0)
15:06:37.987  INFO    -> rpm
15:06:37.992  INFO    <- OK ret=0 rpm=1050 (hex=0x041a)
15:06:38.187  INFO    -> rpm
15:06:38.192  INFO    <- OK ret=0 rpm=950 (hex=0x03b6)
15:06:38.387  INFO    -> rpm
15:06:38.392  INFO    <- OK ret=0 rpm=975 (hex=0x03cf)
15:06:38.587  INFO    -> rpm
15:06:38.592  INFO    <- OK ret=0 rpm=1000 (hex=0x03e8)
15:06:38.593  INFO    -> current
15:06:38.598  INFO    <- OK ret=0 val1=-0.49 val2=-0.54
15:06:38.787  INFO    -> rpm
15:06:38.792  INFO    <- OK ret=0 rpm=1000 (hex=0x03e8)
15:06:38.987  INFO    -> rpm
15:06:38.992  INFO    <- OK ret=0 rpm=1025 (hex=0x0401)
15:06:39.187  INFO    -> rpm
15:06:39.192  INFO    <- OK ret=0 rpm=1000 (hex=0x03e8)
15:06:39.387  INFO    -> rpm
15:06:39.392  INFO    <- OK ret=0 rpm=1000 (hex=0x03e8)
15:06:39.587  INFO    -> rpm
15:06:39.592  INFO    <- OK ret=0 rpm=1000 (hex=0x03e8)
15:06:39.593  INFO    -> current
15:06:39.598  INFO    <- OK ret=0 val1=-0.59 val2=-0.49
15:06:39.787  INFO    -> rpm
15:06:39.792  INFO    <- OK ret=0 rpm=1000 (hex=0x03e8)
15:06:39.987  INFO    -> rpm
15:06:39.992  INFO    <- OK ret=0 rpm=1000 (hex=0x03e8)
15:06:40.187  INFO    -> rpm
15:06:40.192  INFO    <- OK ret=0 rpm=1000 (hex=0x03e8)
15:06:40.387  INFO    -> rpm
15:06:40.392  INFO    <- OK ret=0 rpm=975 (hex=0x03cf)
15:06:40.587  INFO    -> rpm
15:06:40.592  INFO    <- OK ret=0 rpm=1000 (hex=0x03e8)
15:06:40.593  INFO    -> current
15:06:40.598  INFO    <- OK ret=0 val1=-0.54 val2=-0.34
15:06:40.787  INFO    -> rpm
15:06:40.792  INFO    <- OK ret=0 rpm=1000 (hex=0x03e8)
15:06:40.987  INFO    -> rpm
15:06:40.992  INFO    <- OK ret=0 rpm=1000 (hex=0x03e8)
15:06:41.187  INFO    -> rpm
15:06:41.192  INFO    <- OK ret=0 rpm=1025 (hex=0x0401)
15:06:41.387  INFO    -> rpm
15:06:41.392  INFO    <- OK ret=0 rpm=1000 (hex=0x03e8)
15:06:41.587  INFO    -> rpm
15:06:41.592  INFO    <- OK ret=0 rpm=1000 (hex=0x03e8)
15:06:41.593  INFO    -> current
15:06:41.598  INFO    <- OK ret=0 val1=-0.49 val2=-0.59
15:06:41.787  INFO    -> rpm
15:06:41.792  INFO    <- OK ret=0 rpm=1025 (hex=0x0401)
15:06:41.987  INFO    -> rpm
15:06:41.992  INFO    <- OK ret=0 rpm=1000 (hex=0x03e8)
15:06:42.187  INFO    -> rpm
15:06:42.192  INFO    <- OK ret=0 rpm=1000 (hex=0x03e8)
15:06:42.387  INFO    -> rpm
15:06:42.392  INFO    <- OK ret=0 rpm=1000 (hex=0x03e8)
15:06:42.587  INFO    -> rpm
15:06:42.592  INFO    <- OK ret=0 rpm=1000 (hex=0x03e8)
15:06:42.593  INFO    -> current
15:06:42.598  INFO    <- OK ret=0 val1=-0.44 val2=-0.49
15:06:42.787  INFO    -> rpm
15:06:42.792  INFO    <- OK ret=0 rpm=1000 (hex=0x03e8)
15:06:42.987  INFO    -> rpm
15:06:42.992  INFO    <- OK ret=0 rpm=1000 (hex=0x03e8)
15:06:43.187  INFO    -> rpm
15:06:43.192  INFO    <- OK ret=0 rpm=1000 (hex=0x03e8)
15:06:43.387  INFO    -> rpm
15:06:43.392  INFO    <- OK ret=0 rpm=1000 (hex=0x03e8)
15:06:43.393  INFO    -> speed 800
15:06:43.397  INFO    <- OK
15:06:43.648  INFO    -> speed 600
15:06:43.653  INFO    <- OK
15:06:43.903  INFO    -> speed 400
15:06:43.908  INFO    <- OK
15:06:44.159  INFO    -> speed 200
15:06:44.164  INFO    <- OK
15:06:44.414  INFO    -> speed 0
15:06:44.419  INFO    <- OK
