13:08:56.269  INFO    -> pi -0.1 -0.08
13:08:56.273  INFO    <- OK
13:08:56.273  INFO    -> speed 0
13:08:56.276  INFO    <- OK
13:08:56.276  INFO    -> speed 1000
13:08:56.280  INFO    <- OK
13:08:56.280  INFO    -> rpm
13:08:56.284  INFO    <- OK ret=0 rpm=0 (hex=0x0000)
13:08:56.285  INFO    -> current
13:08:56.289  INFO    <- OK ret=0 val1=-0.10 val2=0.05
13:08:56.480  INFO    -> rpm
13:08:56.484  INFO    <- OK ret=0 rpm=0 (hex=0x0000)
13:08:56.680  INFO    -> rpm
13:08:56.685  INFO    <- OK ret=0 rpm=0 (hex=0x0000)
13:08:56.880  INFO    -> rpm
13:08:56.885  INFO    <- OK ret=0 rpm=25 (hex=0x0019)
13:08:57.080  INFO    -> rpm
13:08:57.086  INFO    <- OK ret=0 rpm=1000 (hex=0x03e8)
13:08:57.280  INFO    -> rpm
13:08:57.285  INFO    <- OK ret=0 rpm=1375 (hex=0x055f)
13:08:57.286  INFO    -> current
13:08:57.292  INFO    <- OK ret=0 val1=-0.44 val2=-0.29
13:08:57.480  INFO    -> rpm
13:08:57.485  INFO    <- OK ret=0 rpm=1250 (hex=0x04e2)
13:08:57.680  INFO    -> rpm
13:08:57.685  INFO    <- OK ret=0 rpm=1150 (hex=0x047e)
13:08:57.880  INFO    -> rpm
13:08:57.885  INFO    <- OK ret=0 rpm=1025 (hex=0x0401)
13:08:58.080  INFO    -> rpm
13:08:58.085  INFO    <- OK ret=0 rpm=1000 (hex=0x03e8)
13:08:58.280  INFO    -> rpm
13:08:58.285  INFO    <- OK ret=0 rpm=1000 (hex=0x03e8)
13:08:58.286  INFO    -> current
13:08:58.291  INFO    <- OK ret=0 val1=-0.59 val2=-0.54
13:08:58.480  INFO    -> rpm
13:08:58.485  INFO    <- OK ret=0 rpm=1000 (hex=0x03e8)
13:08:58.680  INFO    -> rpm
13:08:58.685  INFO    <- OK ret=0 rpm=1000 (hex=0x03e8)
13:08:58.880  INFO    -> rpm
13:08:58.885  INFO    <- OK ret=0 rpm=1025 (hex=0x0401)
13:08:59.080  INFO    -> rpm
13:08:59.085  INFO    <- OK ret=0 rpm=1000 (hex=0x03e8)
13:08:59.280  INFO    -> rpm
13:08:59.285  INFO    <- OK ret=0 rpm=1000 (hex=0x03e8)
13:08:59.286  INFO    -> current
13:08:59.291  INFO    <- OK ret=0 val1=-0.49 val2=-0.44
13:08:59.480  INFO    -> rpm
13:08:59.485  INFO    <- OK ret=0 rpm=1025 (hex=0x0401)
13:08:59.680  INFO    -> rpm
13:08:59.685  INFO    <- OK ret=0 rpm=1000 (hex=0x03e8)
13:08:59.880  INFO    -> rpm
13:08:59.885  INFO    <- OK ret=0 rpm=1000 (hex=0x03e8)
13:09:00.080  INFO    -> rpm
13:09:00.085  INFO    <- OK ret=0 rpm=1000 (hex=0x03e8)
13:09:00.280  INFO    -> rpm
13:09:00.285  INFO    <- OK ret=0 rpm=1000 (hex=0x03e8)
13:09:00.286  INFO    -> current
13:09:00.291  INFO    <- OK ret=0 val1=-0.54 val2=-0.54
13:09:00.480  INFO    -> rpm
13:09:00.485  INFO    <- OK ret=0 rpm=1000 (hex=0x03e8)
13:09:00.680  INFO    -> rpm
13:09:00.685  INFO    <- OK ret=0 rpm=1000 (hex=0x03e8)
13:09:00.880  INFO    -> rpm
13:09:00.885  INFO    <- OK ret=0 rpm=1000 (hex=0x03e8)
13:09:01.080  INFO    -> rpm
13:09:01.085  INFO    <- OK ret=0 rpm=1000 (hex=0x03e8)
13:09:01.280  INFO    -> rpm
13:09:01.285  INFO    <- OK ret=0 rpm=1000 (hex=0x03e8)
13:09:01.286  INFO    -> current
13:09:01.291  INFO    <- OK ret=0 val1=-0.49 val2=-0.39
13:09:01.480  INFO    -> rpm
13:09:01.485  INFO    <- OK ret=0 rpm=1025 (hex=0x0401)
13:09:01.680  INFO    -> rpm
13:09:01.685  INFO    <- OK ret=0 rpm=1000 (hex=0x03e8)
13:09:01.880  INFO    -> rpm
13:09:01.885  INFO    <- OK ret=0 rpm=1025 (hex=0x0401)
13:09:02.080  INFO    -> rpm
13:09:02.085  INFO    <- OK ret=0 rpm=1000 (hex=0x03e8)
13:09:02.280  INFO    -> rpm
13:09:02.285  INFO    <- OK ret=0 rpm=1000 (hex=0x03e8)
13:09:02.286  INFO    -> current
13:09:02.292  INFO    <- OK ret=0 val1=-0.49 val2=-0.49
13:09:02.480  INFO    -> rpm
13:09:02.485  INFO    <- OK ret=0 rpm=1000 (hex=0x03e8)
13:09:02.680  INFO    -> rpm
13:09:02.685  INFO    <- OK ret=0 rpm=1000 (hex=0x03e8)
13:09:02.880  INFO    -> rpm
13:09:02.885  INFO    <- OK ret=0 rpm=1000 (hex=0x03e8)
13:09:03.080  INFO    -> rpm
13:09:03.085  INFO    <- OK ret=0 rpm=1025 (hex=0x0401)
13:09:03.086  INFO    -> speed 800
13:09:03.090  INFO    <- OK
13:09:03.341  INFO    -> speed 600
13:09:03.346  INFO    <- OK
13:09:03.597  INFO    -> speed 400
13:09:03.601  INFO    <- OK
13:09:03.852  INFO    -> speed 200
13:09:03.857  INFO    <- OK
13:09:04.108  INFO    -> speed 0
13:09:04.112  INFO    <- OK
