13:30:11.226  INFO    -> speed 0
13:30:11.230  INFO    <- OK
13:30:11.230  INFO    -> speed 1000
13:30:11.234  INFO    <- OK
13:30:11.234  INFO    -> rpm
13:30:11.238  INFO    <- OK ret=0 rpm=0 (hex=0x0000)
13:30:11.238  INFO    -> current
13:30:11.243  INFO    <- OK ret=0 val1=0.05 val2=0.00
13:30:11.434  INFO    -> rpm
13:30:11.438  INFO    <- OK ret=0 rpm=0 (hex=0x0000)
13:30:11.634  INFO    -> rpm
13:30:11.638  INFO    <- OK ret=0 rpm=0 (hex=0x0000)
13:30:11.834  INFO    -> rpm
13:30:11.838  INFO    <- OK ret=0 rpm=0 (hex=0x0000)
13:30:12.034  INFO    -> rpm
13:30:12.039  INFO    <- OK ret=0 rpm=0 (hex=0x0000)
13:30:12.234  INFO    -> rpm
13:30:12.239  INFO    <- OK ret=0 rpm=575 (hex=0x023f)
13:30:12.239  INFO    -> current
13:30:12.245  INFO    <- OK ret=0 val1=-0.05 val2=-0.05
13:30:12.434  INFO    -> rpm
13:30:12.439  INFO    <- OK ret=0 rpm=750 (hex=0x02ee)
13:30:12.634  INFO    -> rpm
13:30:12.639  INFO    <- OK ret=0 rpm=900 (hex=0x0384)
13:30:12.834  INFO    -> rpm
13:30:12.839  INFO    <- OK ret=0 rpm=975 (hex=0x03cf)
13:30:13.034  INFO    -> rpm
13:30:13.039  INFO    <- OK ret=0 rpm=900 (hex=0x0384)
13:30:13.234  INFO    -> rpm
13:30:13.239  INFO    <- OK ret=0 rpm=1050 (hex=0x041a)
13:30:13.240  INFO    -> current
13:30:13.245  INFO    <- OK ret=0 val1=-0.44 val2=-0.59
13:30:13.434  INFO    -> rpm
13:30:13.439  INFO    <- OK ret=0 rpm=950 (hex=0x03b6)
13:30:13.634  INFO    -> rpm
13:30:13.639  INFO    <- OK ret=0 rpm=1000 (hex=0x03e8)
13:30:13.834  INFO    -> rpm
13:30:13.839  INFO    <- OK ret=0 rpm=950 (hex=0x03b6)
13:30:14.034  INFO    -> rpm
13:30:14.039  INFO    <- OK ret=0 rpm=1000 (hex=0x03e8)
13:30:14.234  INFO    -> rpm
13:30:14.239  INFO    <- OK ret=0 rpm=1000 (hex=0x03e8)
13:30:14.239  INFO    -> current
13:30:14.245  INFO    <- OK ret=0 val1=-0.44 val2=-0.59
13:30:14.434  INFO    -> rpm
13:30:14.439  INFO    <- OK ret=0 rpm=1025 (hex=0x0401)
13:30:14.634  INFO    -> rpm
13:30:14.639  INFO    <- OK ret=0 rpm=1000 (hex=0x03e8)
13:30:14.834  INFO    -> rpm
13:30:14.839  INFO    <- OK ret=0 rpm=1000 (hex=0x03e8)
13:30:15.034  INFO    -> rpm
13:30:15.039  INFO    <- OK ret=0 rpm=1000 (hex=0x03e8)
13:30:15.234  INFO    -> rpm
13:30:15.239  INFO    <- OK ret=0 rpm=1000 (hex=0x03e8)
13:30:15.240  INFO    -> current
13:30:15.245  INFO    <- OK ret=0 val1=-0.54 val2=-0.44
13:30:15.434  INFO    -> rpm
13:30:15.439  INFO    <- OK ret=0 rpm=1000 (hex=0x03e8)
13:30:15.634  INFO    -> rpm
13:30:15.639  INFO    <- OK ret=0 rpm=1000 (hex=0x03e8)
13:30:15.834  INFO    -> rpm
13:30:15.839  INFO    <- OK ret=0 rpm=1000 (hex=0x03e8)
13:30:16.034  INFO    -> rpm
13:30:16.039  INFO    <- OK ret=0 rpm=975 (hex=0x03cf)
13:30:16.234  INFO    -> rpm
13:30:16.239  INFO    <- OK ret=0 rpm=1000 (hex=0x03e8)
13:30:16.240  INFO    -> current
13:30:16.245  INFO    <- OK ret=0 val1=-0.54 val2=-0.49
13:30:16.434  INFO    -> rpm
13:30:16.439  INFO    <- OK ret=0 rpm=1000 (hex=0x03e8)
13:30:16.634  INFO    -> rpm
13:30:16.639  INFO    <- OK ret=0 rpm=975 (hex=0x03cf)
13:30:16.834  INFO    -> rpm
13:30:16.839  INFO    <- OK ret=0 rpm=1025 (hex=0x0401)
13:30:17.034  INFO    -> rpm
13:30:17.039  INFO    <- OK ret=0 rpm=1000 (hex=0x03e8)
13:30:17.234  INFO    -> rpm
13:30:17.239  INFO    <- OK ret=0 rpm=1025 (hex=0x0401)
13:30:17.240  INFO    -> current
13:30:17.245  INFO    <- OK ret=0 val1=-0.49 val2=-0.59
13:30:17.434  INFO    -> rpm
13:30:17.439  INFO    <- OK ret=0 rpm=975 (hex=0x03cf)
13:30:17.634  INFO    -> rpm
13:30:17.639  INFO    <- OK ret=0 rpm=1025 (hex=0x0401)
13:30:17.834  INFO    -> rpm
13:30:17.839  INFO    <- OK ret=0 rpm=1000 (hex=0x03e8)
13:30:18.034  INFO    -> rpm
13:30:18.039  INFO    <- OK ret=0 rpm=1000 (hex=0x03e8)
13:30:18.234  INFO    -> rpm
13:30:18.239  INFO    <- OK ret=0 rpm=975 (hex=0x03cf)
13:30:18.239  INFO    -> current
13:30:18.245  INFO    <- OK ret=0 val1=-0.59 val2=-0.54
13:30:18.434  INFO    -> rpm
13:30:18.439  INFO    <- OK ret=0 rpm=1025 (hex=0x0401)
13:30:18.634  INFO    -> rpm
13:30:18.639  INFO    <- OK ret=0 rpm=1000 (hex=0x03e8)
13:30:18.834  INFO    -> rpm
13:30:18.839  INFO    <- OK ret=0 rpm=1000 (hex=0x03e8)
13:30:19.034  INFO    -> rpm
13:30:19.039  INFO    <- OK ret=0 rpm=975 (hex=0x03cf)
13:30:19.040  INFO    -> speed 0
13:30:19.044  INFO    <- OK
