13:28:18.798  INFO    === watchdog.py — LIVE bus ===
13:28:18.806  INFO    listening on /tmp/motorwatchdog.sock
13:28:19.807  DEBUG   [poll]    -> read  st2mot    
13:28:19.811  DEBUG   [poll]    <- read  st2mot     ret=0  data=['0x00', '0x00']
13:28:19.811  DEBUG   [poll]    -> read  st0cur    
13:28:19.815  DEBUG   [poll]    <- read  st0cur     ret=0  data=['0x01', '0x02', '0x00', '0x02']
13:28:20.817  DEBUG   [poll]    -> read  st2mot    
13:28:20.820  DEBUG   [poll]    <- read  st2mot     ret=0  data=['0x00', '0x00']
13:28:20.821  DEBUG   [poll]    -> read  st0cur    
13:28:20.825  DEBUG   [poll]    <- read  st0cur     ret=0  data=['0x01', '0x02', '0x00', '0x02']
13:28:21.827  DEBUG   [poll]    -> read  st2mot    
13:28:21.830  DEBUG   [poll]    <- read  st2mot     ret=0  data=['0x00', '0x00']
13:28:21.831  DEBUG   [poll]    -> read  st0cur    
13:28:21.835  DEBUG   [poll]    <- read  st0cur     ret=0  data=['0x01', '0x02', '0x01', '0x02']
13:28:22.836  DEBUG   [poll]    -> read  st2mot    
13:28:22.840  DEBUG   [poll]    <- read  st2mot     ret=0  data=['0x00', '0x00']
13:28:22.840  DEBUG   [poll]    -> read  st0cur    
13:28:22.844  DEBUG   [poll]    <- read  st0cur     ret=0  data=['0x01', '0x02', '0x01', '0x02']
13:28:23.846  DEBUG   [poll]    -> read  st2mot    
13:28:23.846  INFO    client connected
13:28:23.849  DEBUG   [poll]    <- read  st2mot     ret=0  data=['0x00', '0x00']
13:28:23.849  DEBUG   [poll]    -> read  st0cur    
13:28:23.853  DEBUG   [poll]    <- read  st0cur     ret=0  data=['0x01', '0x02', '0x01', '0x02']
13:28:24.855  DEBUG   [poll]    -> read  st2mot    
13:28:24.858  DEBUG   [poll]    <- read  st2mot     ret=0  data=['0x00', '0x00']
13:28:24.859  DEBUG   [poll]    -> read  st0cur    
13:28:24.863  DEBUG   [poll]    <- read  st0cur     ret=0  data=['0x01', '0x02', '0x01', '0x02']
13:28:25.864  DEBUG   [poll]    -> read  st2mot    
13:28:25.868  DEBUG   [poll]    <- read  st2mot     ret=0  data=['0x00', '0x00']
13:28:25.868  DEBUG   [poll]    -> read  st0cur    
13:28:25.872  DEBUG   [poll]    <- read  st0cur     ret=0  data=['0x01', '0x02', '0x00', '0x02']
13:28:26.873  DEBUG   [poll]    -> read  st2mot    
13:28:26.877  DEBUG   [poll]    <- read  st2mot     ret=0  data=['0x00', '0x00']
13:28:26.877  DEBUG   [poll]    -> read  st0cur    
13:28:26.881  DEBUG   [poll]    <- read  st0cur     ret=0  data=['0x01', '0x02', '0x00', '0x02']
13:28:27.452  DEBUG   [client]  -> read  st0mot    
13:28:27.456  DEBUG   [client]  <- read  st0mot     ret=0  data=['0x00', '0x01', '0x00']
13:28:27.883  DEBUG   [poll]    -> read  st2mot    
13:28:27.886  DEBUG   [poll]    <- read  st2mot     ret=0  data=['0x00', '0x00']
13:28:27.887  DEBUG   [poll]    -> read  st0cur    
13:28:27.891  DEBUG   [poll]    <- read  st0cur     ret=0  data=['0x01', '0x02', '0x00', '0x02']
13:28:28.892  DEBUG   [poll]    -> read  st2mot    
13:28:28.896  DEBUG   [poll]    <- read  st2mot     ret=0  data=['0x00', '0x00']
13:28:28.897  DEBUG   [poll]    -> read  st0cur    
13:28:28.901  DEBUG   [poll]    <- read  st0cur     ret=0  data=['0x01', '0x02', '0x00', '0x02']
13:28:29.903  DEBUG   [poll]    -> read  st2mot    
13:28:29.906  DEBUG   [poll]    <- read  st2mot     ret=0  data=['0x00', '0x00']
13:28:29.907  DEBUG   [poll]    -> read  st0cur    
13:28:29.911  DEBUG   [poll]    <- read  st0cur     ret=0  data=['0x01', '0x02', '0x01', '0x02']
13:28:30.912  DEBUG   [poll]    -> read  st2mot    
13:28:30.916  DEBUG   [poll]    <- read  st2mot     ret=0  data=['0x00', '0x00']
13:28:30.916  DEBUG   [poll]    -> read  st0cur    
13:28:30.920  DEBUG   [poll]    <- read  st0cur     ret=0  data=['0x01', '0x02', '0x01', '0x02']
13:28:31.922  DEBUG   [poll]    -> read  st2mot    
13:28:31.925  DEBUG   [poll]    <- read  st2mot     ret=0  data=['0x00', '0x00']
13:28:31.925  DEBUG   [poll]    -> read  st0cur    
13:28:31.930  DEBUG   [poll]    <- read  st0cur     ret=0  data=['0x01', '0x02', '0x01', '0x02']
13:28:32.717  DEBUG   [client]  -> read  st0mot    
13:28:32.721  DEBUG   [client]  <- read  st0mot     ret=0  data=['0x01', '0x01', '0x00']
13:28:32.931  DEBUG   [poll]    -> read  st2mot    
13:28:32.935  DEBUG   [poll]    <- read  st2mot     ret=0  data=['0x00', '0x00']
13:28:32.935  DEBUG   [poll]    -> read  st0cur    
13:28:32.939  DEBUG   [poll]    <- read  st0cur     ret=0  data=['0x01', '0x02', '0x00', '0x02']
13:28:33.941  DEBUG   [poll]    -> read  st2mot    
13:28:33.944  DEBUG   [poll]    <- read  st2mot     ret=0  data=['0x00', '0x00']
13:28:33.945  DEBUG   [poll]    -> read  st0cur    
13:28:33.949  DEBUG   [poll]    <- read  st0cur     ret=0  data=['0x01', '0x02', '0x00', '0x02']
13:28:34.950  DEBUG   [poll]    -> read  st2mot    
13:28:34.954  DEBUG   [poll]    <- read  st2mot     ret=0  data=['0x00', '0x00']
13:28:34.954  DEBUG   [poll]    -> read  st0cur    
13:28:34.958  DEBUG   [poll]    <- read  st0cur     ret=0  data=['0x01', '0x02', '0x01', '0x02']
13:28:35.960  DEBUG   [poll]    -> read  st2mot    
13:28:35.963  DEBUG   [poll]    <- read  st2mot     ret=0  data=['0x00', '0x00']
13:28:35.964  DEBUG   [poll]    -> read  st0cur    
13:28:35.968  DEBUG   [poll]    <- read  st0cur     ret=0  data=['0x01', '0x02', '0x00', '0x02']
13:28:36.969  DEBUG   [poll]    -> read  st2mot    
13:28:36.973  DEBUG   [poll]    <- read  st2mot     ret=0  data=['0x00', '0x00']
13:28:36.973  DEBUG   [poll]    -> read  st0cur    
13:28:36.977  DEBUG   [poll]    <- read  st0cur     ret=0  data=['0x01', '0x02', '0x00', '0x02']
13:28:37.979  DEBUG   [poll]    -> read  st2mot    
13:28:37.982  DEBUG   [poll]    <- read  st2mot     ret=0  data=['0x00', '0x00']
13:28:37.983  DEBUG   [poll]    -> read  st0cur    
13:28:37.987  DEBUG   [poll]    <- read  st0cur     ret=0  data=['0x01', '0x02', '0x01', '0x02']
13:28:38.988  DEBUG   [poll]    -> read  st2mot    
13:28:38.992  DEBUG   [poll]    <- read  st2mot     ret=0  data=['0x00', '0x00']
13:28:38.992  DEBUG   [poll]    -> read  st0cur    
13:28:38.996  DEBUG   [poll]    <- read  st0cur     ret=0  data=['0x01', '0x02', '0x01', '0x02']
13:28:39.998  DEBUG   [poll]    -> read  st2mot    
13:28:40.001  DEBUG   [poll]    <- read  st2mot     ret=0  data=['0x00', '0x00']
13:28:40.002  DEBUG   [poll]    -> read  st0cur    
13:28:40.006  DEBUG   [poll]    <- read  st0cur     ret=0  data=['0x01', '0x02', '0x00', '0x02']
13:28:41.007  DEBUG   [poll]    -> read  st2mot    
13:28:41.011  DEBUG   [poll]    <- read  st2mot     ret=0  data=['0x00', '0x00']
13:28:41.011  DEBUG   [poll]    -> read  st0cur    
13:28:41.016  DEBUG   [poll]    <- read  st0cur     ret=0  data=['0x01', '0x02', '0x00', '0x02']
13:28:42.018  DEBUG   [poll]    -> read  st2mot    
13:28:42.021  DEBUG   [poll]    <- read  st2mot     ret=0  data=['0x00', '0x00']
13:28:42.022  DEBUG   [poll]    -> read  st0cur    
13:28:42.026  DEBUG   [poll]    <- read  st0cur     ret=0  data=['0x01', '0x02', '0x01', '0x02']
13:28:43.028  DEBUG   [poll]    -> read  st2mot    
13:28:43.031  DEBUG   [poll]    <- read  st2mot     ret=0  data=['0x00', '0x00']
13:28:43.031  DEBUG   [poll]    -> read  st0cur    
13:28:43.036  DEBUG   [poll]    <- read  st0cur     ret=0  data=['0x01', '0x02', '0x00', '0x02']
13:28:43.262  DEBUG   [client]  -> read  st0cur    
13:28:43.267  DEBUG   [client]  <- read  st0cur     ret=0  data=['0x01', '0x02', '0x00', '0x02']
13:28:44.037  DEBUG   [poll]    -> read  st2mot    
13:28:44.044  DEBUG   [poll]    <- read  st2mot     ret=0  data=['0x00', '0x00']
13:28:44.044  DEBUG   [poll]    -> read  st0cur    
13:28:44.049  DEBUG   [poll]    <- read  st0cur     ret=0  data=['0x01', '0x02', '0x00', '0x02']
13:28:45.050  DEBUG   [poll]    -> read  st2mot    
13:28:45.054  DEBUG   [poll]    <- read  st2mot     ret=0  data=['0x00', '0x00']
13:28:45.054  DEBUG   [poll]    -> read  st0cur    
13:28:45.058  DEBUG   [poll]    <- read  st0cur     ret=0  data=['0x01', '0x02', '0x00', '0x02']
13:28:46.060  DEBUG   [poll]    -> read  st2mot    
13:28:46.063  DEBUG   [poll]    <- read  st2mot     ret=0  data=['0x00', '0x00']
13:28:46.064  DEBUG   [poll]    -> read  st0cur    
13:28:46.068  DEBUG   [poll]    <- read  st0cur     ret=0  data=['0x01', '0x02', '0x00', '0x02']
13:28:47.069  DEBUG   [poll]    -> read  st2mot    
13:28:47.073  DEBUG   [poll]    <- read  st2mot     ret=0  data=['0x00', '0x00']
13:28:47.073  DEBUG   [poll]    -> read  st0cur    
13:28:47.077  DEBUG   [poll]    <- read  st0cur     ret=0  data=['0x01', '0x02', '0x01', '0x02']
13:28:48.079  DEBUG   [poll]    -> read  st2mot    
13:28:48.082  DEBUG   [poll]    <- read  st2mot     ret=0  data=['0x00', '0x00']
13:28:48.083  DEBUG   [poll]    -> read  st0cur    
13:28:48.087  DEBUG   [poll]    <- read  st0cur     ret=0  data=['0x01', '0x02', '0x00', '0x02']
13:28:49.088  DEBUG   [poll]    -> read  st2mot    
13:28:49.095  DEBUG   [poll]    <- read  st2mot     ret=0  data=['0x00', '0x00']
13:28:49.096  DEBUG   [poll]    -> read  st0cur    
13:28:49.100  DEBUG   [poll]    <- read  st0cur     ret=0  data=['0x01', '0x02', '0x01', '0x02']
13:28:50.101  DEBUG   [poll]    -> read  st2mot    
13:28:50.105  DEBUG   [poll]    <- read  st2mot     ret=0  data=['0x00', '0x00']
13:28:50.105  DEBUG   [poll]    -> read  st0cur    
13:28:50.109  DEBUG   [poll]    <- read  st0cur     ret=0  data=['0x01', '0x02', '0x01', '0x02']
13:28:51.111  DEBUG   [poll]    -> read  st2mot    
13:28:51.114  DEBUG   [poll]    <- read  st2mot     ret=0  data=['0x00', '0x00']
13:28:51.115  DEBUG   [poll]    -> read  st0cur    
13:28:51.119  DEBUG   [poll]    <- read  st0cur     ret=0  data=['0x01', '0x02', '0x01', '0x02']
13:28:52.120  DEBUG   [poll]    -> read  st2mot    
13:28:52.124  DEBUG   [poll]    <- read  st2mot     ret=0  data=['0x00', '0x00']
13:28:52.124  DEBUG   [poll]    -> read  st0cur    
13:28:52.128  DEBUG   [poll]    <- read  st0cur     ret=0  data=['0x01', '0x02', '0x01', '0x02']
13:28:53.130  DEBUG   [poll]    -> read  st2mot    
13:28:53.133  DEBUG   [poll]    <- read  st2mot     ret=0  data=['0x00', '0x00']
13:28:53.134  DEBUG   [poll]    -> read  st0cur    
13:28:53.138  DEBUG   [poll]    <- read  st0cur     ret=0  data=['0x01', '0x02', '0x00', '0x02']
13:28:54.139  DEBUG   [poll]    -> read  st2mot    
13:28:54.146  DEBUG   [poll]    <- read  st2mot     ret=0  data=['0x00', '0x00']
13:28:54.147  DEBUG   [poll]    -> read  st0cur    
13:28:54.151  DEBUG   [poll]    <- read  st0cur     ret=0  data=['0x01', '0x02', '0x00', '0x02']
13:28:55.153  DEBUG   [poll]    -> read  st2mot    
13:28:55.156  DEBUG   [poll]    <- read  st2mot     ret=0  data=['0x00', '0x00']
13:28:55.156  DEBUG   [poll]    -> read  st0cur    
13:28:55.161  DEBUG   [poll]    <- read  st0cur     ret=0  data=['0x01', '0x02', '0x00', '0x02']
13:28:56.162  DEBUG   [poll]    -> read  st2mot    
13:28:56.165  DEBUG   [poll]    <- read  st2mot     ret=0  data=['0x00', '0x00']
13:28:56.166  DEBUG   [poll]    -> read  st0cur    
13:28:56.170  DEBUG   [poll]    <- read  st0cur     ret=0  data=['0x01', '0x02', '0x00', '0x02']
13:28:57.171  DEBUG   [poll]    -> read  st2mot    
13:28:57.175  DEBUG   [poll]    <- read  st2mot     ret=0  data=['0x00', '0x00']
13:28:57.175  DEBUG   [poll]    -> read  st0cur    
13:28:57.179  DEBUG   [poll]    <- read  st0cur     ret=0  data=['0x01', '0x02', '0x00', '0x02']
13:28:58.181  DEBUG   [poll]    -> read  st2mot    
13:28:58.184  DEBUG   [poll]    <- read  st2mot     ret=0  data=['0x00', '0x00']
13:28:58.185  DEBUG   [poll]    -> read  st0cur    
13:28:58.189  DEBUG   [poll]    <- read  st0cur     ret=0  data=['0x01', '0x02', '0x01', '0x02']
13:28:59.190  DEBUG   [poll]    -> read  st2mot    
13:28:59.197  DEBUG   [poll]    <- read  st2mot     ret=0  data=['0x00', '0x00']
13:28:59.198  DEBUG   [poll]    -> read  st0cur    
13:28:59.202  DEBUG   [poll]    <- read  st0cur     ret=0  data=['0x01', '0x02', '0x00', '0x02']
13:29:00.204  DEBUG   [poll]    -> read  st2mot    
13:29:00.207  DEBUG   [poll]    <- read  st2mot     ret=0  data=['0x00', '0x00']
13:29:00.207  DEBUG   [poll]    -> read  st0cur    
13:29:00.212  DEBUG   [poll]    <- read  st0cur     ret=0  data=['0x01', '0x02', '0x01', '0x02']
13:29:01.213  DEBUG   [poll]    -> read  st2mot    
13:29:01.217  DEBUG   [poll]    <- read  st2mot     ret=0  data=['0x00', '0x00']
13:29:01.217  DEBUG   [poll]    -> read  st0cur    
13:29:01.221  DEBUG   [poll]    <- read  st0cur     ret=0  data=['0x01', '0x02', '0x01', '0x02']
13:29:02.223  DEBUG   [poll]    -> read  st2mot    
13:29:02.226  DEBUG   [poll]    <- read  st2mot     ret=0  data=['0x00', '0x00']
13:29:02.227  DEBUG   [poll]    -> read  st0cur    
13:29:02.231  DEBUG   [poll]    <- read  st0cur     ret=0  data=['0x01', '0x02', '0x00', '0x02']
13:29:03.232  DEBUG   [poll]    -> read  st2mot    
13:29:03.236  DEBUG   [poll]    <- read  st2mot     ret=0  data=['0x00', '0x00']
13:29:03.236  DEBUG   [poll]    -> read  st0cur    
13:29:03.241  DEBUG   [poll]    <- read  st0cur     ret=0  data=['0x01', '0x02', '0x00', '0x02']
13:29:04.242  WARNING idle 21.0s with connection still open — stopping motor
13:29:04.246  DEBUG   [poll]    -> write cntl3mot   data=['0x00', '0x00']
13:29:04.250  DEBUG   [poll]    -> read  st2mot    
13:29:04.253  DEBUG   [poll]    <- read  st2mot     ret=0  data=['0x00', '0x00']
13:29:04.253  DEBUG   [poll]    -> read  st0cur    
13:29:04.261  DEBUG   [poll]    <- read  st0cur     ret=0  data=['0x01', '0x02', '0x00', '0x02']
13:29:05.263  DEBUG   [poll]    -> read  st2mot    
13:29:05.266  DEBUG   [poll]    <- read  st2mot     ret=0  data=['0x00', '0x00']
13:29:05.267  DEBUG   [poll]    -> read  st0cur    
13:29:05.271  DEBUG   [poll]    <- read  st0cur     ret=0  data=['0x01', '0x02', '0x01', '0x02']
13:29:06.272  DEBUG   [poll]    -> read  st2mot    
13:29:06.276  DEBUG   [poll]    <- read  st2mot     ret=0  data=['0x00', '0x00']
13:29:06.276  DEBUG   [poll]    -> read  st0cur    
13:29:06.280  DEBUG   [poll]    <- read  st0cur     ret=0  data=['0x01', '0x02', '0x00', '0x02']
13:29:07.282  DEBUG   [poll]    -> read  st2mot    
13:29:07.285  DEBUG   [poll]    <- read  st2mot     ret=0  data=['0x00', '0x00']
13:29:07.286  DEBUG   [poll]    -> read  st0cur    
13:29:07.290  DEBUG   [poll]    <- read  st0cur     ret=0  data=['0x01', '0x02', '0x01', '0x02']
13:29:08.292  DEBUG   [poll]    -> read  st2mot    
13:29:08.295  DEBUG   [poll]    <- read  st2mot     ret=0  data=['0x00', '0x00']
13:29:08.295  DEBUG   [poll]    -> read  st0cur    
13:29:08.300  DEBUG   [poll]    <- read  st0cur     ret=0  data=['0x01', '0x02', '0x01', '0x02']
13:29:09.301  DEBUG   [poll]    -> read  st2mot    
13:29:09.305  DEBUG   [poll]    <- read  st2mot     ret=0  data=['0x00', '0x00']
13:29:09.305  DEBUG   [poll]    -> read  st0cur    
13:29:09.309  DEBUG   [poll]    <- read  st0cur     ret=0  data=['0x01', '0x02', '0x00', '0x02']
13:29:10.311  DEBUG   [poll]    -> read  st2mot    
13:29:10.314  DEBUG   [poll]    <- read  st2mot     ret=0  data=['0x00', '0x00']
13:29:10.315  DEBUG   [poll]    -> read  st0cur    
13:29:10.319  DEBUG   [poll]    <- read  st0cur     ret=0  data=['0x01', '0x02', '0x00', '0x02']
13:29:11.321  DEBUG   [poll]    -> read  st2mot    
13:29:11.324  DEBUG   [poll]    <- read  st2mot     ret=0  data=['0x00', '0x00']
13:29:11.324  DEBUG   [poll]    -> read  st0cur    
13:29:11.329  DEBUG   [poll]    <- read  st0cur     ret=0  data=['0x01', '0x02', '0x01', '0x02']
13:29:12.330  DEBUG   [poll]    -> read  st2mot    
13:29:12.334  DEBUG   [poll]    <- read  st2mot     ret=0  data=['0x00', '0x00']
13:29:12.334  DEBUG   [poll]    -> read  st0cur    
13:29:12.338  DEBUG   [poll]    <- read  st0cur     ret=0  data=['0x01', '0x02', '0x00', '0x02']
13:29:13.340  DEBUG   [poll]    -> read  st2mot    
13:29:13.343  DEBUG   [poll]    <- read  st2mot     ret=0  data=['0x00', '0x00']
13:29:13.344  DEBUG   [poll]    -> read  st0cur    
13:29:13.348  DEBUG   [poll]    <- read  st0cur     ret=0  data=['0x01', '0x02', '0x01', '0x02']
13:29:14.350  DEBUG   [poll]    -> read  st2mot    
13:29:14.353  DEBUG   [poll]    <- read  st2mot     ret=0  data=['0x00', '0x00']
13:29:14.354  DEBUG   [poll]    -> read  st0cur    
13:29:14.358  DEBUG   [poll]    <- read  st0cur     ret=0  data=['0x01', '0x02', '0x00', '0x02']
13:29:14.866  DEBUG   [client]  -> read  st2mot    
13:29:14.870  DEBUG   [client]  <- read  st2mot     ret=0  data=['0x00', '0x00']
13:29:15.359  DEBUG   [poll]    -> read  st2mot    
13:29:15.363  DEBUG   [poll]    <- read  st2mot     ret=0  data=['0x00', '0x00']
13:29:15.363  DEBUG   [poll]    -> read  st0cur    
13:29:15.368  DEBUG   [poll]    <- read  st0cur     ret=0  data=['0x01', '0x02', '0x00', '0x02']
13:29:16.369  DEBUG   [poll]    -> read  st2mot    
13:29:16.373  DEBUG   [poll]    <- read  st2mot     ret=0  data=['0x00', '0x00']
13:29:16.373  DEBUG   [poll]    -> read  st0cur    
13:29:16.377  DEBUG   [poll]    <- read  st0cur     ret=0  data=['0x01', '0x02', '0x00', '0x02']
13:29:17.379  DEBUG   [poll]    -> read  st2mot    
13:29:17.382  DEBUG   [poll]    <- read  st2mot     ret=0  data=['0x00', '0x00']
13:29:17.383  DEBUG   [poll]    -> read  st0cur    
13:29:17.387  DEBUG   [poll]    <- read  st0cur     ret=0  data=['0x01', '0x02', '0x01', '0x02']
13:29:18.388  DEBUG   [poll]    -> read  st2mot    
13:29:18.392  DEBUG   [poll]    <- read  st2mot     ret=0  data=['0x00', '0x00']
13:29:18.392  DEBUG   [poll]    -> read  st0cur    
13:29:18.396  DEBUG   [poll]    <- read  st0cur     ret=0  data=['0x01', '0x02', '0x00', '0x02']
13:29:19.398  DEBUG   [poll]    -> read  st2mot    
13:29:19.402  DEBUG   [poll]    <- read  st2mot     ret=0  data=['0x00', '0x00']
13:29:19.404  DEBUG   [poll]    -> read  st0cur    
13:29:19.409  DEBUG   [poll]    <- read  st0cur     ret=0  data=['0x01', '0x02', '0x01', '0x02']
13:29:20.410  DEBUG   [poll]    -> read  st2mot    
13:29:20.414  DEBUG   [poll]    <- read  st2mot     ret=0  data=['0x00', '0x00']
13:29:20.414  DEBUG   [poll]    -> read  st0cur    
13:29:20.419  DEBUG   [poll]    <- read  st0cur     ret=0  data=['0x00', '0x02', '0x01', '0x02']
13:29:21.299  DEBUG   [client]  -> write cntl3mot   data=['0x00', '0x00']
13:29:21.420  DEBUG   [poll]    -> read  st2mot    
13:29:21.424  DEBUG   [poll]    <- read  st2mot     ret=0  data=['0x00', '0x00']
13:29:21.424  DEBUG   [poll]    -> read  st0cur    
13:29:21.428  DEBUG   [poll]    <- read  st0cur     ret=0  data=['0x01', '0x02', '0x01', '0x02']
13:29:22.430  DEBUG   [poll]    -> read  st2mot    
13:29:22.433  DEBUG   [poll]    <- read  st2mot     ret=0  data=['0x00', '0x00']
13:29:22.433  DEBUG   [poll]    -> read  st0cur    
13:29:22.438  DEBUG   [poll]    <- read  st0cur     ret=0  data=['0x01', '0x02', '0x01', '0x02']
13:29:23.439  DEBUG   [poll]    -> read  st2mot    
13:29:23.443  DEBUG   [poll]    <- read  st2mot     ret=0  data=['0x00', '0x00']
13:29:23.443  DEBUG   [poll]    -> read  st0cur    
13:29:23.448  DEBUG   [poll]    <- read  st0cur     ret=0  data=['0x01', '0x02', '0x00', '0x02']
13:29:24.449  DEBUG   [poll]    -> read  st2mot    
13:29:24.456  DEBUG   [poll]    <- read  st2mot     ret=0  data=['0x00', '0x00']
13:29:24.457  DEBUG   [poll]    -> read  st0cur    
13:29:24.461  DEBUG   [poll]    <- read  st0cur     ret=0  data=['0x01', '0x02', '0x01', '0x02']
13:29:25.462  DEBUG   [poll]    -> read  st2mot    
13:29:25.466  DEBUG   [poll]    <- read  st2mot     ret=0  data=['0x00', '0x00']
13:29:25.466  DEBUG   [poll]    -> read  st0cur    
13:29:25.470  DEBUG   [poll]    <- read  st0cur     ret=0  data=['0x01', '0x02', '0x01', '0x02']
13:29:26.472  DEBUG   [poll]    -> read  st2mot    
13:29:26.475  DEBUG   [poll]    <- read  st2mot     ret=0  data=['0x00', '0x00']
13:29:26.476  DEBUG   [poll]    -> read  st0cur    
13:29:26.480  DEBUG   [poll]    <- read  st0cur     ret=0  data=['0x02', '0x02', '0x01', '0x02']
13:29:27.482  DEBUG   [poll]    -> read  st2mot    
13:29:27.485  DEBUG   [poll]    <- read  st2mot     ret=0  data=['0x00', '0x00']
13:29:27.485  DEBUG   [poll]    -> read  st0cur    
13:29:27.490  DEBUG   [poll]    <- read  st0cur     ret=0  data=['0x01', '0x02', '0x00', '0x02']
13:29:28.309  DEBUG   [client]  -> write cntl3mot   data=['0x01', '0xf4']
13:29:28.491  DEBUG   [poll]    -> read  st2mot    
13:29:28.494  DEBUG   [poll]    <- read  st2mot     ret=0  data=['0x00', '0x00']
13:29:28.495  DEBUG   [poll]    -> read  st0cur    
13:29:28.499  DEBUG   [poll]    <- read  st0cur     ret=0  data=['0x01', '0x02', '0x00', '0x02']
13:29:29.501  DEBUG   [poll]    -> read  st2mot    
13:29:29.507  DEBUG   [poll]    <- read  st2mot     ret=0  data=['0x71', '0x02']
13:29:29.508  DEBUG   [poll]    -> read  st0cur    
13:29:29.512  DEBUG   [poll]    <- read  st0cur     ret=0  data=['0x01', '0x02', '0x00', '0x02']
13:29:30.514  DEBUG   [poll]    -> read  st2mot    
13:29:30.517  DEBUG   [poll]    <- read  st2mot     ret=0  data=['0x0d', '0x02']
13:29:30.517  DEBUG   [poll]    -> read  st0cur    
13:29:30.522  DEBUG   [poll]    <- read  st0cur     ret=0  data=['0xf8', '0x01', '0xf9', '0x01']
13:29:31.523  DEBUG   [poll]    -> read  st2mot    
13:29:31.526  DEBUG   [poll]    <- read  st2mot     ret=0  data=['0xf4', '0x01']
13:29:31.527  DEBUG   [poll]    -> read  st0cur    
13:29:31.531  DEBUG   [poll]    <- read  st0cur     ret=0  data=['0xf9', '0x01', '0xf8', '0x01']
13:29:32.533  DEBUG   [poll]    -> read  st2mot    
13:29:32.536  DEBUG   [poll]    <- read  st2mot     ret=0  data=['0xf4', '0x01']
13:29:32.537  DEBUG   [poll]    -> read  st0cur    
13:29:32.541  DEBUG   [poll]    <- read  st0cur     ret=0  data=['0xfa', '0x01', '0xf9', '0x01']
13:29:32.901  DEBUG   [client]  -> write cntl3mot   data=['0x00', '0x00']
13:29:33.542  DEBUG   [poll]    -> read  st2mot    
13:29:33.546  DEBUG   [poll]    <- read  st2mot     ret=0  data=['0x96', '0x00']
13:29:33.546  DEBUG   [poll]    -> read  st0cur    
13:29:33.551  DEBUG   [poll]    <- read  st0cur     ret=0  data=['0xf9', '0x01', '0xf8', '0x01']
13:29:34.552  DEBUG   [poll]    -> read  st2mot    
13:29:34.559  DEBUG   [poll]    <- read  st2mot     ret=0  data=['0x00', '0x00']
13:29:34.560  DEBUG   [poll]    -> read  st0cur    
13:29:34.564  DEBUG   [poll]    <- read  st0cur     ret=0  data=['0xfe', '0x01', '0xfc', '0x01']
13:29:35.565  DEBUG   [poll]    -> read  st2mot    
13:29:35.569  DEBUG   [poll]    <- read  st2mot     ret=0  data=['0x00', '0x00']
13:29:35.569  DEBUG   [poll]    -> read  st0cur    
13:29:35.573  DEBUG   [poll]    <- read  st0cur     ret=0  data=['0x01', '0x02', '0x00', '0x02']
13:29:36.575  DEBUG   [poll]    -> read  st2mot    
13:29:36.578  DEBUG   [poll]    <- read  st2mot     ret=0  data=['0x00', '0x00']
13:29:36.579  DEBUG   [poll]    -> read  st0cur    
13:29:36.583  DEBUG   [poll]    <- read  st0cur     ret=0  data=['0x01', '0x02', '0x00', '0x02']
13:29:37.460  WARNING client disconnected — stopping motor
13:29:37.461  DEBUG   [client]  -> write cntl3mot   data=['0x00', '0x00']
13:29:37.466  INFO    client disconnected
13:29:37.584  DEBUG   [poll]    -> read  st2mot    
13:29:37.588  DEBUG   [poll]    <- read  st2mot     ret=0  data=['0x00', '0x00']
13:29:37.588  DEBUG   [poll]    -> read  st0cur    
13:29:37.592  DEBUG   [poll]    <- read  st0cur     ret=0  data=['0x01', '0x02', '0x00', '0x02']
13:29:38.593  DEBUG   [poll]    -> read  st2mot    
13:29:38.597  DEBUG   [poll]    <- read  st2mot     ret=0  data=['0x00', '0x00']
13:29:38.597  DEBUG   [poll]    -> read  st0cur    
13:29:38.601  DEBUG   [poll]    <- read  st0cur     ret=0  data=['0x01', '0x02', '0x00', '0x02']
13:29:39.603  DEBUG   [poll]    -> read  st2mot    
13:29:39.606  DEBUG   [poll]    <- read  st2mot     ret=0  data=['0x00', '0x00']
13:29:39.607  DEBUG   [poll]    -> read  st0cur    
13:29:39.611  DEBUG   [poll]    <- read  st0cur     ret=0  data=['0x01', '0x02', '0x00', '0x02']
13:29:40.612  DEBUG   [poll]    -> read  st2mot    
13:29:40.616  DEBUG   [poll]    <- read  st2mot     ret=0  data=['0x00', '0x00']
13:29:40.616  DEBUG   [poll]    -> read  st0cur    
13:29:40.620  DEBUG   [poll]    <- read  st0cur     ret=0  data=['0x01', '0x02', '0x00', '0x02']
13:29:41.622  DEBUG   [poll]    -> read  st2mot    
13:29:41.625  DEBUG   [poll]    <- read  st2mot     ret=0  data=['0x00', '0x00']
13:29:41.626  DEBUG   [poll]    -> read  st0cur    
13:29:41.630  DEBUG   [poll]    <- read  st0cur     ret=0  data=['0x01', '0x02', '0x00', '0x02']
13:29:42.631  DEBUG   [poll]    -> read  st2mot    
13:29:42.635  DEBUG   [poll]    <- read  st2mot     ret=0  data=['0x00', '0x00']
13:29:42.635  DEBUG   [poll]    -> read  st0cur    
13:29:42.639  DEBUG   [poll]    <- read  st0cur     ret=0  data=['0x01', '0x02', '0x01', '0x02']
13:29:43.641  DEBUG   [poll]    -> read  st2mot    
13:29:43.644  DEBUG   [poll]    <- read  st2mot     ret=0  data=['0x00', '0x00']
13:29:43.645  DEBUG   [poll]    -> read  st0cur    
13:29:43.649  DEBUG   [poll]    <- read  st0cur     ret=0  data=['0x01', '0x02', '0x00', '0x02']
13:29:44.650  DEBUG   [poll]    -> read  st2mot    
13:29:44.654  DEBUG   [poll]    <- read  st2mot     ret=0  data=['0x00', '0x00']
13:29:44.654  DEBUG   [poll]    -> read  st0cur    
13:29:44.658  DEBUG   [poll]    <- read  st0cur     ret=0  data=['0x01', '0x02', '0x00', '0x02']
13:29:45.660  DEBUG   [poll]    -> read  st2mot    
13:29:45.663  DEBUG   [poll]    <- read  st2mot     ret=0  data=['0x00', '0x00']
13:29:45.664  DEBUG   [poll]    -> read  st0cur    
13:29:45.668  DEBUG   [poll]    <- read  st0cur     ret=0  data=['0x01', '0x02', '0x01', '0x02']
13:29:46.669  DEBUG   [poll]    -> read  st2mot    
13:29:46.673  DEBUG   [poll]    <- read  st2mot     ret=0  data=['0x00', '0x00']
13:29:46.673  DEBUG   [poll]    -> read  st0cur    
13:29:46.677  DEBUG   [poll]    <- read  st0cur     ret=0  data=['0x01', '0x02', '0x00', '0x02']
13:29:47.679  DEBUG   [poll]    -> read  st2mot    
13:29:47.682  DEBUG   [poll]    <- read  st2mot     ret=0  data=['0x00', '0x00']
13:29:47.683  DEBUG   [poll]    -> read  st0cur    
13:29:47.687  DEBUG   [poll]    <- read  st0cur     ret=0  data=['0x01', '0x02', '0x01', '0x02']
13:29:48.688  DEBUG   [poll]    -> read  st2mot    
13:29:48.692  DEBUG   [poll]    <- read  st2mot     ret=0  data=['0x00', '0x00']
13:29:48.692  DEBUG   [poll]    -> read  st0cur    
13:29:48.696  DEBUG   [poll]    <- read  st0cur     ret=0  data=['0x01', '0x02', '0x01', '0x02']
13:29:49.698  DEBUG   [poll]    -> read  st2mot    
13:29:49.701  DEBUG   [poll]    <- read  st2mot     ret=0  data=['0x00', '0x00']
13:29:49.702  DEBUG   [poll]    -> read  st0cur    
13:29:49.706  DEBUG   [poll]    <- read  st0cur     ret=0  data=['0x01', '0x02', '0x01', '0x02']
13:29:50.707  DEBUG   [poll]    -> read  st2mot    
13:29:50.711  DEBUG   [poll]    <- read  st2mot     ret=0  data=['0x00', '0x00']
13:29:50.711  DEBUG   [poll]    -> read  st0cur    
13:29:50.715  DEBUG   [poll]    <- read  st0cur     ret=0  data=['0x01', '0x02', '0x00', '0x02']
13:29:51.717  DEBUG   [poll]    -> read  st2mot    
13:29:51.720  DEBUG   [poll]    <- read  st2mot     ret=0  data=['0x00', '0x00']
13:29:51.721  DEBUG   [poll]    -> read  st0cur    
13:29:51.725  DEBUG   [poll]    <- read  st0cur     ret=0  data=['0x01', '0x02', '0x01', '0x02']
13:29:52.726  DEBUG   [poll]    -> read  st2mot    
13:29:52.730  DEBUG   [poll]    <- read  st2mot     ret=0  data=['0x00', '0x00']
13:29:52.730  DEBUG   [poll]    -> read  st0cur    
13:29:52.734  DEBUG   [poll]    <- read  st0cur     ret=0  data=['0x01', '0x02', '0x00', '0x02']
13:29:53.736  DEBUG   [poll]    -> read  st2mot    
13:29:53.739  DEBUG   [poll]    <- read  st2mot     ret=0  data=['0x00', '0x00']
13:29:53.739  DEBUG   [poll]    -> read  st0cur    
13:29:53.744  DEBUG   [poll]    <- read  st0cur     ret=0  data=['0x01', '0x02', '0x01', '0x02']
13:29:54.745  DEBUG   [poll]    -> read  st2mot    
13:29:54.749  DEBUG   [poll]    <- read  st2mot     ret=0  data=['0x00', '0x00']
13:29:54.749  DEBUG   [poll]    -> read  st0cur    
13:29:54.753  DEBUG   [poll]    <- read  st0cur     ret=0  data=['0x01', '0x02', '0x00', '0x02']
13:29:55.755  DEBUG   [poll]    -> read  st2mot    
13:29:55.758  DEBUG   [poll]    <- read  st2mot     ret=0  data=['0x00', '0x00']
13:29:55.759  DEBUG   [poll]    -> read  st0cur    
13:29:55.763  DEBUG   [poll]    <- read  st0cur     ret=0  data=['0x01', '0x02', '0x01', '0x02']
13:29:56.764  DEBUG   [poll]    -> read  st2mot    
13:29:56.768  DEBUG   [poll]    <- read  st2mot     ret=0  data=['0x00', '0x00']
13:29:56.768  DEBUG   [poll]    -> read  st0cur    
13:29:56.772  DEBUG   [poll]    <- read  st0cur     ret=0  data=['0x01', '0x02', '0x00', '0x02']
13:29:57.774  DEBUG   [poll]    -> read  st2mot    
13:29:57.777  DEBUG   [poll]    <- read  st2mot     ret=0  data=['0x00', '0x00']
13:29:57.778  DEBUG   [poll]    -> read  st0cur    
13:29:57.782  DEBUG   [poll]    <- read  st0cur     ret=0  data=['0x01', '0x02', '0x00', '0x02']
13:29:58.783  DEBUG   [poll]    -> read  st2mot    
13:29:58.787  DEBUG   [poll]    <- read  st2mot     ret=0  data=['0x00', '0x00']
13:29:58.787  DEBUG   [poll]    -> read  st0cur    
13:29:58.791  DEBUG   [poll]    <- read  st0cur     ret=0  data=['0x01', '0x02', '0x00', '0x02']
13:29:59.793  DEBUG   [poll]    -> read  st2mot    
13:29:59.796  DEBUG   [poll]    <- read  st2mot     ret=0  data=['0x00', '0x00']
13:29:59.797  DEBUG   [poll]    -> read  st0cur    
13:29:59.801  DEBUG   [poll]    <- read  st0cur     ret=0  data=['0x01', '0x02', '0x00', '0x02']
13:30:00.802  DEBUG   [poll]    -> read  st2mot    
13:30:00.806  DEBUG   [poll]    <- read  st2mot     ret=0  data=['0x00', '0x00']
13:30:00.806  DEBUG   [poll]    -> read  st0cur    
13:30:00.811  DEBUG   [poll]    <- read  st0cur     ret=0  data=['0x01', '0x02', '0x01', '0x02']
13:30:01.812  DEBUG   [poll]    -> read  st2mot    
13:30:01.816  DEBUG   [poll]    <- read  st2mot     ret=0  data=['0x00', '0x00']
13:30:01.816  DEBUG   [poll]    -> read  st0cur    
13:30:01.820  DEBUG   [poll]    <- read  st0cur     ret=0  data=['0x01', '0x02', '0x00', '0x02']
13:30:02.822  DEBUG   [poll]    -> read  st2mot    
13:30:02.825  DEBUG   [poll]    <- read  st2mot     ret=0  data=['0x00', '0x00']
13:30:02.826  DEBUG   [poll]    -> read  st0cur    
13:30:02.830  DEBUG   [poll]    <- read  st0cur     ret=0  data=['0x01', '0x02', '0x01', '0x02']
13:30:03.831  DEBUG   [poll]    -> read  st2mot    
13:30:03.835  DEBUG   [poll]    <- read  st2mot     ret=0  data=['0x00', '0x00']
13:30:03.835  DEBUG   [poll]    -> read  st0cur    
13:30:03.840  DEBUG   [poll]    <- read  st0cur     ret=0  data=['0x01', '0x02', '0x00', '0x02']
13:30:04.841  DEBUG   [poll]    -> read  st2mot    
13:30:04.845  DEBUG   [poll]    <- read  st2mot     ret=0  data=['0x00', '0x00']
13:30:04.845  DEBUG   [poll]    -> read  st0cur    
13:30:04.850  DEBUG   [poll]    <- read  st0cur     ret=0  data=['0x01', '0x02', '0x00', '0x02']
13:30:05.851  DEBUG   [poll]    -> read  st2mot    
13:30:05.855  DEBUG   [poll]    <- read  st2mot     ret=0  data=['0x00', '0x00']
13:30:05.855  DEBUG   [poll]    -> read  st0cur    
13:30:05.859  DEBUG   [poll]    <- read  st0cur     ret=0  data=['0x01', '0x02', '0x00', '0x02']
13:30:06.861  DEBUG   [poll]    -> read  st2mot    
13:30:06.864  DEBUG   [poll]    <- read  st2mot     ret=0  data=['0x00', '0x00']
13:30:06.864  DEBUG   [poll]    -> read  st0cur    
13:30:06.869  DEBUG   [poll]    <- read  st0cur     ret=0  data=['0x01', '0x02', '0x01', '0x02']
13:30:07.870  DEBUG   [poll]    -> read  st2mot    
13:30:07.873  DEBUG   [poll]    <- read  st2mot     ret=0  data=['0x00', '0x00']
13:30:07.874  DEBUG   [poll]    -> read  st0cur    
13:30:07.878  DEBUG   [poll]    <- read  st0cur     ret=0  data=['0x01', '0x02', '0x00', '0x02']
13:30:08.880  DEBUG   [poll]    -> read  st2mot    
13:30:08.883  DEBUG   [poll]    <- read  st2mot     ret=0  data=['0x00', '0x00']
13:30:08.883  DEBUG   [poll]    -> read  st0cur    
13:30:08.887  DEBUG   [poll]    <- read  st0cur     ret=0  data=['0x01', '0x02', '0x00', '0x02']
13:30:09.889  DEBUG   [poll]    -> read  st2mot    
13:30:09.892  DEBUG   [poll]    <- read  st2mot     ret=0  data=['0x00', '0x00']
13:30:09.893  DEBUG   [poll]    -> read  st0cur    
13:30:09.897  DEBUG   [poll]    <- read  st0cur     ret=0  data=['0x01', '0x02', '0x01', '0x02']
13:30:10.899  DEBUG   [poll]    -> read  st2mot    
13:30:10.902  DEBUG   [poll]    <- read  st2mot     ret=0  data=['0x00', '0x00']
13:30:10.902  DEBUG   [poll]    -> read  st0cur    
13:30:10.907  DEBUG   [poll]    <- read  st0cur     ret=0  data=['0x01', '0x02', '0x00', '0x02']
13:30:11.227  INFO    client connected
13:30:11.227  DEBUG   [client]  -> write cntl3mot   data=['0x00', '0x00']
13:30:11.231  DEBUG   [client]  -> write cntl3mot   data=['0x03', '0xe8']
13:30:11.234  DEBUG   [client]  -> read  st2mot    
13:30:11.237  DEBUG   [client]  <- read  st2mot     ret=0  data=['0x00', '0x00']
13:30:11.238  DEBUG   [client]  -> read  st0cur    
13:30:11.242  DEBUG   [client]  <- read  st0cur     ret=0  data=['0x01', '0x02', '0x00', '0x02']
13:30:11.435  DEBUG   [client]  -> read  st2mot    
13:30:11.438  DEBUG   [client]  <- read  st2mot     ret=0  data=['0x00', '0x00']
13:30:11.635  DEBUG   [client]  -> read  st2mot    
13:30:11.638  DEBUG   [client]  <- read  st2mot     ret=0  data=['0x00', '0x00']
13:30:11.835  DEBUG   [client]  -> read  st2mot    
13:30:11.838  DEBUG   [client]  <- read  st2mot     ret=0  data=['0x00', '0x00']
13:30:11.908  DEBUG   [poll]    -> read  st2mot    
13:30:11.911  DEBUG   [poll]    <- read  st2mot     ret=0  data=['0x00', '0x00']
13:30:11.912  DEBUG   [poll]    -> read  st0cur    
13:30:11.916  DEBUG   [poll]    <- read  st0cur     ret=0  data=['0x01', '0x02', '0x00', '0x02']
13:30:12.035  DEBUG   [client]  -> read  st2mot    
13:30:12.038  DEBUG   [client]  <- read  st2mot     ret=0  data=['0x00', '0x00']
13:30:12.235  DEBUG   [client]  -> read  st2mot    
13:30:12.238  DEBUG   [client]  <- read  st2mot     ret=0  data=['0x3f', '0x02']
13:30:12.240  DEBUG   [client]  -> read  st0cur    
13:30:12.244  DEBUG   [client]  <- read  st0cur     ret=0  data=['0xff', '0x01', '0xff', '0x01']
13:30:12.435  DEBUG   [client]  -> read  st2mot    
13:30:12.438  DEBUG   [client]  <- read  st2mot     ret=0  data=['0xee', '0x02']
13:30:12.635  DEBUG   [client]  -> read  st2mot    
13:30:12.639  DEBUG   [client]  <- read  st2mot     ret=0  data=['0x84', '0x03']
13:30:12.835  DEBUG   [client]  -> read  st2mot    
13:30:12.839  DEBUG   [client]  <- read  st2mot     ret=0  data=['0xcf', '0x03']
13:30:12.917  DEBUG   [poll]    -> read  st2mot    
13:30:12.921  DEBUG   [poll]    <- read  st2mot     ret=0  data=['0xcf', '0x03']
13:30:12.921  DEBUG   [poll]    -> read  st0cur    
13:30:12.925  DEBUG   [poll]    <- read  st0cur     ret=0  data=['0xff', '0x01', '0xff', '0x01']
13:30:13.035  DEBUG   [client]  -> read  st2mot    
13:30:13.038  DEBUG   [client]  <- read  st2mot     ret=0  data=['0x84', '0x03']
13:30:13.235  DEBUG   [client]  -> read  st2mot    
13:30:13.239  DEBUG   [client]  <- read  st2mot     ret=0  data=['0x1a', '0x04']
13:30:13.240  DEBUG   [client]  -> read  st0cur    
13:30:13.245  DEBUG   [client]  <- read  st0cur     ret=0  data=['0xf7', '0x01', '0xf4', '0x01']
13:30:13.435  DEBUG   [client]  -> read  st2mot    
13:30:13.439  DEBUG   [client]  <- read  st2mot     ret=0  data=['0xb6', '0x03']
13:30:13.635  DEBUG   [client]  -> read  st2mot    
13:30:13.639  DEBUG   [client]  <- read  st2mot     ret=0  data=['0xe8', '0x03']
13:30:13.835  DEBUG   [client]  -> read  st2mot    
13:30:13.839  DEBUG   [client]  <- read  st2mot     ret=0  data=['0xb6', '0x03']
13:30:13.926  DEBUG   [poll]    -> read  st2mot    
13:30:13.930  DEBUG   [poll]    <- read  st2mot     ret=0  data=['0xe8', '0x03']
13:30:13.930  DEBUG   [poll]    -> read  st0cur    
13:30:13.934  DEBUG   [poll]    <- read  st0cur     ret=0  data=['0xf7', '0x01', '0xf4', '0x01']
13:30:14.035  DEBUG   [client]  -> read  st2mot    
13:30:14.038  DEBUG   [client]  <- read  st2mot     ret=0  data=['0xe8', '0x03']
13:30:14.235  DEBUG   [client]  -> read  st2mot    
13:30:14.238  DEBUG   [client]  <- read  st2mot     ret=0  data=['0xe8', '0x03']
13:30:14.240  DEBUG   [client]  -> read  st0cur    
13:30:14.244  DEBUG   [client]  <- read  st0cur     ret=0  data=['0xf7', '0x01', '0xf4', '0x01']
13:30:14.435  DEBUG   [client]  -> read  st2mot    
13:30:14.438  DEBUG   [client]  <- read  st2mot     ret=0  data=['0x01', '0x04']
13:30:14.635  DEBUG   [client]  -> read  st2mot    
13:30:14.638  DEBUG   [client]  <- read  st2mot     ret=0  data=['0xe8', '0x03']
13:30:14.835  DEBUG   [client]  -> read  st2mot    
13:30:14.838  DEBUG   [client]  <- read  st2mot     ret=0  data=['0xe8', '0x03']
13:30:14.936  DEBUG   [poll]    -> read  st2mot    
13:30:14.939  DEBUG   [poll]    <- read  st2mot     ret=0  data=['0xe8', '0x03']
13:30:14.941  DEBUG   [poll]    -> read  st0cur    
13:30:14.945  DEBUG   [poll]    <- read  st0cur     ret=0  data=['0xf5', '0x01', '0xf7', '0x01']
13:30:15.035  DEBUG   [client]  -> read  st2mot    
13:30:15.038  DEBUG   [client]  <- read  st2mot     ret=0  data=['0xe8', '0x03']
13:30:15.235  DEBUG   [client]  -> read  st2mot    
13:30:15.239  DEBUG   [client]  <- read  st2mot     ret=0  data=['0xe8', '0x03']
13:30:15.240  DEBUG   [client]  -> read  st0cur    
13:30:15.245  DEBUG   [client]  <- read  st0cur     ret=0  data=['0xf5', '0x01', '0xf7', '0x01']
13:30:15.435  DEBUG   [client]  -> read  st2mot    
13:30:15.438  DEBUG   [client]  <- read  st2mot     ret=0  data=['0xe8', '0x03']
13:30:15.635  DEBUG   [client]  -> read  st2mot    
13:30:15.639  DEBUG   [client]  <- read  st2mot     ret=0  data=['0xe8', '0x03']
13:30:15.835  DEBUG   [client]  -> read  st2mot    
13:30:15.839  DEBUG   [client]  <- read  st2mot     ret=0  data=['0xe8', '0x03']
13:30:15.947  DEBUG   [poll]    -> read  st2mot    
13:30:15.950  DEBUG   [poll]    <- read  st2mot     ret=0  data=['0xe8', '0x03']
13:30:15.951  DEBUG   [poll]    -> read  st0cur    
13:30:15.955  DEBUG   [poll]    <- read  st0cur     ret=0  data=['0xf5', '0x01', '0xf6', '0x01']
13:30:16.035  DEBUG   [client]  -> read  st2mot    
13:30:16.038  DEBUG   [client]  <- read  st2mot     ret=0  data=['0xcf', '0x03']
13:30:16.235  DEBUG   [client]  -> read  st2mot    
13:30:16.239  DEBUG   [client]  <- read  st2mot     ret=0  data=['0xe8', '0x03']
13:30:16.240  DEBUG   [client]  -> read  st0cur    
13:30:16.245  DEBUG   [client]  <- read  st0cur     ret=0  data=['0xf5', '0x01', '0xf6', '0x01']
13:30:16.435  DEBUG   [client]  -> read  st2mot    
13:30:16.439  DEBUG   [client]  <- read  st2mot     ret=0  data=['0xe8', '0x03']
13:30:16.635  DEBUG   [client]  -> read  st2mot    
13:30:16.639  DEBUG   [client]  <- read  st2mot     ret=0  data=['0xcf', '0x03']
13:30:16.835  DEBUG   [client]  -> read  st2mot    
13:30:16.839  DEBUG   [client]  <- read  st2mot     ret=0  data=['0x01', '0x04']
13:30:16.956  DEBUG   [poll]    -> read  st2mot    
13:30:16.959  DEBUG   [poll]    <- read  st2mot     ret=0  data=['0xcf', '0x03']
13:30:16.960  DEBUG   [poll]    -> read  st0cur    
13:30:16.964  DEBUG   [poll]    <- read  st0cur     ret=0  data=['0xf6', '0x01', '0xf4', '0x01']
13:30:17.035  DEBUG   [client]  -> read  st2mot    
13:30:17.038  DEBUG   [client]  <- read  st2mot     ret=0  data=['0xe8', '0x03']
13:30:17.235  DEBUG   [client]  -> read  st2mot    
13:30:17.239  DEBUG   [client]  <- read  st2mot     ret=0  data=['0x01', '0x04']
13:30:17.240  DEBUG   [client]  -> read  st0cur    
13:30:17.245  DEBUG   [client]  <- read  st0cur     ret=0  data=['0xf6', '0x01', '0xf4', '0x01']
13:30:17.435  DEBUG   [client]  -> read  st2mot    
13:30:17.439  DEBUG   [client]  <- read  st2mot     ret=0  data=['0xcf', '0x03']
13:30:17.635  DEBUG   [client]  -> read  st2mot    
13:30:17.639  DEBUG   [client]  <- read  st2mot     ret=0  data=['0x01', '0x04']
13:30:17.835  DEBUG   [client]  -> read  st2mot    
13:30:17.839  DEBUG   [client]  <- read  st2mot     ret=0  data=['0xe8', '0x03']
13:30:17.965  DEBUG   [poll]    -> read  st2mot    
13:30:17.969  DEBUG   [poll]    <- read  st2mot     ret=0  data=['0xe8', '0x03']
13:30:17.969  DEBUG   [poll]    -> read  st0cur    
13:30:17.973  DEBUG   [poll]    <- read  st0cur     ret=0  data=['0xf4', '0x01', '0xf5', '0x01']
13:30:18.035  DEBUG   [client]  -> read  st2mot    
13:30:18.039  DEBUG   [client]  <- read  st2mot     ret=0  data=['0xe8', '0x03']
13:30:18.235  DEBUG   [client]  -> read  st2mot    
13:30:18.238  DEBUG   [client]  <- read  st2mot     ret=0  data=['0xcf', '0x03']
13:30:18.240  DEBUG   [client]  -> read  st0cur    
13:30:18.244  DEBUG   [client]  <- read  st0cur     ret=0  data=['0xf4', '0x01', '0xf5', '0x01']
13:30:18.435  DEBUG   [client]  -> read  st2mot    
13:30:18.438  DEBUG   [client]  <- read  st2mot     ret=0  data=['0x01', '0x04']
13:30:18.635  DEBUG   [client]  -> read  st2mot    
13:30:18.638  DEBUG   [client]  <- read  st2mot     ret=0  data=['0xe8', '0x03']
13:30:18.835  DEBUG   [client]  -> read  st2mot    
13:30:18.838  DEBUG   [client]  <- read  st2mot     ret=0  data=['0xe8', '0x03']
13:30:18.975  DEBUG   [poll]    -> read  st2mot    
13:30:18.978  DEBUG   [poll]    <- read  st2mot     ret=0  data=['0xe8', '0x03']
13:30:18.978  DEBUG   [poll]    -> read  st0cur    
13:30:18.983  DEBUG   [poll]    <- read  st0cur     ret=0  data=['0xf5', '0x01', '0xf6', '0x01']
13:30:19.035  DEBUG   [client]  -> read  st2mot    
13:30:19.038  DEBUG   [client]  <- read  st2mot     ret=0  data=['0xcf', '0x03']
13:30:19.040  DEBUG   [client]  -> write cntl3mot   data=['0x00', '0x00']
13:30:19.045  WARNING client disconnected — stopping motor
13:30:19.045  DEBUG   [client]  -> write cntl3mot   data=['0x00', '0x00']
13:30:19.050  INFO    client disconnected
13:30:19.984  DEBUG   [poll]    -> read  st2mot    
13:30:19.991  DEBUG   [poll]    <- read  st2mot     ret=0  data=['0x90', '0x01']
13:30:19.992  DEBUG   [poll]    -> read  st0cur    
13:30:19.996  DEBUG   [poll]    <- read  st0cur     ret=0  data=['0xf7', '0x01', '0xf8', '0x01']
13:30:20.998  DEBUG   [poll]    -> read  st2mot    
13:30:21.001  DEBUG   [poll]    <- read  st2mot     ret=0  data=['0x00', '0x00']
13:30:21.001  DEBUG   [poll]    -> read  st0cur    
13:30:21.006  DEBUG   [poll]    <- read  st0cur     ret=0  data=['0x00', '0x02', '0xfe', '0x01']
13:30:22.007  DEBUG   [poll]    -> read  st2mot    
13:30:22.011  DEBUG   [poll]    <- read  st2mot     ret=0  data=['0x00', '0x00']
13:30:22.011  DEBUG   [poll]    -> read  st0cur    
13:30:22.015  DEBUG   [poll]    <- read  st0cur     ret=0  data=['0x01', '0x02', '0x01', '0x02']
13:30:23.017  DEBUG   [poll]    -> read  st2mot    
13:30:23.020  DEBUG   [poll]    <- read  st2mot     ret=0  data=['0x00', '0x00']
13:30:23.020  DEBUG   [poll]    -> read  st0cur    
13:30:23.025  DEBUG   [poll]    <- read  st0cur     ret=0  data=['0x01', '0x02', '0x00', '0x02']
13:30:24.026  DEBUG   [poll]    -> read  st2mot    
13:30:24.029  DEBUG   [poll]    <- read  st2mot     ret=0  data=['0x00', '0x00']
13:30:24.030  DEBUG   [poll]    -> read  st0cur    
13:30:24.034  DEBUG   [poll]    <- read  st0cur     ret=0  data=['0x01', '0x02', '0x01', '0x02']
13:30:25.036  DEBUG   [poll]    -> read  st2mot    
13:30:25.039  DEBUG   [poll]    <- read  st2mot     ret=0  data=['0x00', '0x00']
13:30:25.040  DEBUG   [poll]    -> read  st0cur    
13:30:25.045  DEBUG   [poll]    <- read  st0cur     ret=0  data=['0x01', '0x02', '0x01', '0x02']
13:30:26.046  DEBUG   [poll]    -> read  st2mot    
13:30:26.049  DEBUG   [poll]    <- read  st2mot     ret=0  data=['0x00', '0x00']
13:30:26.050  DEBUG   [poll]    -> read  st0cur    
13:30:26.054  DEBUG   [poll]    <- read  st0cur     ret=0  data=['0x01', '0x02', '0x01', '0x02']
13:30:27.056  DEBUG   [poll]    -> read  st2mot    
13:30:27.059  DEBUG   [poll]    <- read  st2mot     ret=0  data=['0x00', '0x00']
13:30:27.059  DEBUG   [poll]    -> read  st0cur    
13:30:27.064  DEBUG   [poll]    <- read  st0cur     ret=0  data=['0x01', '0x02', '0x01', '0x02']
13:30:28.065  DEBUG   [poll]    -> read  st2mot    
13:30:28.068  DEBUG   [poll]    <- read  st2mot     ret=0  data=['0x00', '0x00']
13:30:28.069  DEBUG   [poll]    -> read  st0cur    
13:30:28.073  DEBUG   [poll]    <- read  st0cur     ret=0  data=['0x01', '0x02', '0x00', '0x02']
13:30:29.075  DEBUG   [poll]    -> read  st2mot    
13:30:29.078  DEBUG   [poll]    <- read  st2mot     ret=0  data=['0x00', '0x00']
13:30:29.078  DEBUG   [poll]    -> read  st0cur    
13:30:29.083  DEBUG   [poll]    <- read  st0cur     ret=0  data=['0x01', '0x02', '0x00', '0x02']
13:30:30.084  DEBUG   [poll]    -> read  st2mot    
13:30:30.087  DEBUG   [poll]    <- read  st2mot     ret=0  data=['0x00', '0x00']
13:30:30.088  DEBUG   [poll]    -> read  st0cur    
13:30:30.092  DEBUG   [poll]    <- read  st0cur     ret=0  data=['0x01', '0x02', '0x00', '0x02']
13:30:31.094  DEBUG   [poll]    -> read  st2mot    
13:30:31.097  DEBUG   [poll]    <- read  st2mot     ret=0  data=['0x00', '0x00']
13:30:31.097  DEBUG   [poll]    -> read  st0cur    
13:30:31.102  DEBUG   [poll]    <- read  st0cur     ret=0  data=['0x01', '0x02', '0x01', '0x02']
13:30:32.103  DEBUG   [poll]    -> read  st2mot    
13:30:32.107  DEBUG   [poll]    <- read  st2mot     ret=0  data=['0x00', '0x00']
13:30:32.107  DEBUG   [poll]    -> read  st0cur    
13:30:32.111  DEBUG   [poll]    <- read  st0cur     ret=0  data=['0x01', '0x02', '0x00', '0x02']
13:30:33.113  DEBUG   [poll]    -> read  st2mot    
13:30:33.116  DEBUG   [poll]    <- read  st2mot     ret=0  data=['0x00', '0x00']
13:30:33.116  DEBUG   [poll]    -> read  st0cur    
13:30:33.121  DEBUG   [poll]    <- read  st0cur     ret=0  data=['0x00', '0x02', '0x00', '0x02']
13:30:34.122  DEBUG   [poll]    -> read  st2mot    
13:30:34.125  DEBUG   [poll]    <- read  st2mot     ret=0  data=['0x00', '0x00']
13:30:34.126  DEBUG   [poll]    -> read  st0cur    
13:30:34.130  DEBUG   [poll]    <- read  st0cur     ret=0  data=['0x02', '0x02', '0x00', '0x02']
13:30:35.132  DEBUG   [poll]    -> read  st2mot    
13:30:35.135  DEBUG   [poll]    <- read  st2mot     ret=0  data=['0x00', '0x00']
13:30:35.136  DEBUG   [poll]    -> read  st0cur    
13:30:35.140  DEBUG   [poll]    <- read  st0cur     ret=0  data=['0x01', '0x02', '0x01', '0x02']
13:30:36.141  DEBUG   [poll]    -> read  st2mot    
13:30:36.145  DEBUG   [poll]    <- read  st2mot     ret=0  data=['0x00', '0x00']
13:30:36.145  DEBUG   [poll]    -> read  st0cur    
13:30:36.149  DEBUG   [poll]    <- read  st0cur     ret=0  data=['0x01', '0x02', '0x01', '0x02']
13:30:37.151  DEBUG   [poll]    -> read  st2mot    
13:30:37.154  DEBUG   [poll]    <- read  st2mot     ret=0  data=['0x00', '0x00']
13:30:37.155  DEBUG   [poll]    -> read  st0cur    
13:30:37.159  DEBUG   [poll]    <- read  st0cur     ret=0  data=['0x01', '0x02', '0x00', '0x02']
13:30:38.160  DEBUG   [poll]    -> read  st2mot    
13:30:38.164  DEBUG   [poll]    <- read  st2mot     ret=0  data=['0x00', '0x00']
13:30:38.164  DEBUG   [poll]    -> read  st0cur    
13:30:38.168  DEBUG   [poll]    <- read  st0cur     ret=0  data=['0x01', '0x02', '0x01', '0x02']
13:30:39.170  DEBUG   [poll]    -> read  st2mot    
13:30:39.173  DEBUG   [poll]    <- read  st2mot     ret=0  data=['0x00', '0x00']
13:30:39.174  DEBUG   [poll]    -> read  st0cur    
13:30:39.178  DEBUG   [poll]    <- read  st0cur     ret=0  data=['0x01', '0x02', '0x00', '0x02']
13:30:40.179  DEBUG   [poll]    -> read  st2mot    
13:30:40.183  DEBUG   [poll]    <- read  st2mot     ret=0  data=['0x00', '0x00']
13:30:40.183  DEBUG   [poll]    -> read  st0cur    
13:30:40.187  DEBUG   [poll]    <- read  st0cur     ret=0  data=['0x01', '0x02', '0x01', '0x02']
13:30:41.189  DEBUG   [poll]    -> read  st2mot    
13:30:41.192  DEBUG   [poll]    <- read  st2mot     ret=0  data=['0x00', '0x00']
13:30:41.193  DEBUG   [poll]    -> read  st0cur    
13:30:41.197  DEBUG   [poll]    <- read  st0cur     ret=0  data=['0x01', '0x02', '0x01', '0x02']
13:30:42.198  DEBUG   [poll]    -> read  st2mot    
13:30:42.202  DEBUG   [poll]    <- read  st2mot     ret=0  data=['0x00', '0x00']
13:30:42.202  DEBUG   [poll]    -> read  st0cur    
13:30:42.206  DEBUG   [poll]    <- read  st0cur     ret=0  data=['0x01', '0x02', '0x01', '0x02']
13:30:43.208  DEBUG   [poll]    -> read  st2mot    
13:30:43.211  DEBUG   [poll]    <- read  st2mot     ret=0  data=['0x00', '0x00']
13:30:43.212  DEBUG   [poll]    -> read  st0cur    
13:30:43.216  DEBUG   [poll]    <- read  st0cur     ret=0  data=['0x01', '0x02', '0x01', '0x02']
13:30:44.217  DEBUG   [poll]    -> read  st2mot    
13:30:44.221  DEBUG   [poll]    <- read  st2mot     ret=0  data=['0x00', '0x00']
13:30:44.221  DEBUG   [poll]    -> read  st0cur    
13:30:44.225  DEBUG   [poll]    <- read  st0cur     ret=0  data=['0x01', '0x02', '0x00', '0x02']
13:30:45.227  DEBUG   [poll]    -> read  st2mot    
13:30:45.230  DEBUG   [poll]    <- read  st2mot     ret=0  data=['0x00', '0x00']
13:30:45.231  DEBUG   [poll]    -> read  st0cur    
13:30:45.235  DEBUG   [poll]    <- read  st0cur     ret=0  data=['0x01', '0x02', '0x00', '0x02']
13:30:46.237  DEBUG   [poll]    -> read  st2mot    
13:30:46.240  DEBUG   [poll]    <- read  st2mot     ret=0  data=['0x00', '0x00']
13:30:46.241  DEBUG   [poll]    -> read  st0cur    
13:30:46.245  DEBUG   [poll]    <- read  st0cur     ret=0  data=['0x01', '0x02', '0x01', '0x02']
13:30:47.246  DEBUG   [poll]    -> read  st2mot    
13:30:47.250  DEBUG   [poll]    <- read  st2mot     ret=0  data=['0x00', '0x00']
13:30:47.250  DEBUG   [poll]    -> read  st0cur    
13:30:47.254  DEBUG   [poll]    <- read  st0cur     ret=0  data=['0x01', '0x02', '0x00', '0x02']
13:30:48.256  DEBUG   [poll]    -> read  st2mot    
13:30:48.259  DEBUG   [poll]    <- read  st2mot     ret=0  data=['0x00', '0x00']
13:30:48.260  DEBUG   [poll]    -> read  st0cur    
13:30:48.264  DEBUG   [poll]    <- read  st0cur     ret=0  data=['0x01', '0x02', '0x01', '0x02']
13:30:49.265  DEBUG   [poll]    -> read  st2mot    
13:30:49.269  DEBUG   [poll]    <- read  st2mot     ret=0  data=['0x00', '0x00']
13:30:49.269  DEBUG   [poll]    -> read  st0cur    
13:30:49.273  DEBUG   [poll]    <- read  st0cur     ret=0  data=['0x01', '0x02', '0x01', '0x02']
13:30:50.275  DEBUG   [poll]    -> read  st2mot    
13:30:50.278  DEBUG   [poll]    <- read  st2mot     ret=0  data=['0x00', '0x00']
13:30:50.279  DEBUG   [poll]    -> read  st0cur    
13:30:50.284  DEBUG   [poll]    <- read  st0cur     ret=0  data=['0x01', '0x02', '0x01', '0x02']
13:30:51.285  DEBUG   [poll]    -> read  st2mot    
13:30:51.288  DEBUG   [poll]    <- read  st2mot     ret=0  data=['0x00', '0x00']
13:30:51.289  DEBUG   [poll]    -> read  st0cur    
13:30:51.293  DEBUG   [poll]    <- read  st0cur     ret=0  data=['0x01', '0x02', '0x01', '0x02']
13:30:52.294  DEBUG   [poll]    -> read  st2mot    
13:30:52.298  DEBUG   [poll]    <- read  st2mot     ret=0  data=['0x00', '0x00']
13:30:52.298  DEBUG   [poll]    -> read  st0cur    
13:30:52.302  DEBUG   [poll]    <- read  st0cur     ret=0  data=['0x01', '0x02', '0x00', '0x02']
13:30:53.304  DEBUG   [poll]    -> read  st2mot    
13:30:53.307  DEBUG   [poll]    <- read  st2mot     ret=0  data=['0x00', '0x00']
13:30:53.308  DEBUG   [poll]    -> read  st0cur    
13:30:53.312  DEBUG   [poll]    <- read  st0cur     ret=0  data=['0x01', '0x02', '0x01', '0x02']
13:30:54.313  DEBUG   [poll]    -> read  st2mot    
13:30:54.317  DEBUG   [poll]    <- read  st2mot     ret=0  data=['0x00', '0x00']
13:30:54.317  DEBUG   [poll]    -> read  st0cur    
13:30:54.321  DEBUG   [poll]    <- read  st0cur     ret=0  data=['0x01', '0x02', '0x00', '0x02']
13:30:55.323  DEBUG   [poll]    -> read  st2mot    
13:30:55.326  DEBUG   [poll]    <- read  st2mot     ret=0  data=['0x00', '0x00']
13:30:55.327  DEBUG   [poll]    -> read  st0cur    
13:30:55.331  DEBUG   [poll]    <- read  st0cur     ret=0  data=['0x01', '0x02', '0x00', '0x02']
13:30:56.332  DEBUG   [poll]    -> read  st2mot    
13:30:56.336  DEBUG   [poll]    <- read  st2mot     ret=0  data=['0x00', '0x00']
13:30:56.336  DEBUG   [poll]    -> read  st0cur    
13:30:56.340  DEBUG   [poll]    <- read  st0cur     ret=0  data=['0x01', '0x02', '0x01', '0x02']
13:30:57.342  DEBUG   [poll]    -> read  st2mot    
13:30:57.345  DEBUG   [poll]    <- read  st2mot     ret=0  data=['0x00', '0x00']
13:30:57.346  DEBUG   [poll]    -> read  st0cur    
13:30:57.350  DEBUG   [poll]    <- read  st0cur     ret=0  data=['0x01', '0x02', '0x00', '0x02']
13:30:58.351  DEBUG   [poll]    -> read  st2mot    
13:30:58.355  DEBUG   [poll]    <- read  st2mot     ret=0  data=['0x00', '0x00']
13:30:58.355  DEBUG   [poll]    -> read  st0cur    
13:30:58.359  DEBUG   [poll]    <- read  st0cur     ret=0  data=['0x01', '0x02', '0x00', '0x02']
13:30:59.361  DEBUG   [poll]    -> read  st2mot    
13:30:59.364  DEBUG   [poll]    <- read  st2mot     ret=0  data=['0x00', '0x00']
13:30:59.365  DEBUG   [poll]    -> read  st0cur    
13:30:59.369  DEBUG   [poll]    <- read  st0cur     ret=0  data=['0x01', '0x02', '0x01', '0x02']
13:31:00.370  DEBUG   [poll]    -> read  st2mot    
13:31:00.374  DEBUG   [poll]    <- read  st2mot     ret=0  data=['0x00', '0x00']
13:31:00.374  DEBUG   [poll]    -> read  st0cur    
13:31:00.379  DEBUG   [poll]    <- read  st0cur     ret=0  data=['0x01', '0x02', '0x00', '0x02']
13:31:01.380  DEBUG   [poll]    -> read  st2mot    
13:31:01.384  DEBUG   [poll]    <- read  st2mot     ret=0  data=['0x00', '0x00']
13:31:01.384  DEBUG   [poll]    -> read  st0cur    
13:31:01.388  DEBUG   [poll]    <- read  st0cur     ret=0  data=['0x01', '0x02', '0x00', '0x02']
13:31:02.390  DEBUG   [poll]    -> read  st2mot    
13:31:02.393  DEBUG   [poll]    <- read  st2mot     ret=0  data=['0x00', '0x00']
13:31:02.394  DEBUG   [poll]    -> read  st0cur    
13:31:02.398  DEBUG   [poll]    <- read  st0cur     ret=0  data=['0x01', '0x02', '0x00', '0x02']
13:31:03.399  DEBUG   [poll]    -> read  st2mot    
13:31:03.403  DEBUG   [poll]    <- read  st2mot     ret=0  data=['0x00', '0x00']
13:31:03.403  DEBUG   [poll]    -> read  st0cur    
13:31:03.407  DEBUG   [poll]    <- read  st0cur     ret=0  data=['0x01', '0x02', '0x01', '0x02']
13:31:04.409  DEBUG   [poll]    -> read  st2mot    
13:31:04.413  DEBUG   [poll]    <- read  st2mot     ret=0  data=['0x00', '0x00']
13:31:04.413  DEBUG   [poll]    -> read  st0cur    
13:31:04.417  DEBUG   [poll]    <- read  st0cur     ret=0  data=['0x01', '0x02', '0x01', '0x02']
13:31:05.419  DEBUG   [poll]    -> read  st2mot    
13:31:05.422  DEBUG   [poll]    <- read  st2mot     ret=0  data=['0x00', '0x00']
13:31:05.423  DEBUG   [poll]    -> read  st0cur    
13:31:05.427  DEBUG   [poll]    <- read  st0cur     ret=0  data=['0x01', '0x02', '0x00', '0x02']
13:31:06.429  DEBUG   [poll]    -> read  st2mot    
13:31:06.432  DEBUG   [poll]    <- read  st2mot     ret=0  data=['0x00', '0x00']
13:31:06.433  DEBUG   [poll]    -> read  st0cur    
13:31:06.437  DEBUG   [poll]    <- read  st0cur     ret=0  data=['0x01', '0x02', '0x01', '0x02']
13:31:07.438  DEBUG   [poll]    -> read  st2mot    
13:31:07.442  DEBUG   [poll]    <- read  st2mot     ret=0  data=['0x00', '0x00']
13:31:07.442  DEBUG   [poll]    -> read  st0cur    
13:31:07.446  DEBUG   [poll]    <- read  st0cur     ret=0  data=['0x01', '0x02', '0x00', '0x02']
13:31:08.448  DEBUG   [poll]    -> read  st2mot    
13:31:08.451  DEBUG   [poll]    <- read  st2mot     ret=0  data=['0x00', '0x00']
13:31:08.452  DEBUG   [poll]    -> read  st0cur    
13:31:08.456  DEBUG   [poll]    <- read  st0cur     ret=0  data=['0x01', '0x02', '0x00', '0x02']
13:31:09.457  DEBUG   [poll]    -> read  st2mot    
13:31:09.461  DEBUG   [poll]    <- read  st2mot     ret=0  data=['0x00', '0x00']
13:31:09.461  DEBUG   [poll]    -> read  st0cur    
13:31:09.465  DEBUG   [poll]    <- read  st0cur     ret=0  data=['0x01', '0x02', '0x00', '0x02']
13:31:10.467  DEBUG   [poll]    -> read  st2mot    
13:31:10.470  DEBUG   [poll]    <- read  st2mot     ret=0  data=['0x00', '0x00']
13:31:10.471  DEBUG   [poll]    -> read  st0cur    
13:31:10.475  DEBUG   [poll]    <- read  st0cur     ret=0  data=['0x01', '0x02', '0x01', '0x02']
13:31:11.477  DEBUG   [poll]    -> read  st2mot    
13:31:11.480  DEBUG   [poll]    <- read  st2mot     ret=0  data=['0x00', '0x00']
13:31:11.480  DEBUG   [poll]    -> read  st0cur    
13:31:11.484  DEBUG   [poll]    <- read  st0cur     ret=0  data=['0x01', '0x02', '0x00', '0x02']
13:31:12.486  DEBUG   [poll]    -> read  st2mot    
13:31:12.489  DEBUG   [poll]    <- read  st2mot     ret=0  data=['0x00', '0x00']
13:31:12.490  DEBUG   [poll]    -> read  st0cur    
13:31:12.494  DEBUG   [poll]    <- read  st0cur     ret=0  data=['0x01', '0x02', '0x01', '0x02']
13:31:13.495  DEBUG   [poll]    -> read  st2mot    
13:31:13.499  DEBUG   [poll]    <- read  st2mot     ret=0  data=['0x00', '0x00']
13:31:13.499  DEBUG   [poll]    -> read  st0cur    
13:31:13.503  DEBUG   [poll]    <- read  st0cur     ret=0  data=['0x01', '0x02', '0x01', '0x02']
13:31:14.505  DEBUG   [poll]    -> read  st2mot    
13:31:14.508  DEBUG   [poll]    <- read  st2mot     ret=0  data=['0x00', '0x00']
13:31:14.508  DEBUG   [poll]    -> read  st0cur    
13:31:14.513  DEBUG   [poll]    <- read  st0cur     ret=0  data=['0x01', '0x02', '0x01', '0x02']
13:31:15.514  DEBUG   [poll]    -> read  st2mot    
13:31:15.518  DEBUG   [poll]    <- read  st2mot     ret=0  data=['0x00', '0x00']
13:31:15.518  DEBUG   [poll]    -> read  st0cur    
13:31:15.523  DEBUG   [poll]    <- read  st0cur     ret=0  data=['0x01', '0x02', '0x01', '0x02']
13:31:16.524  DEBUG   [poll]    -> read  st2mot    
13:31:16.527  DEBUG   [poll]    <- read  st2mot     ret=0  data=['0x00', '0x00']
13:31:16.528  DEBUG   [poll]    -> read  st0cur    
13:31:16.532  DEBUG   [poll]    <- read  st0cur     ret=0  data=['0x01', '0x02', '0x00', '0x02']
13:31:17.534  DEBUG   [poll]    -> read  st2mot    
13:31:17.537  DEBUG   [poll]    <- read  st2mot     ret=0  data=['0x00', '0x00']
13:31:17.537  DEBUG   [poll]    -> read  st0cur    
13:31:17.542  DEBUG   [poll]    <- read  st0cur     ret=0  data=['0x01', '0x02', '0x01', '0x02']
13:31:18.543  DEBUG   [poll]    -> read  st2mot    
13:31:18.546  DEBUG   [poll]    <- read  st2mot     ret=0  data=['0x00', '0x00']
13:31:18.547  DEBUG   [poll]    -> read  st0cur    
13:31:18.551  DEBUG   [poll]    <- read  st0cur     ret=0  data=['0x01', '0x02', '0x01', '0x02']
13:31:19.552  DEBUG   [poll]    -> read  st2mot    
13:31:19.556  DEBUG   [poll]    <- read  st2mot     ret=0  data=['0x00', '0x00']
13:31:19.556  DEBUG   [poll]    -> read  st0cur    
13:31:19.560  DEBUG   [poll]    <- read  st0cur     ret=0  data=['0x01', '0x02', '0x01', '0x02']
13:31:20.562  DEBUG   [poll]    -> read  st2mot    
13:31:20.565  DEBUG   [poll]    <- read  st2mot     ret=0  data=['0x00', '0x00']
13:31:20.566  DEBUG   [poll]    -> read  st0cur    
13:31:20.570  DEBUG   [poll]    <- read  st0cur     ret=0  data=['0x01', '0x02', '0x00', '0x02']
13:31:21.571  DEBUG   [poll]    -> read  st2mot    
13:31:21.575  DEBUG   [poll]    <- read  st2mot     ret=0  data=['0x00', '0x00']
13:31:21.575  DEBUG   [poll]    -> read  st0cur    
13:31:21.579  DEBUG   [poll]    <- read  st0cur     ret=0  data=['0x01', '0x02', '0x00', '0x02']
13:31:22.581  DEBUG   [poll]    -> read  st2mot    
13:31:22.584  DEBUG   [poll]    <- read  st2mot     ret=0  data=['0x00', '0x00']
13:31:22.585  DEBUG   [poll]    -> read  st0cur    
13:31:22.589  DEBUG   [poll]    <- read  st0cur     ret=0  data=['0x01', '0x02', '0x01', '0x02']
13:31:23.590  DEBUG   [poll]    -> read  st2mot    
13:31:23.594  DEBUG   [poll]    <- read  st2mot     ret=0  data=['0x00', '0x00']
13:31:23.594  DEBUG   [poll]    -> read  st0cur    
13:31:23.598  DEBUG   [poll]    <- read  st0cur     ret=0  data=['0x01', '0x02', '0x00', '0x02']
13:31:24.600  DEBUG   [poll]    -> read  st2mot    
13:31:24.603  DEBUG   [poll]    <- read  st2mot     ret=0  data=['0x00', '0x00']
13:31:24.604  DEBUG   [poll]    -> read  st0cur    
13:31:24.608  DEBUG   [poll]    <- read  st0cur     ret=0  data=['0x01', '0x02', '0x00', '0x02']
13:31:25.610  DEBUG   [poll]    -> read  st2mot    
13:31:25.613  DEBUG   [poll]    <- read  st2mot     ret=0  data=['0x00', '0x00']
13:31:25.614  DEBUG   [poll]    -> read  st0cur    
13:31:25.618  DEBUG   [poll]    <- read  st0cur     ret=0  data=['0x01', '0x02', '0x01', '0x02']
13:31:26.620  DEBUG   [poll]    -> read  st2mot    
13:31:26.623  DEBUG   [poll]    <- read  st2mot     ret=0  data=['0x00', '0x00']
13:31:26.624  DEBUG   [poll]    -> read  st0cur    
13:31:26.628  DEBUG   [poll]    <- read  st0cur     ret=0  data=['0x01', '0x02', '0x01', '0x02']
13:31:27.630  DEBUG   [poll]    -> read  st2mot    
13:31:27.633  DEBUG   [poll]    <- read  st2mot     ret=0  data=['0x00', '0x00']
13:31:27.633  DEBUG   [poll]    -> read  st0cur    
13:31:27.638  DEBUG   [poll]    <- read  st0cur     ret=0  data=['0x01', '0x02', '0x01', '0x02']
13:31:28.639  DEBUG   [poll]    -> read  st2mot    
13:31:28.642  DEBUG   [poll]    <- read  st2mot     ret=0  data=['0x00', '0x00']
13:31:28.643  DEBUG   [poll]    -> read  st0cur    
13:31:28.647  DEBUG   [poll]    <- read  st0cur     ret=0  data=['0x01', '0x02', '0x00', '0x02']
13:31:29.649  DEBUG   [poll]    -> read  st2mot    
13:31:29.652  DEBUG   [poll]    <- read  st2mot     ret=0  data=['0x00', '0x00']
13:31:29.652  DEBUG   [poll]    -> read  st0cur    
13:31:29.657  DEBUG   [poll]    <- read  st0cur     ret=0  data=['0x01', '0x02', '0x01', '0x02']
13:31:30.658  DEBUG   [poll]    -> read  st2mot    
13:31:30.662  DEBUG   [poll]    <- read  st2mot     ret=0  data=['0x00', '0x00']
13:31:30.662  DEBUG   [poll]    -> read  st0cur    
13:31:30.666  DEBUG   [poll]    <- read  st0cur     ret=0  data=['0x01', '0x02', '0x00', '0x02']
13:31:31.668  DEBUG   [poll]    -> read  st2mot    
13:31:31.671  DEBUG   [poll]    <- read  st2mot     ret=0  data=['0x00', '0x00']
13:31:31.672  DEBUG   [poll]    -> read  st0cur    
13:31:31.676  DEBUG   [poll]    <- read  st0cur     ret=0  data=['0x01', '0x02', '0x01', '0x02']
13:31:32.678  DEBUG   [poll]    -> read  st2mot    
13:31:32.681  DEBUG   [poll]    <- read  st2mot     ret=0  data=['0x00', '0x00']
13:31:32.681  DEBUG   [poll]    -> read  st0cur    
13:31:32.686  DEBUG   [poll]    <- read  st0cur     ret=0  data=['0x01', '0x02', '0x01', '0x02']
13:31:33.687  DEBUG   [poll]    -> read  st2mot    
13:31:33.690  DEBUG   [poll]    <- read  st2mot     ret=0  data=['0x00', '0x00']
13:31:33.691  DEBUG   [poll]    -> read  st0cur    
13:31:33.694  DEBUG   [poll]    <- read  st0cur     ret=0  data=['0x01', '0x02', '0x01', '0x02']
13:31:34.696  DEBUG   [poll]    -> read  st2mot    
13:31:34.699  DEBUG   [poll]    <- read  st2mot     ret=0  data=['0x00', '0x00']
13:31:34.700  DEBUG   [poll]    -> read  st0cur    
13:31:34.704  DEBUG   [poll]    <- read  st0cur     ret=0  data=['0x01', '0x02', '0x00', '0x02']
13:31:35.706  DEBUG   [poll]    -> read  st2mot    
13:31:35.709  DEBUG   [poll]    <- read  st2mot     ret=0  data=['0x00', '0x00']
13:31:35.710  DEBUG   [poll]    -> read  st0cur    
13:31:35.715  DEBUG   [poll]    <- read  st0cur     ret=0  data=['0x01', '0x02', '0x00', '0x02']
