14:57:33.983  INFO    -> speed 0
14:57:33.987  INFO    <- OK
14:57:33.987  INFO    -> speed 500
14:57:33.991  INFO    <- OK
14:57:33.991  INFO    -> rpm
14:57:33.995  INFO    <- OK ret=0 rpm=0 (hex=0x0000)
14:57:33.995  INFO    -> current
14:57:34.000  INFO    <- OK ret=0 val1=-0.15 val2=0.05
14:57:34.191  INFO    -> rpm
14:57:34.195  INFO    <- OK ret=0 rpm=0 (hex=0x0000)
14:57:34.391  INFO    -> rpm
14:57:34.395  INFO    <- OK ret=0 rpm=0 (hex=0x0000)
14:57:34.591  INFO    -> rpm
14:57:34.595  INFO    <- OK ret=0 rpm=0 (hex=0x0000)
14:57:34.791  INFO    -> rpm
14:57:34.796  INFO    <- OK ret=0 rpm=0 (hex=0x0000)
14:57:34.991  INFO    -> rpm
14:57:34.996  INFO    <- OK ret=0 rpm=0 (hex=0x0000)
14:57:34.996  INFO    -> current
14:57:35.002  INFO    <- OK ret=0 val1=-0.15 val2=0.00
14:57:35.191  INFO    -> rpm
14:57:35.196  INFO    <- OK ret=0 rpm=0 (hex=0x0000)
14:57:35.391  INFO    -> rpm
14:57:35.396  INFO    <- OK ret=0 rpm=0 (hex=0x0000)
14:57:35.591  INFO    -> rpm
14:57:35.596  INFO    <- OK ret=0 rpm=0 (hex=0x0000)
14:57:35.791  INFO    -> rpm
14:57:35.796  INFO    <- OK ret=0 rpm=0 (hex=0x0000)
14:57:35.991  INFO    -> rpm
14:57:35.996  INFO    <- OK ret=0 rpm=0 (hex=0x0000)
14:57:35.997  INFO    -> current
14:57:36.003  INFO    <- OK ret=0 val1=-0.29 val2=-0.10
14:57:36.191  INFO    -> rpm
14:57:36.196  INFO    <- OK ret=0 rpm=0 (hex=0x0000)
14:57:36.391  INFO    -> rpm
14:57:36.396  INFO    <- OK ret=0 rpm=0 (hex=0x0000)
14:57:36.591  INFO    -> rpm
14:57:36.596  INFO    <- OK ret=0 rpm=0 (hex=0x0000)
14:57:36.791  INFO    -> rpm
14:57:36.796  INFO    <- OK ret=0 rpm=0 (hex=0x0000)
14:57:36.991  INFO    -> rpm
14:57:36.996  INFO    <- OK ret=0 rpm=0 (hex=0x0000)
14:57:36.996  INFO    -> current
14:57:37.002  INFO    <- OK ret=0 val1=-0.10 val2=0.05
14:57:37.191  INFO    -> rpm
14:57:37.196  INFO    <- OK ret=0 rpm=0 (hex=0x0000)
14:57:37.391  INFO    -> rpm
14:57:37.396  INFO    <- OK ret=0 rpm=0 (hex=0x0000)
14:57:37.591  INFO    -> rpm
14:57:37.596  INFO    <- OK ret=0 rpm=0 (hex=0x0000)
14:57:37.791  INFO    -> rpm
14:57:37.796  INFO    <- OK ret=0 rpm=0 (hex=0x0000)
14:57:37.991  INFO    -> rpm
14:57:37.996  INFO    <- OK ret=0 rpm=0 (hex=0x0000)
14:57:37.996  INFO    -> current
14:57:38.002  INFO    <- OK ret=0 val1=-0.10 val2=0.05
14:57:38.191  INFO    -> rpm
14:57:38.196  INFO    <- OK ret=0 rpm=0 (hex=0x0000)
14:57:38.391  INFO    -> rpm
14:57:38.396  INFO    <- OK ret=0 rpm=0 (hex=0x0000)
14:57:38.591  INFO    -> rpm
14:57:38.596  INFO    <- OK ret=0 rpm=0 (hex=0x0000)
14:57:38.791  INFO    -> rpm
14:57:38.796  INFO    <- OK ret=0 rpm=0 (hex=0x0000)
14:57:38.991  INFO    -> rpm
14:57:38.996  INFO    <- OK ret=0 rpm=0 (hex=0x0000)
14:57:38.997  INFO    -> current
14:57:39.002  INFO    <- OK ret=0 val1=-0.10 val2=0.05
14:57:39.191  INFO    -> rpm
14:57:39.196  INFO    <- OK ret=0 rpm=0 (hex=0x0000)
14:57:39.391  INFO    -> rpm
14:57:39.396  INFO    <- OK ret=0 rpm=0 (hex=0x0000)
14:57:39.591  INFO    -> rpm
14:57:39.596  INFO    <- OK ret=0 rpm=0 (hex=0x0000)
14:57:39.791  INFO    -> rpm
14:57:39.796  INFO    <- OK ret=0 rpm=0 (hex=0x0000)
14:57:39.991  INFO    -> rpm
14:57:39.996  INFO    <- OK ret=0 rpm=0 (hex=0x0000)
14:57:39.996  INFO    -> current
14:57:40.002  INFO    <- OK ret=0 val1=-0.10 val2=0.05
14:57:40.191  INFO    -> rpm
14:57:40.196  INFO    <- OK ret=0 rpm=0 (hex=0x0000)
14:57:40.391  INFO    -> rpm
14:57:40.396  INFO    <- OK ret=0 rpm=0 (hex=0x0000)
14:57:40.591  INFO    -> rpm
14:57:40.596  INFO    <- OK ret=0 rpm=0 (hex=0x0000)
14:57:40.791  INFO    -> rpm
14:57:40.796  INFO    <- OK ret=0 rpm=0 (hex=0x0000)
14:57:40.797  INFO    -> speed 400
14:57:40.801  INFO    <- OK
14:57:41.052  INFO    -> speed 300
14:57:41.057  INFO    <- OK
14:57:41.307  INFO    -> speed 200
14:57:41.312  INFO    <- OK
14:57:41.563  INFO    -> speed 100
14:57:41.568  INFO    <- OK
14:57:41.819  INFO    -> speed 0
14:57:41.824  INFO    <- OK
