14:54:07.388  INFO    === watchdog.py — LIVE bus ===
14:54:07.396  INFO    listening on /tmp/motorwatchdog.sock
14:54:08.397  DEBUG   [poll]    -> read  st2mot    
14:54:08.401  DEBUG   [poll]    <- read  st2mot     ret=0  data=['0x00', '0x00']
14:54:08.403  DEBUG   [poll]    -> read  st0cur    
14:54:08.407  DEBUG   [poll]    <- read  st0cur     ret=0  data=['0xfd', '0x01', '0x01', '0x02']
14:54:09.408  DEBUG   [poll]    -> read  st2mot    
14:54:09.412  DEBUG   [poll]    <- read  st2mot     ret=0  data=['0x00', '0x00']
14:54:09.412  DEBUG   [poll]    -> read  st0cur    
14:54:09.416  DEBUG   [poll]    <- read  st0cur     ret=0  data=['0xfe', '0x01', '0x01', '0x02']
14:54:10.418  DEBUG   [poll]    -> read  st2mot    
14:54:10.421  DEBUG   [poll]    <- read  st2mot     ret=0  data=['0x00', '0x00']
14:54:10.422  DEBUG   [poll]    -> read  st0cur    
14:54:10.426  DEBUG   [poll]    <- read  st0cur     ret=0  data=['0xfe', '0x01', '0x01', '0x02']
14:54:11.428  DEBUG   [poll]    -> read  st2mot    
14:54:11.431  DEBUG   [poll]    <- read  st2mot     ret=0  data=['0x00', '0x00']
14:54:11.431  DEBUG   [poll]    -> read  st0cur    
14:54:11.436  DEBUG   [poll]    <- read  st0cur     ret=0  data=['0xfd', '0x01', '0x01', '0x02']
14:54:12.437  DEBUG   [poll]    -> read  st2mot    
14:54:12.440  DEBUG   [poll]    <- read  st2mot     ret=0  data=['0x00', '0x00']
14:54:12.441  DEBUG   [poll]    -> read  st0cur    
14:54:12.444  DEBUG   [poll]    <- read  st0cur     ret=0  data=['0xfe', '0x01', '0x01', '0x02']
14:54:13.446  DEBUG   [poll]    -> read  st2mot    
14:54:13.453  DEBUG   [poll]    <- read  st2mot     ret=0  data=['0x00', '0x00']
14:54:13.453  DEBUG   [poll]    -> read  st0cur    
14:54:13.457  DEBUG   [poll]    <- read  st0cur     ret=0  data=['0xfd', '0x01', '0x01', '0x02']
14:54:14.459  DEBUG   [poll]    -> read  st2mot    
14:54:14.462  DEBUG   [poll]    <- read  st2mot     ret=0  data=['0x00', '0x00']
14:54:14.463  DEBUG   [poll]    -> read  st0cur    
14:54:14.467  DEBUG   [poll]    <- read  st0cur     ret=0  data=['0xfd', '0x01', '0x01', '0x02']
14:54:15.468  DEBUG   [poll]    -> read  st2mot    
14:54:15.472  DEBUG   [poll]    <- read  st2mot     ret=0  data=['0x00', '0x00']
14:54:15.472  DEBUG   [poll]    -> read  st0cur    
14:54:15.476  DEBUG   [poll]    <- read  st0cur     ret=0  data=['0xfd', '0x01', '0x01', '0x02']
14:54:16.478  DEBUG   [poll]    -> read  st2mot    
14:54:16.481  DEBUG   [poll]    <- read  st2mot     ret=0  data=['0x00', '0x00']
14:54:16.482  DEBUG   [poll]    -> read  st0cur    
14:54:16.486  DEBUG   [poll]    <- read  st0cur     ret=0  data=['0xfd', '0x01', '0x01', '0x02']
14:54:17.487  DEBUG   [poll]    -> read  st2mot    
14:54:17.491  DEBUG   [poll]    <- read  st2mot     ret=0  data=['0x00', '0x00']
14:54:17.491  DEBUG   [poll]    -> read  st0cur    
14:54:17.495  DEBUG   [poll]    <- read  st0cur     ret=0  data=['0xfd', '0x01', '0x01', '0x02']
14:54:18.497  DEBUG   [poll]    -> read  st2mot    
14:54:18.504  DEBUG   [poll]    <- read  st2mot     ret=0  data=['0x00', '0x00']
14:54:18.504  DEBUG   [poll]    -> read  st0cur    
14:54:18.508  DEBUG   [poll]    <- read  st0cur     ret=0  data=['0xfd', '0x01', '0x01', '0x02']
14:54:19.510  DEBUG   [poll]    -> read  st2mot    
14:54:19.514  DEBUG   [poll]    <- read  st2mot     ret=0  data=['0x00', '0x00']
14:54:19.514  DEBUG   [poll]    -> read  st0cur    
14:54:19.521  DEBUG   [poll]    <- read  st0cur     ret=0  data=['0xfe', '0x01', '0x01', '0x02']
14:54:19.732  INFO    client connected
14:54:19.732  DEBUG   [client]  -> write cntl3mot   data=['0x00', '0x00']
14:54:19.736  DEBUG   [client]  -> write cntl3mot   data=['0x01', '0xf4']
14:54:19.740  DEBUG   [client]  -> read  st2mot    
14:54:19.743  DEBUG   [client]  <- read  st2mot     ret=0  data=['0x00', '0x00']
14:54:19.743  DEBUG   [client]  -> read  st0cur    
14:54:19.748  DEBUG   [client]  <- read  st0cur     ret=0  data=['0xfd', '0x01', '0x01', '0x02']
14:54:19.940  DEBUG   [client]  -> read  st2mot    
14:54:19.943  DEBUG   [client]  <- read  st2mot     ret=0  data=['0x00', '0x00']
14:54:20.140  DEBUG   [client]  -> read  st2mot    
14:54:20.143  DEBUG   [client]  <- read  st2mot     ret=0  data=['0x00', '0x00']
14:54:20.340  DEBUG   [client]  -> read  st2mot    
14:54:20.343  DEBUG   [client]  <- read  st2mot     ret=0  data=['0x00', '0x00']
14:54:20.523  DEBUG   [poll]    -> read  st2mot    
14:54:20.526  DEBUG   [poll]    <- read  st2mot     ret=0  data=['0x2c', '0x01']
14:54:20.526  DEBUG   [poll]    -> read  st0cur    
14:54:20.531  DEBUG   [poll]    <- read  st0cur     ret=0  data=['0xfd', '0x01', '0x01', '0x02']
14:54:20.540  DEBUG   [client]  -> read  st2mot    
14:54:20.544  DEBUG   [client]  <- read  st2mot     ret=0  data=['0xf4', '0x01']
14:54:20.740  DEBUG   [client]  -> read  st2mot    
14:54:20.744  DEBUG   [client]  <- read  st2mot     ret=0  data=['0x0d', '0x02']
14:54:20.745  DEBUG   [client]  -> read  st0cur    
14:54:20.749  DEBUG   [client]  <- read  st0cur     ret=0  data=['0xf8', '0x01', '0xfb', '0x01']
14:54:20.940  DEBUG   [client]  -> read  st2mot    
14:54:20.944  DEBUG   [client]  <- read  st2mot     ret=0  data=['0xdb', '0x01']
14:54:21.140  DEBUG   [client]  -> read  st2mot    
14:54:21.144  DEBUG   [client]  <- read  st2mot     ret=0  data=['0x0d', '0x02']
14:54:21.340  DEBUG   [client]  -> read  st2mot    
14:54:21.344  DEBUG   [client]  <- read  st2mot     ret=0  data=['0x0d', '0x02']
14:54:21.532  DEBUG   [poll]    -> read  st2mot    
14:54:21.536  DEBUG   [poll]    <- read  st2mot     ret=0  data=['0xdb', '0x01']
14:54:21.536  DEBUG   [poll]    -> read  st0cur    
14:54:21.540  DEBUG   [poll]    <- read  st0cur     ret=0  data=['0xf8', '0x01', '0xfb', '0x01']
14:54:21.541  DEBUG   [client]  -> read  st2mot    
14:54:21.544  DEBUG   [client]  <- read  st2mot     ret=0  data=['0xdb', '0x01']
14:54:21.740  DEBUG   [client]  -> read  st2mot    
14:54:21.744  DEBUG   [client]  <- read  st2mot     ret=0  data=['0xf4', '0x01']
14:54:21.746  DEBUG   [client]  -> read  st0cur    
14:54:21.750  DEBUG   [client]  <- read  st0cur     ret=0  data=['0xf7', '0x01', '0xfa', '0x01']
14:54:21.940  DEBUG   [client]  -> read  st2mot    
14:54:21.944  DEBUG   [client]  <- read  st2mot     ret=0  data=['0xf4', '0x01']
14:54:22.140  DEBUG   [client]  -> read  st2mot    
14:54:22.144  DEBUG   [client]  <- read  st2mot     ret=0  data=['0xf4', '0x01']
14:54:22.340  DEBUG   [client]  -> read  st2mot    
14:54:22.344  DEBUG   [client]  <- read  st2mot     ret=0  data=['0xf4', '0x01']
14:54:22.540  DEBUG   [client]  -> read  st2mot    
14:54:22.544  DEBUG   [client]  <- read  st2mot     ret=0  data=['0xf4', '0x01']
14:54:22.544  DEBUG   [poll]    -> read  st2mot    
14:54:22.548  DEBUG   [poll]    <- read  st2mot     ret=0  data=['0xf4', '0x01']
14:54:22.548  DEBUG   [poll]    -> read  st0cur    
14:54:22.552  DEBUG   [poll]    <- read  st0cur     ret=0  data=['0xf7', '0x01', '0xfa', '0x01']
14:54:22.740  DEBUG   [client]  -> read  st2mot    
14:54:22.744  DEBUG   [client]  <- read  st2mot     ret=0  data=['0xdb', '0x01']
14:54:22.746  DEBUG   [client]  -> read  st0cur    
14:54:22.750  DEBUG   [client]  <- read  st0cur     ret=0  data=['0xf8', '0x01', '0xf9', '0x01']
14:54:22.940  DEBUG   [client]  -> read  st2mot    
14:54:22.944  DEBUG   [client]  <- read  st2mot     ret=0  data=['0xf4', '0x01']
14:54:23.140  DEBUG   [client]  -> read  st2mot    
14:54:23.144  DEBUG   [client]  <- read  st2mot     ret=0  data=['0xf4', '0x01']
14:54:23.341  DEBUG   [client]  -> read  st2mot    
14:54:23.344  DEBUG   [client]  <- read  st2mot     ret=0  data=['0xf4', '0x01']
14:54:23.540  DEBUG   [client]  -> read  st2mot    
14:54:23.547  DEBUG   [client]  <- read  st2mot     ret=0  data=['0xdb', '0x01']
14:54:23.554  DEBUG   [poll]    -> read  st2mot    
14:54:23.557  DEBUG   [poll]    <- read  st2mot     ret=0  data=['0xdb', '0x01']
14:54:23.558  DEBUG   [poll]    -> read  st0cur    
14:54:23.562  DEBUG   [poll]    <- read  st0cur     ret=0  data=['0xf8', '0x01', '0xf9', '0x01']
14:54:23.740  DEBUG   [client]  -> read  st2mot    
14:54:23.744  DEBUG   [client]  <- read  st2mot     ret=0  data=['0xf4', '0x01']
14:54:23.746  DEBUG   [client]  -> read  st0cur    
14:54:23.750  DEBUG   [client]  <- read  st0cur     ret=0  data=['0xf4', '0x01', '0xf6', '0x01']
14:54:23.940  DEBUG   [client]  -> read  st2mot    
14:54:23.944  DEBUG   [client]  <- read  st2mot     ret=0  data=['0xf4', '0x01']
14:54:24.140  DEBUG   [client]  -> read  st2mot    
14:54:24.144  DEBUG   [client]  <- read  st2mot     ret=0  data=['0xdb', '0x01']
14:54:24.340  DEBUG   [client]  -> read  st2mot    
14:54:24.344  DEBUG   [client]  <- read  st2mot     ret=0  data=['0xdb', '0x01']
14:54:24.540  DEBUG   [client]  -> read  st2mot    
14:54:24.544  DEBUG   [client]  <- read  st2mot     ret=0  data=['0x0d', '0x02']
14:54:24.564  DEBUG   [poll]    -> read  st2mot    
14:54:24.567  DEBUG   [poll]    <- read  st2mot     ret=0  data=['0x0d', '0x02']
14:54:24.567  DEBUG   [poll]    -> read  st0cur    
14:54:24.572  DEBUG   [poll]    <- read  st0cur     ret=0  data=['0xf4', '0x01', '0xf6', '0x01']
14:54:24.740  DEBUG   [client]  -> read  st2mot    
14:54:24.744  DEBUG   [client]  <- read  st2mot     ret=0  data=['0xf4', '0x01']
14:54:24.746  DEBUG   [client]  -> read  st0cur    
14:54:24.750  DEBUG   [client]  <- read  st0cur     ret=0  data=['0xf6', '0x01', '0xfa', '0x01']
14:54:24.940  DEBUG   [client]  -> read  st2mot    
14:54:24.944  DEBUG   [client]  <- read  st2mot     ret=0  data=['0x0d', '0x02']
14:54:25.140  DEBUG   [client]  -> read  st2mot    
14:54:25.144  DEBUG   [client]  <- read  st2mot     ret=0  data=['0xdb', '0x01']
14:54:25.340  DEBUG   [client]  -> read  st2mot    
14:54:25.344  DEBUG   [client]  <- read  st2mot     ret=0  data=['0xf4', '0x01']
14:54:25.540  DEBUG   [client]  -> read  st2mot    
14:54:25.544  DEBUG   [client]  <- read  st2mot     ret=0  data=['0xf4', '0x01']
14:54:25.573  DEBUG   [poll]    -> read  st2mot    
14:54:25.577  DEBUG   [poll]    <- read  st2mot     ret=0  data=['0xf4', '0x01']
14:54:25.577  DEBUG   [poll]    -> read  st0cur    
14:54:25.581  DEBUG   [poll]    <- read  st0cur     ret=0  data=['0xf6', '0x01', '0xfa', '0x01']
14:54:25.740  DEBUG   [client]  -> read  st2mot    
14:54:25.744  DEBUG   [client]  <- read  st2mot     ret=0  data=['0xf4', '0x01']
14:54:25.746  DEBUG   [client]  -> read  st0cur    
14:54:25.750  DEBUG   [client]  <- read  st0cur     ret=0  data=['0xf7', '0x01', '0xf8', '0x01']
14:54:25.940  DEBUG   [client]  -> read  st2mot    
14:54:25.944  DEBUG   [client]  <- read  st2mot     ret=0  data=['0xdb', '0x01']
14:54:26.140  DEBUG   [client]  -> read  st2mot    
14:54:26.144  DEBUG   [client]  <- read  st2mot     ret=0  data=['0x0d', '0x02']
14:54:26.340  DEBUG   [client]  -> read  st2mot    
14:54:26.344  DEBUG   [client]  <- read  st2mot     ret=0  data=['0xdb', '0x01']
14:54:26.540  DEBUG   [client]  -> read  st2mot    
14:54:26.544  DEBUG   [client]  <- read  st2mot     ret=0  data=['0xf4', '0x01']
14:54:26.545  DEBUG   [client]  -> write cntl3mot   data=['0x01', '0x90']
14:54:26.583  DEBUG   [poll]    -> read  st2mot    
14:54:26.586  DEBUG   [poll]    <- read  st2mot     ret=0  data=['0x0d', '0x02']
14:54:26.586  DEBUG   [poll]    -> read  st0cur    
14:54:26.591  DEBUG   [poll]    <- read  st0cur     ret=0  data=['0xf7', '0x01', '0xf8', '0x01']
14:54:26.801  DEBUG   [client]  -> write cntl3mot   data=['0x01', '0x2c']
14:54:27.056  DEBUG   [client]  -> write cntl3mot   data=['0x00', '0xc8']
14:54:27.312  DEBUG   [client]  -> write cntl3mot   data=['0x00', '0x64']
14:54:27.567  DEBUG   [client]  -> write cntl3mot   data=['0x00', '0x00']
14:54:27.572  WARNING client disconnected — stopping motor
14:54:27.572  DEBUG   [client]  -> write cntl3mot   data=['0x00', '0x00']
14:54:27.577  INFO    client disconnected
14:54:27.592  DEBUG   [poll]    -> read  st2mot    
14:54:27.596  DEBUG   [poll]    <- read  st2mot     ret=0  data=['0x96', '0x00']
14:54:27.597  DEBUG   [poll]    -> read  st0cur    
14:54:27.601  DEBUG   [poll]    <- read  st0cur     ret=0  data=['0xf6', '0x01', '0xf8', '0x01']
14:54:28.603  DEBUG   [poll]    -> read  st2mot    
14:54:28.610  DEBUG   [poll]    <- read  st2mot     ret=0  data=['0x00', '0x00']
14:54:28.611  DEBUG   [poll]    -> read  st0cur    
14:54:28.615  DEBUG   [poll]    <- read  st0cur     ret=0  data=['0xfa', '0x01', '0xfc', '0x01']
14:54:28.616  WARNING *** OBSERVED STALL SIGNATURE (not acted on yet) — current=-0.29A while rpm=0 ***
14:54:29.617  DEBUG   [poll]    -> read  st2mot    
14:54:29.621  DEBUG   [poll]    <- read  st2mot     ret=0  data=['0x00', '0x00']
14:54:29.621  DEBUG   [poll]    -> read  st0cur    
14:54:29.625  DEBUG   [poll]    <- read  st0cur     ret=0  data=['0xfd', '0x01', '0x01', '0x02']
14:54:30.627  DEBUG   [poll]    -> read  st2mot    
14:54:30.630  DEBUG   [poll]    <- read  st2mot     ret=0  data=['0x00', '0x00']
14:54:30.631  DEBUG   [poll]    -> read  st0cur    
14:54:30.635  DEBUG   [poll]    <- read  st0cur     ret=0  data=['0xfe', '0x01', '0x01', '0x02']
14:54:31.637  DEBUG   [poll]    -> read  st2mot    
14:54:31.640  DEBUG   [poll]    <- read  st2mot     ret=0  data=['0x00', '0x00']
14:54:31.640  DEBUG   [poll]    -> read  st0cur    
14:54:31.645  DEBUG   [poll]    <- read  st0cur     ret=0  data=['0xfd', '0x01', '0x01', '0x02']
14:54:32.646  DEBUG   [poll]    -> read  st2mot    
14:54:32.649  DEBUG   [poll]    <- read  st2mot     ret=0  data=['0x00', '0x00']
14:54:32.650  DEBUG   [poll]    -> read  st0cur    
14:54:32.654  DEBUG   [poll]    <- read  st0cur     ret=0  data=['0xfe', '0x01', '0x01', '0x02']
14:54:33.656  DEBUG   [poll]    -> read  st2mot    
14:54:33.664  DEBUG   [poll]    <- read  st2mot     ret=0  data=['0x00', '0x00']
14:54:33.664  DEBUG   [poll]    -> read  st0cur    
14:54:33.668  DEBUG   [poll]    <- read  st0cur     ret=0  data=['0xfe', '0x01', '0x01', '0x02']
14:54:34.670  DEBUG   [poll]    -> read  st2mot    
14:54:34.673  DEBUG   [poll]    <- read  st2mot     ret=0  data=['0x00', '0x00']
14:54:34.674  DEBUG   [poll]    -> read  st0cur    
14:54:34.678  DEBUG   [poll]    <- read  st0cur     ret=0  data=['0xfe', '0x01', '0x01', '0x02']
14:54:35.679  DEBUG   [poll]    -> read  st2mot    
14:54:35.683  DEBUG   [poll]    <- read  st2mot     ret=0  data=['0x00', '0x00']
14:54:35.683  DEBUG   [poll]    -> read  st0cur    
14:54:35.687  DEBUG   [poll]    <- read  st0cur     ret=0  data=['0xfe', '0x01', '0x01', '0x02']
14:54:36.689  DEBUG   [poll]    -> read  st2mot    
14:54:36.692  DEBUG   [poll]    <- read  st2mot     ret=0  data=['0x00', '0x00']
14:54:36.693  DEBUG   [poll]    -> read  st0cur    
14:54:36.697  DEBUG   [poll]    <- read  st0cur     ret=0  data=['0xfd', '0x01', '0x01', '0x02']
14:54:37.698  DEBUG   [poll]    -> read  st2mot    
14:54:37.702  DEBUG   [poll]    <- read  st2mot     ret=0  data=['0x00', '0x00']
14:54:37.702  DEBUG   [poll]    -> read  st0cur    
14:54:37.706  DEBUG   [poll]    <- read  st0cur     ret=0  data=['0xfd', '0x01', '0x01', '0x02']
14:54:38.708  DEBUG   [poll]    -> read  st2mot    
14:54:38.715  DEBUG   [poll]    <- read  st2mot     ret=0  data=['0x00', '0x00']
14:54:38.715  DEBUG   [poll]    -> read  st0cur    
14:54:38.720  DEBUG   [poll]    <- read  st0cur     ret=0  data=['0xfd', '0x01', '0x01', '0x02']
14:54:39.102  INFO    client connected
14:54:39.102  DEBUG   [client]  -> write cntl3mot   data=['0x00', '0x00']
14:54:39.106  DEBUG   [client]  -> write cntl3mot   data=['0xfe', '0x0c']
14:54:39.110  DEBUG   [client]  -> read  st2mot    
14:54:39.112  DEBUG   [client]  <- read  st2mot     ret=0  data=['0x00', '0x00']
14:54:39.113  DEBUG   [client]  -> read  st0cur    
14:54:39.117  DEBUG   [client]  <- read  st0cur     ret=0  data=['0xfd', '0x01', '0x01', '0x02']
14:54:39.310  DEBUG   [client]  -> read  st2mot    
14:54:39.313  DEBUG   [client]  <- read  st2mot     ret=0  data=['0x00', '0x00']
14:54:39.510  DEBUG   [client]  -> read  st2mot    
14:54:39.513  DEBUG   [client]  <- read  st2mot     ret=0  data=['0x00', '0x00']
14:54:39.710  DEBUG   [client]  -> read  st2mot    
14:54:39.713  DEBUG   [client]  <- read  st2mot     ret=0  data=['0x00', '0x00']
14:54:39.721  DEBUG   [poll]    -> read  st2mot    
14:54:39.725  DEBUG   [poll]    <- read  st2mot     ret=0  data=['0x00', '0x00']
14:54:39.725  DEBUG   [poll]    -> read  st0cur    
14:54:39.730  DEBUG   [poll]    <- read  st0cur     ret=0  data=['0xfa', '0x01', '0xfd', '0x01']
14:54:39.730  WARNING *** OBSERVED STALL SIGNATURE (not acted on yet) — current=-0.29A while rpm=0 ***
14:54:39.910  DEBUG   [client]  -> read  st2mot    
14:54:39.914  DEBUG   [client]  <- read  st2mot     ret=0  data=['0x3e', '0xfe']
14:54:40.110  DEBUG   [client]  -> read  st2mot    
14:54:40.114  DEBUG   [client]  <- read  st2mot     ret=0  data=['0x0c', '0xfe']
14:54:40.115  DEBUG   [client]  -> read  st0cur    
14:54:40.119  DEBUG   [client]  <- read  st0cur     ret=0  data=['0xfa', '0x01', '0xfd', '0x01']
14:54:40.310  DEBUG   [client]  -> read  st2mot    
14:54:40.314  DEBUG   [client]  <- read  st2mot     ret=0  data=['0x25', '0xfe']
14:54:40.510  DEBUG   [client]  -> read  st2mot    
14:54:40.514  DEBUG   [client]  <- read  st2mot     ret=0  data=['0x25', '0xfe']
14:54:40.710  DEBUG   [client]  -> read  st2mot    
14:54:40.714  DEBUG   [client]  <- read  st2mot     ret=0  data=['0x0c', '0xfe']
14:54:40.732  DEBUG   [poll]    -> read  st2mot    
14:54:40.735  DEBUG   [poll]    <- read  st2mot     ret=0  data=['0x0c', '0xfe']
14:54:40.736  DEBUG   [poll]    -> read  st0cur    
14:54:40.740  DEBUG   [poll]    <- read  st0cur     ret=0  data=['0xf9', '0x01', '0xfc', '0x01']
14:54:40.910  DEBUG   [client]  -> read  st2mot    
14:54:40.914  DEBUG   [client]  <- read  st2mot     ret=0  data=['0x0c', '0xfe']
14:54:41.110  DEBUG   [client]  -> read  st2mot    
14:54:41.114  DEBUG   [client]  <- read  st2mot     ret=0  data=['0xf3', '0xfd']
14:54:41.116  DEBUG   [client]  -> read  st0cur    
14:54:41.120  DEBUG   [client]  <- read  st0cur     ret=0  data=['0xf9', '0x01', '0xfc', '0x01']
14:54:41.310  DEBUG   [client]  -> read  st2mot    
14:54:41.314  DEBUG   [client]  <- read  st2mot     ret=0  data=['0x25', '0xfe']
14:54:41.510  DEBUG   [client]  -> read  st2mot    
14:54:41.514  DEBUG   [client]  <- read  st2mot     ret=0  data=['0x0c', '0xfe']
14:54:41.710  DEBUG   [client]  -> read  st2mot    
14:54:41.714  DEBUG   [client]  <- read  st2mot     ret=0  data=['0x0c', '0xfe']
14:54:41.742  DEBUG   [poll]    -> read  st2mot    
14:54:41.745  DEBUG   [poll]    <- read  st2mot     ret=0  data=['0x0c', '0xfe']
14:54:41.746  DEBUG   [poll]    -> read  st0cur    
14:54:41.750  DEBUG   [poll]    <- read  st0cur     ret=0  data=['0xf8', '0x01', '0xfc', '0x01']
14:54:41.910  DEBUG   [client]  -> read  st2mot    
14:54:41.914  DEBUG   [client]  <- read  st2mot     ret=0  data=['0x0c', '0xfe']
14:54:42.110  DEBUG   [client]  -> read  st2mot    
14:54:42.114  DEBUG   [client]  <- read  st2mot     ret=0  data=['0xf3', '0xfd']
14:54:42.116  DEBUG   [client]  -> read  st0cur    
14:54:42.120  DEBUG   [client]  <- read  st0cur     ret=0  data=['0xf8', '0x01', '0xfc', '0x01']
14:54:42.310  DEBUG   [client]  -> read  st2mot    
14:54:42.314  DEBUG   [client]  <- read  st2mot     ret=0  data=['0x0c', '0xfe']
14:54:42.510  DEBUG   [client]  -> read  st2mot    
14:54:42.514  DEBUG   [client]  <- read  st2mot     ret=0  data=['0x25', '0xfe']
14:54:42.710  DEBUG   [client]  -> read  st2mot    
14:54:42.714  DEBUG   [client]  <- read  st2mot     ret=0  data=['0xf3', '0xfd']
14:54:42.751  DEBUG   [poll]    -> read  st2mot    
14:54:42.755  DEBUG   [poll]    <- read  st2mot     ret=0  data=['0xf3', '0xfd']
14:54:42.755  DEBUG   [poll]    -> read  st0cur    
14:54:42.760  DEBUG   [poll]    <- read  st0cur     ret=0  data=['0xf7', '0x01', '0xf9', '0x01']
14:54:42.910  DEBUG   [client]  -> read  st2mot    
14:54:42.914  DEBUG   [client]  <- read  st2mot     ret=0  data=['0x0c', '0xfe']
14:54:43.110  DEBUG   [client]  -> read  st2mot    
14:54:43.114  DEBUG   [client]  <- read  st2mot     ret=0  data=['0x0c', '0xfe']
14:54:43.115  DEBUG   [client]  -> read  st0cur    
14:54:43.120  DEBUG   [client]  <- read  st0cur     ret=0  data=['0xf7', '0x01', '0xf9', '0x01']
14:54:43.310  DEBUG   [client]  -> read  st2mot    
14:54:43.314  DEBUG   [client]  <- read  st2mot     ret=0  data=['0xf3', '0xfd']
14:54:43.510  DEBUG   [client]  -> read  st2mot    
14:54:43.514  DEBUG   [client]  <- read  st2mot     ret=0  data=['0x25', '0xfe']
14:54:43.710  DEBUG   [client]  -> read  st2mot    
14:54:43.718  DEBUG   [client]  <- read  st2mot     ret=0  data=['0x0c', '0xfe']
14:54:43.762  DEBUG   [poll]    -> read  st2mot    
14:54:43.765  DEBUG   [poll]    <- read  st2mot     ret=0  data=['0x0c', '0xfe']
14:54:43.766  DEBUG   [poll]    -> read  st0cur    
14:54:43.770  DEBUG   [poll]    <- read  st0cur     ret=0  data=['0xf8', '0x01', '0xfb', '0x01']
14:54:43.910  DEBUG   [client]  -> read  st2mot    
14:54:43.914  DEBUG   [client]  <- read  st2mot     ret=0  data=['0x0c', '0xfe']
14:54:44.110  DEBUG   [client]  -> read  st2mot    
14:54:44.114  DEBUG   [client]  <- read  st2mot     ret=0  data=['0x0c', '0xfe']
14:54:44.115  DEBUG   [client]  -> read  st0cur    
14:54:44.120  DEBUG   [client]  <- read  st0cur     ret=0  data=['0xf8', '0x01', '0xfb', '0x01']
14:54:44.310  DEBUG   [client]  -> read  st2mot    
14:54:44.314  DEBUG   [client]  <- read  st2mot     ret=0  data=['0xf3', '0xfd']
14:54:44.510  DEBUG   [client]  -> read  st2mot    
14:54:44.514  DEBUG   [client]  <- read  st2mot     ret=0  data=['0xf3', '0xfd']
14:54:44.710  DEBUG   [client]  -> read  st2mot    
14:54:44.714  DEBUG   [client]  <- read  st2mot     ret=0  data=['0x25', '0xfe']
14:54:44.771  DEBUG   [poll]    -> read  st2mot    
14:54:44.775  DEBUG   [poll]    <- read  st2mot     ret=0  data=['0xf3', '0xfd']
14:54:44.775  DEBUG   [poll]    -> read  st0cur    
14:54:44.780  DEBUG   [poll]    <- read  st0cur     ret=0  data=['0xf7', '0x01', '0xfa', '0x01']
14:54:44.910  DEBUG   [client]  -> read  st2mot    
14:54:44.914  DEBUG   [client]  <- read  st2mot     ret=0  data=['0xf3', '0xfd']
14:54:45.110  DEBUG   [client]  -> read  st2mot    
14:54:45.114  DEBUG   [client]  <- read  st2mot     ret=0  data=['0x0c', '0xfe']
14:54:45.116  DEBUG   [client]  -> read  st0cur    
14:54:45.120  DEBUG   [client]  <- read  st0cur     ret=0  data=['0xf7', '0x01', '0xfa', '0x01']
14:54:45.310  DEBUG   [client]  -> read  st2mot    
14:54:45.314  DEBUG   [client]  <- read  st2mot     ret=0  data=['0x25', '0xfe']
14:54:45.510  DEBUG   [client]  -> read  st2mot    
14:54:45.514  DEBUG   [client]  <- read  st2mot     ret=0  data=['0x0c', '0xfe']
14:54:45.710  DEBUG   [client]  -> read  st2mot    
14:54:45.714  DEBUG   [client]  <- read  st2mot     ret=0  data=['0x0c', '0xfe']
14:54:45.781  DEBUG   [poll]    -> read  st2mot    
14:54:45.784  DEBUG   [poll]    <- read  st2mot     ret=0  data=['0x0c', '0xfe']
14:54:45.785  DEBUG   [poll]    -> read  st0cur    
14:54:45.789  DEBUG   [poll]    <- read  st0cur     ret=0  data=['0xf8', '0x01', '0xfb', '0x01']
14:54:45.910  DEBUG   [client]  -> read  st2mot    
14:54:45.913  DEBUG   [client]  <- read  st2mot     ret=0  data=['0x0c', '0xfe']
14:54:45.915  DEBUG   [client]  -> write cntl3mot   data=['0xfe', '0x70']
14:54:46.171  DEBUG   [client]  -> write cntl3mot   data=['0xfe', '0xd4']
14:54:46.426  DEBUG   [client]  -> write cntl3mot   data=['0xff', '0x38']
14:54:46.682  DEBUG   [client]  -> write cntl3mot   data=['0xff', '0x9c']
14:54:46.791  DEBUG   [poll]    -> read  st2mot    
14:54:46.794  DEBUG   [poll]    <- read  st2mot     ret=0  data=['0x38', '0xff']
14:54:46.794  DEBUG   [poll]    -> read  st0cur    
14:54:46.799  DEBUG   [poll]    <- read  st0cur     ret=0  data=['0xf9', '0x01', '0xfc', '0x01']
14:54:46.937  DEBUG   [client]  -> write cntl3mot   data=['0x00', '0x00']
14:54:46.942  WARNING client disconnected — stopping motor
14:54:46.942  DEBUG   [client]  -> write cntl3mot   data=['0x00', '0x00']
14:54:46.947  INFO    client disconnected
14:54:47.800  DEBUG   [poll]    -> read  st2mot    
14:54:47.804  DEBUG   [poll]    <- read  st2mot     ret=0  data=['0x00', '0x00']
14:54:47.804  DEBUG   [poll]    -> read  st0cur    
14:54:47.808  DEBUG   [poll]    <- read  st0cur     ret=0  data=['0xfd', '0x01', '0x00', '0x02']
14:54:48.810  DEBUG   [poll]    -> read  st2mot    
14:54:48.817  DEBUG   [poll]    <- read  st2mot     ret=0  data=['0x00', '0x00']
14:54:48.817  DEBUG   [poll]    -> read  st0cur    
14:54:48.822  DEBUG   [poll]    <- read  st0cur     ret=0  data=['0xfd', '0x01', '0x01', '0x02']
14:54:49.823  DEBUG   [poll]    -> read  st2mot    
14:54:49.827  DEBUG   [poll]    <- read  st2mot     ret=0  data=['0x00', '0x00']
14:54:49.827  DEBUG   [poll]    -> read  st0cur    
14:54:49.831  DEBUG   [poll]    <- read  st0cur     ret=0  data=['0xfe', '0x01', '0x01', '0x02']
14:54:50.833  DEBUG   [poll]    -> read  st2mot    
14:54:50.836  DEBUG   [poll]    <- read  st2mot     ret=0  data=['0x00', '0x00']
14:54:50.837  DEBUG   [poll]    -> read  st0cur    
14:54:50.841  DEBUG   [poll]    <- read  st0cur     ret=0  data=['0xfd', '0x01', '0x01', '0x02']
14:54:51.842  DEBUG   [poll]    -> read  st2mot    
14:54:51.845  DEBUG   [poll]    <- read  st2mot     ret=0  data=['0x00', '0x00']
14:54:51.846  DEBUG   [poll]    -> read  st0cur    
14:54:51.850  DEBUG   [poll]    <- read  st0cur     ret=0  data=['0xfe', '0x01', '0x01', '0x02']
14:54:52.852  DEBUG   [poll]    -> read  st2mot    
14:54:52.855  DEBUG   [poll]    <- read  st2mot     ret=0  data=['0x00', '0x00']
14:54:52.855  DEBUG   [poll]    -> read  st0cur    
14:54:52.860  DEBUG   [poll]    <- read  st0cur     ret=0  data=['0xfe', '0x01', '0x01', '0x02']
14:54:53.861  DEBUG   [poll]    -> read  st2mot    
14:54:53.868  DEBUG   [poll]    <- read  st2mot     ret=0  data=['0x00', '0x00']
14:54:53.868  DEBUG   [poll]    -> read  st0cur    
14:54:53.872  DEBUG   [poll]    <- read  st0cur     ret=0  data=['0xfd', '0x01', '0x01', '0x02']
14:54:54.874  DEBUG   [poll]    -> read  st2mot    
14:54:54.877  DEBUG   [poll]    <- read  st2mot     ret=0  data=['0x00', '0x00']
14:54:54.878  DEBUG   [poll]    -> read  st0cur    
14:54:54.882  DEBUG   [poll]    <- read  st0cur     ret=0  data=['0xfe', '0x01', '0x01', '0x02']
14:54:55.883  DEBUG   [poll]    -> read  st2mot    
14:54:55.887  DEBUG   [poll]    <- read  st2mot     ret=0  data=['0x00', '0x00']
14:54:55.887  DEBUG   [poll]    -> read  st0cur    
14:54:55.891  DEBUG   [poll]    <- read  st0cur     ret=0  data=['0xfe', '0x01', '0x01', '0x02']
14:54:56.893  DEBUG   [poll]    -> read  st2mot    
14:54:56.896  DEBUG   [poll]    <- read  st2mot     ret=0  data=['0x00', '0x00']
14:54:56.897  DEBUG   [poll]    -> read  st0cur    
14:54:56.901  DEBUG   [poll]    <- read  st0cur     ret=0  data=['0xfe', '0x01', '0x01', '0x02']
14:54:57.903  DEBUG   [poll]    -> read  st2mot    
14:54:57.906  DEBUG   [poll]    <- read  st2mot     ret=0  data=['0x00', '0x00']
14:54:57.906  DEBUG   [poll]    -> read  st0cur    
14:54:57.910  DEBUG   [poll]    <- read  st0cur     ret=0  data=['0xfd', '0x01', '0x01', '0x02']
14:54:58.912  DEBUG   [poll]    -> read  st2mot    
14:54:58.919  DEBUG   [poll]    <- read  st2mot     ret=0  data=['0x00', '0x00']
14:54:58.919  DEBUG   [poll]    -> read  st0cur    
14:54:58.924  DEBUG   [poll]    <- read  st0cur     ret=0  data=['0xfd', '0x01', '0x01', '0x02']
14:54:59.925  DEBUG   [poll]    -> read  st2mot    
14:54:59.929  DEBUG   [poll]    <- read  st2mot     ret=0  data=['0x00', '0x00']
14:54:59.929  DEBUG   [poll]    -> read  st0cur    
14:54:59.933  DEBUG   [poll]    <- read  st0cur     ret=0  data=['0xfd', '0x01', '0x01', '0x02']
14:55:00.935  DEBUG   [poll]    -> read  st2mot    
14:55:00.938  DEBUG   [poll]    <- read  st2mot     ret=0  data=['0x00', '0x00']
14:55:00.939  DEBUG   [poll]    -> read  st0cur    
14:55:00.943  DEBUG   [poll]    <- read  st0cur     ret=0  data=['0xfd', '0x01', '0x01', '0x02']
14:55:01.944  DEBUG   [poll]    -> read  st2mot    
14:55:01.948  DEBUG   [poll]    <- read  st2mot     ret=0  data=['0x00', '0x00']
14:55:01.948  DEBUG   [poll]    -> read  st0cur    
14:55:01.953  DEBUG   [poll]    <- read  st0cur     ret=0  data=['0xfe', '0x01', '0x01', '0x02']
14:55:02.954  DEBUG   [poll]    -> read  st2mot    
14:55:02.957  DEBUG   [poll]    <- read  st2mot     ret=0  data=['0x00', '0x00']
14:55:02.958  DEBUG   [poll]    -> read  st0cur    
14:55:02.962  DEBUG   [poll]    <- read  st0cur     ret=0  data=['0xfe', '0x01', '0x01', '0x02']
14:55:03.964  DEBUG   [poll]    -> read  st2mot    
14:55:03.967  DEBUG   [poll]    <- read  st2mot     ret=0  data=['0x00', '0x00']
14:55:03.968  DEBUG   [poll]    -> read  st0cur    
14:55:03.972  DEBUG   [poll]    <- read  st0cur     ret=0  data=['0xfd', '0x01', '0x01', '0x02']
14:55:04.973  DEBUG   [poll]    -> read  st2mot    
14:55:04.977  DEBUG   [poll]    <- read  st2mot     ret=0  data=['0x00', '0x00']
14:55:04.977  DEBUG   [poll]    -> read  st0cur    
14:55:04.981  DEBUG   [poll]    <- read  st0cur     ret=0  data=['0xfd', '0x01', '0x01', '0x02']
14:55:05.983  DEBUG   [poll]    -> read  st2mot    
14:55:05.986  DEBUG   [poll]    <- read  st2mot     ret=0  data=['0xe7', '0xff']
14:55:05.987  DEBUG   [poll]    -> read  st0cur    
14:55:05.991  DEBUG   [poll]    <- read  st0cur     ret=0  data=['0xfe', '0x01', '0x01', '0x02']
14:55:06.992  DEBUG   [poll]    -> read  st2mot    
14:55:06.996  DEBUG   [poll]    <- read  st2mot     ret=0  data=['0x00', '0x00']
14:55:06.996  DEBUG   [poll]    -> read  st0cur    
14:55:07.001  DEBUG   [poll]    <- read  st0cur     ret=0  data=['0xfd', '0x01', '0x01', '0x02']
14:55:08.002  DEBUG   [poll]    -> read  st2mot    
14:55:08.005  DEBUG   [poll]    <- read  st2mot     ret=0  data=['0x00', '0x00']
14:55:08.006  DEBUG   [poll]    -> read  st0cur    
14:55:08.010  DEBUG   [poll]    <- read  st0cur     ret=0  data=['0xfd', '0x01', '0x01', '0x02']
14:55:09.012  DEBUG   [poll]    -> read  st2mot    
14:55:09.018  DEBUG   [poll]    <- read  st2mot     ret=0  data=['0x00', '0x00']
14:55:09.019  DEBUG   [poll]    -> read  st0cur    
14:55:09.023  DEBUG   [poll]    <- read  st0cur     ret=0  data=['0xfe', '0x01', '0x01', '0x02']
14:55:10.024  DEBUG   [poll]    -> read  st2mot    
14:55:10.028  DEBUG   [poll]    <- read  st2mot     ret=0  data=['0x00', '0x00']
14:55:10.028  DEBUG   [poll]    -> read  st0cur    
14:55:10.032  DEBUG   [poll]    <- read  st0cur     ret=0  data=['0xfe', '0x01', '0x01', '0x02']
14:55:11.034  DEBUG   [poll]    -> read  st2mot    
14:55:11.037  DEBUG   [poll]    <- read  st2mot     ret=0  data=['0x00', '0x00']
14:55:11.038  DEBUG   [poll]    -> read  st0cur    
14:55:11.042  DEBUG   [poll]    <- read  st0cur     ret=0  data=['0xfd', '0x01', '0x01', '0x02']
14:55:12.043  DEBUG   [poll]    -> read  st2mot    
14:55:12.047  DEBUG   [poll]    <- read  st2mot     ret=0  data=['0x00', '0x00']
14:55:12.047  DEBUG   [poll]    -> read  st0cur    
14:55:12.051  DEBUG   [poll]    <- read  st0cur     ret=0  data=['0xfe', '0x01', '0x01', '0x02']
14:55:13.053  DEBUG   [poll]    -> read  st2mot    
14:55:13.056  DEBUG   [poll]    <- read  st2mot     ret=0  data=['0x00', '0x00']
14:55:13.057  DEBUG   [poll]    -> read  st0cur    
14:55:13.061  DEBUG   [poll]    <- read  st0cur     ret=0  data=['0xfe', '0x01', '0x01', '0x02']
14:55:14.062  DEBUG   [poll]    -> read  st2mot    
14:55:14.069  DEBUG   [poll]    <- read  st2mot     ret=0  data=['0x00', '0x00']
14:55:14.070  DEBUG   [poll]    -> read  st0cur    
14:55:14.074  DEBUG   [poll]    <- read  st0cur     ret=0  data=['0xfe', '0x01', '0x01', '0x02']
14:55:15.076  DEBUG   [poll]    -> read  st2mot    
14:55:15.079  DEBUG   [poll]    <- read  st2mot     ret=0  data=['0x00', '0x00']
14:55:15.079  DEBUG   [poll]    -> read  st0cur    
14:55:15.083  DEBUG   [poll]    <- read  st0cur     ret=0  data=['0xfe', '0x01', '0x01', '0x02']
14:55:16.085  DEBUG   [poll]    -> read  st2mot    
14:55:16.088  DEBUG   [poll]    <- read  st2mot     ret=0  data=['0x00', '0x00']
14:55:16.089  DEBUG   [poll]    -> read  st0cur    
14:55:16.093  DEBUG   [poll]    <- read  st0cur     ret=0  data=['0xfe', '0x01', '0x01', '0x02']
14:55:17.094  DEBUG   [poll]    -> read  st2mot    
14:55:17.098  DEBUG   [poll]    <- read  st2mot     ret=0  data=['0x00', '0x00']
14:55:17.098  DEBUG   [poll]    -> read  st0cur    
14:55:17.102  DEBUG   [poll]    <- read  st0cur     ret=0  data=['0xfe', '0x01', '0x01', '0x02']
14:55:18.104  DEBUG   [poll]    -> read  st2mot    
14:55:18.107  DEBUG   [poll]    <- read  st2mot     ret=0  data=['0x00', '0x00']
14:55:18.108  DEBUG   [poll]    -> read  st0cur    
14:55:18.112  DEBUG   [poll]    <- read  st0cur     ret=0  data=['0xfe', '0x01', '0x01', '0x02']
14:55:19.113  DEBUG   [poll]    -> read  st2mot    
14:55:19.120  DEBUG   [poll]    <- read  st2mot     ret=0  data=['0x00', '0x00']
14:55:19.121  DEBUG   [poll]    -> read  st0cur    
14:55:19.125  DEBUG   [poll]    <- read  st0cur     ret=0  data=['0xfd', '0x01', '0x01', '0x02']
14:55:20.127  DEBUG   [poll]    -> read  st2mot    
14:55:20.130  DEBUG   [poll]    <- read  st2mot     ret=0  data=['0x00', '0x00']
14:55:20.130  DEBUG   [poll]    -> read  st0cur    
14:55:20.135  DEBUG   [poll]    <- read  st0cur     ret=0  data=['0xfe', '0x01', '0x01', '0x02']
14:55:21.136  DEBUG   [poll]    -> read  st2mot    
14:55:21.140  DEBUG   [poll]    <- read  st2mot     ret=0  data=['0x00', '0x00']
14:55:21.140  DEBUG   [poll]    -> read  st0cur    
14:55:21.144  DEBUG   [poll]    <- read  st0cur     ret=0  data=['0xfd', '0x01', '0x01', '0x02']
14:55:22.146  DEBUG   [poll]    -> read  st2mot    
14:55:22.149  DEBUG   [poll]    <- read  st2mot     ret=0  data=['0x00', '0x00']
14:55:22.149  DEBUG   [poll]    -> read  st0cur    
14:55:22.154  DEBUG   [poll]    <- read  st0cur     ret=0  data=['0xfd', '0x01', '0x01', '0x02']
14:55:23.155  DEBUG   [poll]    -> read  st2mot    
14:55:23.159  DEBUG   [poll]    <- read  st2mot     ret=0  data=['0x00', '0x00']
14:55:23.159  DEBUG   [poll]    -> read  st0cur    
14:55:23.163  DEBUG   [poll]    <- read  st0cur     ret=0  data=['0xfd', '0x01', '0x01', '0x02']
14:55:24.165  DEBUG   [poll]    -> read  st2mot    
14:55:24.172  DEBUG   [poll]    <- read  st2mot     ret=0  data=['0x00', '0x00']
14:55:24.172  DEBUG   [poll]    -> read  st0cur    
14:55:24.176  DEBUG   [poll]    <- read  st0cur     ret=0  data=['0xfd', '0x01', '0x01', '0x02']
14:55:25.178  DEBUG   [poll]    -> read  st2mot    
14:55:25.181  DEBUG   [poll]    <- read  st2mot     ret=0  data=['0x00', '0x00']
14:55:25.181  DEBUG   [poll]    -> read  st0cur    
14:55:25.186  DEBUG   [poll]    <- read  st0cur     ret=0  data=['0xfd', '0x01', '0x01', '0x02']
14:55:26.187  DEBUG   [poll]    -> read  st2mot    
14:55:26.191  DEBUG   [poll]    <- read  st2mot     ret=0  data=['0x00', '0x00']
14:55:26.191  DEBUG   [poll]    -> read  st0cur    
14:55:26.195  DEBUG   [poll]    <- read  st0cur     ret=0  data=['0xfd', '0x01', '0x01', '0x02']
14:55:27.197  DEBUG   [poll]    -> read  st2mot    
14:55:27.200  DEBUG   [poll]    <- read  st2mot     ret=0  data=['0x00', '0x00']
14:55:27.200  DEBUG   [poll]    -> read  st0cur    
14:55:27.205  DEBUG   [poll]    <- read  st0cur     ret=0  data=['0xfe', '0x01', '0x01', '0x02']
14:55:28.206  DEBUG   [poll]    -> read  st2mot    
14:55:28.210  DEBUG   [poll]    <- read  st2mot     ret=0  data=['0x00', '0x00']
14:55:28.210  DEBUG   [poll]    -> read  st0cur    
14:55:28.214  DEBUG   [poll]    <- read  st0cur     ret=0  data=['0xfd', '0x01', '0x01', '0x02']
14:55:29.216  DEBUG   [poll]    -> read  st2mot    
14:55:29.223  DEBUG   [poll]    <- read  st2mot     ret=0  data=['0x00', '0x00']
14:55:29.223  DEBUG   [poll]    -> read  st0cur    
14:55:29.227  DEBUG   [poll]    <- read  st0cur     ret=0  data=['0xfd', '0x01', '0x01', '0x02']
14:55:30.229  DEBUG   [poll]    -> read  st2mot    
14:55:30.232  DEBUG   [poll]    <- read  st2mot     ret=0  data=['0x00', '0x00']
14:55:30.233  DEBUG   [poll]    -> read  st0cur    
14:55:30.237  DEBUG   [poll]    <- read  st0cur     ret=0  data=['0xfd', '0x01', '0x01', '0x02']
14:55:31.238  DEBUG   [poll]    -> read  st2mot    
14:55:31.242  DEBUG   [poll]    <- read  st2mot     ret=0  data=['0x00', '0x00']
14:55:31.242  DEBUG   [poll]    -> read  st0cur    
14:55:31.246  DEBUG   [poll]    <- read  st0cur     ret=0  data=['0xfe', '0x01', '0x01', '0x02']
14:55:32.248  DEBUG   [poll]    -> read  st2mot    
14:55:32.251  DEBUG   [poll]    <- read  st2mot     ret=0  data=['0x00', '0x00']
14:55:32.252  DEBUG   [poll]    -> read  st0cur    
14:55:32.256  DEBUG   [poll]    <- read  st0cur     ret=0  data=['0xfe', '0x01', '0x01', '0x02']
14:55:33.257  DEBUG   [poll]    -> read  st2mot    
14:55:33.261  DEBUG   [poll]    <- read  st2mot     ret=0  data=['0x00', '0x00']
14:55:33.261  DEBUG   [poll]    -> read  st0cur    
14:55:33.265  DEBUG   [poll]    <- read  st0cur     ret=0  data=['0xfd', '0x01', '0x01', '0x02']
14:55:34.267  DEBUG   [poll]    -> read  st2mot    
14:55:34.274  DEBUG   [poll]    <- read  st2mot     ret=0  data=['0x00', '0x00']
14:55:34.274  DEBUG   [poll]    -> read  st0cur    
14:55:34.278  DEBUG   [poll]    <- read  st0cur     ret=0  data=['0xfe', '0x01', '0x01', '0x02']
14:55:35.280  DEBUG   [poll]    -> read  st2mot    
14:55:35.283  DEBUG   [poll]    <- read  st2mot     ret=0  data=['0x00', '0x00']
14:55:35.283  DEBUG   [poll]    -> read  st0cur    
14:55:35.288  DEBUG   [poll]    <- read  st0cur     ret=0  data=['0xfe', '0x01', '0x01', '0x02']
14:55:36.289  DEBUG   [poll]    -> read  st2mot    
14:55:36.292  DEBUG   [poll]    <- read  st2mot     ret=0  data=['0x00', '0x00']
14:55:36.293  DEBUG   [poll]    -> read  st0cur    
14:55:36.297  DEBUG   [poll]    <- read  st0cur     ret=0  data=['0xfe', '0x01', '0x01', '0x02']
14:55:37.299  DEBUG   [poll]    -> read  st2mot    
14:55:37.302  DEBUG   [poll]    <- read  st2mot     ret=0  data=['0x00', '0x00']
14:55:37.302  DEBUG   [poll]    -> read  st0cur    
14:55:37.306  DEBUG   [poll]    <- read  st0cur     ret=0  data=['0xfd', '0x01', '0x01', '0x02']
14:55:38.308  DEBUG   [poll]    -> read  st2mot    
14:55:38.311  DEBUG   [poll]    <- read  st2mot     ret=0  data=['0x00', '0x00']
14:55:38.312  DEBUG   [poll]    -> read  st0cur    
14:55:38.316  DEBUG   [poll]    <- read  st0cur     ret=0  data=['0xfe', '0x01', '0x01', '0x02']
14:55:39.317  DEBUG   [poll]    -> read  st2mot    
14:55:39.324  DEBUG   [poll]    <- read  st2mot     ret=0  data=['0x00', '0x00']
14:55:39.325  DEBUG   [poll]    -> read  st0cur    
14:55:39.329  DEBUG   [poll]    <- read  st0cur     ret=0  data=['0xfd', '0x01', '0x01', '0x02']
14:55:40.331  DEBUG   [poll]    -> read  st2mot    
14:55:40.334  DEBUG   [poll]    <- read  st2mot     ret=0  data=['0x00', '0x00']
14:55:40.334  DEBUG   [poll]    -> read  st0cur    
14:55:40.339  DEBUG   [poll]    <- read  st0cur     ret=0  data=['0xfe', '0x01', '0x01', '0x02']
14:55:41.340  DEBUG   [poll]    -> read  st2mot    
14:55:41.344  DEBUG   [poll]    <- read  st2mot     ret=0  data=['0x00', '0x00']
14:55:41.344  DEBUG   [poll]    -> read  st0cur    
14:55:41.348  DEBUG   [poll]    <- read  st0cur     ret=0  data=['0xfe', '0x01', '0x01', '0x02']
14:55:42.350  DEBUG   [poll]    -> read  st2mot    
14:55:42.353  DEBUG   [poll]    <- read  st2mot     ret=0  data=['0x00', '0x00']
14:55:42.353  DEBUG   [poll]    -> read  st0cur    
14:55:42.358  DEBUG   [poll]    <- read  st0cur     ret=0  data=['0xfd', '0x01', '0x01', '0x02']
14:55:43.359  DEBUG   [poll]    -> read  st2mot    
14:55:43.363  DEBUG   [poll]    <- read  st2mot     ret=0  data=['0x00', '0x00']
14:55:43.363  DEBUG   [poll]    -> read  st0cur    
14:55:43.367  DEBUG   [poll]    <- read  st0cur     ret=0  data=['0xfe', '0x01', '0x01', '0x02']
14:55:44.369  DEBUG   [poll]    -> read  st2mot    
14:55:44.375  DEBUG   [poll]    <- read  st2mot     ret=0  data=['0x00', '0x00']
14:55:44.376  DEBUG   [poll]    -> read  st0cur    
14:55:44.380  DEBUG   [poll]    <- read  st0cur     ret=0  data=['0xfe', '0x01', '0x01', '0x02']
14:55:45.381  DEBUG   [poll]    -> read  st2mot    
14:55:45.385  DEBUG   [poll]    <- read  st2mot     ret=0  data=['0x00', '0x00']
14:55:45.385  DEBUG   [poll]    -> read  st0cur    
14:55:45.389  DEBUG   [poll]    <- read  st0cur     ret=0  data=['0xfd', '0x01', '0x01', '0x02']
14:55:46.391  DEBUG   [poll]    -> read  st2mot    
14:55:46.394  DEBUG   [poll]    <- read  st2mot     ret=0  data=['0x00', '0x00']
14:55:46.395  DEBUG   [poll]    -> read  st0cur    
14:55:46.399  DEBUG   [poll]    <- read  st0cur     ret=0  data=['0xfd', '0x01', '0x01', '0x02']
14:55:47.400  DEBUG   [poll]    -> read  st2mot    
14:55:47.404  DEBUG   [poll]    <- read  st2mot     ret=0  data=['0x00', '0x00']
14:55:47.404  DEBUG   [poll]    -> read  st0cur    
14:55:47.408  DEBUG   [poll]    <- read  st0cur     ret=0  data=['0xfd', '0x01', '0x01', '0x02']
14:55:48.410  DEBUG   [poll]    -> read  st2mot    
14:55:48.413  DEBUG   [poll]    <- read  st2mot     ret=0  data=['0x00', '0x00']
14:55:48.414  DEBUG   [poll]    -> read  st0cur    
14:55:48.418  DEBUG   [poll]    <- read  st0cur     ret=0  data=['0xfd', '0x01', '0x01', '0x02']
14:55:49.419  DEBUG   [poll]    -> read  st2mot    
14:55:49.427  DEBUG   [poll]    <- read  st2mot     ret=0  data=['0x00', '0x00']
14:55:49.427  DEBUG   [poll]    -> read  st0cur    
14:55:49.431  DEBUG   [poll]    <- read  st0cur     ret=0  data=['0xfe', '0x01', '0x01', '0x02']
14:55:50.433  DEBUG   [poll]    -> read  st2mot    
14:55:50.436  DEBUG   [poll]    <- read  st2mot     ret=0  data=['0x00', '0x00']
14:55:50.437  DEBUG   [poll]    -> read  st0cur    
14:55:50.441  DEBUG   [poll]    <- read  st0cur     ret=0  data=['0xfd', '0x01', '0x01', '0x02']
14:55:51.442  DEBUG   [poll]    -> read  st2mot    
14:55:51.446  DEBUG   [poll]    <- read  st2mot     ret=0  data=['0x00', '0x00']
14:55:51.446  DEBUG   [poll]    -> read  st0cur    
14:55:51.450  DEBUG   [poll]    <- read  st0cur     ret=0  data=['0xfd', '0x01', '0x01', '0x02']
14:55:52.452  DEBUG   [poll]    -> read  st2mot    
14:55:52.455  DEBUG   [poll]    <- read  st2mot     ret=0  data=['0x00', '0x00']
14:55:52.456  DEBUG   [poll]    -> read  st0cur    
14:55:52.460  DEBUG   [poll]    <- read  st0cur     ret=0  data=['0xfd', '0x01', '0x01', '0x02']
14:55:53.461  DEBUG   [poll]    -> read  st2mot    
14:55:53.465  DEBUG   [poll]    <- read  st2mot     ret=0  data=['0x00', '0x00']
14:55:53.465  DEBUG   [poll]    -> read  st0cur    
14:55:53.469  DEBUG   [poll]    <- read  st0cur     ret=0  data=['0xfe', '0x01', '0x01', '0x02']
14:55:54.471  DEBUG   [poll]    -> read  st2mot    
14:55:54.478  DEBUG   [poll]    <- read  st2mot     ret=0  data=['0x00', '0x00']
14:55:54.478  DEBUG   [poll]    -> read  st0cur    
14:55:54.482  DEBUG   [poll]    <- read  st0cur     ret=0  data=['0xfd', '0x01', '0x01', '0x02']
14:55:55.484  DEBUG   [poll]    -> read  st2mot    
14:55:55.487  DEBUG   [poll]    <- read  st2mot     ret=0  data=['0x00', '0x00']
14:55:55.487  DEBUG   [poll]    -> read  st0cur    
14:55:55.492  DEBUG   [poll]    <- read  st0cur     ret=0  data=['0xfe', '0x01', '0x01', '0x02']
14:55:56.493  DEBUG   [poll]    -> read  st2mot    
14:55:56.497  DEBUG   [poll]    <- read  st2mot     ret=0  data=['0x00', '0x00']
14:55:56.497  DEBUG   [poll]    -> read  st0cur    
14:55:56.501  DEBUG   [poll]    <- read  st0cur     ret=0  data=['0xfe', '0x01', '0x01', '0x02']
14:55:57.503  DEBUG   [poll]    -> read  st2mot    
14:55:57.506  DEBUG   [poll]    <- read  st2mot     ret=0  data=['0x00', '0x00']
14:55:57.507  DEBUG   [poll]    -> read  st0cur    
14:55:57.511  DEBUG   [poll]    <- read  st0cur     ret=0  data=['0xfe', '0x01', '0x01', '0x02']
14:55:58.512  DEBUG   [poll]    -> read  st2mot    
14:55:58.516  DEBUG   [poll]    <- read  st2mot     ret=0  data=['0x00', '0x00']
14:55:58.516  DEBUG   [poll]    -> read  st0cur    
14:55:58.520  DEBUG   [poll]    <- read  st0cur     ret=0  data=['0xfd', '0x01', '0x01', '0x02']
14:55:59.522  DEBUG   [poll]    -> read  st2mot    
14:55:59.529  DEBUG   [poll]    <- read  st2mot     ret=0  data=['0x00', '0x00']
14:55:59.530  DEBUG   [poll]    -> read  st0cur    
14:55:59.534  DEBUG   [poll]    <- read  st0cur     ret=0  data=['0xfd', '0x01', '0x01', '0x02']
14:56:00.535  DEBUG   [poll]    -> read  st2mot    
14:56:00.539  DEBUG   [poll]    <- read  st2mot     ret=0  data=['0x00', '0x00']
14:56:00.539  DEBUG   [poll]    -> read  st0cur    
14:56:00.543  DEBUG   [poll]    <- read  st0cur     ret=0  data=['0xfd', '0x01', '0x01', '0x02']
14:56:01.545  DEBUG   [poll]    -> read  st2mot    
14:56:01.548  DEBUG   [poll]    <- read  st2mot     ret=0  data=['0x00', '0x00']
14:56:01.549  DEBUG   [poll]    -> read  st0cur    
14:56:01.553  DEBUG   [poll]    <- read  st0cur     ret=0  data=['0xfd', '0x01', '0x01', '0x02']
14:56:02.554  DEBUG   [poll]    -> read  st2mot    
14:56:02.558  DEBUG   [poll]    <- read  st2mot     ret=0  data=['0x00', '0x00']
14:56:02.558  DEBUG   [poll]    -> read  st0cur    
14:56:02.562  DEBUG   [poll]    <- read  st0cur     ret=0  data=['0xfd', '0x01', '0x01', '0x02']
14:56:03.564  DEBUG   [poll]    -> read  st2mot    
14:56:03.567  DEBUG   [poll]    <- read  st2mot     ret=0  data=['0x00', '0x00']
14:56:03.568  DEBUG   [poll]    -> read  st0cur    
14:56:03.572  DEBUG   [poll]    <- read  st0cur     ret=0  data=['0xfe', '0x01', '0x02', '0x02']
14:56:04.573  DEBUG   [poll]    -> read  st2mot    
14:56:04.580  DEBUG   [poll]    <- read  st2mot     ret=0  data=['0x00', '0x00']
14:56:04.581  DEBUG   [poll]    -> read  st0cur    
14:56:04.585  DEBUG   [poll]    <- read  st0cur     ret=0  data=['0xfe', '0x01', '0x01', '0x02']
14:56:05.586  DEBUG   [poll]    -> read  st2mot    
14:56:05.590  DEBUG   [poll]    <- read  st2mot     ret=0  data=['0x00', '0x00']
14:56:05.590  DEBUG   [poll]    -> read  st0cur    
14:56:05.594  DEBUG   [poll]    <- read  st0cur     ret=0  data=['0xfd', '0x01', '0x01', '0x02']
14:56:06.596  DEBUG   [poll]    -> read  st2mot    
14:56:06.599  DEBUG   [poll]    <- read  st2mot     ret=0  data=['0x00', '0x00']
14:56:06.600  DEBUG   [poll]    -> read  st0cur    
14:56:06.604  DEBUG   [poll]    <- read  st0cur     ret=0  data=['0xfd', '0x01', '0x01', '0x02']
14:56:07.605  DEBUG   [poll]    -> read  st2mot    
14:56:07.609  DEBUG   [poll]    <- read  st2mot     ret=0  data=['0x00', '0x00']
14:56:07.609  DEBUG   [poll]    -> read  st0cur    
14:56:07.613  DEBUG   [poll]    <- read  st0cur     ret=0  data=['0xfe', '0x01', '0x01', '0x02']
14:56:08.615  DEBUG   [poll]    -> read  st2mot    
14:56:08.619  DEBUG   [poll]    <- read  st2mot     ret=0  data=['0x00', '0x00']
14:56:08.619  DEBUG   [poll]    -> read  st0cur    
14:56:08.623  DEBUG   [poll]    <- read  st0cur     ret=0  data=['0xfe', '0x01', '0x01', '0x02']
14:56:09.625  DEBUG   [poll]    -> read  st2mot    
14:56:09.631  DEBUG   [poll]    <- read  st2mot     ret=0  data=['0x00', '0x00']
14:56:09.632  DEBUG   [poll]    -> read  st0cur    
14:56:09.636  DEBUG   [poll]    <- read  st0cur     ret=0  data=['0xfd', '0x01', '0x01', '0x02']
14:56:10.637  DEBUG   [poll]    -> read  st2mot    
14:56:10.641  DEBUG   [poll]    <- read  st2mot     ret=0  data=['0x00', '0x00']
14:56:10.641  DEBUG   [poll]    -> read  st0cur    
14:56:10.645  DEBUG   [poll]    <- read  st0cur     ret=0  data=['0xfe', '0x01', '0x01', '0x02']
14:56:11.647  DEBUG   [poll]    -> read  st2mot    
14:56:11.650  DEBUG   [poll]    <- read  st2mot     ret=0  data=['0x19', '0x00']
14:56:11.651  DEBUG   [poll]    -> read  st0cur    
14:56:11.655  DEBUG   [poll]    <- read  st0cur     ret=0  data=['0xfe', '0x01', '0x00', '0x02']
14:56:12.657  DEBUG   [poll]    -> read  st2mot    
14:56:12.660  DEBUG   [poll]    <- read  st2mot     ret=0  data=['0x00', '0x00']
14:56:12.660  DEBUG   [poll]    -> read  st0cur    
14:56:12.664  DEBUG   [poll]    <- read  st0cur     ret=0  data=['0xfd', '0x01', '0x01', '0x02']
14:56:13.666  DEBUG   [poll]    -> read  st2mot    
14:56:13.669  DEBUG   [poll]    <- read  st2mot     ret=0  data=['0x00', '0x00']
14:56:13.670  DEBUG   [poll]    -> read  st0cur    
14:56:13.674  DEBUG   [poll]    <- read  st0cur     ret=0  data=['0xfd', '0x01', '0x01', '0x02']
14:56:14.676  DEBUG   [poll]    -> read  st2mot    
14:56:14.679  DEBUG   [poll]    <- read  st2mot     ret=0  data=['0x00', '0x00']
14:56:14.681  DEBUG   [poll]    -> read  st0cur    
14:56:14.685  DEBUG   [poll]    <- read  st0cur     ret=0  data=['0xfd', '0x01', '0x01', '0x02']
14:56:15.686  DEBUG   [poll]    -> read  st2mot    
14:56:15.689  DEBUG   [poll]    <- read  st2mot     ret=0  data=['0x00', '0x00']
14:56:15.690  DEBUG   [poll]    -> read  st0cur    
14:56:15.694  DEBUG   [poll]    <- read  st0cur     ret=0  data=['0xfd', '0x01', '0x01', '0x02']
14:56:16.695  DEBUG   [poll]    -> read  st2mot    
14:56:16.699  DEBUG   [poll]    <- read  st2mot     ret=0  data=['0x00', '0x00']
14:56:16.699  DEBUG   [poll]    -> read  st0cur    
14:56:16.703  DEBUG   [poll]    <- read  st0cur     ret=0  data=['0xfd', '0x01', '0x01', '0x02']
14:56:17.705  DEBUG   [poll]    -> read  st2mot    
14:56:17.708  DEBUG   [poll]    <- read  st2mot     ret=0  data=['0x00', '0x00']
14:56:17.709  DEBUG   [poll]    -> read  st0cur    
14:56:17.713  DEBUG   [poll]    <- read  st0cur     ret=0  data=['0xfe', '0x01', '0x01', '0x02']
14:56:18.714  DEBUG   [poll]    -> read  st2mot    
14:56:18.718  DEBUG   [poll]    <- read  st2mot     ret=0  data=['0x00', '0x00']
14:56:18.718  DEBUG   [poll]    -> read  st0cur    
14:56:18.722  DEBUG   [poll]    <- read  st0cur     ret=0  data=['0xfe', '0x01', '0x01', '0x02']
14:56:19.724  DEBUG   [poll]    -> read  st2mot    
14:56:19.731  DEBUG   [poll]    <- read  st2mot     ret=0  data=['0x00', '0x00']
14:56:19.732  DEBUG   [poll]    -> read  st0cur    
14:56:19.736  DEBUG   [poll]    <- read  st0cur     ret=0  data=['0xfe', '0x01', '0x01', '0x02']
14:56:20.738  DEBUG   [poll]    -> read  st2mot    
14:56:20.741  DEBUG   [poll]    <- read  st2mot     ret=0  data=['0x00', '0x00']
14:56:20.742  DEBUG   [poll]    -> read  st0cur    
14:56:20.747  DEBUG   [poll]    <- read  st0cur     ret=0  data=['0xfe', '0x01', '0x01', '0x02']
14:56:21.748  DEBUG   [poll]    -> read  st2mot    
14:56:21.752  DEBUG   [poll]    <- read  st2mot     ret=0  data=['0x00', '0x00']
14:56:21.752  DEBUG   [poll]    -> read  st0cur    
14:56:21.756  DEBUG   [poll]    <- read  st0cur     ret=0  data=['0xfe', '0x01', '0x01', '0x02']
14:56:22.758  DEBUG   [poll]    -> read  st2mot    
14:56:22.761  DEBUG   [poll]    <- read  st2mot     ret=0  data=['0x00', '0x00']
14:56:22.761  DEBUG   [poll]    -> read  st0cur    
14:56:22.766  DEBUG   [poll]    <- read  st0cur     ret=0  data=['0xfe', '0x01', '0x01', '0x02']
14:56:23.767  DEBUG   [poll]    -> read  st2mot    
14:56:23.771  DEBUG   [poll]    <- read  st2mot     ret=0  data=['0x00', '0x00']
14:56:23.771  DEBUG   [poll]    -> read  st0cur    
14:56:23.775  DEBUG   [poll]    <- read  st0cur     ret=0  data=['0xfd', '0x01', '0x01', '0x02']
14:56:24.777  DEBUG   [poll]    -> read  st2mot    
14:56:24.783  DEBUG   [poll]    <- read  st2mot     ret=0  data=['0x00', '0x00']
14:56:24.784  DEBUG   [poll]    -> read  st0cur    
14:56:24.788  DEBUG   [poll]    <- read  st0cur     ret=0  data=['0xfe', '0x01', '0x01', '0x02']
14:56:25.790  DEBUG   [poll]    -> read  st2mot    
14:56:25.793  DEBUG   [poll]    <- read  st2mot     ret=0  data=['0x00', '0x00']
14:56:25.793  DEBUG   [poll]    -> read  st0cur    
14:56:25.798  DEBUG   [poll]    <- read  st0cur     ret=0  data=['0xfe', '0x01', '0x01', '0x02']
14:56:26.799  DEBUG   [poll]    -> read  st2mot    
14:56:26.803  DEBUG   [poll]    <- read  st2mot     ret=0  data=['0x00', '0x00']
14:56:26.803  DEBUG   [poll]    -> read  st0cur    
14:56:26.807  DEBUG   [poll]    <- read  st0cur     ret=0  data=['0xfe', '0x01', '0x01', '0x02']
14:56:27.809  DEBUG   [poll]    -> read  st2mot    
14:56:27.812  DEBUG   [poll]    <- read  st2mot     ret=0  data=['0x00', '0x00']
14:56:27.812  DEBUG   [poll]    -> read  st0cur    
14:56:27.817  DEBUG   [poll]    <- read  st0cur     ret=0  data=['0xfe', '0x01', '0x01', '0x02']
14:56:28.818  DEBUG   [poll]    -> read  st2mot    
14:56:28.821  DEBUG   [poll]    <- read  st2mot     ret=0  data=['0x00', '0x00']
14:56:28.822  DEBUG   [poll]    -> read  st0cur    
14:56:28.826  DEBUG   [poll]    <- read  st0cur     ret=0  data=['0xfd', '0x01', '0x01', '0x02']
14:56:29.828  DEBUG   [poll]    -> read  st2mot    
14:56:29.834  DEBUG   [poll]    <- read  st2mot     ret=0  data=['0x00', '0x00']
14:56:29.835  DEBUG   [poll]    -> read  st0cur    
14:56:29.839  DEBUG   [poll]    <- read  st0cur     ret=0  data=['0xfd', '0x01', '0x01', '0x02']
14:56:30.841  DEBUG   [poll]    -> read  st2mot    
14:56:30.844  DEBUG   [poll]    <- read  st2mot     ret=0  data=['0x00', '0x00']
14:56:30.844  DEBUG   [poll]    -> read  st0cur    
14:56:30.849  DEBUG   [poll]    <- read  st0cur     ret=0  data=['0xfe', '0x01', '0x01', '0x02']
14:56:31.850  DEBUG   [poll]    -> read  st2mot    
14:56:31.854  DEBUG   [poll]    <- read  st2mot     ret=0  data=['0x00', '0x00']
14:56:31.854  DEBUG   [poll]    -> read  st0cur    
14:56:31.858  DEBUG   [poll]    <- read  st0cur     ret=0  data=['0xfe', '0x01', '0x01', '0x02']
14:56:32.860  DEBUG   [poll]    -> read  st2mot    
14:56:32.863  DEBUG   [poll]    <- read  st2mot     ret=0  data=['0x00', '0x00']
14:56:32.864  DEBUG   [poll]    -> read  st0cur    
14:56:32.868  DEBUG   [poll]    <- read  st0cur     ret=0  data=['0xfe', '0x01', '0x01', '0x02']
14:56:33.869  DEBUG   [poll]    -> read  st2mot    
14:56:33.873  DEBUG   [poll]    <- read  st2mot     ret=0  data=['0x00', '0x00']
14:56:33.873  DEBUG   [poll]    -> read  st0cur    
14:56:33.877  DEBUG   [poll]    <- read  st0cur     ret=0  data=['0xfe', '0x01', '0x01', '0x02']
14:56:34.879  DEBUG   [poll]    -> read  st2mot    
14:56:34.886  DEBUG   [poll]    <- read  st2mot     ret=0  data=['0x00', '0x00']
14:56:34.886  DEBUG   [poll]    -> read  st0cur    
14:56:34.890  DEBUG   [poll]    <- read  st0cur     ret=0  data=['0xfe', '0x01', '0x00', '0x02']
14:56:35.892  DEBUG   [poll]    -> read  st2mot    
14:56:35.895  DEBUG   [poll]    <- read  st2mot     ret=0  data=['0x00', '0x00']
14:56:35.896  DEBUG   [poll]    -> read  st0cur    
14:56:35.900  DEBUG   [poll]    <- read  st0cur     ret=0  data=['0xfe', '0x01', '0x00', '0x02']
14:56:36.901  DEBUG   [poll]    -> read  st2mot    
14:56:36.905  DEBUG   [poll]    <- read  st2mot     ret=0  data=['0x00', '0x00']
14:56:36.905  DEBUG   [poll]    -> read  st0cur    
14:56:36.909  DEBUG   [poll]    <- read  st0cur     ret=0  data=['0xfd', '0x01', '0x01', '0x02']
14:56:37.911  DEBUG   [poll]    -> read  st2mot    
14:56:37.914  DEBUG   [poll]    <- read  st2mot     ret=0  data=['0x00', '0x00']
14:56:37.915  DEBUG   [poll]    -> read  st0cur    
14:56:37.919  DEBUG   [poll]    <- read  st0cur     ret=0  data=['0xfe', '0x01', '0x01', '0x02']
14:56:38.920  DEBUG   [poll]    -> read  st2mot    
14:56:38.924  DEBUG   [poll]    <- read  st2mot     ret=0  data=['0x00', '0x00']
14:56:38.924  DEBUG   [poll]    -> read  st0cur    
14:56:38.928  DEBUG   [poll]    <- read  st0cur     ret=0  data=['0xfd', '0x01', '0x01', '0x02']
14:56:39.930  DEBUG   [poll]    -> read  st2mot    
14:56:39.937  DEBUG   [poll]    <- read  st2mot     ret=0  data=['0x00', '0x00']
14:56:39.937  DEBUG   [poll]    -> read  st0cur    
14:56:39.942  DEBUG   [poll]    <- read  st0cur     ret=0  data=['0xfe', '0x01', '0x01', '0x02']
14:56:40.943  DEBUG   [poll]    -> read  st2mot    
14:56:40.947  DEBUG   [poll]    <- read  st2mot     ret=0  data=['0x00', '0x00']
14:56:40.947  DEBUG   [poll]    -> read  st0cur    
14:56:40.951  DEBUG   [poll]    <- read  st0cur     ret=0  data=['0xfe', '0x01', '0x01', '0x02']
14:56:41.953  DEBUG   [poll]    -> read  st2mot    
14:56:41.956  DEBUG   [poll]    <- read  st2mot     ret=0  data=['0x00', '0x00']
14:56:41.956  DEBUG   [poll]    -> read  st0cur    
14:56:41.961  DEBUG   [poll]    <- read  st0cur     ret=0  data=['0xfd', '0x01', '0x01', '0x02']
14:56:42.962  DEBUG   [poll]    -> read  st2mot    
14:56:42.966  DEBUG   [poll]    <- read  st2mot     ret=0  data=['0x00', '0x00']
14:56:42.966  DEBUG   [poll]    -> read  st0cur    
14:56:42.970  DEBUG   [poll]    <- read  st0cur     ret=0  data=['0xfd', '0x01', '0x01', '0x02']
14:56:43.972  DEBUG   [poll]    -> read  st2mot    
14:56:43.975  DEBUG   [poll]    <- read  st2mot     ret=0  data=['0x00', '0x00']
14:56:43.975  DEBUG   [poll]    -> read  st0cur    
14:56:43.980  DEBUG   [poll]    <- read  st0cur     ret=0  data=['0xfd', '0x01', '0x01', '0x02']
14:56:44.981  DEBUG   [poll]    -> read  st2mot    
14:56:44.988  DEBUG   [poll]    <- read  st2mot     ret=0  data=['0x00', '0x00']
14:56:44.988  DEBUG   [poll]    -> read  st0cur    
14:56:44.993  DEBUG   [poll]    <- read  st0cur     ret=0  data=['0xfe', '0x01', '0x01', '0x02']
14:56:45.994  DEBUG   [poll]    -> read  st2mot    
14:56:45.998  DEBUG   [poll]    <- read  st2mot     ret=0  data=['0x00', '0x00']
14:56:45.998  DEBUG   [poll]    -> read  st0cur    
14:56:46.002  DEBUG   [poll]    <- read  st0cur     ret=0  data=['0xfe', '0x01', '0x01', '0x02']
14:56:47.004  DEBUG   [poll]    -> read  st2mot    
14:56:47.007  DEBUG   [poll]    <- read  st2mot     ret=0  data=['0x00', '0x00']
14:56:47.008  DEBUG   [poll]    -> read  st0cur    
14:56:47.012  DEBUG   [poll]    <- read  st0cur     ret=0  data=['0xfe', '0x01', '0x01', '0x02']
14:56:48.013  DEBUG   [poll]    -> read  st2mot    
14:56:48.017  DEBUG   [poll]    <- read  st2mot     ret=0  data=['0x00', '0x00']
14:56:48.017  DEBUG   [poll]    -> read  st0cur    
14:56:48.021  DEBUG   [poll]    <- read  st0cur     ret=0  data=['0xfd', '0x01', '0x01', '0x02']
14:56:49.023  DEBUG   [poll]    -> read  st2mot    
14:56:49.026  DEBUG   [poll]    <- read  st2mot     ret=0  data=['0x00', '0x00']
14:56:49.026  DEBUG   [poll]    -> read  st0cur    
14:56:49.031  DEBUG   [poll]    <- read  st0cur     ret=0  data=['0xfe', '0x01', '0x01', '0x02']
14:56:50.032  DEBUG   [poll]    -> read  st2mot    
14:56:50.039  DEBUG   [poll]    <- read  st2mot     ret=0  data=['0x00', '0x00']
14:56:50.040  DEBUG   [poll]    -> read  st0cur    
14:56:50.044  DEBUG   [poll]    <- read  st0cur     ret=0  data=['0xfd', '0x01', '0x01', '0x02']
14:56:51.045  DEBUG   [poll]    -> read  st2mot    
14:56:51.049  DEBUG   [poll]    <- read  st2mot     ret=0  data=['0x00', '0x00']
14:56:51.049  DEBUG   [poll]    -> read  st0cur    
14:56:51.054  DEBUG   [poll]    <- read  st0cur     ret=0  data=['0xfe', '0x01', '0x01', '0x02']
14:56:52.055  DEBUG   [poll]    -> read  st2mot    
14:56:52.058  DEBUG   [poll]    <- read  st2mot     ret=0  data=['0x00', '0x00']
14:56:52.059  DEBUG   [poll]    -> read  st0cur    
14:56:52.063  DEBUG   [poll]    <- read  st0cur     ret=0  data=['0xfe', '0x01', '0x01', '0x02']
14:56:53.064  DEBUG   [poll]    -> read  st2mot    
14:56:53.068  DEBUG   [poll]    <- read  st2mot     ret=0  data=['0x00', '0x00']
14:56:53.068  DEBUG   [poll]    -> read  st0cur    
14:56:53.072  DEBUG   [poll]    <- read  st0cur     ret=0  data=['0xfd', '0x01', '0x01', '0x02']
14:56:54.074  DEBUG   [poll]    -> read  st2mot    
14:56:54.077  DEBUG   [poll]    <- read  st2mot     ret=0  data=['0x00', '0x00']
14:56:54.078  DEBUG   [poll]    -> read  st0cur    
14:56:54.082  DEBUG   [poll]    <- read  st0cur     ret=0  data=['0xfe', '0x01', '0x01', '0x02']
14:56:55.083  DEBUG   [poll]    -> read  st2mot    
14:56:55.090  DEBUG   [poll]    <- read  st2mot     ret=0  data=['0x00', '0x00']
14:56:55.091  DEBUG   [poll]    -> read  st0cur    
14:56:55.095  DEBUG   [poll]    <- read  st0cur     ret=0  data=['0xfe', '0x01', '0x01', '0x02']
14:56:56.096  DEBUG   [poll]    -> read  st2mot    
14:56:56.100  DEBUG   [poll]    <- read  st2mot     ret=0  data=['0x00', '0x00']
14:56:56.100  DEBUG   [poll]    -> read  st0cur    
14:56:56.104  DEBUG   [poll]    <- read  st0cur     ret=0  data=['0xfe', '0x01', '0x01', '0x02']
14:56:57.106  DEBUG   [poll]    -> read  st2mot    
14:56:57.109  DEBUG   [poll]    <- read  st2mot     ret=0  data=['0x00', '0x00']
14:56:57.110  DEBUG   [poll]    -> read  st0cur    
14:56:57.114  DEBUG   [poll]    <- read  st0cur     ret=0  data=['0xfd', '0x01', '0x01', '0x02']
14:56:58.116  DEBUG   [poll]    -> read  st2mot    
14:56:58.119  DEBUG   [poll]    <- read  st2mot     ret=0  data=['0x00', '0x00']
14:56:58.120  DEBUG   [poll]    -> read  st0cur    
14:56:58.124  DEBUG   [poll]    <- read  st0cur     ret=0  data=['0xfd', '0x01', '0x01', '0x02']
14:56:59.125  DEBUG   [poll]    -> read  st2mot    
14:56:59.129  DEBUG   [poll]    <- read  st2mot     ret=0  data=['0x00', '0x00']
14:56:59.129  DEBUG   [poll]    -> read  st0cur    
14:56:59.133  DEBUG   [poll]    <- read  st0cur     ret=0  data=['0xfd', '0x01', '0x01', '0x02']
14:57:00.135  DEBUG   [poll]    -> read  st2mot    
14:57:00.138  DEBUG   [poll]    <- read  st2mot     ret=0  data=['0x00', '0x00']
14:57:00.139  DEBUG   [poll]    -> read  st0cur    
14:57:00.143  DEBUG   [poll]    <- read  st0cur     ret=0  data=['0xfd', '0x01', '0x01', '0x02']
14:57:01.145  DEBUG   [poll]    -> read  st2mot    
14:57:01.148  DEBUG   [poll]    <- read  st2mot     ret=0  data=['0x00', '0x00']
14:57:01.149  DEBUG   [poll]    -> read  st0cur    
14:57:01.153  DEBUG   [poll]    <- read  st0cur     ret=0  data=['0xfe', '0x01', '0x01', '0x02']
14:57:02.154  DEBUG   [poll]    -> read  st2mot    
14:57:02.158  DEBUG   [poll]    <- read  st2mot     ret=0  data=['0x00', '0x00']
14:57:02.158  DEBUG   [poll]    -> read  st0cur    
14:57:02.162  DEBUG   [poll]    <- read  st0cur     ret=0  data=['0xfd', '0x01', '0x01', '0x02']
14:57:03.164  DEBUG   [poll]    -> read  st2mot    
14:57:03.167  DEBUG   [poll]    <- read  st2mot     ret=0  data=['0x00', '0x00']
14:57:03.167  DEBUG   [poll]    -> read  st0cur    
14:57:03.172  DEBUG   [poll]    <- read  st0cur     ret=0  data=['0xfd', '0x01', '0x01', '0x02']
14:57:04.173  DEBUG   [poll]    -> read  st2mot    
14:57:04.176  DEBUG   [poll]    <- read  st2mot     ret=0  data=['0x00', '0x00']
14:57:04.177  DEBUG   [poll]    -> read  st0cur    
14:57:04.181  DEBUG   [poll]    <- read  st0cur     ret=0  data=['0xfd', '0x01', '0x01', '0x02']
14:57:05.183  DEBUG   [poll]    -> read  st2mot    
14:57:05.190  DEBUG   [poll]    <- read  st2mot     ret=0  data=['0x00', '0x00']
14:57:05.190  DEBUG   [poll]    -> read  st0cur    
14:57:05.194  DEBUG   [poll]    <- read  st0cur     ret=0  data=['0xfd', '0x01', '0x01', '0x02']
14:57:06.196  DEBUG   [poll]    -> read  st2mot    
14:57:06.199  DEBUG   [poll]    <- read  st2mot     ret=0  data=['0x00', '0x00']
14:57:06.200  DEBUG   [poll]    -> read  st0cur    
14:57:06.204  DEBUG   [poll]    <- read  st0cur     ret=0  data=['0xfe', '0x01', '0x01', '0x02']
14:57:07.206  DEBUG   [poll]    -> read  st2mot    
14:57:07.209  DEBUG   [poll]    <- read  st2mot     ret=0  data=['0x00', '0x00']
14:57:07.209  DEBUG   [poll]    -> read  st0cur    
14:57:07.214  DEBUG   [poll]    <- read  st0cur     ret=0  data=['0xfd', '0x01', '0x01', '0x02']
14:57:08.215  DEBUG   [poll]    -> read  st2mot    
14:57:08.219  DEBUG   [poll]    <- read  st2mot     ret=0  data=['0x00', '0x00']
14:57:08.219  DEBUG   [poll]    -> read  st0cur    
14:57:08.223  DEBUG   [poll]    <- read  st0cur     ret=0  data=['0xfe', '0x01', '0x01', '0x02']
14:57:09.225  DEBUG   [poll]    -> read  st2mot    
14:57:09.228  DEBUG   [poll]    <- read  st2mot     ret=0  data=['0x00', '0x00']
14:57:09.229  DEBUG   [poll]    -> read  st0cur    
14:57:09.233  DEBUG   [poll]    <- read  st0cur     ret=0  data=['0xfe', '0x01', '0x01', '0x02']
14:57:10.235  DEBUG   [poll]    -> read  st2mot    
14:57:10.241  DEBUG   [poll]    <- read  st2mot     ret=0  data=['0x00', '0x00']
14:57:10.242  DEBUG   [poll]    -> read  st0cur    
14:57:10.246  DEBUG   [poll]    <- read  st0cur     ret=0  data=['0xfe', '0x01', '0x01', '0x02']
14:57:11.247  DEBUG   [poll]    -> read  st2mot    
14:57:11.251  DEBUG   [poll]    <- read  st2mot     ret=0  data=['0x00', '0x00']
14:57:11.251  DEBUG   [poll]    -> read  st0cur    
14:57:11.255  DEBUG   [poll]    <- read  st0cur     ret=0  data=['0xfd', '0x01', '0x01', '0x02']
14:57:12.257  DEBUG   [poll]    -> read  st2mot    
14:57:12.260  DEBUG   [poll]    <- read  st2mot     ret=0  data=['0x00', '0x00']
14:57:12.261  DEBUG   [poll]    -> read  st0cur    
14:57:12.265  DEBUG   [poll]    <- read  st0cur     ret=0  data=['0xfe', '0x01', '0x01', '0x02']
14:57:13.266  DEBUG   [poll]    -> read  st2mot    
14:57:13.270  DEBUG   [poll]    <- read  st2mot     ret=0  data=['0x00', '0x00']
14:57:13.271  DEBUG   [poll]    -> read  st0cur    
14:57:13.276  DEBUG   [poll]    <- read  st0cur     ret=0  data=['0xfd', '0x01', '0x01', '0x02']
14:57:13.475  INFO    client connected
14:57:13.475  DEBUG   [client]  -> write cntl3mot   data=['0x00', '0x00']
14:57:13.479  DEBUG   [client]  -> write cntl3mot   data=['0x01', '0xf4']
14:57:13.483  DEBUG   [client]  -> read  st2mot    
14:57:13.486  DEBUG   [client]  <- read  st2mot     ret=0  data=['0x00', '0x00']
14:57:13.487  DEBUG   [client]  -> read  st0cur    
14:57:13.491  DEBUG   [client]  <- read  st0cur     ret=0  data=['0xfd', '0x01', '0x01', '0x02']
14:57:13.683  DEBUG   [client]  -> read  st2mot    
14:57:13.686  DEBUG   [client]  <- read  st2mot     ret=0  data=['0x00', '0x00']
14:57:13.883  DEBUG   [client]  -> read  st2mot    
14:57:13.886  DEBUG   [client]  <- read  st2mot     ret=0  data=['0x00', '0x00']
14:57:14.083  DEBUG   [client]  -> read  st2mot    
14:57:14.086  DEBUG   [client]  <- read  st2mot     ret=0  data=['0x00', '0x00']
14:57:14.277  DEBUG   [poll]    -> read  st2mot    
14:57:14.281  DEBUG   [poll]    <- read  st2mot     ret=0  data=['0x2c', '0x01']
14:57:14.281  DEBUG   [poll]    -> read  st0cur    
14:57:14.285  DEBUG   [poll]    <- read  st0cur     ret=0  data=['0xfa', '0x01', '0xfe', '0x01']
14:57:14.286  DEBUG   [client]  -> read  st2mot    
14:57:14.289  DEBUG   [client]  <- read  st2mot     ret=0  data=['0x2c', '0x01']
14:57:14.483  DEBUG   [client]  -> read  st2mot    
14:57:14.487  DEBUG   [client]  <- read  st2mot     ret=0  data=['0x3f', '0x02']
14:57:14.488  DEBUG   [client]  -> read  st0cur    
14:57:14.492  DEBUG   [client]  <- read  st0cur     ret=0  data=['0xfa', '0x01', '0xfe', '0x01']
14:57:14.683  DEBUG   [client]  -> read  st2mot    
14:57:14.687  DEBUG   [client]  <- read  st2mot     ret=0  data=['0xdb', '0x01']
14:57:14.884  DEBUG   [client]  -> read  st2mot    
14:57:14.887  DEBUG   [client]  <- read  st2mot     ret=0  data=['0x0d', '0x02']
14:57:15.084  DEBUG   [client]  -> read  st2mot    
14:57:15.087  DEBUG   [client]  <- read  st2mot     ret=0  data=['0x0d', '0x02']
14:57:15.284  DEBUG   [client]  -> read  st2mot    
14:57:15.290  DEBUG   [client]  <- read  st2mot     ret=0  data=['0xf4', '0x01']
14:57:15.291  DEBUG   [poll]    -> read  st2mot    
14:57:15.295  DEBUG   [poll]    <- read  st2mot     ret=0  data=['0xf4', '0x01']
14:57:15.295  DEBUG   [poll]    -> read  st0cur    
14:57:15.300  DEBUG   [poll]    <- read  st0cur     ret=0  data=['0xf7', '0x01', '0xf9', '0x01']
14:57:15.484  DEBUG   [client]  -> read  st2mot    
14:57:15.487  DEBUG   [client]  <- read  st2mot     ret=0  data=['0xf4', '0x01']
14:57:15.489  DEBUG   [client]  -> read  st0cur    
14:57:15.493  DEBUG   [client]  <- read  st0cur     ret=0  data=['0xf7', '0x01', '0xf9', '0x01']
14:57:15.684  DEBUG   [client]  -> read  st2mot    
14:57:15.687  DEBUG   [client]  <- read  st2mot     ret=0  data=['0xf4', '0x01']
14:57:15.884  DEBUG   [client]  -> read  st2mot    
14:57:15.887  DEBUG   [client]  <- read  st2mot     ret=0  data=['0xf4', '0x01']
14:57:16.084  DEBUG   [client]  -> read  st2mot    
14:57:16.087  DEBUG   [client]  <- read  st2mot     ret=0  data=['0xf4', '0x01']
14:57:16.284  DEBUG   [client]  -> read  st2mot    
14:57:16.287  DEBUG   [client]  <- read  st2mot     ret=0  data=['0x0d', '0x02']
14:57:16.301  DEBUG   [poll]    -> read  st2mot    
14:57:16.305  DEBUG   [poll]    <- read  st2mot     ret=0  data=['0x0d', '0x02']
14:57:16.305  DEBUG   [poll]    -> read  st0cur    
14:57:16.310  DEBUG   [poll]    <- read  st0cur     ret=0  data=['0xf9', '0x01', '0xfc', '0x01']
14:57:16.484  DEBUG   [client]  -> read  st2mot    
14:57:16.487  DEBUG   [client]  <- read  st2mot     ret=0  data=['0x0d', '0x02']
14:57:16.489  DEBUG   [client]  -> read  st0cur    
14:57:16.493  DEBUG   [client]  <- read  st0cur     ret=0  data=['0xf9', '0x01', '0xfc', '0x01']
14:57:16.684  DEBUG   [client]  -> read  st2mot    
14:57:16.687  DEBUG   [client]  <- read  st2mot     ret=0  data=['0xdb', '0x01']
14:57:16.884  DEBUG   [client]  -> read  st2mot    
14:57:16.887  DEBUG   [client]  <- read  st2mot     ret=0  data=['0x0d', '0x02']
14:57:17.084  DEBUG   [client]  -> read  st2mot    
14:57:17.087  DEBUG   [client]  <- read  st2mot     ret=0  data=['0xdb', '0x01']
14:57:17.284  DEBUG   [client]  -> read  st2mot    
14:57:17.287  DEBUG   [client]  <- read  st2mot     ret=0  data=['0xf4', '0x01']
14:57:17.311  DEBUG   [poll]    -> read  st2mot    
14:57:17.315  DEBUG   [poll]    <- read  st2mot     ret=0  data=['0xf4', '0x01']
14:57:17.315  DEBUG   [poll]    -> read  st0cur    
14:57:17.320  DEBUG   [poll]    <- read  st0cur     ret=0  data=['0xf8', '0x01', '0xfa', '0x01']
14:57:17.484  DEBUG   [client]  -> read  st2mot    
14:57:17.487  DEBUG   [client]  <- read  st2mot     ret=0  data=['0xdb', '0x01']
14:57:17.489  DEBUG   [client]  -> read  st0cur    
14:57:17.493  DEBUG   [client]  <- read  st0cur     ret=0  data=['0xf8', '0x01', '0xfa', '0x01']
14:57:17.684  DEBUG   [client]  -> read  st2mot    
14:57:17.687  DEBUG   [client]  <- read  st2mot     ret=0  data=['0xf4', '0x01']
14:57:17.884  DEBUG   [client]  -> read  st2mot    
14:57:17.887  DEBUG   [client]  <- read  st2mot     ret=0  data=['0xdb', '0x01']
14:57:18.084  DEBUG   [client]  -> read  st2mot    
14:57:18.087  DEBUG   [client]  <- read  st2mot     ret=0  data=['0x0d', '0x02']
14:57:18.284  DEBUG   [client]  -> read  st2mot    
14:57:18.287  DEBUG   [client]  <- read  st2mot     ret=0  data=['0xdb', '0x01']
14:57:18.321  DEBUG   [poll]    -> read  st2mot    
14:57:18.325  DEBUG   [poll]    <- read  st2mot     ret=0  data=['0xdb', '0x01']
14:57:18.325  DEBUG   [poll]    -> read  st0cur    
14:57:18.329  DEBUG   [poll]    <- read  st0cur     ret=0  data=['0xfa', '0x01', '0xfe', '0x01']
14:57:18.484  DEBUG   [client]  -> read  st2mot    
14:57:18.487  DEBUG   [client]  <- read  st2mot     ret=0  data=['0x0d', '0x02']
14:57:18.489  DEBUG   [client]  -> read  st0cur    
14:57:18.493  DEBUG   [client]  <- read  st0cur     ret=0  data=['0xfa', '0x01', '0xfe', '0x01']
14:57:18.684  DEBUG   [client]  -> read  st2mot    
14:57:18.687  DEBUG   [client]  <- read  st2mot     ret=0  data=['0xf4', '0x01']
14:57:18.884  DEBUG   [client]  -> read  st2mot    
14:57:18.887  DEBUG   [client]  <- read  st2mot     ret=0  data=['0xf4', '0x01']
14:57:19.084  DEBUG   [client]  -> read  st2mot    
14:57:19.087  DEBUG   [client]  <- read  st2mot     ret=0  data=['0xf4', '0x01']
14:57:19.284  DEBUG   [client]  -> read  st2mot    
14:57:19.287  DEBUG   [client]  <- read  st2mot     ret=0  data=['0xf4', '0x01']
14:57:19.331  DEBUG   [poll]    -> read  st2mot    
14:57:19.335  DEBUG   [poll]    <- read  st2mot     ret=0  data=['0xdb', '0x01']
14:57:19.335  DEBUG   [poll]    -> read  st0cur    
14:57:19.339  DEBUG   [poll]    <- read  st0cur     ret=0  data=['0xf8', '0x01', '0xfa', '0x01']
14:57:19.484  DEBUG   [client]  -> read  st2mot    
14:57:19.487  DEBUG   [client]  <- read  st2mot     ret=0  data=['0xf4', '0x01']
14:57:19.489  DEBUG   [client]  -> read  st0cur    
14:57:19.493  DEBUG   [client]  <- read  st0cur     ret=0  data=['0xf8', '0x01', '0xfa', '0x01']
14:57:19.684  DEBUG   [client]  -> read  st2mot    
14:57:19.687  DEBUG   [client]  <- read  st2mot     ret=0  data=['0xf4', '0x01']
14:57:19.884  DEBUG   [client]  -> read  st2mot    
14:57:19.887  DEBUG   [client]  <- read  st2mot     ret=0  data=['0xf4', '0x01']
14:57:20.084  DEBUG   [client]  -> read  st2mot    
14:57:20.087  DEBUG   [client]  <- read  st2mot     ret=0  data=['0xf4', '0x01']
14:57:20.290  DEBUG   [client]  -> read  st2mot    
14:57:20.294  DEBUG   [client]  <- read  st2mot     ret=0  data=['0xf4', '0x01']
14:57:20.296  DEBUG   [client]  -> write cntl3mot   data=['0x01', '0x90']
14:57:20.341  DEBUG   [poll]    -> read  st2mot    
14:57:20.345  DEBUG   [poll]    <- read  st2mot     ret=0  data=['0xdb', '0x01']
14:57:20.345  DEBUG   [poll]    -> read  st0cur    
14:57:20.349  DEBUG   [poll]    <- read  st0cur     ret=0  data=['0xf8', '0x01', '0xfb', '0x01']
14:57:20.551  DEBUG   [client]  -> write cntl3mot   data=['0x01', '0x2c']
14:57:20.807  DEBUG   [client]  -> write cntl3mot   data=['0x00', '0xc8']
14:57:21.063  DEBUG   [client]  -> write cntl3mot   data=['0x00', '0x64']
14:57:21.318  DEBUG   [client]  -> write cntl3mot   data=['0x00', '0x00']
14:57:21.323  WARNING client disconnected — stopping motor
14:57:21.323  DEBUG   [client]  -> write cntl3mot   data=['0x00', '0x00']
14:57:21.328  INFO    client disconnected
14:57:21.351  DEBUG   [poll]    -> read  st2mot    
14:57:21.355  DEBUG   [poll]    <- read  st2mot     ret=0  data=['0x7d', '0x00']
14:57:21.355  DEBUG   [poll]    -> read  st0cur    
14:57:21.360  DEBUG   [poll]    <- read  st0cur     ret=0  data=['0xf9', '0x01', '0xfa', '0x01']
14:57:22.362  DEBUG   [poll]    -> read  st2mot    
14:57:22.365  DEBUG   [poll]    <- read  st2mot     ret=0  data=['0x00', '0x00']
14:57:22.366  DEBUG   [poll]    -> read  st0cur    
14:57:22.370  DEBUG   [poll]    <- read  st0cur     ret=0  data=['0xfc', '0x01', '0x00', '0x02']
14:57:22.370  WARNING *** OBSERVED STALL SIGNATURE (not acted on yet) — current=-0.20A while rpm=0 ***
14:57:23.372  DEBUG   [poll]    -> read  st2mot    
14:57:23.375  DEBUG   [poll]    <- read  st2mot     ret=0  data=['0x00', '0x00']
14:57:23.376  DEBUG   [poll]    -> read  st0cur    
14:57:23.380  DEBUG   [poll]    <- read  st0cur     ret=0  data=['0xfd', '0x01', '0x01', '0x02']
14:57:24.382  DEBUG   [poll]    -> read  st2mot    
14:57:24.385  DEBUG   [poll]    <- read  st2mot     ret=0  data=['0x00', '0x00']
14:57:24.385  DEBUG   [poll]    -> read  st0cur    
14:57:24.390  DEBUG   [poll]    <- read  st0cur     ret=0  data=['0xfd', '0x01', '0x01', '0x02']
14:57:25.391  DEBUG   [poll]    -> read  st2mot    
14:57:25.398  DEBUG   [poll]    <- read  st2mot     ret=0  data=['0x00', '0x00']
14:57:25.399  DEBUG   [poll]    -> read  st0cur    
14:57:25.403  DEBUG   [poll]    <- read  st0cur     ret=0  data=['0xfe', '0x01', '0x01', '0x02']
14:57:26.404  DEBUG   [poll]    -> read  st2mot    
14:57:26.408  DEBUG   [poll]    <- read  st2mot     ret=0  data=['0x00', '0x00']
14:57:26.408  DEBUG   [poll]    -> read  st0cur    
14:57:26.412  DEBUG   [poll]    <- read  st0cur     ret=0  data=['0xfd', '0x01', '0x01', '0x02']
14:57:27.414  DEBUG   [poll]    -> read  st2mot    
14:57:27.417  DEBUG   [poll]    <- read  st2mot     ret=0  data=['0x00', '0x00']
14:57:27.418  DEBUG   [poll]    -> read  st0cur    
14:57:27.422  DEBUG   [poll]    <- read  st0cur     ret=0  data=['0xfe', '0x01', '0x01', '0x02']
14:57:28.423  DEBUG   [poll]    -> read  st2mot    
14:57:28.427  DEBUG   [poll]    <- read  st2mot     ret=0  data=['0x00', '0x00']
14:57:28.427  DEBUG   [poll]    -> read  st0cur    
14:57:28.431  DEBUG   [poll]    <- read  st0cur     ret=0  data=['0xfe', '0x01', '0x01', '0x02']
14:57:29.433  DEBUG   [poll]    -> read  st2mot    
14:57:29.436  DEBUG   [poll]    <- read  st2mot     ret=0  data=['0x00', '0x00']
14:57:29.436  DEBUG   [poll]    -> read  st0cur    
14:57:29.441  DEBUG   [poll]    <- read  st0cur     ret=0  data=['0xfe', '0x01', '0x01', '0x02']
14:57:30.442  DEBUG   [poll]    -> read  st2mot    
14:57:30.445  DEBUG   [poll]    <- read  st2mot     ret=0  data=['0x00', '0x00']
14:57:30.446  DEBUG   [poll]    -> read  st0cur    
14:57:30.450  DEBUG   [poll]    <- read  st0cur     ret=0  data=['0xfe', '0x01', '0x01', '0x02']
14:57:31.451  DEBUG   [poll]    -> read  st2mot    
14:57:31.455  DEBUG   [poll]    <- read  st2mot     ret=0  data=['0x00', '0x00']
14:57:31.455  DEBUG   [poll]    -> read  st0cur    
14:57:31.459  DEBUG   [poll]    <- read  st0cur     ret=0  data=['0xfd', '0x01', '0x01', '0x02']
14:57:32.461  DEBUG   [poll]    -> read  st2mot    
14:57:32.464  DEBUG   [poll]    <- read  st2mot     ret=0  data=['0x00', '0x00']
14:57:32.465  DEBUG   [poll]    -> read  st0cur    
14:57:32.469  DEBUG   [poll]    <- read  st0cur     ret=0  data=['0xfe', '0x01', '0x01', '0x02']
14:57:33.471  DEBUG   [poll]    -> read  st2mot    
14:57:33.474  DEBUG   [poll]    <- read  st2mot     ret=0  data=['0x00', '0x00']
14:57:33.474  DEBUG   [poll]    -> read  st0cur    
14:57:33.479  DEBUG   [poll]    <- read  st0cur     ret=0  data=['0xfd', '0x01', '0x01', '0x02']
14:57:33.984  INFO    client connected
14:57:33.984  DEBUG   [client]  -> write cntl3mot   data=['0x00', '0x00']
14:57:33.988  DEBUG   [client]  -> write cntl3mot   data=['0x01', '0xf4']
14:57:33.991  DEBUG   [client]  -> read  st2mot    
14:57:33.994  DEBUG   [client]  <- read  st2mot     ret=0  data=['0x00', '0x00']
14:57:33.995  DEBUG   [client]  -> read  st0cur    
14:57:33.999  DEBUG   [client]  <- read  st0cur     ret=0  data=['0xfd', '0x01', '0x01', '0x02']
14:57:34.192  DEBUG   [client]  -> read  st2mot    
14:57:34.195  DEBUG   [client]  <- read  st2mot     ret=0  data=['0x00', '0x00']
14:57:34.392  DEBUG   [client]  -> read  st2mot    
14:57:34.395  DEBUG   [client]  <- read  st2mot     ret=0  data=['0x00', '0x00']
14:57:34.480  DEBUG   [poll]    -> read  st2mot    
14:57:34.483  DEBUG   [poll]    <- read  st2mot     ret=0  data=['0x00', '0x00']
14:57:34.483  DEBUG   [poll]    -> read  st0cur    
14:57:34.487  DEBUG   [poll]    <- read  st0cur     ret=0  data=['0xfd', '0x01', '0x00', '0x02']
14:57:34.592  DEBUG   [client]  -> read  st2mot    
14:57:34.595  DEBUG   [client]  <- read  st2mot     ret=0  data=['0x00', '0x00']
14:57:34.792  DEBUG   [client]  -> read  st2mot    
14:57:34.795  DEBUG   [client]  <- read  st2mot     ret=0  data=['0x00', '0x00']
14:57:34.992  DEBUG   [client]  -> read  st2mot    
14:57:34.995  DEBUG   [client]  <- read  st2mot     ret=0  data=['0x00', '0x00']
14:57:34.997  DEBUG   [client]  -> read  st0cur    
14:57:35.001  DEBUG   [client]  <- read  st0cur     ret=0  data=['0xfd', '0x01', '0x00', '0x02']
14:57:35.192  DEBUG   [client]  -> read  st2mot    
14:57:35.195  DEBUG   [client]  <- read  st2mot     ret=0  data=['0x00', '0x00']
14:57:35.392  DEBUG   [client]  -> read  st2mot    
14:57:35.395  DEBUG   [client]  <- read  st2mot     ret=0  data=['0x00', '0x00']
14:57:35.489  DEBUG   [poll]    -> read  st2mot    
14:57:35.496  DEBUG   [poll]    <- read  st2mot     ret=0  data=['0x00', '0x00']
14:57:35.497  DEBUG   [poll]    -> read  st0cur    
14:57:35.501  DEBUG   [poll]    <- read  st0cur     ret=0  data=['0xfa', '0x01', '0xfe', '0x01']
14:57:35.501  WARNING *** OBSERVED STALL SIGNATURE (not acted on yet) — current=-0.29A while rpm=0 ***
14:57:35.592  DEBUG   [client]  -> read  st2mot    
14:57:35.595  DEBUG   [client]  <- read  st2mot     ret=0  data=['0x00', '0x00']
14:57:35.792  DEBUG   [client]  -> read  st2mot    
14:57:35.796  DEBUG   [client]  <- read  st2mot     ret=0  data=['0x00', '0x00']
14:57:35.992  DEBUG   [client]  -> read  st2mot    
14:57:35.996  DEBUG   [client]  <- read  st2mot     ret=0  data=['0x00', '0x00']
14:57:35.998  DEBUG   [client]  -> read  st0cur    
14:57:36.002  DEBUG   [client]  <- read  st0cur     ret=0  data=['0xfa', '0x01', '0xfe', '0x01']
14:57:36.192  DEBUG   [client]  -> read  st2mot    
14:57:36.195  DEBUG   [client]  <- read  st2mot     ret=0  data=['0x00', '0x00']
14:57:36.392  DEBUG   [client]  -> read  st2mot    
14:57:36.395  DEBUG   [client]  <- read  st2mot     ret=0  data=['0x00', '0x00']
14:57:36.503  DEBUG   [poll]    -> read  st2mot    
14:57:36.506  DEBUG   [poll]    <- read  st2mot     ret=0  data=['0x00', '0x00']
14:57:36.506  DEBUG   [poll]    -> read  st0cur    
14:57:36.511  DEBUG   [poll]    <- read  st0cur     ret=0  data=['0xfe', '0x01', '0x01', '0x02']
14:57:36.592  DEBUG   [client]  -> read  st2mot    
14:57:36.595  DEBUG   [client]  <- read  st2mot     ret=0  data=['0x00', '0x00']
14:57:36.792  DEBUG   [client]  -> read  st2mot    
14:57:36.795  DEBUG   [client]  <- read  st2mot     ret=0  data=['0x00', '0x00']
14:57:36.992  DEBUG   [client]  -> read  st2mot    
14:57:36.995  DEBUG   [client]  <- read  st2mot     ret=0  data=['0x00', '0x00']
14:57:36.997  DEBUG   [client]  -> read  st0cur    
14:57:37.001  DEBUG   [client]  <- read  st0cur     ret=0  data=['0xfe', '0x01', '0x01', '0x02']
14:57:37.192  DEBUG   [client]  -> read  st2mot    
14:57:37.195  DEBUG   [client]  <- read  st2mot     ret=0  data=['0x00', '0x00']
14:57:37.392  DEBUG   [client]  -> read  st2mot    
14:57:37.395  DEBUG   [client]  <- read  st2mot     ret=0  data=['0x00', '0x00']
14:57:37.512  DEBUG   [poll]    -> read  st2mot    
14:57:37.515  DEBUG   [poll]    <- read  st2mot     ret=0  data=['0x00', '0x00']
14:57:37.516  WARNING STALL suspected — commanded speed=500 but rpm=0 — stopping motor
14:57:37.516  DEBUG   [poll]    -> write cntl3mot   data=['0x00', '0x00']
14:57:37.520  DEBUG   [poll]    -> read  st0cur    
14:57:37.524  DEBUG   [poll]    <- read  st0cur     ret=0  data=['0xfe', '0x01', '0x01', '0x02']
14:57:37.592  DEBUG   [client]  -> read  st2mot    
14:57:37.595  DEBUG   [client]  <- read  st2mot     ret=0  data=['0x00', '0x00']
14:57:37.792  DEBUG   [client]  -> read  st2mot    
14:57:37.795  DEBUG   [client]  <- read  st2mot     ret=0  data=['0x00', '0x00']
14:57:37.992  DEBUG   [client]  -> read  st2mot    
14:57:37.995  DEBUG   [client]  <- read  st2mot     ret=0  data=['0x00', '0x00']
14:57:37.997  DEBUG   [client]  -> read  st0cur    
14:57:38.001  DEBUG   [client]  <- read  st0cur     ret=0  data=['0xfe', '0x01', '0x01', '0x02']
14:57:38.192  DEBUG   [client]  -> read  st2mot    
14:57:38.196  DEBUG   [client]  <- read  st2mot     ret=0  data=['0x00', '0x00']
14:57:38.392  DEBUG   [client]  -> read  st2mot    
14:57:38.395  DEBUG   [client]  <- read  st2mot     ret=0  data=['0x00', '0x00']
14:57:38.525  DEBUG   [poll]    -> read  st2mot    
14:57:38.529  DEBUG   [poll]    <- read  st2mot     ret=0  data=['0x00', '0x00']
14:57:38.529  DEBUG   [poll]    -> read  st0cur    
14:57:38.533  DEBUG   [poll]    <- read  st0cur     ret=0  data=['0xfe', '0x01', '0x01', '0x02']
14:57:38.592  DEBUG   [client]  -> read  st2mot    
14:57:38.596  DEBUG   [client]  <- read  st2mot     ret=0  data=['0x00', '0x00']
14:57:38.792  DEBUG   [client]  -> read  st2mot    
14:57:38.796  DEBUG   [client]  <- read  st2mot     ret=0  data=['0x00', '0x00']
14:57:38.992  DEBUG   [client]  -> read  st2mot    
14:57:38.996  DEBUG   [client]  <- read  st2mot     ret=0  data=['0x00', '0x00']
14:57:38.997  DEBUG   [client]  -> read  st0cur    
14:57:39.002  DEBUG   [client]  <- read  st0cur     ret=0  data=['0xfe', '0x01', '0x01', '0x02']
14:57:39.192  DEBUG   [client]  -> read  st2mot    
14:57:39.196  DEBUG   [client]  <- read  st2mot     ret=0  data=['0x00', '0x00']
14:57:39.392  DEBUG   [client]  -> read  st2mot    
14:57:39.396  DEBUG   [client]  <- read  st2mot     ret=0  data=['0x00', '0x00']
14:57:39.535  DEBUG   [poll]    -> read  st2mot    
14:57:39.538  DEBUG   [poll]    <- read  st2mot     ret=0  data=['0x00', '0x00']
14:57:39.539  DEBUG   [poll]    -> read  st0cur    
14:57:39.543  DEBUG   [poll]    <- read  st0cur     ret=0  data=['0xfe', '0x01', '0x01', '0x02']
14:57:39.592  DEBUG   [client]  -> read  st2mot    
14:57:39.595  DEBUG   [client]  <- read  st2mot     ret=0  data=['0x00', '0x00']
14:57:39.792  DEBUG   [client]  -> read  st2mot    
14:57:39.795  DEBUG   [client]  <- read  st2mot     ret=0  data=['0x00', '0x00']
14:57:39.992  DEBUG   [client]  -> read  st2mot    
14:57:39.995  DEBUG   [client]  <- read  st2mot     ret=0  data=['0x00', '0x00']
14:57:39.997  DEBUG   [client]  -> read  st0cur    
14:57:40.001  DEBUG   [client]  <- read  st0cur     ret=0  data=['0xfe', '0x01', '0x01', '0x02']
14:57:40.192  DEBUG   [client]  -> read  st2mot    
14:57:40.196  DEBUG   [client]  <- read  st2mot     ret=0  data=['0x00', '0x00']
14:57:40.392  DEBUG   [client]  -> read  st2mot    
14:57:40.395  DEBUG   [client]  <- read  st2mot     ret=0  data=['0x00', '0x00']
14:57:40.544  DEBUG   [poll]    -> read  st2mot    
14:57:40.548  DEBUG   [poll]    <- read  st2mot     ret=0  data=['0x00', '0x00']
14:57:40.548  DEBUG   [poll]    -> read  st0cur    
14:57:40.552  DEBUG   [poll]    <- read  st0cur     ret=0  data=['0xfe', '0x01', '0x01', '0x02']
14:57:40.592  DEBUG   [client]  -> read  st2mot    
14:57:40.595  DEBUG   [client]  <- read  st2mot     ret=0  data=['0x00', '0x00']
14:57:40.792  DEBUG   [client]  -> read  st2mot    
14:57:40.796  DEBUG   [client]  <- read  st2mot     ret=0  data=['0x00', '0x00']
14:57:40.797  DEBUG   [client]  -> write cntl3mot   data=['0x01', '0x90']
14:57:41.053  DEBUG   [client]  -> write cntl3mot   data=['0x01', '0x2c']
14:57:41.308  DEBUG   [client]  -> write cntl3mot   data=['0x00', '0xc8']
14:57:41.554  DEBUG   [poll]    -> read  st2mot    
14:57:41.558  DEBUG   [poll]    <- read  st2mot     ret=0  data=['0x00', '0x00']
14:57:41.558  DEBUG   [poll]    -> read  st0cur    
14:57:41.562  DEBUG   [poll]    <- read  st0cur     ret=0  data=['0xfe', '0x01', '0x01', '0x02']
14:57:41.564  DEBUG   [client]  -> write cntl3mot   data=['0x00', '0x64']
14:57:41.820  DEBUG   [client]  -> write cntl3mot   data=['0x00', '0x00']
14:57:41.824  WARNING client disconnected — stopping motor
14:57:41.825  DEBUG   [client]  -> write cntl3mot   data=['0x00', '0x00']
14:57:41.829  INFO    client disconnected
14:57:42.564  DEBUG   [poll]    -> read  st2mot    
14:57:42.567  DEBUG   [poll]    <- read  st2mot     ret=0  data=['0x00', '0x00']
14:57:42.568  DEBUG   [poll]    -> read  st0cur    
14:57:42.572  DEBUG   [poll]    <- read  st0cur     ret=0  data=['0xfe', '0x01', '0x01', '0x02']
14:57:43.574  DEBUG   [poll]    -> read  st2mot    
14:57:43.577  DEBUG   [poll]    <- read  st2mot     ret=0  data=['0x00', '0x00']
14:57:43.577  DEBUG   [poll]    -> read  st0cur    
14:57:43.582  DEBUG   [poll]    <- read  st0cur     ret=0  data=['0xfd', '0x01', '0x01', '0x02']
14:57:44.583  DEBUG   [poll]    -> read  st2mot    
14:57:44.586  DEBUG   [poll]    <- read  st2mot     ret=0  data=['0x00', '0x00']
14:57:44.587  DEBUG   [poll]    -> read  st0cur    
14:57:44.591  DEBUG   [poll]    <- read  st0cur     ret=0  data=['0xfe', '0x01', '0x01', '0x02']
14:57:45.592  DEBUG   [poll]    -> read  st2mot    
14:57:45.596  DEBUG   [poll]    <- read  st2mot     ret=0  data=['0x00', '0x00']
14:57:45.596  DEBUG   [poll]    -> read  st0cur    
14:57:45.601  DEBUG   [poll]    <- read  st0cur     ret=0  data=['0xfe', '0x01', '0x01', '0x02']
14:57:46.602  DEBUG   [poll]    -> read  st2mot    
14:57:46.605  DEBUG   [poll]    <- read  st2mot     ret=0  data=['0x00', '0x00']
14:57:46.606  DEBUG   [poll]    -> read  st0cur    
14:57:46.610  DEBUG   [poll]    <- read  st0cur     ret=0  data=['0xfe', '0x01', '0x01', '0x02']
14:57:47.612  DEBUG   [poll]    -> read  st2mot    
14:57:47.615  DEBUG   [poll]    <- read  st2mot     ret=0  data=['0x00', '0x00']
14:57:47.615  DEBUG   [poll]    -> read  st0cur    
14:57:47.620  DEBUG   [poll]    <- read  st0cur     ret=0  data=['0xfd', '0x01', '0x01', '0x02']
14:57:48.621  DEBUG   [poll]    -> read  st2mot    
14:57:48.625  DEBUG   [poll]    <- read  st2mot     ret=0  data=['0x00', '0x00']
14:57:48.625  DEBUG   [poll]    -> read  st0cur    
14:57:48.629  DEBUG   [poll]    <- read  st0cur     ret=0  data=['0xfe', '0x01', '0x01', '0x02']
14:57:49.631  DEBUG   [poll]    -> read  st2mot    
14:57:49.634  DEBUG   [poll]    <- read  st2mot     ret=0  data=['0x00', '0x00']
14:57:49.634  DEBUG   [poll]    -> read  st0cur    
14:57:49.639  DEBUG   [poll]    <- read  st0cur     ret=0  data=['0xfe', '0x01', '0x01', '0x02']
14:57:50.640  DEBUG   [poll]    -> read  st2mot    
14:57:50.647  DEBUG   [poll]    <- read  st2mot     ret=0  data=['0x00', '0x00']
14:57:50.648  DEBUG   [poll]    -> read  st0cur    
14:57:50.652  DEBUG   [poll]    <- read  st0cur     ret=0  data=['0xfe', '0x01', '0x01', '0x02']
14:57:51.653  DEBUG   [poll]    -> read  st2mot    
14:57:51.657  DEBUG   [poll]    <- read  st2mot     ret=0  data=['0x00', '0x00']
14:57:51.657  DEBUG   [poll]    -> read  st0cur    
14:57:51.661  DEBUG   [poll]    <- read  st0cur     ret=0  data=['0xfd', '0x01', '0x01', '0x02']
14:57:52.663  DEBUG   [poll]    -> read  st2mot    
14:57:52.666  DEBUG   [poll]    <- read  st2mot     ret=0  data=['0x00', '0x00']
14:57:52.667  DEBUG   [poll]    -> read  st0cur    
14:57:52.671  DEBUG   [poll]    <- read  st0cur     ret=0  data=['0xfe', '0x01', '0x01', '0x02']
14:57:53.672  DEBUG   [poll]    -> read  st2mot    
14:57:53.676  DEBUG   [poll]    <- read  st2mot     ret=0  data=['0x00', '0x00']
14:57:53.676  DEBUG   [poll]    -> read  st0cur    
14:57:53.680  DEBUG   [poll]    <- read  st0cur     ret=0  data=['0xfe', '0x01', '0x01', '0x02']
14:57:54.682  DEBUG   [poll]    -> read  st2mot    
14:57:54.685  DEBUG   [poll]    <- read  st2mot     ret=0  data=['0x00', '0x00']
14:57:54.686  DEBUG   [poll]    -> read  st0cur    
14:57:54.690  DEBUG   [poll]    <- read  st0cur     ret=0  data=['0xfe', '0x01', '0x01', '0x02']
14:57:55.691  DEBUG   [poll]    -> read  st2mot    
14:57:55.698  DEBUG   [poll]    <- read  st2mot     ret=0  data=['0x00', '0x00']
14:57:55.699  DEBUG   [poll]    -> read  st0cur    
14:57:55.703  DEBUG   [poll]    <- read  st0cur     ret=0  data=['0xfe', '0x01', '0x01', '0x02']
14:57:56.705  DEBUG   [poll]    -> read  st2mot    
14:57:56.708  DEBUG   [poll]    <- read  st2mot     ret=0  data=['0x00', '0x00']
14:57:56.708  DEBUG   [poll]    -> read  st0cur    
14:57:56.713  DEBUG   [poll]    <- read  st0cur     ret=0  data=['0xfe', '0x01', '0x01', '0x02']
14:57:57.714  DEBUG   [poll]    -> read  st2mot    
14:57:57.718  DEBUG   [poll]    <- read  st2mot     ret=0  data=['0x00', '0x00']
14:57:57.718  DEBUG   [poll]    -> read  st0cur    
14:57:57.722  DEBUG   [poll]    <- read  st0cur     ret=0  data=['0xfd', '0x01', '0x01', '0x02']
14:57:58.724  DEBUG   [poll]    -> read  st2mot    
14:57:58.727  DEBUG   [poll]    <- read  st2mot     ret=0  data=['0x00', '0x00']
14:57:58.727  DEBUG   [poll]    -> read  st0cur    
14:57:58.732  DEBUG   [poll]    <- read  st0cur     ret=0  data=['0xfd', '0x01', '0x01', '0x02']
14:57:59.733  DEBUG   [poll]    -> read  st2mot    
14:57:59.736  DEBUG   [poll]    <- read  st2mot     ret=0  data=['0x00', '0x00']
14:57:59.737  DEBUG   [poll]    -> read  st0cur    
14:57:59.741  DEBUG   [poll]    <- read  st0cur     ret=0  data=['0xfd', '0x01', '0x01', '0x02']
14:58:00.742  DEBUG   [poll]    -> read  st2mot    
14:58:00.746  DEBUG   [poll]    <- read  st2mot     ret=0  data=['0x00', '0x00']
14:58:00.747  DEBUG   [poll]    -> read  st0cur    
14:58:00.751  DEBUG   [poll]    <- read  st0cur     ret=0  data=['0xfe', '0x01', '0x01', '0x02']
14:58:01.752  DEBUG   [poll]    -> read  st2mot    
14:58:01.756  DEBUG   [poll]    <- read  st2mot     ret=0  data=['0x00', '0x00']
14:58:01.756  DEBUG   [poll]    -> read  st0cur    
14:58:01.761  DEBUG   [poll]    <- read  st0cur     ret=0  data=['0xfd', '0x01', '0x01', '0x02']
14:58:02.762  DEBUG   [poll]    -> read  st2mot    
14:58:02.765  DEBUG   [poll]    <- read  st2mot     ret=0  data=['0x00', '0x00']
14:58:02.766  DEBUG   [poll]    -> read  st0cur    
14:58:02.770  DEBUG   [poll]    <- read  st0cur     ret=0  data=['0xfe', '0x01', '0x01', '0x02']
14:58:03.772  DEBUG   [poll]    -> read  st2mot    
14:58:03.775  DEBUG   [poll]    <- read  st2mot     ret=0  data=['0x00', '0x00']
14:58:03.775  DEBUG   [poll]    -> read  st0cur    
14:58:03.780  DEBUG   [poll]    <- read  st0cur     ret=0  data=['0xfe', '0x01', '0x01', '0x02']
14:58:04.781  DEBUG   [poll]    -> read  st2mot    
14:58:04.785  DEBUG   [poll]    <- read  st2mot     ret=0  data=['0x00', '0x00']
14:58:04.785  DEBUG   [poll]    -> read  st0cur    
14:58:04.789  DEBUG   [poll]    <- read  st0cur     ret=0  data=['0xfe', '0x01', '0x01', '0x02']
14:58:05.791  DEBUG   [poll]    -> read  st2mot    
14:58:05.799  DEBUG   [poll]    <- read  st2mot     ret=0  data=['0x00', '0x00']
14:58:05.799  DEBUG   [poll]    -> read  st0cur    
14:58:05.803  DEBUG   [poll]    <- read  st0cur     ret=0  data=['0xfd', '0x01', '0x01', '0x02']
14:58:06.805  DEBUG   [poll]    -> read  st2mot    
14:58:06.809  DEBUG   [poll]    <- read  st2mot     ret=0  data=['0x00', '0x00']
14:58:06.809  DEBUG   [poll]    -> read  st0cur    
14:58:06.813  DEBUG   [poll]    <- read  st0cur     ret=0  data=['0xfe', '0x01', '0x01', '0x02']
14:58:07.815  DEBUG   [poll]    -> read  st2mot    
14:58:07.818  DEBUG   [poll]    <- read  st2mot     ret=0  data=['0x00', '0x00']
14:58:07.819  DEBUG   [poll]    -> read  st0cur    
14:58:07.823  DEBUG   [poll]    <- read  st0cur     ret=0  data=['0xfd', '0x01', '0x01', '0x02']
14:58:08.824  DEBUG   [poll]    -> read  st2mot    
14:58:08.828  DEBUG   [poll]    <- read  st2mot     ret=0  data=['0x00', '0x00']
14:58:08.828  DEBUG   [poll]    -> read  st0cur    
14:58:08.832  DEBUG   [poll]    <- read  st0cur     ret=0  data=['0xfd', '0x01', '0x01', '0x02']
14:58:09.834  DEBUG   [poll]    -> read  st2mot    
14:58:09.837  DEBUG   [poll]    <- read  st2mot     ret=0  data=['0x00', '0x00']
14:58:09.838  DEBUG   [poll]    -> read  st0cur    
14:58:09.842  DEBUG   [poll]    <- read  st0cur     ret=0  data=['0xfe', '0x01', '0x01', '0x02']
14:58:10.844  DEBUG   [poll]    -> read  st2mot    
14:58:10.851  DEBUG   [poll]    <- read  st2mot     ret=0  data=['0x00', '0x00']
14:58:10.851  DEBUG   [poll]    -> read  st0cur    
14:58:10.856  DEBUG   [poll]    <- read  st0cur     ret=0  data=['0xfe', '0x01', '0x01', '0x02']
14:58:11.857  DEBUG   [poll]    -> read  st2mot    
14:58:11.861  DEBUG   [poll]    <- read  st2mot     ret=0  data=['0x00', '0x00']
14:58:11.861  DEBUG   [poll]    -> read  st0cur    
14:58:11.865  DEBUG   [poll]    <- read  st0cur     ret=0  data=['0xfe', '0x01', '0x01', '0x02']
14:58:12.867  DEBUG   [poll]    -> read  st2mot    
14:58:12.870  DEBUG   [poll]    <- read  st2mot     ret=0  data=['0x00', '0x00']
14:58:12.871  DEBUG   [poll]    -> read  st0cur    
14:58:12.875  DEBUG   [poll]    <- read  st0cur     ret=0  data=['0xfe', '0x01', '0x01', '0x02']
14:58:13.876  DEBUG   [poll]    -> read  st2mot    
14:58:13.880  DEBUG   [poll]    <- read  st2mot     ret=0  data=['0x00', '0x00']
14:58:13.880  DEBUG   [poll]    -> read  st0cur    
14:58:13.884  DEBUG   [poll]    <- read  st0cur     ret=0  data=['0xfd', '0x01', '0x01', '0x02']
14:58:14.885  DEBUG   [poll]    -> read  st2mot    
14:58:14.888  DEBUG   [poll]    <- read  st2mot     ret=0  data=['0x00', '0x00']
14:58:14.888  DEBUG   [poll]    -> read  st0cur    
14:58:14.892  DEBUG   [poll]    <- read  st0cur     ret=0  data=['0xfe', '0x01', '0x01', '0x02']
