16:04:38.711  INFO    -> pi -0.06 -0.02
16:04:38.714  INFO    <- OK
16:04:38.715  INFO    -> speed 0
16:04:38.718  INFO    <- OK
16:04:38.718  INFO    -> speed 1000
16:04:38.722  INFO    <- OK
16:04:38.722  INFO    -> rpm
16:04:38.726  INFO    <- OK ret=0 rpm=0 (hex=0x0000)
16:04:38.726  INFO    -> current
16:04:38.731  INFO    <- OK ret=0 val1=-0.10 val2=0.05
16:04:38.922  INFO    -> rpm
16:04:38.926  INFO    <- OK ret=0 rpm=0 (hex=0x0000)
16:04:39.122  INFO    -> rpm
16:04:39.126  INFO    <- OK ret=0 rpm=175 (hex=0x00af)
16:04:39.322  INFO    -> rpm
16:04:39.327  INFO    <- OK ret=0 rpm=1025 (hex=0x0401)
16:04:39.522  INFO    -> rpm
16:04:39.527  INFO    <- OK ret=0 rpm=1100 (hex=0x044c)
16:04:39.722  INFO    -> rpm
16:04:39.727  INFO    <- OK ret=0 rpm=1025 (hex=0x0401)
16:04:39.727  INFO    -> current
16:04:39.733  INFO    <- OK ret=0 val1=-0.24 val2=-0.15
16:04:39.922  INFO    -> rpm
16:04:39.927  INFO    <- OK ret=0 rpm=1000 (hex=0x03e8)
16:04:40.122  INFO    -> rpm
16:04:40.127  INFO    <- OK ret=0 rpm=1000 (hex=0x03e8)
16:04:40.322  INFO    -> rpm
16:04:40.327  INFO    <- OK ret=0 rpm=1000 (hex=0x03e8)
16:04:40.522  INFO    -> rpm
16:04:40.527  INFO    <- OK ret=0 rpm=975 (hex=0x03cf)
16:04:40.722  INFO    -> rpm
16:04:40.727  INFO    <- OK ret=0 rpm=1000 (hex=0x03e8)
16:04:40.727  INFO    -> current
16:04:40.733  INFO    <- OK ret=0 val1=-0.63 val2=-0.49
16:04:40.922  INFO    -> rpm
16:04:40.927  INFO    <- OK ret=0 rpm=1000 (hex=0x03e8)
16:04:41.122  INFO    -> rpm
16:04:41.127  INFO    <- OK ret=0 rpm=1000 (hex=0x03e8)
16:04:41.322  INFO    -> rpm
16:04:41.327  INFO    <- OK ret=0 rpm=1000 (hex=0x03e8)
16:04:41.522  INFO    -> rpm
16:04:41.527  INFO    <- OK ret=0 rpm=975 (hex=0x03cf)
16:04:41.722  INFO    -> rpm
16:04:41.727  INFO    <- OK ret=0 rpm=1000 (hex=0x03e8)
16:04:41.727  INFO    -> current
16:04:41.733  INFO    <- OK ret=0 val1=-0.49 val2=-0.49
16:04:41.922  INFO    -> rpm
16:04:41.927  INFO    <- OK ret=0 rpm=975 (hex=0x03cf)
16:04:42.122  INFO    -> rpm
16:04:42.127  INFO    <- OK ret=0 rpm=1000 (hex=0x03e8)
16:04:42.322  INFO    -> rpm
16:04:42.327  INFO    <- OK ret=0 rpm=1000 (hex=0x03e8)
16:04:42.522  INFO    -> rpm
16:04:42.527  INFO    <- OK ret=0 rpm=1000 (hex=0x03e8)
16:04:42.722  INFO    -> rpm
16:04:42.727  INFO    <- OK ret=0 rpm=1025 (hex=0x0401)
16:04:42.727  INFO    -> current
16:04:42.733  INFO    <- OK ret=0 val1=-0.49 val2=-0.49
16:04:42.922  INFO    -> rpm
16:04:42.927  INFO    <- OK ret=0 rpm=950 (hex=0x03b6)
16:04:43.122  INFO    -> rpm
16:04:43.127  INFO    <- OK ret=0 rpm=1025 (hex=0x0401)
16:04:43.322  INFO    -> rpm
16:04:43.327  INFO    <- OK ret=0 rpm=975 (hex=0x03cf)
16:04:43.522  INFO    -> rpm
16:04:43.527  INFO    <- OK ret=0 rpm=1000 (hex=0x03e8)
16:04:43.722  INFO    -> rpm
16:04:43.727  INFO    <- OK ret=0 rpm=1025 (hex=0x0401)
16:04:43.727  INFO    -> current
16:04:43.733  INFO    <- OK ret=0 val1=-0.49 val2=-0.39
16:04:43.922  INFO    -> rpm
16:04:43.927  INFO    <- OK ret=0 rpm=1000 (hex=0x03e8)
16:04:44.122  INFO    -> rpm
16:04:44.127  INFO    <- OK ret=0 rpm=1025 (hex=0x0401)
16:04:44.322  INFO    -> rpm
16:04:44.327  INFO    <- OK ret=0 rpm=1000 (hex=0x03e8)
16:04:44.522  INFO    -> rpm
16:04:44.527  INFO    <- OK ret=0 rpm=1000 (hex=0x03e8)
16:04:44.722  INFO    -> rpm
16:04:44.727  INFO    <- OK ret=0 rpm=1025 (hex=0x0401)
16:04:44.727  INFO    -> current
16:04:44.733  INFO    <- OK ret=0 val1=-0.49 val2=-0.39
16:04:44.922  INFO    -> rpm
16:04:44.927  INFO    <- OK ret=0 rpm=1000 (hex=0x03e8)
16:04:45.122  INFO    -> rpm
16:04:45.127  INFO    <- OK ret=0 rpm=975 (hex=0x03cf)
16:04:45.322  INFO    -> rpm
16:04:45.327  INFO    <- OK ret=0 rpm=1025 (hex=0x0401)
16:04:45.522  INFO    -> rpm
16:04:45.527  INFO    <- OK ret=0 rpm=1000 (hex=0x03e8)
16:04:45.527  INFO    -> speed 800
16:04:45.532  INFO    <- OK
16:04:45.783  INFO    -> speed 600
16:04:45.787  INFO    <- OK
16:04:46.038  INFO    -> speed 400
16:04:46.043  INFO    <- OK
16:04:46.294  INFO    -> speed 200
16:04:46.298  INFO    <- OK
16:04:46.549  INFO    -> speed 0
16:04:46.554  INFO    <- OK
