16:04:51.502  INFO    -> pi -0.06 0.0
16:04:51.506  INFO    <- OK
16:04:51.506  INFO    -> speed 0
16:04:51.510  INFO    <- OK
16:04:51.510  INFO    -> speed 1000
16:04:51.513  INFO    <- OK
16:04:51.513  INFO    -> rpm
16:04:51.517  INFO    <- OK ret=0 rpm=0 (hex=0x0000)
16:04:51.518  INFO    -> current
16:04:51.523  INFO    <- OK ret=0 val1=-0.10 val2=0.05
16:04:51.714  INFO    -> rpm
16:04:51.717  INFO    <- OK ret=0 rpm=0 (hex=0x0000)
16:04:51.914  INFO    -> rpm
16:04:51.917  INFO    <- OK ret=0 rpm=450 (hex=0x01c2)
16:04:52.114  INFO    -> rpm
16:04:52.118  INFO    <- OK ret=0 rpm=1075 (hex=0x0433)
16:04:52.314  INFO    -> rpm
16:04:52.319  INFO    <- OK ret=0 rpm=1050 (hex=0x041a)
16:04:52.514  INFO    -> rpm
16:04:52.518  INFO    <- OK ret=0 rpm=1000 (hex=0x03e8)
16:04:52.519  INFO    -> current
16:04:52.524  INFO    <- OK ret=0 val1=-0.34 val2=-0.29
16:04:52.714  INFO    -> rpm
16:04:52.719  INFO    <- OK ret=0 rpm=1000 (hex=0x03e8)
16:04:52.914  INFO    -> rpm
16:04:52.919  INFO    <- OK ret=0 rpm=975 (hex=0x03cf)
16:04:53.114  INFO    -> rpm
16:04:53.119  INFO    <- OK ret=0 rpm=1000 (hex=0x03e8)
16:04:53.314  INFO    -> rpm
16:04:53.319  INFO    <- OK ret=0 rpm=975 (hex=0x03cf)
16:04:53.514  INFO    -> rpm
16:04:53.519  INFO    <- OK ret=0 rpm=1000 (hex=0x03e8)
16:04:53.519  INFO    -> current
16:04:53.525  INFO    <- OK ret=0 val1=-0.59 val2=-0.49
16:04:53.714  INFO    -> rpm
16:04:53.719  INFO    <- OK ret=0 rpm=1000 (hex=0x03e8)
16:04:53.914  INFO    -> rpm
16:04:53.919  INFO    <- OK ret=0 rpm=1000 (hex=0x03e8)
16:04:54.114  INFO    -> rpm
16:04:54.119  INFO    <- OK ret=0 rpm=1000 (hex=0x03e8)
16:04:54.314  INFO    -> rpm
16:04:54.323  INFO    <- OK ret=0 rpm=1000 (hex=0x03e8)
16:04:54.514  INFO    -> rpm
16:04:54.519  INFO    <- OK ret=0 rpm=1000 (hex=0x03e8)
16:04:54.519  INFO    -> current
16:04:54.525  INFO    <- OK ret=0 val1=-0.49 val2=-0.44
16:04:54.714  INFO    -> rpm
16:04:54.719  INFO    <- OK ret=0 rpm=1000 (hex=0x03e8)
16:04:54.914  INFO    -> rpm
16:04:54.919  INFO    <- OK ret=0 rpm=1000 (hex=0x03e8)
16:04:55.114  INFO    -> rpm
16:04:55.119  INFO    <- OK ret=0 rpm=975 (hex=0x03cf)
16:04:55.314  INFO    -> rpm
16:04:55.319  INFO    <- OK ret=0 rpm=1025 (hex=0x0401)
16:04:55.514  INFO    -> rpm
16:04:55.519  INFO    <- OK ret=0 rpm=1000 (hex=0x03e8)
16:04:55.519  INFO    -> current
16:04:55.525  INFO    <- OK ret=0 val1=-0.49 val2=-0.49
16:04:55.714  INFO    -> rpm
16:04:55.719  INFO    <- OK ret=0 rpm=1000 (hex=0x03e8)
16:04:55.914  INFO    -> rpm
16:04:55.919  INFO    <- OK ret=0 rpm=1000 (hex=0x03e8)
16:04:56.114  INFO    -> rpm
16:04:56.119  INFO    <- OK ret=0 rpm=1000 (hex=0x03e8)
16:04:56.314  INFO    -> rpm
16:04:56.319  INFO    <- OK ret=0 rpm=1000 (hex=0x03e8)
16:04:56.514  INFO    -> rpm
16:04:56.519  INFO    <- OK ret=0 rpm=1000 (hex=0x03e8)
16:04:56.519  INFO    -> current
16:04:56.525  INFO    <- OK ret=0 val1=-0.49 val2=-0.49
16:04:56.714  INFO    -> rpm
16:04:56.719  INFO    <- OK ret=0 rpm=1000 (hex=0x03e8)
16:04:56.914  INFO    -> rpm
16:04:56.919  INFO    <- OK ret=0 rpm=1000 (hex=0x03e8)
16:04:57.114  INFO    -> rpm
16:04:57.119  INFO    <- OK ret=0 rpm=1000 (hex=0x03e8)
16:04:57.314  INFO    -> rpm
16:04:57.319  INFO    <- OK ret=0 rpm=1000 (hex=0x03e8)
16:04:57.514  INFO    -> rpm
16:04:57.519  INFO    <- OK ret=0 rpm=1000 (hex=0x03e8)
16:04:57.519  INFO    -> current
16:04:57.525  INFO    <- OK ret=0 val1=-0.54 val2=-0.39
16:04:57.714  INFO    -> rpm
16:04:57.719  INFO    <- OK ret=0 rpm=1000 (hex=0x03e8)
16:04:57.914  INFO    -> rpm
16:04:57.919  INFO    <- OK ret=0 rpm=1000 (hex=0x03e8)
16:04:58.114  INFO    -> rpm
16:04:58.119  INFO    <- OK ret=0 rpm=1000 (hex=0x03e8)
16:04:58.314  INFO    -> rpm
16:04:58.319  INFO    <- OK ret=0 rpm=975 (hex=0x03cf)
16:04:58.319  INFO    -> speed 800
16:04:58.324  INFO    <- OK
16:04:58.574  INFO    -> speed 600
16:04:58.579  INFO    <- OK
16:04:58.830  INFO    -> speed 400
16:04:58.835  INFO    <- OK
16:04:59.085  INFO    -> speed 200
16:04:59.090  INFO    <- OK
16:04:59.341  INFO    -> speed 0
16:04:59.349  INFO    <- OK
