16:05:16.942  INFO    -> pi -0.06 0.04
16:05:16.946  INFO    <- OK
16:05:16.946  INFO    -> speed 0
16:05:16.950  INFO    <- OK
16:05:16.950  INFO    -> speed 1000
16:05:16.953  INFO    <- OK
16:05:16.953  INFO    -> rpm
16:05:16.957  INFO    <- OK ret=0 rpm=0 (hex=0x0000)
16:05:16.960  INFO    -> current
16:05:16.966  INFO    <- OK ret=0 val1=-0.10 val2=0.05
16:05:17.154  INFO    -> rpm
16:05:17.157  INFO    <- OK ret=0 rpm=0 (hex=0x0000)
16:05:17.354  INFO    -> rpm
16:05:17.357  INFO    <- OK ret=0 rpm=275 (hex=0x0113)
16:05:17.554  INFO    -> rpm
16:05:17.558  INFO    <- OK ret=0 rpm=1125 (hex=0x0465)
16:05:17.754  INFO    -> rpm
16:05:17.758  INFO    <- OK ret=0 rpm=1150 (hex=0x047e)
16:05:17.954  INFO    -> rpm
16:05:17.959  INFO    <- OK ret=0 rpm=1025 (hex=0x0401)
16:05:17.959  INFO    -> current
16:05:17.965  INFO    <- OK ret=0 val1=-0.20 val2=-0.10
16:05:18.154  INFO    -> rpm
16:05:18.159  INFO    <- OK ret=0 rpm=975 (hex=0x03cf)
16:05:18.354  INFO    -> rpm
16:05:18.359  INFO    <- OK ret=0 rpm=1025 (hex=0x0401)
16:05:18.554  INFO    -> rpm
16:05:18.559  INFO    <- OK ret=0 rpm=1000 (hex=0x03e8)
16:05:18.754  INFO    -> rpm
16:05:18.758  INFO    <- OK ret=0 rpm=1000 (hex=0x03e8)
16:05:18.954  INFO    -> rpm
16:05:18.959  INFO    <- OK ret=0 rpm=1000 (hex=0x03e8)
16:05:18.959  INFO    -> current
16:05:18.965  INFO    <- OK ret=0 val1=-0.54 val2=-0.54
16:05:19.154  INFO    -> rpm
16:05:19.159  INFO    <- OK ret=0 rpm=1000 (hex=0x03e8)
16:05:19.354  INFO    -> rpm
16:05:19.359  INFO    <- OK ret=0 rpm=1000 (hex=0x03e8)
16:05:19.554  INFO    -> rpm
16:05:19.562  INFO    <- OK ret=0 rpm=1000 (hex=0x03e8)
16:05:19.754  INFO    -> rpm
16:05:19.758  INFO    <- OK ret=0 rpm=1000 (hex=0x03e8)
16:05:19.954  INFO    -> rpm
16:05:19.959  INFO    <- OK ret=0 rpm=1000 (hex=0x03e8)
16:05:19.959  INFO    -> current
16:05:19.965  INFO    <- OK ret=0 val1=-0.54 val2=-0.39
16:05:20.154  INFO    -> rpm
16:05:20.159  INFO    <- OK ret=0 rpm=1000 (hex=0x03e8)
16:05:20.354  INFO    -> rpm
16:05:20.358  INFO    <- OK ret=0 rpm=1000 (hex=0x03e8)
16:05:20.554  INFO    -> rpm
16:05:20.559  INFO    <- OK ret=0 rpm=1000 (hex=0x03e8)
16:05:20.754  INFO    -> rpm
16:05:20.758  INFO    <- OK ret=0 rpm=1000 (hex=0x03e8)
16:05:20.954  INFO    -> rpm
16:05:20.959  INFO    <- OK ret=0 rpm=975 (hex=0x03cf)
16:05:20.959  INFO    -> current
16:05:20.965  INFO    <- OK ret=0 val1=-0.49 val2=-0.49
16:05:21.154  INFO    -> rpm
16:05:21.159  INFO    <- OK ret=0 rpm=1000 (hex=0x03e8)
16:05:21.354  INFO    -> rpm
16:05:21.359  INFO    <- OK ret=0 rpm=1000 (hex=0x03e8)
16:05:21.554  INFO    -> rpm
16:05:21.559  INFO    <- OK ret=0 rpm=1000 (hex=0x03e8)
16:05:21.754  INFO    -> rpm
16:05:21.758  INFO    <- OK ret=0 rpm=1000 (hex=0x03e8)
16:05:21.954  INFO    -> rpm
16:05:21.958  INFO    <- OK ret=0 rpm=1025 (hex=0x0401)
16:05:21.959  INFO    -> current
16:05:21.964  INFO    <- OK ret=0 val1=-0.49 val2=-0.54
16:05:22.154  INFO    -> rpm
16:05:22.158  INFO    <- OK ret=0 rpm=1000 (hex=0x03e8)
16:05:22.354  INFO    -> rpm
16:05:22.359  INFO    <- OK ret=0 rpm=1000 (hex=0x03e8)
16:05:22.554  INFO    -> rpm
16:05:22.559  INFO    <- OK ret=0 rpm=1000 (hex=0x03e8)
16:05:22.754  INFO    -> rpm
16:05:22.758  INFO    <- OK ret=0 rpm=1025 (hex=0x0401)
16:05:22.954  INFO    -> rpm
16:05:22.958  INFO    <- OK ret=0 rpm=1000 (hex=0x03e8)
16:05:22.959  INFO    -> current
16:05:22.964  INFO    <- OK ret=0 val1=-0.49 val2=-0.59
16:05:23.154  INFO    -> rpm
16:05:23.158  INFO    <- OK ret=0 rpm=1000 (hex=0x03e8)
16:05:23.354  INFO    -> rpm
16:05:23.358  INFO    <- OK ret=0 rpm=975 (hex=0x03cf)
16:05:23.554  INFO    -> rpm
16:05:23.559  INFO    <- OK ret=0 rpm=1000 (hex=0x03e8)
16:05:23.754  INFO    -> rpm
16:05:23.758  INFO    <- OK ret=0 rpm=1000 (hex=0x03e8)
16:05:23.759  INFO    -> speed 800
16:05:23.763  INFO    <- OK
16:05:24.014  INFO    -> speed 600
16:05:24.019  INFO    <- OK
16:05:24.270  INFO    -> speed 400
16:05:24.275  INFO    <- OK
16:05:24.525  INFO    -> speed 200
16:05:24.530  INFO    <- OK
16:05:24.781  INFO    -> speed 0
16:05:24.786  INFO    <- OK
