16:04:08.819  INFO    -> pi -0.06 -0.06
16:04:08.823  INFO    <- OK
16:04:08.823  INFO    -> speed 0
16:04:08.826  INFO    <- OK
16:04:08.827  INFO    -> speed 1000
16:04:08.830  INFO    <- OK
16:04:08.830  INFO    -> rpm
16:04:08.834  INFO    <- OK ret=0 rpm=0 (hex=0x0000)
16:04:08.834  INFO    -> current
16:04:08.839  INFO    <- OK ret=0 val1=-0.10 val2=0.05
16:04:09.030  INFO    -> rpm
16:04:09.034  INFO    <- OK ret=0 rpm=0 (hex=0x0000)
16:04:09.230  INFO    -> rpm
16:04:09.234  INFO    <- OK ret=0 rpm=0 (hex=0x0000)
16:04:09.430  INFO    -> rpm
16:04:09.434  INFO    <- OK ret=0 rpm=575 (hex=0x023f)
16:04:09.630  INFO    -> rpm
16:04:09.635  INFO    <- OK ret=0 rpm=1100 (hex=0x044c)
16:04:09.830  INFO    -> rpm
16:04:09.835  INFO    <- OK ret=0 rpm=1075 (hex=0x0433)
16:04:09.836  INFO    -> current
16:04:09.841  INFO    <- OK ret=0 val1=-0.20 val2=0.00
16:04:10.030  INFO    -> rpm
16:04:10.035  INFO    <- OK ret=0 rpm=1000 (hex=0x03e8)
16:04:10.230  INFO    -> rpm
16:04:10.235  INFO    <- OK ret=0 rpm=1000 (hex=0x03e8)
16:04:10.430  INFO    -> rpm
16:04:10.435  INFO    <- OK ret=0 rpm=975 (hex=0x03cf)
16:04:10.630  INFO    -> rpm
16:04:10.635  INFO    <- OK ret=0 rpm=1000 (hex=0x03e8)
16:04:10.830  INFO    -> rpm
16:04:10.835  INFO    <- OK ret=0 rpm=1025 (hex=0x0401)
16:04:10.836  INFO    -> current
16:04:10.841  INFO    <- OK ret=0 val1=-0.59 val2=-0.49
16:04:11.030  INFO    -> rpm
16:04:11.035  INFO    <- OK ret=0 rpm=1025 (hex=0x0401)
16:04:11.230  INFO    -> rpm
16:04:11.235  INFO    <- OK ret=0 rpm=975 (hex=0x03cf)
16:04:11.430  INFO    -> rpm
16:04:11.435  INFO    <- OK ret=0 rpm=1000 (hex=0x03e8)
16:04:11.630  INFO    -> rpm
16:04:11.635  INFO    <- OK ret=0 rpm=1025 (hex=0x0401)
16:04:11.830  INFO    -> rpm
16:04:11.835  INFO    <- OK ret=0 rpm=975 (hex=0x03cf)
16:04:11.836  INFO    -> current
16:04:11.841  INFO    <- OK ret=0 val1=-0.49 val2=-0.44
16:04:12.030  INFO    -> rpm
16:04:12.035  INFO    <- OK ret=0 rpm=1000 (hex=0x03e8)
16:04:12.230  INFO    -> rpm
16:04:12.235  INFO    <- OK ret=0 rpm=1000 (hex=0x03e8)
16:04:12.430  INFO    -> rpm
16:04:12.435  INFO    <- OK ret=0 rpm=1000 (hex=0x03e8)
16:04:12.630  INFO    -> rpm
16:04:12.635  INFO    <- OK ret=0 rpm=1000 (hex=0x03e8)
16:04:12.830  INFO    -> rpm
16:04:12.835  INFO    <- OK ret=0 rpm=975 (hex=0x03cf)
16:04:12.836  INFO    -> current
16:04:12.841  INFO    <- OK ret=0 val1=-0.49 val2=-0.44
16:04:13.030  INFO    -> rpm
16:04:13.035  INFO    <- OK ret=0 rpm=1000 (hex=0x03e8)
16:04:13.230  INFO    -> rpm
16:04:13.236  INFO    <- OK ret=0 rpm=1000 (hex=0x03e8)
16:04:13.430  INFO    -> rpm
16:04:13.435  INFO    <- OK ret=0 rpm=1000 (hex=0x03e8)
16:04:13.630  INFO    -> rpm
16:04:13.635  INFO    <- OK ret=0 rpm=1025 (hex=0x0401)
16:04:13.830  INFO    -> rpm
16:04:13.836  INFO    <- OK ret=0 rpm=1000 (hex=0x03e8)
16:04:13.836  INFO    -> current
16:04:13.842  INFO    <- OK ret=0 val1=-0.49 val2=-0.44
16:04:14.030  INFO    -> rpm
16:04:14.035  INFO    <- OK ret=0 rpm=1000 (hex=0x03e8)
16:04:14.230  INFO    -> rpm
16:04:14.235  INFO    <- OK ret=0 rpm=1000 (hex=0x03e8)
16:04:14.430  INFO    -> rpm
16:04:14.435  INFO    <- OK ret=0 rpm=1025 (hex=0x0401)
16:04:14.630  INFO    -> rpm
16:04:14.635  INFO    <- OK ret=0 rpm=975 (hex=0x03cf)
16:04:14.830  INFO    -> rpm
16:04:14.835  INFO    <- OK ret=0 rpm=1000 (hex=0x03e8)
16:04:14.836  INFO    -> current
16:04:14.842  INFO    <- OK ret=0 val1=-0.44 val2=-0.49
16:04:15.030  INFO    -> rpm
16:04:15.035  INFO    <- OK ret=0 rpm=975 (hex=0x03cf)
16:04:15.230  INFO    -> rpm
16:04:15.235  INFO    <- OK ret=0 rpm=1025 (hex=0x0401)
16:04:15.430  INFO    -> rpm
16:04:15.435  INFO    <- OK ret=0 rpm=1000 (hex=0x03e8)
16:04:15.630  INFO    -> rpm
16:04:15.635  INFO    <- OK ret=0 rpm=1025 (hex=0x0401)
16:04:15.636  INFO    -> speed 800
16:04:15.641  INFO    <- OK
16:04:15.891  INFO    -> speed 600
16:04:15.896  INFO    <- OK
16:04:16.147  INFO    -> speed 400
16:04:16.152  INFO    <- OK
16:04:16.403  INFO    -> speed 200
16:04:16.408  INFO    <- OK
16:04:16.658  INFO    -> speed 0
16:04:16.663  INFO    <- OK
