16:03:56.107  INFO    -> pi -0.06 -0.08
16:03:56.111  INFO    <- OK
16:03:56.111  INFO    -> speed 0
16:03:56.114  INFO    <- OK
16:03:56.114  INFO    -> speed 1000
16:03:56.118  INFO    <- OK
16:03:56.118  INFO    -> rpm
16:03:56.122  INFO    <- OK ret=0 rpm=0 (hex=0x0000)
16:03:56.122  INFO    -> current
16:03:56.127  INFO    <- OK ret=0 val1=-0.10 val2=0.05
16:03:56.318  INFO    -> rpm
16:03:56.322  INFO    <- OK ret=0 rpm=0 (hex=0x0000)
16:03:56.518  INFO    -> rpm
16:03:56.522  INFO    <- OK ret=0 rpm=0 (hex=0x0000)
16:03:56.718  INFO    -> rpm
16:03:56.722  INFO    <- OK ret=0 rpm=450 (hex=0x01c2)
16:03:56.918  INFO    -> rpm
16:03:56.923  INFO    <- OK ret=0 rpm=1125 (hex=0x0465)
16:03:57.118  INFO    -> rpm
16:03:57.123  INFO    <- OK ret=0 rpm=1050 (hex=0x041a)
16:03:57.124  INFO    -> current
16:03:57.130  INFO    <- OK ret=0 val1=-0.59 val2=-0.44
16:03:57.318  INFO    -> rpm
16:03:57.323  INFO    <- OK ret=0 rpm=1000 (hex=0x03e8)
16:03:57.518  INFO    -> rpm
16:03:57.524  INFO    <- OK ret=0 rpm=1000 (hex=0x03e8)
16:03:57.718  INFO    -> rpm
16:03:57.723  INFO    <- OK ret=0 rpm=975 (hex=0x03cf)
16:03:57.918  INFO    -> rpm
16:03:57.923  INFO    <- OK ret=0 rpm=1000 (hex=0x03e8)
16:03:58.118  INFO    -> rpm
16:03:58.123  INFO    <- OK ret=0 rpm=1000 (hex=0x03e8)
16:03:58.124  INFO    -> current
16:03:58.130  INFO    <- OK ret=0 val1=-0.49 val2=-0.49
16:03:58.318  INFO    -> rpm
16:03:58.324  INFO    <- OK ret=0 rpm=1000 (hex=0x03e8)
16:03:58.518  INFO    -> rpm
16:03:58.524  INFO    <- OK ret=0 rpm=1000 (hex=0x03e8)
16:03:58.718  INFO    -> rpm
16:03:58.723  INFO    <- OK ret=0 rpm=1000 (hex=0x03e8)
16:03:58.918  INFO    -> rpm
16:03:58.923  INFO    <- OK ret=0 rpm=975 (hex=0x03cf)
16:03:59.118  INFO    -> rpm
16:03:59.124  INFO    <- OK ret=0 rpm=1000 (hex=0x03e8)
16:03:59.124  INFO    -> current
16:03:59.130  INFO    <- OK ret=0 val1=-0.49 val2=-0.49
16:03:59.318  INFO    -> rpm
16:03:59.324  INFO    <- OK ret=0 rpm=1000 (hex=0x03e8)
16:03:59.518  INFO    -> rpm
16:03:59.524  INFO    <- OK ret=0 rpm=1025 (hex=0x0401)
16:03:59.718  INFO    -> rpm
16:03:59.724  INFO    <- OK ret=0 rpm=975 (hex=0x03cf)
16:03:59.918  INFO    -> rpm
16:03:59.923  INFO    <- OK ret=0 rpm=1025 (hex=0x0401)
16:04:00.118  INFO    -> rpm
16:04:00.123  INFO    <- OK ret=0 rpm=1000 (hex=0x03e8)
16:04:00.124  INFO    -> current
16:04:00.130  INFO    <- OK ret=0 val1=-0.54 val2=-0.44
16:04:00.318  INFO    -> rpm
16:04:00.324  INFO    <- OK ret=0 rpm=1000 (hex=0x03e8)
16:04:00.518  INFO    -> rpm
16:04:00.524  INFO    <- OK ret=0 rpm=1025 (hex=0x0401)
16:04:00.718  INFO    -> rpm
16:04:00.724  INFO    <- OK ret=0 rpm=1000 (hex=0x03e8)
16:04:00.918  INFO    -> rpm
16:04:00.924  INFO    <- OK ret=0 rpm=1000 (hex=0x03e8)
16:04:01.118  INFO    -> rpm
16:04:01.124  INFO    <- OK ret=0 rpm=1000 (hex=0x03e8)
16:04:01.124  INFO    -> current
16:04:01.130  INFO    <- OK ret=0 val1=-0.49 val2=-0.54
16:04:01.318  INFO    -> rpm
16:04:01.323  INFO    <- OK ret=0 rpm=1025 (hex=0x0401)
16:04:01.518  INFO    -> rpm
16:04:01.523  INFO    <- OK ret=0 rpm=1000 (hex=0x03e8)
16:04:01.718  INFO    -> rpm
16:04:01.723  INFO    <- OK ret=0 rpm=1000 (hex=0x03e8)
16:04:01.918  INFO    -> rpm
16:04:01.923  INFO    <- OK ret=0 rpm=1000 (hex=0x03e8)
16:04:02.118  INFO    -> rpm
16:04:02.123  INFO    <- OK ret=0 rpm=975 (hex=0x03cf)
16:04:02.124  INFO    -> current
16:04:02.129  INFO    <- OK ret=0 val1=-0.54 val2=-0.44
16:04:02.318  INFO    -> rpm
16:04:02.323  INFO    <- OK ret=0 rpm=1000 (hex=0x03e8)
16:04:02.518  INFO    -> rpm
16:04:02.523  INFO    <- OK ret=0 rpm=1000 (hex=0x03e8)
16:04:02.718  INFO    -> rpm
16:04:02.723  INFO    <- OK ret=0 rpm=975 (hex=0x03cf)
16:04:02.918  INFO    -> rpm
16:04:02.923  INFO    <- OK ret=0 rpm=1000 (hex=0x03e8)
16:04:02.924  INFO    -> speed 800
16:04:02.928  INFO    <- OK
16:04:03.179  INFO    -> speed 600
16:04:03.184  INFO    <- OK
16:04:03.434  INFO    -> speed 400
16:04:03.439  INFO    <- OK
16:04:03.690  INFO    -> speed 200
16:04:03.695  INFO    <- OK
16:04:03.946  INFO    -> speed 0
16:04:03.951  INFO    <- OK
