15:18:09.138  INFO    -> pi 0.01 0.0
15:18:09.142  INFO    <- OK
15:18:09.142  INFO    -> speed 0
15:18:09.145  INFO    <- OK
15:18:09.146  INFO    -> speed 1000
15:18:09.149  INFO    <- OK
15:18:09.149  INFO    -> rpm
15:18:09.153  INFO    <- OK ret=0 rpm=0 (hex=0x0000)
15:18:09.153  INFO    -> current
15:18:09.158  INFO    <- OK ret=0 val1=0.05 val2=0.05
15:18:09.349  INFO    -> rpm
15:18:09.353  INFO    <- OK ret=0 rpm=325 (hex=0x0145)
15:18:09.549  INFO    -> rpm
15:18:09.553  INFO    <- OK ret=0 rpm=750 (hex=0x02ee)
15:18:09.749  INFO    -> rpm
15:18:09.755  INFO    <- OK ret=0 rpm=675 (hex=0x02a3)
15:18:09.949  INFO    -> rpm
15:18:09.955  INFO    <- OK ret=0 rpm=875 (hex=0x036b)
15:18:10.149  INFO    -> rpm
15:18:10.155  INFO    <- OK ret=0 rpm=850 (hex=0x0352)
15:18:10.155  INFO    -> current
15:18:10.161  INFO    <- OK ret=0 val1=-0.15 val2=-0.24
15:18:10.349  INFO    -> rpm
15:18:10.354  INFO    <- OK ret=0 rpm=950 (hex=0x03b6)
15:18:10.549  INFO    -> rpm
15:18:10.554  INFO    <- OK ret=0 rpm=925 (hex=0x039d)
15:18:10.749  INFO    -> rpm
15:18:10.754  INFO    <- OK ret=0 rpm=975 (hex=0x03cf)
15:18:10.949  INFO    -> rpm
15:18:10.954  INFO    <- OK ret=0 rpm=1000 (hex=0x03e8)
15:18:11.149  INFO    -> rpm
15:18:11.154  INFO    <- OK ret=0 rpm=1000 (hex=0x03e8)
15:18:11.155  INFO    -> current
15:18:11.160  INFO    <- OK ret=0 val1=-0.49 val2=-0.54
15:18:11.349  INFO    -> rpm
15:18:11.354  INFO    <- OK ret=0 rpm=975 (hex=0x03cf)
15:18:11.550  INFO    -> rpm
15:18:11.555  INFO    <- OK ret=0 rpm=1000 (hex=0x03e8)
15:18:11.749  INFO    -> rpm
15:18:11.754  INFO    <- OK ret=0 rpm=1000 (hex=0x03e8)
15:18:11.949  INFO    -> rpm
15:18:11.954  INFO    <- OK ret=0 rpm=1000 (hex=0x03e8)
15:18:12.149  INFO    -> rpm
15:18:12.154  INFO    <- OK ret=0 rpm=975 (hex=0x03cf)
15:18:12.155  INFO    -> current
15:18:12.160  INFO    <- OK ret=0 val1=-0.54 val2=-0.49
15:18:12.349  INFO    -> rpm
15:18:12.354  INFO    <- OK ret=0 rpm=1050 (hex=0x041a)
15:18:12.549  INFO    -> rpm
15:18:12.554  INFO    <- OK ret=0 rpm=975 (hex=0x03cf)
15:18:12.749  INFO    -> rpm
15:18:12.755  INFO    <- OK ret=0 rpm=1050 (hex=0x041a)
15:18:12.949  INFO    -> rpm
15:18:12.955  INFO    <- OK ret=0 rpm=975 (hex=0x03cf)
15:18:13.149  INFO    -> rpm
15:18:13.155  INFO    <- OK ret=0 rpm=1000 (hex=0x03e8)
15:18:13.155  INFO    -> current
15:18:13.161  INFO    <- OK ret=0 val1=-0.44 val2=-0.54
15:18:13.349  INFO    -> rpm
15:18:13.355  INFO    <- OK ret=0 rpm=1000 (hex=0x03e8)
15:18:13.549  INFO    -> rpm
15:18:13.555  INFO    <- OK ret=0 rpm=975 (hex=0x03cf)
15:18:13.749  INFO    -> rpm
15:18:13.755  INFO    <- OK ret=0 rpm=1000 (hex=0x03e8)
15:18:13.949  INFO    -> rpm
15:18:13.954  INFO    <- OK ret=0 rpm=1000 (hex=0x03e8)
15:18:14.149  INFO    -> rpm
15:18:14.154  INFO    <- OK ret=0 rpm=1000 (hex=0x03e8)
15:18:14.155  INFO    -> current
15:18:14.161  INFO    <- OK ret=0 val1=-0.49 val2=-0.59
15:18:14.349  INFO    -> rpm
15:18:14.355  INFO    <- OK ret=0 rpm=1025 (hex=0x0401)
15:18:14.549  INFO    -> rpm
15:18:14.555  INFO    <- OK ret=0 rpm=1000 (hex=0x03e8)
15:18:14.749  INFO    -> rpm
15:18:14.755  INFO    <- OK ret=0 rpm=975 (hex=0x03cf)
15:18:14.949  INFO    -> rpm
15:18:14.955  INFO    <- OK ret=0 rpm=1000 (hex=0x03e8)
15:18:15.149  INFO    -> rpm
15:18:15.155  INFO    <- OK ret=0 rpm=1000 (hex=0x03e8)
15:18:15.155  INFO    -> current
15:18:15.161  INFO    <- OK ret=0 val1=-0.44 val2=-0.59
15:18:15.349  INFO    -> rpm
15:18:15.354  INFO    <- OK ret=0 rpm=1000 (hex=0x03e8)
15:18:15.549  INFO    -> rpm
15:18:15.554  INFO    <- OK ret=0 rpm=1025 (hex=0x0401)
15:18:15.749  INFO    -> rpm
15:18:15.754  INFO    <- OK ret=0 rpm=975 (hex=0x03cf)
15:18:15.949  INFO    -> rpm
15:18:15.954  INFO    <- OK ret=0 rpm=1000 (hex=0x03e8)
15:18:15.955  INFO    -> speed 0
15:18:15.959  INFO    <- OK
