15:17:55.196  INFO    -> pi 0.0 0.0
15:17:55.200  INFO    <- OK
15:17:55.200  INFO    -> speed 0
15:17:55.203  INFO    <- OK
15:17:55.203  INFO    -> speed 1000
15:17:55.207  INFO    <- OK
15:17:55.207  INFO    -> rpm
15:17:55.211  INFO    <- OK ret=0 rpm=0 (hex=0x0000)
15:17:55.211  INFO    -> current
15:17:55.216  INFO    <- OK ret=0 val1=0.05 val2=0.00
15:17:55.407  INFO    -> rpm
15:17:55.411  INFO    <- OK ret=0 rpm=75 (hex=0x004b)
15:17:55.607  INFO    -> rpm
15:17:55.612  INFO    <- OK ret=0 rpm=925 (hex=0x039d)
15:17:55.807  INFO    -> rpm
15:17:55.812  INFO    <- OK ret=0 rpm=675 (hex=0x02a3)
15:17:56.007  INFO    -> rpm
15:17:56.012  INFO    <- OK ret=0 rpm=950 (hex=0x03b6)
15:17:56.207  INFO    -> rpm
15:17:56.212  INFO    <- OK ret=0 rpm=900 (hex=0x0384)
15:17:56.213  INFO    -> current
15:17:56.218  INFO    <- OK ret=0 val1=-0.29 val2=-0.15
15:17:56.407  INFO    -> rpm
15:17:56.412  INFO    <- OK ret=0 rpm=950 (hex=0x03b6)
15:17:56.607  INFO    -> rpm
15:17:56.612  INFO    <- OK ret=0 rpm=975 (hex=0x03cf)
15:17:56.807  INFO    -> rpm
15:17:56.812  INFO    <- OK ret=0 rpm=1000 (hex=0x03e8)
15:17:57.007  INFO    -> rpm
15:17:57.012  INFO    <- OK ret=0 rpm=950 (hex=0x03b6)
15:17:57.207  INFO    -> rpm
15:17:57.212  INFO    <- OK ret=0 rpm=1025 (hex=0x0401)
15:17:57.213  INFO    -> current
15:17:57.218  INFO    <- OK ret=0 val1=-0.39 val2=-0.44
15:17:57.407  INFO    -> rpm
15:17:57.412  INFO    <- OK ret=0 rpm=975 (hex=0x03cf)
15:17:57.607  INFO    -> rpm
15:17:57.612  INFO    <- OK ret=0 rpm=1025 (hex=0x0401)
15:17:57.807  INFO    -> rpm
15:17:57.812  INFO    <- OK ret=0 rpm=950 (hex=0x03b6)
15:17:58.007  INFO    -> rpm
15:17:58.012  INFO    <- OK ret=0 rpm=1050 (hex=0x041a)
15:17:58.207  INFO    -> rpm
15:17:58.212  INFO    <- OK ret=0 rpm=975 (hex=0x03cf)
15:17:58.212  INFO    -> current
15:17:58.218  INFO    <- OK ret=0 val1=-0.44 val2=-0.54
15:17:58.407  INFO    -> rpm
15:17:58.412  INFO    <- OK ret=0 rpm=975 (hex=0x03cf)
15:17:58.607  INFO    -> rpm
15:17:58.612  INFO    <- OK ret=0 rpm=1000 (hex=0x03e8)
15:17:58.807  INFO    -> rpm
15:17:58.812  INFO    <- OK ret=0 rpm=1000 (hex=0x03e8)
15:17:59.007  INFO    -> rpm
15:17:59.012  INFO    <- OK ret=0 rpm=1000 (hex=0x03e8)
15:17:59.207  INFO    -> rpm
15:17:59.212  INFO    <- OK ret=0 rpm=1000 (hex=0x03e8)
15:17:59.213  INFO    -> current
15:17:59.218  INFO    <- OK ret=0 val1=-0.54 val2=-0.54
15:17:59.407  INFO    -> rpm
15:17:59.412  INFO    <- OK ret=0 rpm=1000 (hex=0x03e8)
15:17:59.607  INFO    -> rpm
15:17:59.612  INFO    <- OK ret=0 rpm=1000 (hex=0x03e8)
15:17:59.807  INFO    -> rpm
15:17:59.812  INFO    <- OK ret=0 rpm=1000 (hex=0x03e8)
15:18:00.007  INFO    -> rpm
15:18:00.012  INFO    <- OK ret=0 rpm=1000 (hex=0x03e8)
15:18:00.207  INFO    -> rpm
15:18:00.212  INFO    <- OK ret=0 rpm=1000 (hex=0x03e8)
15:18:00.213  INFO    -> current
15:18:00.218  INFO    <- OK ret=0 val1=-0.49 val2=-0.44
15:18:00.407  INFO    -> rpm
15:18:00.412  INFO    <- OK ret=0 rpm=1000 (hex=0x03e8)
15:18:00.607  INFO    -> rpm
15:18:00.612  INFO    <- OK ret=0 rpm=1000 (hex=0x03e8)
15:18:00.807  INFO    -> rpm
15:18:00.812  INFO    <- OK ret=0 rpm=1025 (hex=0x0401)
15:18:01.008  INFO    -> rpm
15:18:01.014  INFO    <- OK ret=0 rpm=1000 (hex=0x03e8)
15:18:01.207  INFO    -> rpm
15:18:01.212  INFO    <- OK ret=0 rpm=1000 (hex=0x03e8)
15:18:01.213  INFO    -> current
15:18:01.218  INFO    <- OK ret=0 val1=-0.54 val2=-0.59
15:18:01.407  INFO    -> rpm
15:18:01.412  INFO    <- OK ret=0 rpm=1000 (hex=0x03e8)
15:18:01.607  INFO    -> rpm
15:18:01.612  INFO    <- OK ret=0 rpm=1000 (hex=0x03e8)
15:18:01.807  INFO    -> rpm
15:18:01.812  INFO    <- OK ret=0 rpm=1000 (hex=0x03e8)
15:18:02.007  INFO    -> rpm
15:18:02.012  INFO    <- OK ret=0 rpm=1025 (hex=0x0401)
15:18:02.013  INFO    -> speed 0
15:18:02.017  INFO    <- OK
