15:18:23.219  INFO    -> pi -0.01 0.01
15:18:23.223  INFO    <- OK
15:18:23.223  INFO    -> speed 0
15:18:23.227  INFO    <- OK
15:18:23.227  INFO    -> speed 1000
15:18:23.230  INFO    <- OK
15:18:23.232  INFO    -> rpm
15:18:23.236  INFO    <- OK ret=0 rpm=0 (hex=0x0000)
15:18:23.236  INFO    -> current
15:18:23.241  INFO    <- OK ret=0 val1=0.05 val2=0.00
15:18:23.433  INFO    -> rpm
15:18:23.436  INFO    <- OK ret=0 rpm=100 (hex=0x0064)
15:18:23.633  INFO    -> rpm
15:18:23.636  INFO    <- OK ret=0 rpm=900 (hex=0x0384)
15:18:23.833  INFO    -> rpm
15:18:23.837  INFO    <- OK ret=0 rpm=725 (hex=0x02d5)
15:18:24.033  INFO    -> rpm
15:18:24.038  INFO    <- OK ret=0 rpm=900 (hex=0x0384)
15:18:24.233  INFO    -> rpm
15:18:24.238  INFO    <- OK ret=0 rpm=900 (hex=0x0384)
15:18:24.238  INFO    -> current
15:18:24.244  INFO    <- OK ret=0 val1=-0.15 val2=-0.24
15:18:24.433  INFO    -> rpm
15:18:24.438  INFO    <- OK ret=0 rpm=950 (hex=0x03b6)
15:18:24.633  INFO    -> rpm
15:18:24.638  INFO    <- OK ret=0 rpm=975 (hex=0x03cf)
15:18:24.833  INFO    -> rpm
15:18:24.837  INFO    <- OK ret=0 rpm=975 (hex=0x03cf)
15:18:25.033  INFO    -> rpm
15:18:25.038  INFO    <- OK ret=0 rpm=1000 (hex=0x03e8)
15:18:25.233  INFO    -> rpm
15:18:25.238  INFO    <- OK ret=0 rpm=1000 (hex=0x03e8)
15:18:25.238  INFO    -> current
15:18:25.244  INFO    <- OK ret=0 val1=-0.54 val2=-0.49
15:18:25.433  INFO    -> rpm
15:18:25.438  INFO    <- OK ret=0 rpm=950 (hex=0x03b6)
15:18:25.632  INFO    -> rpm
15:18:25.637  INFO    <- OK ret=0 rpm=1025 (hex=0x0401)
15:18:25.833  INFO    -> rpm
15:18:25.838  INFO    <- OK ret=0 rpm=975 (hex=0x03cf)
15:18:26.033  INFO    -> rpm
15:18:26.038  INFO    <- OK ret=0 rpm=1000 (hex=0x03e8)
15:18:26.233  INFO    -> rpm
15:18:26.238  INFO    <- OK ret=0 rpm=1000 (hex=0x03e8)
15:18:26.238  INFO    -> current
15:18:26.244  INFO    <- OK ret=0 val1=-0.44 val2=-0.54
15:18:26.433  INFO    -> rpm
15:18:26.438  INFO    <- OK ret=0 rpm=1000 (hex=0x03e8)
15:18:26.633  INFO    -> rpm
15:18:26.638  INFO    <- OK ret=0 rpm=1000 (hex=0x03e8)
15:18:26.833  INFO    -> rpm
15:18:26.837  INFO    <- OK ret=0 rpm=1000 (hex=0x03e8)
15:18:27.033  INFO    -> rpm
15:18:27.038  INFO    <- OK ret=0 rpm=975 (hex=0x03cf)
15:18:27.233  INFO    -> rpm
15:18:27.238  INFO    <- OK ret=0 rpm=1025 (hex=0x0401)
15:18:27.238  INFO    -> current
15:18:27.244  INFO    <- OK ret=0 val1=-0.49 val2=-0.59
15:18:27.433  INFO    -> rpm
15:18:27.438  INFO    <- OK ret=0 rpm=950 (hex=0x03b6)
15:18:27.633  INFO    -> rpm
15:18:27.638  INFO    <- OK ret=0 rpm=1000 (hex=0x03e8)
15:18:27.833  INFO    -> rpm
15:18:27.838  INFO    <- OK ret=0 rpm=1000 (hex=0x03e8)
15:18:28.033  INFO    -> rpm
15:18:28.038  INFO    <- OK ret=0 rpm=1000 (hex=0x03e8)
15:18:28.233  INFO    -> rpm
15:18:28.238  INFO    <- OK ret=0 rpm=1000 (hex=0x03e8)
15:18:28.238  INFO    -> current
15:18:28.244  INFO    <- OK ret=0 val1=-0.54 val2=-0.44
15:18:28.433  INFO    -> rpm
15:18:28.438  INFO    <- OK ret=0 rpm=1000 (hex=0x03e8)
15:18:28.633  INFO    -> rpm
15:18:28.638  INFO    <- OK ret=0 rpm=1000 (hex=0x03e8)
15:18:28.833  INFO    -> rpm
15:18:28.837  INFO    <- OK ret=0 rpm=1000 (hex=0x03e8)
15:18:29.033  INFO    -> rpm
15:18:29.038  INFO    <- OK ret=0 rpm=1025 (hex=0x0401)
15:18:29.233  INFO    -> rpm
15:18:29.238  INFO    <- OK ret=0 rpm=1000 (hex=0x03e8)
15:18:29.238  INFO    -> current
15:18:29.244  INFO    <- OK ret=0 val1=-0.49 val2=-0.59
15:18:29.433  INFO    -> rpm
15:18:29.438  INFO    <- OK ret=0 rpm=1025 (hex=0x0401)
15:18:29.633  INFO    -> rpm
15:18:29.638  INFO    <- OK ret=0 rpm=975 (hex=0x03cf)
15:18:29.833  INFO    -> rpm
15:18:29.837  INFO    <- OK ret=0 rpm=1025 (hex=0x0401)
15:18:30.033  INFO    -> rpm
15:18:30.038  INFO    <- OK ret=0 rpm=1000 (hex=0x03e8)
15:18:30.038  INFO    -> speed 0
15:18:30.043  INFO    <- OK
