13:44:19.062  INFO    -> pi -0.1 -0.08
13:44:19.066  INFO    <- OK
13:44:19.066  INFO    -> speed 0
13:44:19.069  INFO    <- OK
13:44:19.069  INFO    -> speed 1000
13:44:19.073  INFO    <- OK
13:44:19.073  INFO    -> rpm
13:44:19.077  INFO    <- OK ret=0 rpm=0 (hex=0x0000)
13:44:19.077  INFO    -> current
13:44:19.082  INFO    <- OK ret=0 val1=-0.10 val2=0.05
13:44:19.273  INFO    -> rpm
13:44:19.277  INFO    <- OK ret=0 rpm=0 (hex=0x0000)
13:44:19.473  INFO    -> rpm
13:44:19.477  INFO    <- OK ret=0 rpm=0 (hex=0x0000)
13:44:19.673  INFO    -> rpm
13:44:19.677  INFO    <- OK ret=0 rpm=125 (hex=0x007d)
13:44:19.873  INFO    -> rpm
13:44:19.878  INFO    <- OK ret=0 rpm=925 (hex=0x039d)
13:44:20.073  INFO    -> rpm
13:44:20.078  INFO    <- OK ret=0 rpm=1200 (hex=0x04b0)
13:44:20.078  INFO    -> current
13:44:20.084  INFO    <- OK ret=0 val1=-0.15 val2=0.10
13:44:20.273  INFO    -> rpm
13:44:20.278  INFO    <- OK ret=0 rpm=1150 (hex=0x047e)
13:44:20.473  INFO    -> rpm
13:44:20.478  INFO    <- OK ret=0 rpm=1075 (hex=0x0433)
13:44:20.673  INFO    -> rpm
13:44:20.678  INFO    <- OK ret=0 rpm=1025 (hex=0x0401)
13:44:20.873  INFO    -> rpm
13:44:20.878  INFO    <- OK ret=0 rpm=975 (hex=0x03cf)
13:44:21.073  INFO    -> rpm
13:44:21.078  INFO    <- OK ret=0 rpm=1000 (hex=0x03e8)
13:44:21.078  INFO    -> current
13:44:21.084  INFO    <- OK ret=0 val1=-0.49 val2=-0.49
13:44:21.273  INFO    -> rpm
13:44:21.278  INFO    <- OK ret=0 rpm=975 (hex=0x03cf)
13:44:21.473  INFO    -> rpm
13:44:21.478  INFO    <- OK ret=0 rpm=1000 (hex=0x03e8)
13:44:21.673  INFO    -> rpm
13:44:21.678  INFO    <- OK ret=0 rpm=1000 (hex=0x03e8)
13:44:21.873  INFO    -> rpm
13:44:21.878  INFO    <- OK ret=0 rpm=975 (hex=0x03cf)
13:44:22.073  INFO    -> rpm
13:44:22.078  INFO    <- OK ret=0 rpm=1000 (hex=0x03e8)
13:44:22.078  INFO    -> current
13:44:22.084  INFO    <- OK ret=0 val1=-0.49 val2=-0.39
13:44:22.273  INFO    -> rpm
13:44:22.278  INFO    <- OK ret=0 rpm=1000 (hex=0x03e8)
13:44:22.473  INFO    -> rpm
13:44:22.478  INFO    <- OK ret=0 rpm=1000 (hex=0x03e8)
13:44:22.673  INFO    -> rpm
13:44:22.678  INFO    <- OK ret=0 rpm=1000 (hex=0x03e8)
13:44:22.873  INFO    -> rpm
13:44:22.878  INFO    <- OK ret=0 rpm=1000 (hex=0x03e8)
13:44:23.073  INFO    -> rpm
13:44:23.078  INFO    <- OK ret=0 rpm=1025 (hex=0x0401)
13:44:23.078  INFO    -> current
13:44:23.084  INFO    <- OK ret=0 val1=-0.54 val2=-0.49
13:44:23.273  INFO    -> rpm
13:44:23.278  INFO    <- OK ret=0 rpm=1000 (hex=0x03e8)
13:44:23.473  INFO    -> rpm
13:44:23.478  INFO    <- OK ret=0 rpm=1000 (hex=0x03e8)
13:44:23.673  INFO    -> rpm
13:44:23.678  INFO    <- OK ret=0 rpm=1000 (hex=0x03e8)
13:44:23.873  INFO    -> rpm
13:44:23.878  INFO    <- OK ret=0 rpm=1000 (hex=0x03e8)
13:44:24.073  INFO    -> rpm
13:44:24.078  INFO    <- OK ret=0 rpm=975 (hex=0x03cf)
13:44:24.078  INFO    -> current
13:44:24.084  INFO    <- OK ret=0 val1=-0.49 val2=-0.39
13:44:24.273  INFO    -> rpm
13:44:24.278  INFO    <- OK ret=0 rpm=1000 (hex=0x03e8)
13:44:24.473  INFO    -> rpm
13:44:24.478  INFO    <- OK ret=0 rpm=1000 (hex=0x03e8)
13:44:24.673  INFO    -> rpm
13:44:24.678  INFO    <- OK ret=0 rpm=975 (hex=0x03cf)
13:44:24.873  INFO    -> rpm
13:44:24.878  INFO    <- OK ret=0 rpm=1000 (hex=0x03e8)
13:44:25.073  INFO    -> rpm
13:44:25.078  INFO    <- OK ret=0 rpm=1000 (hex=0x03e8)
13:44:25.078  INFO    -> current
13:44:25.084  INFO    <- OK ret=0 val1=-0.44 val2=-0.44
13:44:25.273  INFO    -> rpm
13:44:25.278  INFO    <- OK ret=0 rpm=1000 (hex=0x03e8)
13:44:25.473  INFO    -> rpm
13:44:25.478  INFO    <- OK ret=0 rpm=1000 (hex=0x03e8)
13:44:25.673  INFO    -> rpm
13:44:25.678  INFO    <- OK ret=0 rpm=1000 (hex=0x03e8)
13:44:25.873  INFO    -> rpm
13:44:25.878  INFO    <- OK ret=0 rpm=1000 (hex=0x03e8)
13:44:25.879  INFO    -> speed 800
13:44:25.883  INFO    <- OK
13:44:26.134  INFO    -> speed 600
13:44:26.139  INFO    <- OK
13:44:26.390  INFO    -> speed 400
13:44:26.395  INFO    <- OK
13:44:26.645  INFO    -> speed 200
13:44:26.650  INFO    <- OK
13:44:26.901  INFO    -> speed 0
13:44:26.906  INFO    <- OK
