13:10:46.043  INFO    -> pi -0.1 -0.08
13:10:46.047  INFO    <- OK
13:10:46.047  INFO    -> speed 0
13:10:46.050  INFO    <- OK
13:10:46.050  INFO    -> speed 1000
13:10:46.054  INFO    <- OK
13:10:46.054  INFO    -> rpm
13:10:46.058  INFO    <- OK ret=0 rpm=0 (hex=0x0000)
13:10:46.058  INFO    -> current
13:10:46.062  INFO    <- OK ret=0 val1=-0.10 val2=0.05
13:10:46.254  INFO    -> rpm
13:10:46.258  INFO    <- OK ret=0 rpm=0 (hex=0x0000)
13:10:46.454  INFO    -> rpm
13:10:46.458  INFO    <- OK ret=0 rpm=0 (hex=0x0000)
13:10:46.654  INFO    -> rpm
13:10:46.658  INFO    <- OK ret=0 rpm=200 (hex=0x00c8)
13:10:46.854  INFO    -> rpm
13:10:46.859  INFO    <- OK ret=0 rpm=1100 (hex=0x044c)
13:10:47.054  INFO    -> rpm
13:10:47.059  INFO    <- OK ret=0 rpm=1325 (hex=0x052d)
13:10:47.060  INFO    -> current
13:10:47.066  INFO    <- OK ret=0 val1=-0.15 val2=-0.05
13:10:47.254  INFO    -> rpm
13:10:47.259  INFO    <- OK ret=0 rpm=1200 (hex=0x04b0)
13:10:47.454  INFO    -> rpm
13:10:47.459  INFO    <- OK ret=0 rpm=1100 (hex=0x044c)
13:10:47.654  INFO    -> rpm
13:10:47.659  INFO    <- OK ret=0 rpm=1050 (hex=0x041a)
13:10:47.854  INFO    -> rpm
13:10:47.859  INFO    <- OK ret=0 rpm=1000 (hex=0x03e8)
13:10:48.054  INFO    -> rpm
13:10:48.059  INFO    <- OK ret=0 rpm=1000 (hex=0x03e8)
13:10:48.060  INFO    -> current
13:10:48.065  INFO    <- OK ret=0 val1=-0.63 val2=-0.54
13:10:48.254  INFO    -> rpm
13:10:48.259  INFO    <- OK ret=0 rpm=1000 (hex=0x03e8)
13:10:48.454  INFO    -> rpm
13:10:48.464  INFO    <- OK ret=0 rpm=1000 (hex=0x03e8)
13:10:48.654  INFO    -> rpm
13:10:48.659  INFO    <- OK ret=0 rpm=1000 (hex=0x03e8)
13:10:48.854  INFO    -> rpm
13:10:48.859  INFO    <- OK ret=0 rpm=1000 (hex=0x03e8)
13:10:49.054  INFO    -> rpm
13:10:49.059  INFO    <- OK ret=0 rpm=1000 (hex=0x03e8)
13:10:49.060  INFO    -> current
13:10:49.065  INFO    <- OK ret=0 val1=-0.54 val2=-0.44
13:10:49.254  INFO    -> rpm
13:10:49.259  INFO    <- OK ret=0 rpm=1000 (hex=0x03e8)
13:10:49.454  INFO    -> rpm
13:10:49.459  INFO    <- OK ret=0 rpm=1000 (hex=0x03e8)
13:10:49.654  INFO    -> rpm
13:10:49.659  INFO    <- OK ret=0 rpm=1000 (hex=0x03e8)
13:10:49.854  INFO    -> rpm
13:10:49.859  INFO    <- OK ret=0 rpm=1000 (hex=0x03e8)
13:10:50.054  INFO    -> rpm
13:10:50.059  INFO    <- OK ret=0 rpm=1000 (hex=0x03e8)
13:10:50.060  INFO    -> current
13:10:50.066  INFO    <- OK ret=0 val1=-0.49 val2=-0.54
13:10:50.254  INFO    -> rpm
13:10:50.259  INFO    <- OK ret=0 rpm=1000 (hex=0x03e8)
13:10:50.454  INFO    -> rpm
13:10:50.459  INFO    <- OK ret=0 rpm=1025 (hex=0x0401)
13:10:50.654  INFO    -> rpm
13:10:50.659  INFO    <- OK ret=0 rpm=1000 (hex=0x03e8)
13:10:50.854  INFO    -> rpm
13:10:50.859  INFO    <- OK ret=0 rpm=1000 (hex=0x03e8)
13:10:51.054  INFO    -> rpm
13:10:51.059  INFO    <- OK ret=0 rpm=1000 (hex=0x03e8)
13:10:51.060  INFO    -> current
13:10:51.065  INFO    <- OK ret=0 val1=-0.54 val2=-0.49
13:10:51.254  INFO    -> rpm
13:10:51.259  INFO    <- OK ret=0 rpm=1025 (hex=0x0401)
13:10:51.454  INFO    -> rpm
13:10:51.459  INFO    <- OK ret=0 rpm=1000 (hex=0x03e8)
13:10:51.654  INFO    -> rpm
13:10:51.659  INFO    <- OK ret=0 rpm=1000 (hex=0x03e8)
13:10:51.854  INFO    -> rpm
13:10:51.859  INFO    <- OK ret=0 rpm=1025 (hex=0x0401)
13:10:52.054  INFO    -> rpm
13:10:52.059  INFO    <- OK ret=0 rpm=1000 (hex=0x03e8)
13:10:52.060  INFO    -> current
13:10:52.066  INFO    <- OK ret=0 val1=-0.54 val2=-0.49
13:10:52.254  INFO    -> rpm
13:10:52.259  INFO    <- OK ret=0 rpm=1000 (hex=0x03e8)
13:10:52.454  INFO    -> rpm
13:10:52.459  INFO    <- OK ret=0 rpm=1000 (hex=0x03e8)
13:10:52.654  INFO    -> rpm
13:10:52.659  INFO    <- OK ret=0 rpm=1025 (hex=0x0401)
13:10:52.854  INFO    -> rpm
13:10:52.859  INFO    <- OK ret=0 rpm=1025 (hex=0x0401)
13:10:52.860  INFO    -> speed 800
13:10:52.864  INFO    <- OK
13:10:53.115  INFO    -> speed 600
13:10:53.120  INFO    <- OK
13:10:53.371  INFO    -> speed 400
13:10:53.376  INFO    <- OK
13:10:53.627  INFO    -> speed 200
13:10:53.631  INFO    <- OK
13:10:53.882  INFO    -> speed 0
13:10:53.887  INFO    <- OK
