17:01:30.884  INFO    -> pi -0.03 0.03
17:01:30.888  INFO    <- OK
17:01:30.888  INFO    -> speed 0
17:01:30.891  INFO    <- OK
17:01:30.892  INFO    -> speed 1000
17:01:30.895  INFO    <- OK
17:01:30.897  INFO    -> rpm
17:01:30.901  INFO    <- OK ret=0 rpm=0 (hex=0x0000)
17:01:30.901  INFO    -> current
17:01:30.906  INFO    <- OK ret=0 val1=-0.10 val2=0.05
17:01:31.097  INFO    -> rpm
17:01:31.101  INFO    <- OK ret=0 rpm=0 (hex=0x0000)
17:01:31.297  INFO    -> rpm
17:01:31.301  INFO    <- OK ret=0 rpm=800 (hex=0x0320)
17:01:31.497  INFO    -> rpm
17:01:31.502  INFO    <- OK ret=0 rpm=975 (hex=0x03cf)
17:01:31.697  INFO    -> rpm
17:01:31.702  INFO    <- OK ret=0 rpm=900 (hex=0x0384)
17:01:31.897  INFO    -> rpm
17:01:31.902  INFO    <- OK ret=0 rpm=900 (hex=0x0384)
17:01:31.902  INFO    -> current
17:01:31.908  INFO    <- OK ret=0 val1=-0.24 val2=-0.15
17:01:32.097  INFO    -> rpm
17:01:32.102  INFO    <- OK ret=0 rpm=1000 (hex=0x03e8)
17:01:32.297  INFO    -> rpm
17:01:32.302  INFO    <- OK ret=0 rpm=1000 (hex=0x03e8)
17:01:32.497  INFO    -> rpm
17:01:32.502  INFO    <- OK ret=0 rpm=1000 (hex=0x03e8)
17:01:32.697  INFO    -> rpm
17:01:32.702  INFO    <- OK ret=0 rpm=975 (hex=0x03cf)
17:01:32.897  INFO    -> rpm
17:01:32.902  INFO    <- OK ret=0 rpm=1025 (hex=0x0401)
17:01:32.902  INFO    -> current
17:01:32.908  INFO    <- OK ret=0 val1=-0.59 val2=-0.44
17:01:33.097  INFO    -> rpm
17:01:33.102  INFO    <- OK ret=0 rpm=1000 (hex=0x03e8)
17:01:33.297  INFO    -> rpm
17:01:33.302  INFO    <- OK ret=0 rpm=1000 (hex=0x03e8)
17:01:33.497  INFO    -> rpm
17:01:33.502  INFO    <- OK ret=0 rpm=1025 (hex=0x0401)
17:01:33.697  INFO    -> rpm
17:01:33.702  INFO    <- OK ret=0 rpm=1000 (hex=0x03e8)
17:01:33.897  INFO    -> rpm
17:01:33.902  INFO    <- OK ret=0 rpm=1000 (hex=0x03e8)
17:01:33.902  INFO    -> current
17:01:33.908  INFO    <- OK ret=0 val1=-0.49 val2=-0.39
17:01:34.097  INFO    -> rpm
17:01:34.102  INFO    <- OK ret=0 rpm=1000 (hex=0x03e8)
17:01:34.297  INFO    -> rpm
17:01:34.302  INFO    <- OK ret=0 rpm=1000 (hex=0x03e8)
17:01:34.497  INFO    -> rpm
17:01:34.502  INFO    <- OK ret=0 rpm=1025 (hex=0x0401)
17:01:34.697  INFO    -> rpm
17:01:34.702  INFO    <- OK ret=0 rpm=1000 (hex=0x03e8)
17:01:34.897  INFO    -> rpm
17:01:34.902  INFO    <- OK ret=0 rpm=1000 (hex=0x03e8)
17:01:34.902  INFO    -> current
17:01:34.908  INFO    <- OK ret=0 val1=-0.49 val2=-0.39
17:01:35.097  INFO    -> rpm
17:01:35.102  INFO    <- OK ret=0 rpm=975 (hex=0x03cf)
17:01:35.297  INFO    -> rpm
17:01:35.302  INFO    <- OK ret=0 rpm=1025 (hex=0x0401)
17:01:35.497  INFO    -> rpm
17:01:35.502  INFO    <- OK ret=0 rpm=1000 (hex=0x03e8)
17:01:35.697  INFO    -> rpm
17:01:35.702  INFO    <- OK ret=0 rpm=1000 (hex=0x03e8)
17:01:35.897  INFO    -> rpm
17:01:35.902  INFO    <- OK ret=0 rpm=1000 (hex=0x03e8)
17:01:35.902  INFO    -> current
17:01:35.908  INFO    <- OK ret=0 val1=-0.49 val2=-0.49
17:01:36.097  INFO    -> rpm
17:01:36.102  INFO    <- OK ret=0 rpm=1000 (hex=0x03e8)
17:01:36.297  INFO    -> rpm
17:01:36.302  INFO    <- OK ret=0 rpm=1025 (hex=0x0401)
17:01:36.497  INFO    -> rpm
17:01:36.502  INFO    <- OK ret=0 rpm=1000 (hex=0x03e8)
17:01:36.697  INFO    -> rpm
17:01:36.702  INFO    <- OK ret=0 rpm=1000 (hex=0x03e8)
17:01:36.897  INFO    -> rpm
17:01:36.902  INFO    <- OK ret=0 rpm=1000 (hex=0x03e8)
17:01:36.903  INFO    -> current
17:01:36.909  INFO    <- OK ret=0 val1=-0.49 val2=-0.59
17:01:37.097  INFO    -> rpm
17:01:37.102  INFO    <- OK ret=0 rpm=1000 (hex=0x03e8)
17:01:37.297  INFO    -> rpm
17:01:37.302  INFO    <- OK ret=0 rpm=1000 (hex=0x03e8)
17:01:37.497  INFO    -> rpm
17:01:37.502  INFO    <- OK ret=0 rpm=975 (hex=0x03cf)
17:01:37.697  INFO    -> rpm
17:01:37.702  INFO    <- OK ret=0 rpm=1000 (hex=0x03e8)
17:01:37.702  INFO    -> speed 800
17:01:37.707  INFO    <- OK
17:01:37.958  INFO    -> speed 600
17:01:37.963  INFO    <- OK
17:01:38.213  INFO    -> speed 400
17:01:38.218  INFO    <- OK
17:01:38.469  INFO    -> speed 200
17:01:38.474  INFO    <- OK
17:01:38.725  INFO    -> speed 0
17:01:38.730  INFO    <- OK
