17:00:33.167  INFO    -> pi 0.03 -0.03
17:00:33.171  INFO    <- OK
17:00:33.172  INFO    -> speed 0
17:00:33.175  INFO    <- OK
17:00:33.175  INFO    -> speed 1000
17:00:33.179  INFO    <- OK
17:00:33.179  INFO    -> rpm
17:00:33.183  INFO    <- OK ret=0 rpm=0 (hex=0x0000)
17:00:33.183  INFO    -> current
17:00:33.188  INFO    <- OK ret=0 val1=-0.10 val2=0.05
17:00:33.379  INFO    -> rpm
17:00:33.383  INFO    <- OK ret=0 rpm=375 (hex=0x0177)
17:00:33.579  INFO    -> rpm
17:00:33.583  INFO    <- OK ret=0 rpm=750 (hex=0x02ee)
17:00:33.779  INFO    -> rpm
17:00:33.784  INFO    <- OK ret=0 rpm=675 (hex=0x02a3)
17:00:33.980  INFO    -> rpm
17:00:33.985  INFO    <- OK ret=0 rpm=850 (hex=0x0352)
17:00:34.179  INFO    -> rpm
17:00:34.184  INFO    <- OK ret=0 rpm=850 (hex=0x0352)
17:00:34.185  INFO    -> current
17:00:34.191  INFO    <- OK ret=0 val1=-0.44 val2=-0.44
17:00:34.379  INFO    -> rpm
17:00:34.384  INFO    <- OK ret=0 rpm=950 (hex=0x03b6)
17:00:34.579  INFO    -> rpm
17:00:34.584  INFO    <- OK ret=0 rpm=925 (hex=0x039d)
17:00:34.779  INFO    -> rpm
17:00:34.784  INFO    <- OK ret=0 rpm=975 (hex=0x03cf)
17:00:34.979  INFO    -> rpm
17:00:34.984  INFO    <- OK ret=0 rpm=950 (hex=0x03b6)
17:00:35.179  INFO    -> rpm
17:00:35.184  INFO    <- OK ret=0 rpm=1000 (hex=0x03e8)
17:00:35.185  INFO    -> current
17:00:35.190  INFO    <- OK ret=0 val1=-0.49 val2=-0.44
17:00:35.379  INFO    -> rpm
17:00:35.384  INFO    <- OK ret=0 rpm=950 (hex=0x03b6)
17:00:35.579  INFO    -> rpm
17:00:35.584  INFO    <- OK ret=0 rpm=1000 (hex=0x03e8)
17:00:35.779  INFO    -> rpm
17:00:35.784  INFO    <- OK ret=0 rpm=975 (hex=0x03cf)
17:00:35.979  INFO    -> rpm
17:00:35.984  INFO    <- OK ret=0 rpm=975 (hex=0x03cf)
17:00:36.179  INFO    -> rpm
17:00:36.184  INFO    <- OK ret=0 rpm=975 (hex=0x03cf)
17:00:36.185  INFO    -> current
17:00:36.190  INFO    <- OK ret=0 val1=-0.49 val2=-0.44
17:00:36.379  INFO    -> rpm
17:00:36.384  INFO    <- OK ret=0 rpm=1025 (hex=0x0401)
17:00:36.579  INFO    -> rpm
17:00:36.584  INFO    <- OK ret=0 rpm=975 (hex=0x03cf)
17:00:36.779  INFO    -> rpm
17:00:36.784  INFO    <- OK ret=0 rpm=975 (hex=0x03cf)
17:00:36.979  INFO    -> rpm
17:00:36.984  INFO    <- OK ret=0 rpm=1000 (hex=0x03e8)
17:00:37.179  INFO    -> rpm
17:00:37.184  INFO    <- OK ret=0 rpm=1000 (hex=0x03e8)
17:00:37.185  INFO    -> current
17:00:37.190  INFO    <- OK ret=0 val1=-0.54 val2=-0.44
17:00:37.379  INFO    -> rpm
17:00:37.384  INFO    <- OK ret=0 rpm=1000 (hex=0x03e8)
17:00:37.579  INFO    -> rpm
17:00:37.584  INFO    <- OK ret=0 rpm=1000 (hex=0x03e8)
17:00:37.779  INFO    -> rpm
17:00:37.784  INFO    <- OK ret=0 rpm=1000 (hex=0x03e8)
17:00:37.979  INFO    -> rpm
17:00:37.984  INFO    <- OK ret=0 rpm=1025 (hex=0x0401)
17:00:38.179  INFO    -> rpm
17:00:38.184  INFO    <- OK ret=0 rpm=975 (hex=0x03cf)
17:00:38.185  INFO    -> current
17:00:38.190  INFO    <- OK ret=0 val1=-0.44 val2=-0.44
17:00:38.379  INFO    -> rpm
17:00:38.384  INFO    <- OK ret=0 rpm=1025 (hex=0x0401)
17:00:38.579  INFO    -> rpm
17:00:38.584  INFO    <- OK ret=0 rpm=975 (hex=0x03cf)
17:00:38.779  INFO    -> rpm
17:00:38.804  INFO    <- OK ret=0 rpm=1025 (hex=0x0401)
17:00:38.979  INFO    -> rpm
17:00:38.984  INFO    <- OK ret=0 rpm=1000 (hex=0x03e8)
17:00:39.179  INFO    -> rpm
17:00:39.184  INFO    <- OK ret=0 rpm=1000 (hex=0x03e8)
17:00:39.185  INFO    -> current
17:00:39.190  INFO    <- OK ret=0 val1=-0.49 val2=-0.54
17:00:39.379  INFO    -> rpm
17:00:39.384  INFO    <- OK ret=0 rpm=1000 (hex=0x03e8)
17:00:39.579  INFO    -> rpm
17:00:39.584  INFO    <- OK ret=0 rpm=1025 (hex=0x0401)
17:00:39.779  INFO    -> rpm
17:00:39.784  INFO    <- OK ret=0 rpm=975 (hex=0x03cf)
17:00:39.979  INFO    -> rpm
17:00:39.984  INFO    <- OK ret=0 rpm=1025 (hex=0x0401)
17:00:39.985  INFO    -> speed 800
17:00:39.989  INFO    <- OK
17:00:40.240  INFO    -> speed 600
17:00:40.245  INFO    <- OK
17:00:40.496  INFO    -> speed 400
17:00:40.501  INFO    <- OK
17:00:40.751  INFO    -> speed 200
17:00:40.756  INFO    <- OK
17:00:41.007  INFO    -> speed 0
17:00:41.012  INFO    <- OK
