17:00:48.210  INFO    -> pi -0.03 0.0
17:00:48.214  INFO    <- OK
17:00:48.214  INFO    -> speed 0
17:00:48.217  INFO    <- OK
17:00:48.217  INFO    -> speed 1000
17:00:48.221  INFO    <- OK
17:00:48.221  INFO    -> rpm
17:00:48.225  INFO    <- OK ret=0 rpm=0 (hex=0x0000)
17:00:48.225  INFO    -> current
17:00:48.230  INFO    <- OK ret=0 val1=-0.10 val2=0.05
17:00:48.421  INFO    -> rpm
17:00:48.425  INFO    <- OK ret=0 rpm=0 (hex=0x0000)
17:00:48.621  INFO    -> rpm
17:00:48.625  INFO    <- OK ret=0 rpm=575 (hex=0x023f)
17:00:48.821  INFO    -> rpm
17:00:48.825  INFO    <- OK ret=0 rpm=925 (hex=0x039d)
17:00:49.021  INFO    -> rpm
17:00:49.026  INFO    <- OK ret=0 rpm=925 (hex=0x039d)
17:00:49.221  INFO    -> rpm
17:00:49.226  INFO    <- OK ret=0 rpm=925 (hex=0x039d)
17:00:49.226  INFO    -> current
17:00:49.232  INFO    <- OK ret=0 val1=-0.49 val2=-0.49
17:00:49.421  INFO    -> rpm
17:00:49.426  INFO    <- OK ret=0 rpm=975 (hex=0x03cf)
17:00:49.621  INFO    -> rpm
17:00:49.626  INFO    <- OK ret=0 rpm=1000 (hex=0x03e8)
17:00:49.821  INFO    -> rpm
17:00:49.826  INFO    <- OK ret=0 rpm=975 (hex=0x03cf)
17:00:50.021  INFO    -> rpm
17:00:50.026  INFO    <- OK ret=0 rpm=975 (hex=0x03cf)
17:00:50.221  INFO    -> rpm
17:00:50.226  INFO    <- OK ret=0 rpm=1000 (hex=0x03e8)
17:00:50.226  INFO    -> current
17:00:50.232  INFO    <- OK ret=0 val1=-0.54 val2=-0.54
17:00:50.421  INFO    -> rpm
17:00:50.426  INFO    <- OK ret=0 rpm=975 (hex=0x03cf)
17:00:50.621  INFO    -> rpm
17:00:50.626  INFO    <- OK ret=0 rpm=975 (hex=0x03cf)
17:00:50.821  INFO    -> rpm
17:00:50.826  INFO    <- OK ret=0 rpm=1000 (hex=0x03e8)
17:00:51.021  INFO    -> rpm
17:00:51.026  INFO    <- OK ret=0 rpm=975 (hex=0x03cf)
17:00:51.221  INFO    -> rpm
17:00:51.226  INFO    <- OK ret=0 rpm=1000 (hex=0x03e8)
17:00:51.226  INFO    -> current
17:00:51.232  INFO    <- OK ret=0 val1=-0.49 val2=-0.39
17:00:51.421  INFO    -> rpm
17:00:51.426  INFO    <- OK ret=0 rpm=1000 (hex=0x03e8)
17:00:51.621  INFO    -> rpm
17:00:51.626  INFO    <- OK ret=0 rpm=1025 (hex=0x0401)
17:00:51.821  INFO    -> rpm
17:00:51.826  INFO    <- OK ret=0 rpm=975 (hex=0x03cf)
17:00:52.021  INFO    -> rpm
17:00:52.026  INFO    <- OK ret=0 rpm=1025 (hex=0x0401)
17:00:52.221  INFO    -> rpm
17:00:52.226  INFO    <- OK ret=0 rpm=975 (hex=0x03cf)
17:00:52.226  INFO    -> current
17:00:52.232  INFO    <- OK ret=0 val1=-0.54 val2=-0.49
17:00:52.421  INFO    -> rpm
17:00:52.426  INFO    <- OK ret=0 rpm=1000 (hex=0x03e8)
17:00:52.621  INFO    -> rpm
17:00:52.626  INFO    <- OK ret=0 rpm=975 (hex=0x03cf)
17:00:52.821  INFO    -> rpm
17:00:52.826  INFO    <- OK ret=0 rpm=1025 (hex=0x0401)
17:00:53.021  INFO    -> rpm
17:00:53.026  INFO    <- OK ret=0 rpm=1000 (hex=0x03e8)
17:00:53.221  INFO    -> rpm
17:00:53.235  INFO    <- OK ret=0 rpm=1000 (hex=0x03e8)
17:00:53.235  INFO    -> current
17:00:53.241  INFO    <- OK ret=0 val1=-0.49 val2=-0.44
17:00:53.421  INFO    -> rpm
17:00:53.426  INFO    <- OK ret=0 rpm=1000 (hex=0x03e8)
17:00:53.621  INFO    -> rpm
17:00:53.626  INFO    <- OK ret=0 rpm=1000 (hex=0x03e8)
17:00:53.821  INFO    -> rpm
17:00:53.826  INFO    <- OK ret=0 rpm=1025 (hex=0x0401)
17:00:54.021  INFO    -> rpm
17:00:54.026  INFO    <- OK ret=0 rpm=1025 (hex=0x0401)
17:00:54.221  INFO    -> rpm
17:00:54.226  INFO    <- OK ret=0 rpm=1000 (hex=0x03e8)
17:00:54.227  INFO    -> current
17:00:54.232  INFO    <- OK ret=0 val1=-0.49 val2=-0.59
17:00:54.421  INFO    -> rpm
17:00:54.426  INFO    <- OK ret=0 rpm=1025 (hex=0x0401)
17:00:54.621  INFO    -> rpm
17:00:54.626  INFO    <- OK ret=0 rpm=1000 (hex=0x03e8)
17:00:54.821  INFO    -> rpm
17:00:54.826  INFO    <- OK ret=0 rpm=1000 (hex=0x03e8)
17:00:55.021  INFO    -> rpm
17:00:55.026  INFO    <- OK ret=0 rpm=975 (hex=0x03cf)
17:00:55.027  INFO    -> speed 800
17:00:55.032  INFO    <- OK
17:00:55.282  INFO    -> speed 600
17:00:55.287  INFO    <- OK
17:00:55.538  INFO    -> speed 400
17:00:55.543  INFO    <- OK
17:00:55.794  INFO    -> speed 200
17:00:55.799  INFO    <- OK
17:00:56.049  INFO    -> speed 0
17:00:56.054  INFO    <- OK
