17:00:18.439  INFO    -> pi 0.0 -0.03
17:00:18.443  INFO    <- OK
17:00:18.443  INFO    -> speed 0
17:00:18.446  INFO    <- OK
17:00:18.446  INFO    -> speed 1000
17:00:18.450  INFO    <- OK
17:00:18.450  INFO    -> rpm
17:00:18.454  INFO    <- OK ret=0 rpm=0 (hex=0x0000)
17:00:18.454  INFO    -> current
17:00:18.459  INFO    <- OK ret=0 val1=-0.10 val2=0.05
17:00:18.650  INFO    -> rpm
17:00:18.654  INFO    <- OK ret=0 rpm=25 (hex=0x0019)
17:00:18.850  INFO    -> rpm
17:00:18.854  INFO    <- OK ret=0 rpm=800 (hex=0x0320)
17:00:19.050  INFO    -> rpm
17:00:19.054  INFO    <- OK ret=0 rpm=775 (hex=0x0307)
17:00:19.250  INFO    -> rpm
17:00:19.255  INFO    <- OK ret=0 rpm=800 (hex=0x0320)
17:00:19.450  INFO    -> rpm
17:00:19.455  INFO    <- OK ret=0 rpm=925 (hex=0x039d)
17:00:19.456  INFO    -> current
17:00:19.461  INFO    <- OK ret=0 val1=-0.39 val2=-0.15
17:00:19.650  INFO    -> rpm
17:00:19.655  INFO    <- OK ret=0 rpm=950 (hex=0x03b6)
17:00:19.850  INFO    -> rpm
17:00:19.855  INFO    <- OK ret=0 rpm=925 (hex=0x039d)
17:00:20.050  INFO    -> rpm
17:00:20.055  INFO    <- OK ret=0 rpm=975 (hex=0x03cf)
17:00:20.250  INFO    -> rpm
17:00:20.255  INFO    <- OK ret=0 rpm=975 (hex=0x03cf)
17:00:20.450  INFO    -> rpm
17:00:20.455  INFO    <- OK ret=0 rpm=1000 (hex=0x03e8)
17:00:20.456  INFO    -> current
17:00:20.461  INFO    <- OK ret=0 val1=-0.44 val2=-0.44
17:00:20.650  INFO    -> rpm
17:00:20.655  INFO    <- OK ret=0 rpm=975 (hex=0x03cf)
17:00:20.850  INFO    -> rpm
17:00:20.860  INFO    <- OK ret=0 rpm=1000 (hex=0x03e8)
17:00:21.050  INFO    -> rpm
17:00:21.055  INFO    <- OK ret=0 rpm=975 (hex=0x03cf)
17:00:21.250  INFO    -> rpm
17:00:21.255  INFO    <- OK ret=0 rpm=1000 (hex=0x03e8)
17:00:21.450  INFO    -> rpm
17:00:21.455  INFO    <- OK ret=0 rpm=1000 (hex=0x03e8)
17:00:21.456  INFO    -> current
17:00:21.461  INFO    <- OK ret=0 val1=-0.54 val2=-0.44
17:00:21.650  INFO    -> rpm
17:00:21.655  INFO    <- OK ret=0 rpm=1000 (hex=0x03e8)
17:00:21.850  INFO    -> rpm
17:00:21.855  INFO    <- OK ret=0 rpm=1000 (hex=0x03e8)
17:00:22.050  INFO    -> rpm
17:00:22.055  INFO    <- OK ret=0 rpm=975 (hex=0x03cf)
17:00:22.250  INFO    -> rpm
17:00:22.255  INFO    <- OK ret=0 rpm=1025 (hex=0x0401)
17:00:22.450  INFO    -> rpm
17:00:22.455  INFO    <- OK ret=0 rpm=1000 (hex=0x03e8)
17:00:22.456  INFO    -> current
17:00:22.461  INFO    <- OK ret=0 val1=-0.54 val2=-0.49
17:00:22.650  INFO    -> rpm
17:00:22.655  INFO    <- OK ret=0 rpm=1000 (hex=0x03e8)
17:00:22.850  INFO    -> rpm
17:00:22.855  INFO    <- OK ret=0 rpm=1000 (hex=0x03e8)
17:00:23.050  INFO    -> rpm
17:00:23.055  INFO    <- OK ret=0 rpm=1025 (hex=0x0401)
17:00:23.250  INFO    -> rpm
17:00:23.255  INFO    <- OK ret=0 rpm=1000 (hex=0x03e8)
17:00:23.450  INFO    -> rpm
17:00:23.455  INFO    <- OK ret=0 rpm=1000 (hex=0x03e8)
17:00:23.456  INFO    -> current
17:00:23.461  INFO    <- OK ret=0 val1=-0.49 val2=-0.39
17:00:23.650  INFO    -> rpm
17:00:23.655  INFO    <- OK ret=0 rpm=1000 (hex=0x03e8)
17:00:23.850  INFO    -> rpm
17:00:23.855  INFO    <- OK ret=0 rpm=1000 (hex=0x03e8)
17:00:24.050  INFO    -> rpm
17:00:24.055  INFO    <- OK ret=0 rpm=975 (hex=0x03cf)
17:00:24.250  INFO    -> rpm
17:00:24.255  INFO    <- OK ret=0 rpm=1000 (hex=0x03e8)
17:00:24.450  INFO    -> rpm
17:00:24.455  INFO    <- OK ret=0 rpm=1025 (hex=0x0401)
17:00:24.455  INFO    -> current
17:00:24.461  INFO    <- OK ret=0 val1=-0.49 val2=-0.44
17:00:24.650  INFO    -> rpm
17:00:24.655  INFO    <- OK ret=0 rpm=1000 (hex=0x03e8)
17:00:24.850  INFO    -> rpm
17:00:24.855  INFO    <- OK ret=0 rpm=1025 (hex=0x0401)
17:00:25.050  INFO    -> rpm
17:00:25.055  INFO    <- OK ret=0 rpm=975 (hex=0x03cf)
17:00:25.250  INFO    -> rpm
17:00:25.255  INFO    <- OK ret=0 rpm=1025 (hex=0x0401)
17:00:25.256  INFO    -> speed 800
17:00:25.260  INFO    <- OK
17:00:25.511  INFO    -> speed 600
17:00:25.516  INFO    <- OK
17:00:25.766  INFO    -> speed 400
17:00:25.771  INFO    <- OK
17:00:26.022  INFO    -> speed 200
17:00:26.027  INFO    <- OK
17:00:26.277  INFO    -> speed 0
17:00:26.282  INFO    <- OK
