17:01:18.169  INFO    -> pi 0.03 0.0
17:01:18.173  INFO    <- OK
17:01:18.173  INFO    -> speed 0
17:01:18.177  INFO    <- OK
17:01:18.177  INFO    -> speed 1000
17:01:18.180  INFO    <- OK
17:01:18.181  INFO    -> rpm
17:01:18.188  INFO    <- OK ret=0 rpm=0 (hex=0x0000)
17:01:18.188  INFO    -> current
17:01:18.193  INFO    <- OK ret=0 val1=-0.10 val2=0.05
17:01:18.381  INFO    -> rpm
17:01:18.385  INFO    <- OK ret=0 rpm=225 (hex=0x00e1)
17:01:18.581  INFO    -> rpm
17:01:18.585  INFO    <- OK ret=0 rpm=800 (hex=0x0320)
17:01:18.781  INFO    -> rpm
17:01:18.786  INFO    <- OK ret=0 rpm=675 (hex=0x02a3)
17:01:18.981  INFO    -> rpm
17:01:18.986  INFO    <- OK ret=0 rpm=800 (hex=0x0320)
17:01:19.181  INFO    -> rpm
17:01:19.186  INFO    <- OK ret=0 rpm=900 (hex=0x0384)
17:01:19.186  INFO    -> current
17:01:19.192  INFO    <- OK ret=0 val1=-0.10 val2=0.05
17:01:19.381  INFO    -> rpm
17:01:19.386  INFO    <- OK ret=0 rpm=875 (hex=0x036b)
17:01:19.581  INFO    -> rpm
17:01:19.586  INFO    <- OK ret=0 rpm=950 (hex=0x03b6)
17:01:19.781  INFO    -> rpm
17:01:19.786  INFO    <- OK ret=0 rpm=975 (hex=0x03cf)
17:01:19.981  INFO    -> rpm
17:01:19.986  INFO    <- OK ret=0 rpm=975 (hex=0x03cf)
17:01:20.181  INFO    -> rpm
17:01:20.186  INFO    <- OK ret=0 rpm=975 (hex=0x03cf)
17:01:20.186  INFO    -> current
17:01:20.192  INFO    <- OK ret=0 val1=-0.54 val2=-0.34
17:01:20.381  INFO    -> rpm
17:01:20.386  INFO    <- OK ret=0 rpm=975 (hex=0x03cf)
17:01:20.581  INFO    -> rpm
17:01:20.586  INFO    <- OK ret=0 rpm=1000 (hex=0x03e8)
17:01:20.781  INFO    -> rpm
17:01:20.786  INFO    <- OK ret=0 rpm=1000 (hex=0x03e8)
17:01:20.981  INFO    -> rpm
17:01:20.986  INFO    <- OK ret=0 rpm=1000 (hex=0x03e8)
17:01:21.181  INFO    -> rpm
17:01:21.186  INFO    <- OK ret=0 rpm=1000 (hex=0x03e8)
17:01:21.186  INFO    -> current
17:01:21.192  INFO    <- OK ret=0 val1=-0.54 val2=-0.59
17:01:21.381  INFO    -> rpm
17:01:21.386  INFO    <- OK ret=0 rpm=1000 (hex=0x03e8)
17:01:21.581  INFO    -> rpm
17:01:21.586  INFO    <- OK ret=0 rpm=1000 (hex=0x03e8)
17:01:21.781  INFO    -> rpm
17:01:21.786  INFO    <- OK ret=0 rpm=1000 (hex=0x03e8)
17:01:21.981  INFO    -> rpm
17:01:21.986  INFO    <- OK ret=0 rpm=975 (hex=0x03cf)
17:01:22.181  INFO    -> rpm
17:01:22.186  INFO    <- OK ret=0 rpm=1000 (hex=0x03e8)
17:01:22.186  INFO    -> current
17:01:22.192  INFO    <- OK ret=0 val1=-0.49 val2=-0.49
17:01:22.381  INFO    -> rpm
17:01:22.386  INFO    <- OK ret=0 rpm=1000 (hex=0x03e8)
17:01:22.581  INFO    -> rpm
17:01:22.586  INFO    <- OK ret=0 rpm=1000 (hex=0x03e8)
17:01:22.781  INFO    -> rpm
17:01:22.786  INFO    <- OK ret=0 rpm=975 (hex=0x03cf)
17:01:22.981  INFO    -> rpm
17:01:22.986  INFO    <- OK ret=0 rpm=1025 (hex=0x0401)
17:01:23.181  INFO    -> rpm
17:01:23.186  INFO    <- OK ret=0 rpm=1000 (hex=0x03e8)
17:01:23.186  INFO    -> current
17:01:23.192  INFO    <- OK ret=0 val1=-0.54 val2=-0.49
17:01:23.381  INFO    -> rpm
17:01:23.386  INFO    <- OK ret=0 rpm=1000 (hex=0x03e8)
17:01:23.581  INFO    -> rpm
17:01:23.586  INFO    <- OK ret=0 rpm=1000 (hex=0x03e8)
17:01:23.781  INFO    -> rpm
17:01:23.786  INFO    <- OK ret=0 rpm=1000 (hex=0x03e8)
17:01:23.981  INFO    -> rpm
17:01:23.986  INFO    <- OK ret=0 rpm=1000 (hex=0x03e8)
17:01:24.181  INFO    -> rpm
17:01:24.186  INFO    <- OK ret=0 rpm=1000 (hex=0x03e8)
17:01:24.186  INFO    -> current
17:01:24.192  INFO    <- OK ret=0 val1=-0.49 val2=-0.44
17:01:24.381  INFO    -> rpm
17:01:24.386  INFO    <- OK ret=0 rpm=1025 (hex=0x0401)
17:01:24.581  INFO    -> rpm
17:01:24.586  INFO    <- OK ret=0 rpm=1000 (hex=0x03e8)
17:01:24.781  INFO    -> rpm
17:01:24.786  INFO    <- OK ret=0 rpm=1025 (hex=0x0401)
17:01:24.981  INFO    -> rpm
17:01:24.986  INFO    <- OK ret=0 rpm=1000 (hex=0x03e8)
17:01:24.987  INFO    -> speed 800
17:01:24.991  INFO    <- OK
17:01:25.242  INFO    -> speed 600
17:01:25.247  INFO    <- OK
17:01:25.498  INFO    -> speed 400
17:01:25.502  INFO    <- OK
17:01:25.753  INFO    -> speed 200
17:01:25.758  INFO    <- OK
17:01:26.009  INFO    -> speed 0
17:01:26.014  INFO    <- OK
