17:00:05.693  INFO    -> pi -0.03 -0.03
17:00:05.697  INFO    <- OK
17:00:05.697  INFO    -> speed 0
17:00:05.700  INFO    <- OK
17:00:05.700  INFO    -> speed 1000
17:00:05.704  INFO    <- OK
17:00:05.709  INFO    -> rpm
17:00:05.713  INFO    <- OK ret=0 rpm=0 (hex=0x0000)
17:00:05.713  INFO    -> current
17:00:05.718  INFO    <- OK ret=0 val1=-0.10 val2=0.05
17:00:05.909  INFO    -> rpm
17:00:05.913  INFO    <- OK ret=0 rpm=0 (hex=0x0000)
17:00:06.109  INFO    -> rpm
17:00:06.113  INFO    <- OK ret=0 rpm=550 (hex=0x0226)
17:00:06.309  INFO    -> rpm
17:00:06.314  INFO    <- OK ret=0 rpm=950 (hex=0x03b6)
17:00:06.509  INFO    -> rpm
17:00:06.514  INFO    <- OK ret=0 rpm=925 (hex=0x039d)
17:00:06.709  INFO    -> rpm
17:00:06.714  INFO    <- OK ret=0 rpm=925 (hex=0x039d)
17:00:06.715  INFO    -> current
17:00:06.720  INFO    <- OK ret=0 val1=-0.20 val2=-0.10
17:00:06.909  INFO    -> rpm
17:00:06.914  INFO    <- OK ret=0 rpm=950 (hex=0x03b6)
17:00:07.109  INFO    -> rpm
17:00:07.114  INFO    <- OK ret=0 rpm=1025 (hex=0x0401)
17:00:07.309  INFO    -> rpm
17:00:07.314  INFO    <- OK ret=0 rpm=975 (hex=0x03cf)
17:00:07.509  INFO    -> rpm
17:00:07.514  INFO    <- OK ret=0 rpm=975 (hex=0x03cf)
17:00:07.709  INFO    -> rpm
17:00:07.714  INFO    <- OK ret=0 rpm=1025 (hex=0x0401)
17:00:07.715  INFO    -> current
17:00:07.720  INFO    <- OK ret=0 val1=-0.44 val2=-0.49
17:00:07.909  INFO    -> rpm
17:00:07.914  INFO    <- OK ret=0 rpm=975 (hex=0x03cf)
17:00:08.109  INFO    -> rpm
17:00:08.114  INFO    <- OK ret=0 rpm=1050 (hex=0x041a)
17:00:08.309  INFO    -> rpm
17:00:08.314  INFO    <- OK ret=0 rpm=1000 (hex=0x03e8)
17:00:08.509  INFO    -> rpm
17:00:08.514  INFO    <- OK ret=0 rpm=1025 (hex=0x0401)
17:00:08.709  INFO    -> rpm
17:00:08.714  INFO    <- OK ret=0 rpm=1025 (hex=0x0401)
17:00:08.715  INFO    -> current
17:00:08.720  INFO    <- OK ret=0 val1=-0.49 val2=-0.44
17:00:08.909  INFO    -> rpm
17:00:08.914  INFO    <- OK ret=0 rpm=1025 (hex=0x0401)
17:00:09.109  INFO    -> rpm
17:00:09.114  INFO    <- OK ret=0 rpm=1000 (hex=0x03e8)
17:00:09.309  INFO    -> rpm
17:00:09.314  INFO    <- OK ret=0 rpm=1025 (hex=0x0401)
17:00:09.509  INFO    -> rpm
17:00:09.514  INFO    <- OK ret=0 rpm=1000 (hex=0x03e8)
17:00:09.709  INFO    -> rpm
17:00:09.714  INFO    <- OK ret=0 rpm=1000 (hex=0x03e8)
17:00:09.715  INFO    -> current
17:00:09.720  INFO    <- OK ret=0 val1=-0.54 val2=-0.49
17:00:09.909  INFO    -> rpm
17:00:09.914  INFO    <- OK ret=0 rpm=1000 (hex=0x03e8)
17:00:10.109  INFO    -> rpm
17:00:10.114  INFO    <- OK ret=0 rpm=1000 (hex=0x03e8)
17:00:10.309  INFO    -> rpm
17:00:10.314  INFO    <- OK ret=0 rpm=975 (hex=0x03cf)
17:00:10.509  INFO    -> rpm
17:00:10.514  INFO    <- OK ret=0 rpm=1025 (hex=0x0401)
17:00:10.709  INFO    -> rpm
17:00:10.718  INFO    <- OK ret=0 rpm=1000 (hex=0x03e8)
17:00:10.718  INFO    -> current
17:00:10.724  INFO    <- OK ret=0 val1=-0.54 val2=-0.44
17:00:10.909  INFO    -> rpm
17:00:10.914  INFO    <- OK ret=0 rpm=1000 (hex=0x03e8)
17:00:11.109  INFO    -> rpm
17:00:11.114  INFO    <- OK ret=0 rpm=1025 (hex=0x0401)
17:00:11.309  INFO    -> rpm
17:00:11.314  INFO    <- OK ret=0 rpm=975 (hex=0x03cf)
17:00:11.509  INFO    -> rpm
17:00:11.514  INFO    <- OK ret=0 rpm=1000 (hex=0x03e8)
17:00:11.709  INFO    -> rpm
17:00:11.714  INFO    <- OK ret=0 rpm=1025 (hex=0x0401)
17:00:11.715  INFO    -> current
17:00:11.720  INFO    <- OK ret=0 val1=-0.54 val2=-0.49
17:00:11.909  INFO    -> rpm
17:00:11.914  INFO    <- OK ret=0 rpm=975 (hex=0x03cf)
17:00:12.109  INFO    -> rpm
17:00:12.114  INFO    <- OK ret=0 rpm=1025 (hex=0x0401)
17:00:12.309  INFO    -> rpm
17:00:12.314  INFO    <- OK ret=0 rpm=1000 (hex=0x03e8)
17:00:12.509  INFO    -> rpm
17:00:12.514  INFO    <- OK ret=0 rpm=1025 (hex=0x0401)
17:00:12.515  INFO    -> speed 800
17:00:12.519  INFO    <- OK
17:00:12.770  INFO    -> speed 600
17:00:12.775  INFO    <- OK
17:00:13.026  INFO    -> speed 400
17:00:13.030  INFO    <- OK
17:00:13.281  INFO    -> speed 200
17:00:13.286  INFO    <- OK
17:00:13.537  INFO    -> speed 0
17:00:13.542  INFO    <- OK
