13:06:12.961  INFO    -> pi 0.1 0.0
13:06:12.965  INFO    <- OK
13:06:12.965  INFO    -> speed 0
13:06:12.969  INFO    <- OK
13:06:12.969  INFO    -> speed 1000
13:06:12.972  INFO    <- OK
13:06:12.975  INFO    -> rpm
13:06:12.979  INFO    <- OK ret=0 rpm=0 (hex=0x0000)
13:06:12.979  INFO    -> current
13:06:12.984  INFO    <- OK ret=0 val1=-0.10 val2=0.05
13:06:13.175  INFO    -> rpm
13:06:13.179  INFO    <- OK ret=0 rpm=900 (hex=0x0384)
13:06:13.375  INFO    -> rpm
13:06:13.380  INFO    <- OK ret=0 rpm=575 (hex=0x023f)
13:06:13.575  INFO    -> rpm
13:06:13.580  INFO    <- OK ret=0 rpm=850 (hex=0x0352)
13:06:13.775  INFO    -> rpm
13:06:13.780  INFO    <- OK ret=0 rpm=750 (hex=0x02ee)
13:06:13.975  INFO    -> rpm
13:06:13.980  INFO    <- OK ret=0 rpm=875 (hex=0x036b)
13:06:13.980  INFO    -> current
13:06:13.985  INFO    <- OK ret=0 val1=-0.15 val2=-0.20
13:06:14.175  INFO    -> rpm
13:06:14.180  INFO    <- OK ret=0 rpm=900 (hex=0x0384)
13:06:14.375  INFO    -> rpm
13:06:14.380  INFO    <- OK ret=0 rpm=925 (hex=0x039d)
13:06:14.575  INFO    -> rpm
13:06:14.580  INFO    <- OK ret=0 rpm=925 (hex=0x039d)
13:06:14.776  INFO    -> rpm
13:06:14.786  INFO    <- OK ret=0 rpm=975 (hex=0x03cf)
13:06:14.975  INFO    -> rpm
13:06:14.980  INFO    <- OK ret=0 rpm=925 (hex=0x039d)
13:06:14.980  INFO    -> current
13:06:14.986  INFO    <- OK ret=0 val1=-0.59 val2=-0.44
13:06:15.175  INFO    -> rpm
13:06:15.180  INFO    <- OK ret=0 rpm=900 (hex=0x0384)
13:06:15.375  INFO    -> rpm
13:06:15.380  INFO    <- OK ret=0 rpm=925 (hex=0x039d)
13:06:15.575  INFO    -> rpm
13:06:15.580  INFO    <- OK ret=0 rpm=975 (hex=0x03cf)
13:06:15.775  INFO    -> rpm
13:06:15.780  INFO    <- OK ret=0 rpm=1025 (hex=0x0401)
13:06:15.975  INFO    -> rpm
13:06:15.980  INFO    <- OK ret=0 rpm=1000 (hex=0x03e8)
13:06:15.980  INFO    -> current
13:06:15.986  INFO    <- OK ret=0 val1=-0.49 val2=-0.54
13:06:16.175  INFO    -> rpm
13:06:16.180  INFO    <- OK ret=0 rpm=1025 (hex=0x0401)
13:06:16.375  INFO    -> rpm
13:06:16.380  INFO    <- OK ret=0 rpm=1000 (hex=0x03e8)
13:06:16.575  INFO    -> rpm
13:06:16.580  INFO    <- OK ret=0 rpm=1000 (hex=0x03e8)
13:06:16.775  INFO    -> rpm
13:06:16.780  INFO    <- OK ret=0 rpm=1000 (hex=0x03e8)
13:06:16.975  INFO    -> rpm
13:06:16.980  INFO    <- OK ret=0 rpm=1000 (hex=0x03e8)
13:06:16.980  INFO    -> current
13:06:16.986  INFO    <- OK ret=0 val1=-0.59 val2=-0.49
13:06:17.175  INFO    -> rpm
13:06:17.180  INFO    <- OK ret=0 rpm=1025 (hex=0x0401)
13:06:17.375  INFO    -> rpm
13:06:17.380  INFO    <- OK ret=0 rpm=1000 (hex=0x03e8)
13:06:17.575  INFO    -> rpm
13:06:17.580  INFO    <- OK ret=0 rpm=1000 (hex=0x03e8)
13:06:17.775  INFO    -> rpm
13:06:17.780  INFO    <- OK ret=0 rpm=1000 (hex=0x03e8)
13:06:17.975  INFO    -> rpm
13:06:17.980  INFO    <- OK ret=0 rpm=1000 (hex=0x03e8)
13:06:17.980  INFO    -> current
13:06:17.986  INFO    <- OK ret=0 val1=-0.54 val2=-0.39
13:06:18.175  INFO    -> rpm
13:06:18.180  INFO    <- OK ret=0 rpm=1000 (hex=0x03e8)
13:06:18.375  INFO    -> rpm
13:06:18.380  INFO    <- OK ret=0 rpm=975 (hex=0x03cf)
13:06:18.575  INFO    -> rpm
13:06:18.580  INFO    <- OK ret=0 rpm=1025 (hex=0x0401)
13:06:18.775  INFO    -> rpm
13:06:18.780  INFO    <- OK ret=0 rpm=975 (hex=0x03cf)
13:06:18.975  INFO    -> rpm
13:06:18.980  INFO    <- OK ret=0 rpm=1050 (hex=0x041a)
13:06:18.980  INFO    -> current
13:06:18.986  INFO    <- OK ret=0 val1=-0.44 val2=-0.44
13:06:19.175  INFO    -> rpm
13:06:19.180  INFO    <- OK ret=0 rpm=975 (hex=0x03cf)
13:06:19.375  INFO    -> rpm
13:06:19.380  INFO    <- OK ret=0 rpm=1050 (hex=0x041a)
13:06:19.575  INFO    -> rpm
13:06:19.580  INFO    <- OK ret=0 rpm=975 (hex=0x03cf)
13:06:19.775  INFO    -> rpm
13:06:19.789  INFO    <- OK ret=0 rpm=1050 (hex=0x041a)
13:06:19.790  INFO    -> speed 800
13:06:19.794  INFO    <- OK
13:06:20.045  INFO    -> speed 600
13:06:20.050  INFO    <- OK
13:06:20.300  INFO    -> speed 400
13:06:20.305  INFO    <- OK
13:06:20.556  INFO    -> speed 200
13:06:20.561  INFO    <- OK
13:06:20.811  INFO    -> speed 0
13:06:20.816  INFO    <- OK
