13:06:00.229  INFO    -> pi 0.0 0.0
13:06:00.233  INFO    <- OK
13:06:00.233  INFO    -> speed 0
13:06:00.236  INFO    <- OK
13:06:00.237  INFO    -> speed 1000
13:06:00.240  INFO    <- OK
13:06:00.240  INFO    -> rpm
13:06:00.244  INFO    <- OK ret=0 rpm=0 (hex=0x0000)
13:06:00.244  INFO    -> current
13:06:00.249  INFO    <- OK ret=0 val1=-0.10 val2=0.05
13:06:00.440  INFO    -> rpm
13:06:00.444  INFO    <- OK ret=0 rpm=0 (hex=0x0000)
13:06:00.640  INFO    -> rpm
13:06:00.644  INFO    <- OK ret=0 rpm=625 (hex=0x0271)
13:06:00.840  INFO    -> rpm
13:06:00.844  INFO    <- OK ret=0 rpm=950 (hex=0x03b6)
13:06:01.040  INFO    -> rpm
13:06:01.045  INFO    <- OK ret=0 rpm=800 (hex=0x0320)
13:06:01.240  INFO    -> rpm
13:06:01.245  INFO    <- OK ret=0 rpm=925 (hex=0x039d)
13:06:01.246  INFO    -> current
13:06:01.251  INFO    <- OK ret=0 val1=-0.54 val2=-0.39
13:06:01.440  INFO    -> rpm
13:06:01.445  INFO    <- OK ret=0 rpm=950 (hex=0x03b6)
13:06:01.640  INFO    -> rpm
13:06:01.645  INFO    <- OK ret=0 rpm=925 (hex=0x039d)
13:06:01.840  INFO    -> rpm
13:06:01.845  INFO    <- OK ret=0 rpm=950 (hex=0x03b6)
13:06:02.040  INFO    -> rpm
13:06:02.045  INFO    <- OK ret=0 rpm=975 (hex=0x03cf)
13:06:02.240  INFO    -> rpm
13:06:02.245  INFO    <- OK ret=0 rpm=950 (hex=0x03b6)
13:06:02.246  INFO    -> current
13:06:02.251  INFO    <- OK ret=0 val1=-0.59 val2=-0.54
13:06:02.440  INFO    -> rpm
13:06:02.445  INFO    <- OK ret=0 rpm=1000 (hex=0x03e8)
13:06:02.640  INFO    -> rpm
13:06:02.645  INFO    <- OK ret=0 rpm=975 (hex=0x03cf)
13:06:02.840  INFO    -> rpm
13:06:02.845  INFO    <- OK ret=0 rpm=1000 (hex=0x03e8)
13:06:03.040  INFO    -> rpm
13:06:03.045  INFO    <- OK ret=0 rpm=1025 (hex=0x0401)
13:06:03.240  INFO    -> rpm
13:06:03.245  INFO    <- OK ret=0 rpm=1000 (hex=0x03e8)
13:06:03.246  INFO    -> current
13:06:03.252  INFO    <- OK ret=0 val1=-0.59 val2=-0.63
13:06:03.440  INFO    -> rpm
13:06:03.445  INFO    <- OK ret=0 rpm=1050 (hex=0x041a)
13:06:03.640  INFO    -> rpm
13:06:03.645  INFO    <- OK ret=0 rpm=1000 (hex=0x03e8)
13:06:03.840  INFO    -> rpm
13:06:03.845  INFO    <- OK ret=0 rpm=1050 (hex=0x041a)
13:06:04.040  INFO    -> rpm
13:06:04.045  INFO    <- OK ret=0 rpm=1000 (hex=0x03e8)
13:06:04.240  INFO    -> rpm
13:06:04.245  INFO    <- OK ret=0 rpm=1025 (hex=0x0401)
13:06:04.246  INFO    -> current
13:06:04.251  INFO    <- OK ret=0 val1=-0.59 val2=-0.54
13:06:04.440  INFO    -> rpm
13:06:04.445  INFO    <- OK ret=0 rpm=1000 (hex=0x03e8)
13:06:04.640  INFO    -> rpm
13:06:04.645  INFO    <- OK ret=0 rpm=1000 (hex=0x03e8)
13:06:04.840  INFO    -> rpm
13:06:04.845  INFO    <- OK ret=0 rpm=1000 (hex=0x03e8)
13:06:05.040  INFO    -> rpm
13:06:05.045  INFO    <- OK ret=0 rpm=1025 (hex=0x0401)
13:06:05.240  INFO    -> rpm
13:06:05.245  INFO    <- OK ret=0 rpm=1025 (hex=0x0401)
13:06:05.246  INFO    -> current
13:06:05.251  INFO    <- OK ret=0 val1=-0.49 val2=-0.59
13:06:05.440  INFO    -> rpm
13:06:05.445  INFO    <- OK ret=0 rpm=1000 (hex=0x03e8)
13:06:05.640  INFO    -> rpm
13:06:05.645  INFO    <- OK ret=0 rpm=1025 (hex=0x0401)
13:06:05.840  INFO    -> rpm
13:06:05.845  INFO    <- OK ret=0 rpm=950 (hex=0x03b6)
13:06:06.040  INFO    -> rpm
13:06:06.045  INFO    <- OK ret=0 rpm=1025 (hex=0x0401)
13:06:06.240  INFO    -> rpm
13:06:06.245  INFO    <- OK ret=0 rpm=975 (hex=0x03cf)
13:06:06.246  INFO    -> current
13:06:06.251  INFO    <- OK ret=0 val1=-0.54 val2=-0.44
13:06:06.440  INFO    -> rpm
13:06:06.445  INFO    <- OK ret=0 rpm=1000 (hex=0x03e8)
13:06:06.640  INFO    -> rpm
13:06:06.645  INFO    <- OK ret=0 rpm=1000 (hex=0x03e8)
13:06:06.840  INFO    -> rpm
13:06:06.845  INFO    <- OK ret=0 rpm=1000 (hex=0x03e8)
13:06:07.040  INFO    -> rpm
13:06:07.045  INFO    <- OK ret=0 rpm=975 (hex=0x03cf)
13:06:07.046  INFO    -> speed 800
13:06:07.051  INFO    <- OK
13:06:07.301  INFO    -> speed 600
13:06:07.306  INFO    <- OK
13:06:07.557  INFO    -> speed 400
13:06:07.562  INFO    <- OK
13:06:07.812  INFO    -> speed 200
13:06:07.817  INFO    <- OK
13:06:08.068  INFO    -> speed 0
13:06:08.073  INFO    <- OK
