13:05:30.165  INFO    -> pi 0.1 -0.03
13:05:30.169  INFO    <- OK
13:05:30.169  INFO    -> speed 0
13:05:30.172  INFO    <- OK
13:05:30.173  INFO    -> speed 1000
13:05:30.176  INFO    <- OK
13:05:30.176  INFO    -> rpm
13:05:30.180  INFO    <- OK ret=0 rpm=0 (hex=0x0000)
13:05:30.180  INFO    -> current
13:05:30.185  INFO    <- OK ret=0 val1=-0.15 val2=0.05
13:05:30.376  INFO    -> rpm
13:05:30.380  INFO    <- OK ret=0 rpm=550 (hex=0x0226)
13:05:30.576  INFO    -> rpm
13:05:30.580  INFO    <- OK ret=0 rpm=750 (hex=0x02ee)
13:05:30.776  INFO    -> rpm
13:05:30.781  INFO    <- OK ret=0 rpm=625 (hex=0x0271)
13:05:30.976  INFO    -> rpm
13:05:30.981  INFO    <- OK ret=0 rpm=875 (hex=0x036b)
13:05:31.176  INFO    -> rpm
13:05:31.181  INFO    <- OK ret=0 rpm=800 (hex=0x0320)
13:05:31.182  INFO    -> current
13:05:31.187  INFO    <- OK ret=0 val1=-0.44 val2=-0.39
13:05:31.376  INFO    -> rpm
13:05:31.381  INFO    <- OK ret=0 rpm=900 (hex=0x0384)
13:05:31.576  INFO    -> rpm
13:05:31.581  INFO    <- OK ret=0 rpm=825 (hex=0x0339)
13:05:31.776  INFO    -> rpm
13:05:31.781  INFO    <- OK ret=0 rpm=975 (hex=0x03cf)
13:05:31.976  INFO    -> rpm
13:05:31.981  INFO    <- OK ret=0 rpm=900 (hex=0x0384)
13:05:32.176  INFO    -> rpm
13:05:32.181  INFO    <- OK ret=0 rpm=950 (hex=0x03b6)
13:05:32.182  INFO    -> current
13:05:32.187  INFO    <- OK ret=0 val1=-0.49 val2=-0.49
13:05:32.376  INFO    -> rpm
13:05:32.381  INFO    <- OK ret=0 rpm=950 (hex=0x03b6)
13:05:32.576  INFO    -> rpm
13:05:32.581  INFO    <- OK ret=0 rpm=950 (hex=0x03b6)
13:05:32.776  INFO    -> rpm
13:05:32.781  INFO    <- OK ret=0 rpm=950 (hex=0x03b6)
13:05:32.976  INFO    -> rpm
13:05:32.981  INFO    <- OK ret=0 rpm=1000 (hex=0x03e8)
13:05:33.176  INFO    -> rpm
13:05:33.181  INFO    <- OK ret=0 rpm=1000 (hex=0x03e8)
13:05:33.182  INFO    -> current
13:05:33.187  INFO    <- OK ret=0 val1=-0.54 val2=-0.49
13:05:33.376  INFO    -> rpm
13:05:33.381  INFO    <- OK ret=0 rpm=975 (hex=0x03cf)
13:05:33.576  INFO    -> rpm
13:05:33.581  INFO    <- OK ret=0 rpm=975 (hex=0x03cf)
13:05:33.776  INFO    -> rpm
13:05:33.781  INFO    <- OK ret=0 rpm=1000 (hex=0x03e8)
13:05:33.976  INFO    -> rpm
13:05:33.981  INFO    <- OK ret=0 rpm=975 (hex=0x03cf)
13:05:34.176  INFO    -> rpm
13:05:34.181  INFO    <- OK ret=0 rpm=1050 (hex=0x041a)
13:05:34.182  INFO    -> current
13:05:34.187  INFO    <- OK ret=0 val1=-0.54 val2=-0.49
13:05:34.376  INFO    -> rpm
13:05:34.385  INFO    <- OK ret=0 rpm=975 (hex=0x03cf)
13:05:34.576  INFO    -> rpm
13:05:34.581  INFO    <- OK ret=0 rpm=1000 (hex=0x03e8)
13:05:34.776  INFO    -> rpm
13:05:34.781  INFO    <- OK ret=0 rpm=975 (hex=0x03cf)
13:05:34.976  INFO    -> rpm
13:05:34.981  INFO    <- OK ret=0 rpm=1025 (hex=0x0401)
13:05:35.176  INFO    -> rpm
13:05:35.181  INFO    <- OK ret=0 rpm=1000 (hex=0x03e8)
13:05:35.182  INFO    -> current
13:05:35.187  INFO    <- OK ret=0 val1=-0.49 val2=-0.59
13:05:35.376  INFO    -> rpm
13:05:35.381  INFO    <- OK ret=0 rpm=1025 (hex=0x0401)
13:05:35.576  INFO    -> rpm
13:05:35.581  INFO    <- OK ret=0 rpm=1000 (hex=0x03e8)
13:05:35.776  INFO    -> rpm
13:05:35.781  INFO    <- OK ret=0 rpm=975 (hex=0x03cf)
13:05:35.976  INFO    -> rpm
13:05:35.981  INFO    <- OK ret=0 rpm=1000 (hex=0x03e8)
13:05:36.176  INFO    -> rpm
13:05:36.181  INFO    <- OK ret=0 rpm=1025 (hex=0x0401)
13:05:36.182  INFO    -> current
13:05:36.187  INFO    <- OK ret=0 val1=-0.59 val2=-0.49
13:05:36.376  INFO    -> rpm
13:05:36.381  INFO    <- OK ret=0 rpm=975 (hex=0x03cf)
13:05:36.576  INFO    -> rpm
13:05:36.581  INFO    <- OK ret=0 rpm=1000 (hex=0x03e8)
13:05:36.776  INFO    -> rpm
13:05:36.781  INFO    <- OK ret=0 rpm=975 (hex=0x03cf)
13:05:36.976  INFO    -> rpm
13:05:36.981  INFO    <- OK ret=0 rpm=1000 (hex=0x03e8)
13:05:36.982  INFO    -> speed 800
13:05:36.986  INFO    <- OK
13:05:37.237  INFO    -> speed 600
13:05:37.242  INFO    <- OK
13:05:37.492  INFO    -> speed 400
13:05:37.497  INFO    <- OK
13:05:37.748  INFO    -> speed 200
13:05:37.753  INFO    <- OK
13:05:38.003  INFO    -> speed 0
13:05:38.008  INFO    <- OK
