13:36:12.004  INFO    -> pi -0.1 -0.06
13:36:12.008  INFO    <- OK
13:36:12.008  INFO    -> speed 0
13:36:12.011  INFO    <- OK
13:36:12.012  INFO    -> speed 1000
13:36:12.015  INFO    <- OK
13:36:12.015  INFO    -> rpm
13:36:12.019  INFO    <- OK ret=0 rpm=0 (hex=0x0000)
13:36:12.019  INFO    -> current
13:36:12.024  INFO    <- OK ret=0 val1=-0.10 val2=0.05
13:36:12.216  INFO    -> rpm
13:36:12.219  INFO    <- OK ret=0 rpm=0 (hex=0x0000)
13:36:12.416  INFO    -> rpm
13:36:12.419  INFO    <- OK ret=0 rpm=0 (hex=0x0000)
13:36:12.616  INFO    -> rpm
13:36:12.620  INFO    <- OK ret=0 rpm=200 (hex=0x00c8)
13:36:12.816  INFO    -> rpm
13:36:12.821  INFO    <- OK ret=0 rpm=1150 (hex=0x047e)
13:36:13.016  INFO    -> rpm
13:36:13.021  INFO    <- OK ret=0 rpm=1325 (hex=0x052d)
13:36:13.021  INFO    -> current
13:36:13.027  INFO    <- OK ret=0 val1=-0.39 val2=-0.20
13:36:13.216  INFO    -> rpm
13:36:13.221  INFO    <- OK ret=0 rpm=1175 (hex=0x0497)
13:36:13.416  INFO    -> rpm
13:36:13.421  INFO    <- OK ret=0 rpm=1075 (hex=0x0433)
13:36:13.616  INFO    -> rpm
13:36:13.621  INFO    <- OK ret=0 rpm=1025 (hex=0x0401)
13:36:13.816  INFO    -> rpm
13:36:13.821  INFO    <- OK ret=0 rpm=975 (hex=0x03cf)
13:36:14.016  INFO    -> rpm
13:36:14.021  INFO    <- OK ret=0 rpm=975 (hex=0x03cf)
13:36:14.021  INFO    -> current
13:36:14.027  INFO    <- OK ret=0 val1=-0.59 val2=-0.63
13:36:14.216  INFO    -> rpm
13:36:14.220  INFO    <- OK ret=0 rpm=1000 (hex=0x03e8)
13:36:14.416  INFO    -> rpm
13:36:14.421  INFO    <- OK ret=0 rpm=1000 (hex=0x03e8)
13:36:14.616  INFO    -> rpm
13:36:14.621  INFO    <- OK ret=0 rpm=1000 (hex=0x03e8)
13:36:14.816  INFO    -> rpm
13:36:14.821  INFO    <- OK ret=0 rpm=1000 (hex=0x03e8)
13:36:15.016  INFO    -> rpm
13:36:15.021  INFO    <- OK ret=0 rpm=1000 (hex=0x03e8)
13:36:15.021  INFO    -> current
13:36:15.027  INFO    <- OK ret=0 val1=-0.54 val2=-0.49
13:36:15.216  INFO    -> rpm
13:36:15.221  INFO    <- OK ret=0 rpm=1000 (hex=0x03e8)
13:36:15.416  INFO    -> rpm
13:36:15.421  INFO    <- OK ret=0 rpm=1000 (hex=0x03e8)
13:36:15.616  INFO    -> rpm
13:36:15.621  INFO    <- OK ret=0 rpm=1025 (hex=0x0401)
13:36:15.816  INFO    -> rpm
13:36:15.821  INFO    <- OK ret=0 rpm=975 (hex=0x03cf)
13:36:16.016  INFO    -> rpm
13:36:16.021  INFO    <- OK ret=0 rpm=1000 (hex=0x03e8)
13:36:16.021  INFO    -> current
13:36:16.027  INFO    <- OK ret=0 val1=-0.44 val2=-0.44
13:36:16.216  INFO    -> rpm
13:36:16.221  INFO    <- OK ret=0 rpm=1000 (hex=0x03e8)
13:36:16.416  INFO    -> rpm
13:36:16.421  INFO    <- OK ret=0 rpm=1000 (hex=0x03e8)
13:36:16.616  INFO    -> rpm
13:36:16.621  INFO    <- OK ret=0 rpm=1025 (hex=0x0401)
13:36:16.816  INFO    -> rpm
13:36:16.821  INFO    <- OK ret=0 rpm=1000 (hex=0x03e8)
13:36:17.016  INFO    -> rpm
13:36:17.020  INFO    <- OK ret=0 rpm=1000 (hex=0x03e8)
13:36:17.021  INFO    -> current
13:36:17.026  INFO    <- OK ret=0 val1=-0.54 val2=-0.49
13:36:17.216  INFO    -> rpm
13:36:17.220  INFO    <- OK ret=0 rpm=1025 (hex=0x0401)
13:36:17.416  INFO    -> rpm
13:36:17.421  INFO    <- OK ret=0 rpm=1000 (hex=0x03e8)
13:36:17.616  INFO    -> rpm
13:36:17.621  INFO    <- OK ret=0 rpm=1000 (hex=0x03e8)
13:36:17.816  INFO    -> rpm
13:36:17.821  INFO    <- OK ret=0 rpm=1000 (hex=0x03e8)
13:36:18.016  INFO    -> rpm
13:36:18.021  INFO    <- OK ret=0 rpm=975 (hex=0x03cf)
13:36:18.021  INFO    -> current
13:36:18.027  INFO    <- OK ret=0 val1=-0.54 val2=-0.49
13:36:18.216  INFO    -> rpm
13:36:18.220  INFO    <- OK ret=0 rpm=1000 (hex=0x03e8)
13:36:18.416  INFO    -> rpm
13:36:18.421  INFO    <- OK ret=0 rpm=1000 (hex=0x03e8)
13:36:18.616  INFO    -> rpm
13:36:18.621  INFO    <- OK ret=0 rpm=1025 (hex=0x0401)
13:36:18.816  INFO    -> rpm
13:36:18.821  INFO    <- OK ret=0 rpm=1000 (hex=0x03e8)
13:36:18.821  INFO    -> speed 800
13:36:18.826  INFO    <- OK
13:36:19.076  INFO    -> speed 600
13:36:19.081  INFO    <- OK
13:36:19.332  INFO    -> speed 400
13:36:19.337  INFO    <- OK
13:36:19.588  INFO    -> speed 200
13:36:19.593  INFO    <- OK
13:36:19.843  INFO    -> speed 0
13:36:19.848  INFO    <- OK
