13:31:32.406  INFO    === watchdog.py — LIVE bus ===
13:31:32.415  INFO    listening on /tmp/motorwatchdog.sock
13:31:33.416  DEBUG   [poll]    -> read  st2mot    
13:31:33.419  DEBUG   [poll]    <- read  st2mot     ret=0  data=['0x00', '0x00']
13:31:33.423  DEBUG   [poll]    -> read  st0cur    
13:31:33.427  DEBUG   [poll]    <- read  st0cur     ret=0  data=['0xfe', '0x01', '0x01', '0x02']
13:31:34.429  DEBUG   [poll]    -> read  st2mot    
13:31:34.432  DEBUG   [poll]    <- read  st2mot     ret=0  data=['0x00', '0x00']
13:31:34.433  DEBUG   [poll]    -> read  st0cur    
13:31:34.437  DEBUG   [poll]    <- read  st0cur     ret=0  data=['0xfe', '0x01', '0x01', '0x02']
13:31:35.438  DEBUG   [poll]    -> read  st2mot    
13:31:35.442  DEBUG   [poll]    <- read  st2mot     ret=0  data=['0x00', '0x00']
13:31:35.442  DEBUG   [poll]    -> read  st0cur    
13:31:35.447  DEBUG   [poll]    <- read  st0cur     ret=0  data=['0xfe', '0x01', '0x01', '0x02']
13:31:36.448  DEBUG   [poll]    -> read  st2mot    
13:31:36.451  DEBUG   [poll]    <- read  st2mot     ret=0  data=['0x00', '0x00']
13:31:36.451  DEBUG   [poll]    -> read  st0cur    
13:31:36.455  DEBUG   [poll]    <- read  st0cur     ret=0  data=['0xfe', '0x01', '0x01', '0x02']
13:31:37.457  DEBUG   [poll]    -> read  st2mot    
13:31:37.460  DEBUG   [poll]    <- read  st2mot     ret=0  data=['0x00', '0x00']
13:31:37.460  DEBUG   [poll]    -> read  st0cur    
13:31:37.465  DEBUG   [poll]    <- read  st0cur     ret=0  data=['0xfe', '0x01', '0x01', '0x02']
13:31:38.466  DEBUG   [poll]    -> read  st2mot    
13:31:38.470  DEBUG   [poll]    <- read  st2mot     ret=0  data=['0x00', '0x00']
13:31:38.470  DEBUG   [poll]    -> read  st0cur    
13:31:38.475  DEBUG   [poll]    <- read  st0cur     ret=0  data=['0xfe', '0x01', '0x01', '0x02']
13:31:39.476  DEBUG   [poll]    -> read  st2mot    
13:31:39.480  DEBUG   [poll]    <- read  st2mot     ret=0  data=['0x00', '0x00']
13:31:39.480  DEBUG   [poll]    -> read  st0cur    
13:31:39.484  DEBUG   [poll]    <- read  st0cur     ret=0  data=['0xfe', '0x01', '0x01', '0x02']
13:31:40.486  DEBUG   [poll]    -> read  st2mot    
13:31:40.489  DEBUG   [poll]    <- read  st2mot     ret=0  data=['0x00', '0x00']
13:31:40.490  DEBUG   [poll]    -> read  st0cur    
13:31:40.494  DEBUG   [poll]    <- read  st0cur     ret=0  data=['0xfe', '0x01', '0x01', '0x02']
13:31:41.495  DEBUG   [poll]    -> read  st2mot    
13:31:41.499  DEBUG   [poll]    <- read  st2mot     ret=0  data=['0x00', '0x00']
13:31:41.499  DEBUG   [poll]    -> read  st0cur    
13:31:41.503  DEBUG   [poll]    <- read  st0cur     ret=0  data=['0xfe', '0x01', '0x01', '0x02']
13:31:42.505  DEBUG   [poll]    -> read  st2mot    
13:31:42.508  DEBUG   [poll]    <- read  st2mot     ret=0  data=['0x00', '0x00']
13:31:42.509  DEBUG   [poll]    -> read  st0cur    
13:31:42.513  DEBUG   [poll]    <- read  st0cur     ret=0  data=['0xfe', '0x01', '0x01', '0x02']
13:31:43.514  DEBUG   [poll]    -> read  st2mot    
13:31:43.518  DEBUG   [poll]    <- read  st2mot     ret=0  data=['0x00', '0x00']
13:31:43.518  DEBUG   [poll]    -> read  st0cur    
13:31:43.522  DEBUG   [poll]    <- read  st0cur     ret=0  data=['0xfe', '0x01', '0x01', '0x02']
13:31:44.524  DEBUG   [poll]    -> read  st2mot    
13:31:44.527  DEBUG   [poll]    <- read  st2mot     ret=0  data=['0x00', '0x00']
13:31:44.528  DEBUG   [poll]    -> read  st0cur    
13:31:44.532  DEBUG   [poll]    <- read  st0cur     ret=0  data=['0xfe', '0x01', '0x01', '0x02']
13:31:45.533  DEBUG   [poll]    -> read  st2mot    
13:31:45.537  DEBUG   [poll]    <- read  st2mot     ret=0  data=['0x00', '0x00']
13:31:45.537  DEBUG   [poll]    -> read  st0cur    
13:31:45.541  DEBUG   [poll]    <- read  st0cur     ret=0  data=['0xfe', '0x01', '0x01', '0x02']
13:31:46.543  DEBUG   [poll]    -> read  st2mot    
13:31:46.546  DEBUG   [poll]    <- read  st2mot     ret=0  data=['0x00', '0x00']
13:31:46.547  DEBUG   [poll]    -> read  st0cur    
13:31:46.551  DEBUG   [poll]    <- read  st0cur     ret=0  data=['0xfe', '0x01', '0x01', '0x02']
13:31:47.552  DEBUG   [poll]    -> read  st2mot    
13:31:47.556  DEBUG   [poll]    <- read  st2mot     ret=0  data=['0x00', '0x00']
13:31:47.556  DEBUG   [poll]    -> read  st0cur    
13:31:47.560  DEBUG   [poll]    <- read  st0cur     ret=0  data=['0xfe', '0x01', '0x01', '0x02']
13:31:48.562  DEBUG   [poll]    -> read  st2mot    
13:31:48.565  DEBUG   [poll]    <- read  st2mot     ret=0  data=['0x00', '0x00']
13:31:48.566  DEBUG   [poll]    -> read  st0cur    
13:31:48.570  DEBUG   [poll]    <- read  st0cur     ret=0  data=['0xfe', '0x01', '0x01', '0x02']
13:31:49.571  DEBUG   [poll]    -> read  st2mot    
13:31:49.575  DEBUG   [poll]    <- read  st2mot     ret=0  data=['0x00', '0x00']
13:31:49.575  DEBUG   [poll]    -> read  st0cur    
13:31:49.579  DEBUG   [poll]    <- read  st0cur     ret=0  data=['0xfe', '0x01', '0x01', '0x02']
13:31:50.581  DEBUG   [poll]    -> read  st2mot    
13:31:50.584  DEBUG   [poll]    <- read  st2mot     ret=0  data=['0x00', '0x00']
13:31:50.585  DEBUG   [poll]    -> read  st0cur    
13:31:50.589  DEBUG   [poll]    <- read  st0cur     ret=0  data=['0xfe', '0x01', '0x01', '0x02']
13:31:51.591  DEBUG   [poll]    -> read  st2mot    
13:31:51.594  DEBUG   [poll]    <- read  st2mot     ret=0  data=['0x00', '0x00']
13:31:51.594  DEBUG   [poll]    -> read  st0cur    
13:31:51.599  DEBUG   [poll]    <- read  st0cur     ret=0  data=['0xfe', '0x01', '0x01', '0x02']
13:31:52.600  DEBUG   [poll]    -> read  st2mot    
13:31:52.604  DEBUG   [poll]    <- read  st2mot     ret=0  data=['0x00', '0x00']
13:31:52.604  DEBUG   [poll]    -> read  st0cur    
13:31:52.608  DEBUG   [poll]    <- read  st0cur     ret=0  data=['0xfe', '0x01', '0x01', '0x02']
13:31:53.610  DEBUG   [poll]    -> read  st2mot    
13:31:53.613  DEBUG   [poll]    <- read  st2mot     ret=0  data=['0x00', '0x00']
13:31:53.616  DEBUG   [poll]    -> read  st0cur    
13:31:53.621  DEBUG   [poll]    <- read  st0cur     ret=0  data=['0xfe', '0x01', '0x01', '0x02']
13:31:54.622  DEBUG   [poll]    -> read  st2mot    
13:31:54.626  DEBUG   [poll]    <- read  st2mot     ret=0  data=['0x00', '0x00']
13:31:54.626  DEBUG   [poll]    -> read  st0cur    
13:31:54.630  DEBUG   [poll]    <- read  st0cur     ret=0  data=['0xfe', '0x01', '0x01', '0x02']
13:31:55.632  DEBUG   [poll]    -> read  st2mot    
13:31:55.635  DEBUG   [poll]    <- read  st2mot     ret=0  data=['0x00', '0x00']
13:31:55.636  DEBUG   [poll]    -> read  st0cur    
13:31:55.640  DEBUG   [poll]    <- read  st0cur     ret=0  data=['0xfe', '0x01', '0x01', '0x02']
13:31:56.641  DEBUG   [poll]    -> read  st2mot    
13:31:56.645  DEBUG   [poll]    <- read  st2mot     ret=0  data=['0x00', '0x00']
13:31:56.645  DEBUG   [poll]    -> read  st0cur    
13:31:56.649  DEBUG   [poll]    <- read  st0cur     ret=0  data=['0xfe', '0x01', '0x01', '0x02']
13:31:57.651  DEBUG   [poll]    -> read  st2mot    
13:31:57.654  DEBUG   [poll]    <- read  st2mot     ret=0  data=['0x00', '0x00']
13:31:57.654  DEBUG   [poll]    -> read  st0cur    
13:31:57.659  DEBUG   [poll]    <- read  st0cur     ret=0  data=['0xfe', '0x01', '0x01', '0x02']
13:31:58.469  INFO    client connected
13:31:58.470  DEBUG   [client]  -> write cntl3mot   data=['0x00', '0x00']
13:31:58.473  DEBUG   [client]  -> write cntl3mot   data=['0x03', '0xe8']
13:31:58.477  DEBUG   [client]  -> read  st2mot    
13:31:58.480  DEBUG   [client]  <- read  st2mot     ret=0  data=['0x00', '0x00']
13:31:58.481  DEBUG   [client]  -> read  st0cur    
13:31:58.485  DEBUG   [client]  <- read  st0cur     ret=0  data=['0xfe', '0x01', '0x01', '0x02']
13:31:58.660  DEBUG   [poll]    -> read  st2mot    
13:31:58.663  DEBUG   [poll]    <- read  st2mot     ret=0  data=['0x00', '0x00']
13:31:58.666  DEBUG   [poll]    -> read  st0cur    
13:31:58.670  DEBUG   [poll]    <- read  st0cur     ret=0  data=['0xfe', '0x01', '0x01', '0x02']
13:31:58.677  DEBUG   [client]  -> read  st2mot    
13:31:58.680  DEBUG   [client]  <- read  st2mot     ret=0  data=['0x00', '0x00']
13:31:58.877  DEBUG   [client]  -> read  st2mot    
13:31:58.880  DEBUG   [client]  <- read  st2mot     ret=0  data=['0xa3', '0x02']
13:31:59.077  DEBUG   [client]  -> read  st2mot    
13:31:59.081  DEBUG   [client]  <- read  st2mot     ret=0  data=['0x52', '0x03']
13:31:59.278  DEBUG   [client]  -> read  st2mot    
13:31:59.281  DEBUG   [client]  <- read  st2mot     ret=0  data=['0x52', '0x03']
13:31:59.478  DEBUG   [client]  -> read  st2mot    
13:31:59.481  DEBUG   [client]  <- read  st2mot     ret=0  data=['0xb6', '0x03']
13:31:59.483  DEBUG   [client]  -> read  st0cur    
13:31:59.487  DEBUG   [client]  <- read  st0cur     ret=0  data=['0xfa', '0x01', '0xfd', '0x01']
13:31:59.671  DEBUG   [poll]    -> read  st2mot    
13:31:59.675  DEBUG   [poll]    <- read  st2mot     ret=0  data=['0xb6', '0x03']
13:31:59.675  DEBUG   [poll]    -> read  st0cur    
13:31:59.679  DEBUG   [poll]    <- read  st0cur     ret=0  data=['0xfa', '0x01', '0xfd', '0x01']
13:31:59.680  DEBUG   [client]  -> read  st2mot    
13:31:59.683  DEBUG   [client]  <- read  st2mot     ret=0  data=['0xb6', '0x03']
13:31:59.878  DEBUG   [client]  -> read  st2mot    
13:31:59.881  DEBUG   [client]  <- read  st2mot     ret=0  data=['0xe8', '0x03']
13:32:00.078  DEBUG   [client]  -> read  st2mot    
13:32:00.081  DEBUG   [client]  <- read  st2mot     ret=0  data=['0xcf', '0x03']
13:32:00.278  DEBUG   [client]  -> read  st2mot    
13:32:00.281  DEBUG   [client]  <- read  st2mot     ret=0  data=['0xe8', '0x03']
13:32:00.478  DEBUG   [client]  -> read  st2mot    
13:32:00.481  DEBUG   [client]  <- read  st2mot     ret=0  data=['0xcf', '0x03']
13:32:00.483  DEBUG   [client]  -> read  st0cur    
13:32:00.487  DEBUG   [client]  <- read  st0cur     ret=0  data=['0xf4', '0x01', '0xf5', '0x01']
13:32:00.678  DEBUG   [client]  -> read  st2mot    
13:32:00.681  DEBUG   [client]  <- read  st2mot     ret=0  data=['0xe8', '0x03']
13:32:00.682  DEBUG   [poll]    -> read  st2mot    
13:32:00.685  DEBUG   [poll]    <- read  st2mot     ret=0  data=['0xe8', '0x03']
13:32:00.686  DEBUG   [poll]    -> read  st0cur    
13:32:00.690  DEBUG   [poll]    <- read  st0cur     ret=0  data=['0xf4', '0x01', '0xf5', '0x01']
13:32:00.878  DEBUG   [client]  -> read  st2mot    
13:32:00.881  DEBUG   [client]  <- read  st2mot     ret=0  data=['0xe8', '0x03']
13:32:01.078  DEBUG   [client]  -> read  st2mot    
13:32:01.081  DEBUG   [client]  <- read  st2mot     ret=0  data=['0xe8', '0x03']
13:32:01.278  DEBUG   [client]  -> read  st2mot    
13:32:01.281  DEBUG   [client]  <- read  st2mot     ret=0  data=['0xe8', '0x03']
13:32:01.478  DEBUG   [client]  -> read  st2mot    
13:32:01.481  DEBUG   [client]  <- read  st2mot     ret=0  data=['0xcf', '0x03']
13:32:01.483  DEBUG   [client]  -> read  st0cur    
13:32:01.487  DEBUG   [client]  <- read  st0cur     ret=0  data=['0xf5', '0x01', '0xf7', '0x01']
13:32:01.678  DEBUG   [client]  -> read  st2mot    
13:32:01.681  DEBUG   [client]  <- read  st2mot     ret=0  data=['0xe8', '0x03']
13:32:01.692  DEBUG   [poll]    -> read  st2mot    
13:32:01.695  DEBUG   [poll]    <- read  st2mot     ret=0  data=['0xe8', '0x03']
13:32:01.695  DEBUG   [poll]    -> read  st0cur    
13:32:01.700  DEBUG   [poll]    <- read  st0cur     ret=0  data=['0xf5', '0x01', '0xf7', '0x01']
13:32:01.878  DEBUG   [client]  -> read  st2mot    
13:32:01.881  DEBUG   [client]  <- read  st2mot     ret=0  data=['0xcf', '0x03']
13:32:02.078  DEBUG   [client]  -> read  st2mot    
13:32:02.081  DEBUG   [client]  <- read  st2mot     ret=0  data=['0xe8', '0x03']
13:32:02.278  DEBUG   [client]  -> read  st2mot    
13:32:02.281  DEBUG   [client]  <- read  st2mot     ret=0  data=['0xe8', '0x03']
13:32:02.478  DEBUG   [client]  -> read  st2mot    
13:32:02.481  DEBUG   [client]  <- read  st2mot     ret=0  data=['0xe8', '0x03']
13:32:02.483  DEBUG   [client]  -> read  st0cur    
13:32:02.487  DEBUG   [client]  <- read  st0cur     ret=0  data=['0xf6', '0x01', '0xf6', '0x01']
13:32:02.678  DEBUG   [client]  -> read  st2mot    
13:32:02.681  DEBUG   [client]  <- read  st2mot     ret=0  data=['0xcf', '0x03']
13:32:02.701  DEBUG   [poll]    -> read  st2mot    
13:32:02.705  DEBUG   [poll]    <- read  st2mot     ret=0  data=['0xcf', '0x03']
13:32:02.705  DEBUG   [poll]    -> read  st0cur    
13:32:02.710  DEBUG   [poll]    <- read  st0cur     ret=0  data=['0xf6', '0x01', '0xf6', '0x01']
13:32:02.878  DEBUG   [client]  -> read  st2mot    
13:32:02.881  DEBUG   [client]  <- read  st2mot     ret=0  data=['0x01', '0x04']
13:32:03.078  DEBUG   [client]  -> read  st2mot    
13:32:03.081  DEBUG   [client]  <- read  st2mot     ret=0  data=['0x01', '0x04']
13:32:03.278  DEBUG   [client]  -> read  st2mot    
13:32:03.281  DEBUG   [client]  <- read  st2mot     ret=0  data=['0xe8', '0x03']
13:32:03.478  DEBUG   [client]  -> read  st2mot    
13:32:03.481  DEBUG   [client]  <- read  st2mot     ret=0  data=['0x01', '0x04']
13:32:03.483  DEBUG   [client]  -> read  st0cur    
13:32:03.487  DEBUG   [client]  <- read  st0cur     ret=0  data=['0xf6', '0x01', '0xf4', '0x01']
13:32:03.678  DEBUG   [client]  -> read  st2mot    
13:32:03.684  DEBUG   [client]  <- read  st2mot     ret=0  data=['0xcf', '0x03']
13:32:03.711  DEBUG   [poll]    -> read  st2mot    
13:32:03.715  DEBUG   [poll]    <- read  st2mot     ret=0  data=['0x01', '0x04']
13:32:03.715  DEBUG   [poll]    -> read  st0cur    
13:32:03.720  DEBUG   [poll]    <- read  st0cur     ret=0  data=['0xf6', '0x01', '0xf4', '0x01']
13:32:03.878  DEBUG   [client]  -> read  st2mot    
13:32:03.881  DEBUG   [client]  <- read  st2mot     ret=0  data=['0xe8', '0x03']
13:32:04.078  DEBUG   [client]  -> read  st2mot    
13:32:04.081  DEBUG   [client]  <- read  st2mot     ret=0  data=['0xe8', '0x03']
13:32:04.278  DEBUG   [client]  -> read  st2mot    
13:32:04.281  DEBUG   [client]  <- read  st2mot     ret=0  data=['0xe8', '0x03']
13:32:04.478  DEBUG   [client]  -> read  st2mot    
13:32:04.481  DEBUG   [client]  <- read  st2mot     ret=0  data=['0xcf', '0x03']
13:32:04.483  DEBUG   [client]  -> read  st0cur    
13:32:04.487  DEBUG   [client]  <- read  st0cur     ret=0  data=['0xf6', '0x01', '0xf8', '0x01']
13:32:04.678  DEBUG   [client]  -> read  st2mot    
13:32:04.681  DEBUG   [client]  <- read  st2mot     ret=0  data=['0x01', '0x04']
13:32:04.721  DEBUG   [poll]    -> read  st2mot    
13:32:04.725  DEBUG   [poll]    <- read  st2mot     ret=0  data=['0xe8', '0x03']
13:32:04.725  DEBUG   [poll]    -> read  st0cur    
13:32:04.730  DEBUG   [poll]    <- read  st0cur     ret=0  data=['0xf6', '0x01', '0xf8', '0x01']
13:32:04.878  DEBUG   [client]  -> read  st2mot    
13:32:04.881  DEBUG   [client]  <- read  st2mot     ret=0  data=['0xe8', '0x03']
13:32:05.078  DEBUG   [client]  -> read  st2mot    
13:32:05.081  DEBUG   [client]  <- read  st2mot     ret=0  data=['0xe8', '0x03']
13:32:05.278  DEBUG   [client]  -> read  st2mot    
13:32:05.281  DEBUG   [client]  <- read  st2mot     ret=0  data=['0xe8', '0x03']
13:32:05.283  DEBUG   [client]  -> write cntl3mot   data=['0x03', '0x20']
13:32:05.539  DEBUG   [client]  -> write cntl3mot   data=['0x02', '0x58']
13:32:05.732  DEBUG   [poll]    -> read  st2mot    
13:32:05.735  DEBUG   [poll]    <- read  st2mot     ret=0  data=['0x58', '0x02']
13:32:05.736  DEBUG   [poll]    -> read  st0cur    
13:32:05.740  DEBUG   [poll]    <- read  st0cur     ret=0  data=['0xf5', '0x01', '0xf8', '0x01']
13:32:05.794  DEBUG   [client]  -> write cntl3mot   data=['0x01', '0x90']
13:32:06.050  DEBUG   [client]  -> write cntl3mot   data=['0x00', '0xc8']
13:32:06.306  DEBUG   [client]  -> write cntl3mot   data=['0x00', '0x00']
13:32:06.310  WARNING client disconnected — stopping motor
13:32:06.311  DEBUG   [client]  -> write cntl3mot   data=['0x00', '0x00']
13:32:06.315  INFO    client disconnected
13:32:06.741  DEBUG   [poll]    -> read  st2mot    
13:32:06.745  DEBUG   [poll]    <- read  st2mot     ret=0  data=['0x00', '0x00']
13:32:06.745  DEBUG   [poll]    -> read  st0cur    
13:32:06.749  DEBUG   [poll]    <- read  st0cur     ret=0  data=['0xf7', '0x01', '0xf8', '0x01']
13:32:06.750  WARNING *** OBSERVED STALL SIGNATURE (not acted on yet) — current=-0.44A while rpm=0 ***
13:32:07.752  DEBUG   [poll]    -> read  st2mot    
13:32:07.755  DEBUG   [poll]    <- read  st2mot     ret=0  data=['0x00', '0x00']
13:32:07.755  DEBUG   [poll]    -> read  st0cur    
13:32:07.760  DEBUG   [poll]    <- read  st0cur     ret=0  data=['0xfc', '0x01', '0xff', '0x01']
13:32:07.760  WARNING *** OBSERVED STALL SIGNATURE (not acted on yet) — current=-0.20A while rpm=0 ***
13:32:08.762  DEBUG   [poll]    -> read  st2mot    
13:32:08.765  DEBUG   [poll]    <- read  st2mot     ret=0  data=['0x00', '0x00']
13:32:08.767  DEBUG   [poll]    -> read  st0cur    
13:32:08.772  DEBUG   [poll]    <- read  st0cur     ret=0  data=['0xfe', '0x01', '0x01', '0x02']
13:32:09.773  DEBUG   [poll]    -> read  st2mot    
13:32:09.776  DEBUG   [poll]    <- read  st2mot     ret=0  data=['0x00', '0x00']
13:32:09.777  DEBUG   [poll]    -> read  st0cur    
13:32:09.781  DEBUG   [poll]    <- read  st0cur     ret=0  data=['0xfe', '0x01', '0x01', '0x02']
13:32:10.783  DEBUG   [poll]    -> read  st2mot    
13:32:10.786  DEBUG   [poll]    <- read  st2mot     ret=0  data=['0x00', '0x00']
13:32:10.786  DEBUG   [poll]    -> read  st0cur    
13:32:10.791  DEBUG   [poll]    <- read  st0cur     ret=0  data=['0xfe', '0x01', '0x01', '0x02']
13:32:11.792  DEBUG   [poll]    -> read  st2mot    
13:32:11.796  DEBUG   [poll]    <- read  st2mot     ret=0  data=['0x00', '0x00']
13:32:11.796  DEBUG   [poll]    -> read  st0cur    
13:32:11.800  DEBUG   [poll]    <- read  st0cur     ret=0  data=['0xfe', '0x01', '0x01', '0x02']
13:32:12.802  DEBUG   [poll]    -> read  st2mot    
13:32:12.805  DEBUG   [poll]    <- read  st2mot     ret=0  data=['0x00', '0x00']
13:32:12.805  DEBUG   [poll]    -> read  st0cur    
13:32:12.810  DEBUG   [poll]    <- read  st0cur     ret=0  data=['0xfe', '0x01', '0x01', '0x02']
13:32:13.811  DEBUG   [poll]    -> read  st2mot    
13:32:13.815  DEBUG   [poll]    <- read  st2mot     ret=0  data=['0x00', '0x00']
13:32:13.815  DEBUG   [poll]    -> read  st0cur    
13:32:13.819  DEBUG   [poll]    <- read  st0cur     ret=0  data=['0xfe', '0x01', '0x01', '0x02']
13:32:14.821  DEBUG   [poll]    -> read  st2mot    
13:32:14.825  DEBUG   [poll]    <- read  st2mot     ret=0  data=['0x00', '0x00']
13:32:14.825  DEBUG   [poll]    -> read  st0cur    
13:32:14.829  DEBUG   [poll]    <- read  st0cur     ret=0  data=['0xfe', '0x01', '0x01', '0x02']
13:32:15.831  DEBUG   [poll]    -> read  st2mot    
13:32:15.834  DEBUG   [poll]    <- read  st2mot     ret=0  data=['0x00', '0x00']
13:32:15.834  DEBUG   [poll]    -> read  st0cur    
13:32:15.839  DEBUG   [poll]    <- read  st0cur     ret=0  data=['0xfd', '0x01', '0x01', '0x02']
13:32:16.840  DEBUG   [poll]    -> read  st2mot    
13:32:16.844  DEBUG   [poll]    <- read  st2mot     ret=0  data=['0x00', '0x00']
13:32:16.844  DEBUG   [poll]    -> read  st0cur    
13:32:16.848  DEBUG   [poll]    <- read  st0cur     ret=0  data=['0xfe', '0x01', '0x01', '0x02']
13:32:17.850  DEBUG   [poll]    -> read  st2mot    
13:32:17.853  DEBUG   [poll]    <- read  st2mot     ret=0  data=['0x00', '0x00']
13:32:17.854  DEBUG   [poll]    -> read  st0cur    
13:32:17.858  DEBUG   [poll]    <- read  st0cur     ret=0  data=['0xfe', '0x01', '0x01', '0x02']
13:32:18.859  DEBUG   [poll]    -> read  st2mot    
13:32:18.863  DEBUG   [poll]    <- read  st2mot     ret=0  data=['0x00', '0x00']
13:32:18.863  DEBUG   [poll]    -> read  st0cur    
13:32:18.868  DEBUG   [poll]    <- read  st0cur     ret=0  data=['0xfe', '0x01', '0x01', '0x02']
13:32:19.869  DEBUG   [poll]    -> read  st2mot    
13:32:19.873  DEBUG   [poll]    <- read  st2mot     ret=0  data=['0x00', '0x00']
13:32:19.873  DEBUG   [poll]    -> read  st0cur    
13:32:19.877  DEBUG   [poll]    <- read  st0cur     ret=0  data=['0xfe', '0x01', '0x01', '0x02']
13:32:20.879  DEBUG   [poll]    -> read  st2mot    
13:32:20.882  DEBUG   [poll]    <- read  st2mot     ret=0  data=['0x00', '0x00']
13:32:20.882  DEBUG   [poll]    -> read  st0cur    
13:32:20.887  DEBUG   [poll]    <- read  st0cur     ret=0  data=['0xfe', '0x01', '0x01', '0x02']
13:32:21.888  DEBUG   [poll]    -> read  st2mot    
13:32:21.892  DEBUG   [poll]    <- read  st2mot     ret=0  data=['0x00', '0x00']
13:32:21.892  DEBUG   [poll]    -> read  st0cur    
13:32:21.896  DEBUG   [poll]    <- read  st0cur     ret=0  data=['0xfe', '0x01', '0x01', '0x02']
13:32:22.898  DEBUG   [poll]    -> read  st2mot    
13:32:22.901  DEBUG   [poll]    <- read  st2mot     ret=0  data=['0x00', '0x00']
13:32:22.902  DEBUG   [poll]    -> read  st0cur    
13:32:22.906  DEBUG   [poll]    <- read  st0cur     ret=0  data=['0xfe', '0x01', '0x01', '0x02']
13:32:23.907  DEBUG   [poll]    -> read  st2mot    
13:32:23.911  DEBUG   [poll]    <- read  st2mot     ret=0  data=['0x00', '0x00']
13:32:23.911  DEBUG   [poll]    -> read  st0cur    
13:32:23.916  DEBUG   [poll]    <- read  st0cur     ret=0  data=['0xfe', '0x01', '0x01', '0x02']
13:32:24.917  DEBUG   [poll]    -> read  st2mot    
13:32:24.920  DEBUG   [poll]    <- read  st2mot     ret=0  data=['0x00', '0x00']
13:32:24.921  DEBUG   [poll]    -> read  st0cur    
13:32:24.925  DEBUG   [poll]    <- read  st0cur     ret=0  data=['0xfe', '0x01', '0x01', '0x02']
13:32:25.926  DEBUG   [poll]    -> read  st2mot    
13:32:25.930  DEBUG   [poll]    <- read  st2mot     ret=0  data=['0x00', '0x00']
13:32:25.930  DEBUG   [poll]    -> read  st0cur    
13:32:25.934  DEBUG   [poll]    <- read  st0cur     ret=0  data=['0xfe', '0x01', '0x01', '0x02']
13:32:26.936  DEBUG   [poll]    -> read  st2mot    
13:32:26.939  DEBUG   [poll]    <- read  st2mot     ret=0  data=['0x00', '0x00']
13:32:26.939  DEBUG   [poll]    -> read  st0cur    
13:32:26.944  DEBUG   [poll]    <- read  st0cur     ret=0  data=['0xfe', '0x01', '0x01', '0x02']
13:32:27.945  DEBUG   [poll]    -> read  st2mot    
13:32:27.949  DEBUG   [poll]    <- read  st2mot     ret=0  data=['0x00', '0x00']
13:32:27.949  DEBUG   [poll]    -> read  st0cur    
13:32:27.953  DEBUG   [poll]    <- read  st0cur     ret=0  data=['0xfe', '0x01', '0x01', '0x02']
13:32:28.955  DEBUG   [poll]    -> read  st2mot    
13:32:28.958  DEBUG   [poll]    <- read  st2mot     ret=0  data=['0x00', '0x00']
13:32:28.959  DEBUG   [poll]    -> read  st0cur    
13:32:28.963  DEBUG   [poll]    <- read  st0cur     ret=0  data=['0xfe', '0x01', '0x01', '0x02']
13:32:29.965  DEBUG   [poll]    -> read  st2mot    
13:32:29.968  DEBUG   [poll]    <- read  st2mot     ret=0  data=['0x00', '0x00']
13:32:29.968  DEBUG   [poll]    -> read  st0cur    
13:32:29.973  DEBUG   [poll]    <- read  st0cur     ret=0  data=['0xfe', '0x01', '0x01', '0x02']
13:32:30.974  DEBUG   [poll]    -> read  st2mot    
13:32:30.977  DEBUG   [poll]    <- read  st2mot     ret=0  data=['0x00', '0x00']
13:32:30.978  DEBUG   [poll]    -> read  st0cur    
13:32:30.982  DEBUG   [poll]    <- read  st0cur     ret=0  data=['0xfe', '0x01', '0x01', '0x02']
13:32:31.984  DEBUG   [poll]    -> read  st2mot    
13:32:31.987  DEBUG   [poll]    <- read  st2mot     ret=0  data=['0x00', '0x00']
13:32:31.987  DEBUG   [poll]    -> read  st0cur    
13:32:31.992  DEBUG   [poll]    <- read  st0cur     ret=0  data=['0xfe', '0x01', '0x01', '0x02']
13:32:32.993  DEBUG   [poll]    -> read  st2mot    
13:32:32.996  DEBUG   [poll]    <- read  st2mot     ret=0  data=['0x00', '0x00']
13:32:32.997  DEBUG   [poll]    -> read  st0cur    
13:32:33.001  DEBUG   [poll]    <- read  st0cur     ret=0  data=['0xfe', '0x01', '0x01', '0x02']
13:32:34.002  DEBUG   [poll]    -> read  st2mot    
13:32:34.006  DEBUG   [poll]    <- read  st2mot     ret=0  data=['0x00', '0x00']
13:32:34.008  DEBUG   [poll]    -> read  st0cur    
13:32:34.012  DEBUG   [poll]    <- read  st0cur     ret=0  data=['0xfe', '0x01', '0x01', '0x02']
13:32:35.013  DEBUG   [poll]    -> read  st2mot    
13:32:35.017  DEBUG   [poll]    <- read  st2mot     ret=0  data=['0x00', '0x00']
13:32:35.017  DEBUG   [poll]    -> read  st0cur    
13:32:35.022  DEBUG   [poll]    <- read  st0cur     ret=0  data=['0xfe', '0x01', '0x01', '0x02']
13:32:36.023  DEBUG   [poll]    -> read  st2mot    
13:32:36.026  DEBUG   [poll]    <- read  st2mot     ret=0  data=['0x00', '0x00']
13:32:36.027  DEBUG   [poll]    -> read  st0cur    
13:32:36.031  DEBUG   [poll]    <- read  st0cur     ret=0  data=['0xfe', '0x01', '0x01', '0x02']
13:32:37.032  DEBUG   [poll]    -> read  st2mot    
13:32:37.036  DEBUG   [poll]    <- read  st2mot     ret=0  data=['0x00', '0x00']
13:32:37.036  DEBUG   [poll]    -> read  st0cur    
13:32:37.040  DEBUG   [poll]    <- read  st0cur     ret=0  data=['0xfe', '0x01', '0x01', '0x02']
13:32:38.042  DEBUG   [poll]    -> read  st2mot    
13:32:38.045  DEBUG   [poll]    <- read  st2mot     ret=0  data=['0x00', '0x00']
13:32:38.046  DEBUG   [poll]    -> read  st0cur    
13:32:38.050  DEBUG   [poll]    <- read  st0cur     ret=0  data=['0xfe', '0x01', '0x01', '0x02']
13:32:39.051  DEBUG   [poll]    -> read  st2mot    
13:32:39.055  DEBUG   [poll]    <- read  st2mot     ret=0  data=['0x00', '0x00']
13:32:39.055  DEBUG   [poll]    -> read  st0cur    
13:32:39.060  DEBUG   [poll]    <- read  st0cur     ret=0  data=['0xfe', '0x01', '0x01', '0x02']
13:32:40.061  DEBUG   [poll]    -> read  st2mot    
13:32:40.065  DEBUG   [poll]    <- read  st2mot     ret=0  data=['0x00', '0x00']
13:32:40.065  DEBUG   [poll]    -> read  st0cur    
13:32:40.069  DEBUG   [poll]    <- read  st0cur     ret=0  data=['0xfe', '0x01', '0x01', '0x02']
13:32:41.071  DEBUG   [poll]    -> read  st2mot    
13:32:41.074  DEBUG   [poll]    <- read  st2mot     ret=0  data=['0x00', '0x00']
13:32:41.074  DEBUG   [poll]    -> read  st0cur    
13:32:41.079  DEBUG   [poll]    <- read  st0cur     ret=0  data=['0xfe', '0x01', '0x01', '0x02']
13:32:42.080  DEBUG   [poll]    -> read  st2mot    
13:32:42.083  DEBUG   [poll]    <- read  st2mot     ret=0  data=['0x00', '0x00']
13:32:42.084  DEBUG   [poll]    -> read  st0cur    
13:32:42.088  DEBUG   [poll]    <- read  st0cur     ret=0  data=['0xfe', '0x01', '0x01', '0x02']
13:32:43.089  DEBUG   [poll]    -> read  st2mot    
13:32:43.093  DEBUG   [poll]    <- read  st2mot     ret=0  data=['0x00', '0x00']
13:32:43.093  DEBUG   [poll]    -> read  st0cur    
13:32:43.097  DEBUG   [poll]    <- read  st0cur     ret=0  data=['0xfe', '0x01', '0x01', '0x02']
13:32:44.099  DEBUG   [poll]    -> read  st2mot    
13:32:44.102  DEBUG   [poll]    <- read  st2mot     ret=0  data=['0x00', '0x00']
13:32:44.103  DEBUG   [poll]    -> read  st0cur    
13:32:44.107  DEBUG   [poll]    <- read  st0cur     ret=0  data=['0xfe', '0x01', '0x01', '0x02']
13:32:45.109  DEBUG   [poll]    -> read  st2mot    
13:32:45.112  DEBUG   [poll]    <- read  st2mot     ret=0  data=['0x00', '0x00']
13:32:45.112  DEBUG   [poll]    -> read  st0cur    
13:32:45.117  DEBUG   [poll]    <- read  st0cur     ret=0  data=['0xfe', '0x01', '0x01', '0x02']
13:32:46.118  DEBUG   [poll]    -> read  st2mot    
13:32:46.121  DEBUG   [poll]    <- read  st2mot     ret=0  data=['0x00', '0x00']
13:32:46.122  DEBUG   [poll]    -> read  st0cur    
13:32:46.126  DEBUG   [poll]    <- read  st0cur     ret=0  data=['0xfe', '0x01', '0x01', '0x02']
13:32:47.128  DEBUG   [poll]    -> read  st2mot    
13:32:47.131  DEBUG   [poll]    <- read  st2mot     ret=0  data=['0x00', '0x00']
13:32:47.131  DEBUG   [poll]    -> read  st0cur    
13:32:47.136  DEBUG   [poll]    <- read  st0cur     ret=0  data=['0xfe', '0x01', '0x01', '0x02']
13:32:48.137  DEBUG   [poll]    -> read  st2mot    
13:32:48.140  DEBUG   [poll]    <- read  st2mot     ret=0  data=['0x00', '0x00']
13:32:48.141  DEBUG   [poll]    -> read  st0cur    
13:32:48.145  DEBUG   [poll]    <- read  st0cur     ret=0  data=['0xfe', '0x01', '0x01', '0x02']
13:32:49.146  DEBUG   [poll]    -> read  st2mot    
13:32:49.150  DEBUG   [poll]    <- read  st2mot     ret=0  data=['0x00', '0x00']
13:32:49.150  DEBUG   [poll]    -> read  st0cur    
13:32:49.155  DEBUG   [poll]    <- read  st0cur     ret=0  data=['0xfe', '0x01', '0x01', '0x02']
13:32:50.156  DEBUG   [poll]    -> read  st2mot    
13:32:50.160  DEBUG   [poll]    <- read  st2mot     ret=0  data=['0x00', '0x00']
13:32:50.160  DEBUG   [poll]    -> read  st0cur    
13:32:50.164  DEBUG   [poll]    <- read  st0cur     ret=0  data=['0xfe', '0x01', '0x01', '0x02']
13:32:51.166  DEBUG   [poll]    -> read  st2mot    
13:32:51.169  DEBUG   [poll]    <- read  st2mot     ret=0  data=['0x00', '0x00']
13:32:51.169  DEBUG   [poll]    -> read  st0cur    
13:32:51.174  DEBUG   [poll]    <- read  st0cur     ret=0  data=['0xfe', '0x01', '0x01', '0x02']
13:32:52.175  DEBUG   [poll]    -> read  st2mot    
13:32:52.178  DEBUG   [poll]    <- read  st2mot     ret=0  data=['0x00', '0x00']
13:32:52.179  DEBUG   [poll]    -> read  st0cur    
13:32:52.183  DEBUG   [poll]    <- read  st0cur     ret=0  data=['0xfe', '0x01', '0x01', '0x02']
13:32:53.185  DEBUG   [poll]    -> read  st2mot    
13:32:53.188  DEBUG   [poll]    <- read  st2mot     ret=0  data=['0x00', '0x00']
13:32:53.188  DEBUG   [poll]    -> read  st0cur    
13:32:53.192  DEBUG   [poll]    <- read  st0cur     ret=0  data=['0xfe', '0x01', '0x01', '0x02']
13:32:54.194  DEBUG   [poll]    -> read  st2mot    
13:32:54.197  DEBUG   [poll]    <- read  st2mot     ret=0  data=['0x00', '0x00']
13:32:54.198  DEBUG   [poll]    -> read  st0cur    
13:32:54.202  DEBUG   [poll]    <- read  st0cur     ret=0  data=['0xfe', '0x01', '0x01', '0x02']
13:32:55.204  DEBUG   [poll]    -> read  st2mot    
13:32:55.207  DEBUG   [poll]    <- read  st2mot     ret=0  data=['0x00', '0x00']
13:32:55.207  DEBUG   [poll]    -> read  st0cur    
13:32:55.212  DEBUG   [poll]    <- read  st0cur     ret=0  data=['0xfe', '0x01', '0x01', '0x02']
13:32:56.213  DEBUG   [poll]    -> read  st2mot    
13:32:56.216  DEBUG   [poll]    <- read  st2mot     ret=0  data=['0x00', '0x00']
13:32:56.217  DEBUG   [poll]    -> read  st0cur    
13:32:56.221  DEBUG   [poll]    <- read  st0cur     ret=0  data=['0xfe', '0x01', '0x01', '0x02']
13:32:57.223  DEBUG   [poll]    -> read  st2mot    
13:32:57.226  DEBUG   [poll]    <- read  st2mot     ret=0  data=['0x00', '0x00']
13:32:57.226  DEBUG   [poll]    -> read  st0cur    
13:32:57.231  DEBUG   [poll]    <- read  st0cur     ret=0  data=['0xfe', '0x01', '0x01', '0x02']
13:32:58.232  DEBUG   [poll]    -> read  st2mot    
13:32:58.235  DEBUG   [poll]    <- read  st2mot     ret=0  data=['0x00', '0x00']
13:32:58.236  DEBUG   [poll]    -> read  st0cur    
13:32:58.240  DEBUG   [poll]    <- read  st0cur     ret=0  data=['0xfe', '0x01', '0x01', '0x02']
13:32:59.241  DEBUG   [poll]    -> read  st2mot    
13:32:59.245  DEBUG   [poll]    <- read  st2mot     ret=0  data=['0x00', '0x00']
13:32:59.245  DEBUG   [poll]    -> read  st0cur    
13:32:59.250  DEBUG   [poll]    <- read  st0cur     ret=0  data=['0xfe', '0x01', '0x01', '0x02']
13:33:00.251  DEBUG   [poll]    -> read  st2mot    
13:33:00.255  DEBUG   [poll]    <- read  st2mot     ret=0  data=['0x00', '0x00']
13:33:00.255  DEBUG   [poll]    -> read  st0cur    
13:33:00.259  DEBUG   [poll]    <- read  st0cur     ret=0  data=['0xfe', '0x01', '0x01', '0x02']
13:33:01.261  DEBUG   [poll]    -> read  st2mot    
13:33:01.264  DEBUG   [poll]    <- read  st2mot     ret=0  data=['0x00', '0x00']
13:33:01.265  DEBUG   [poll]    -> read  st0cur    
13:33:01.269  DEBUG   [poll]    <- read  st0cur     ret=0  data=['0xfe', '0x01', '0x01', '0x02']
13:33:02.270  DEBUG   [poll]    -> read  st2mot    
13:33:02.274  DEBUG   [poll]    <- read  st2mot     ret=0  data=['0x00', '0x00']
13:33:02.274  DEBUG   [poll]    -> read  st0cur    
13:33:02.279  DEBUG   [poll]    <- read  st0cur     ret=0  data=['0xfe', '0x01', '0x01', '0x02']
13:33:03.280  DEBUG   [poll]    -> read  st2mot    
13:33:03.283  DEBUG   [poll]    <- read  st2mot     ret=0  data=['0x00', '0x00']
13:33:03.284  DEBUG   [poll]    -> read  st0cur    
13:33:03.288  DEBUG   [poll]    <- read  st0cur     ret=0  data=['0xfe', '0x01', '0x01', '0x02']
13:33:04.289  DEBUG   [poll]    -> read  st2mot    
13:33:04.293  DEBUG   [poll]    <- read  st2mot     ret=0  data=['0x00', '0x00']
13:33:04.293  DEBUG   [poll]    -> read  st0cur    
13:33:04.297  DEBUG   [poll]    <- read  st0cur     ret=0  data=['0xfe', '0x01', '0x01', '0x02']
13:33:05.299  DEBUG   [poll]    -> read  st2mot    
13:33:05.302  DEBUG   [poll]    <- read  st2mot     ret=0  data=['0x00', '0x00']
13:33:05.303  DEBUG   [poll]    -> read  st0cur    
13:33:05.307  DEBUG   [poll]    <- read  st0cur     ret=0  data=['0xfd', '0x01', '0x01', '0x02']
13:33:06.308  DEBUG   [poll]    -> read  st2mot    
13:33:06.312  DEBUG   [poll]    <- read  st2mot     ret=0  data=['0x00', '0x00']
13:33:06.312  DEBUG   [poll]    -> read  st0cur    
13:33:06.316  DEBUG   [poll]    <- read  st0cur     ret=0  data=['0xfe', '0x01', '0x01', '0x02']
13:33:07.318  DEBUG   [poll]    -> read  st2mot    
13:33:07.321  DEBUG   [poll]    <- read  st2mot     ret=0  data=['0x00', '0x00']
13:33:07.322  DEBUG   [poll]    -> read  st0cur    
13:33:07.326  DEBUG   [poll]    <- read  st0cur     ret=0  data=['0xfe', '0x01', '0x01', '0x02']
13:33:08.327  DEBUG   [poll]    -> read  st2mot    
13:33:08.331  DEBUG   [poll]    <- read  st2mot     ret=0  data=['0x00', '0x00']
13:33:08.331  DEBUG   [poll]    -> read  st0cur    
13:33:08.335  DEBUG   [poll]    <- read  st0cur     ret=0  data=['0xfe', '0x01', '0x01', '0x02']
13:33:09.337  DEBUG   [poll]    -> read  st2mot    
13:33:09.340  DEBUG   [poll]    <- read  st2mot     ret=0  data=['0x00', '0x00']
13:33:09.341  DEBUG   [poll]    -> read  st0cur    
13:33:09.345  DEBUG   [poll]    <- read  st0cur     ret=0  data=['0xfe', '0x01', '0x01', '0x02']
13:33:10.346  DEBUG   [poll]    -> read  st2mot    
13:33:10.350  DEBUG   [poll]    <- read  st2mot     ret=0  data=['0x00', '0x00']
13:33:10.350  DEBUG   [poll]    -> read  st0cur    
13:33:10.354  DEBUG   [poll]    <- read  st0cur     ret=0  data=['0xfe', '0x01', '0x01', '0x02']
13:33:11.356  DEBUG   [poll]    -> read  st2mot    
13:33:11.359  DEBUG   [poll]    <- read  st2mot     ret=0  data=['0x00', '0x00']
13:33:11.359  DEBUG   [poll]    -> read  st0cur    
13:33:11.364  DEBUG   [poll]    <- read  st0cur     ret=0  data=['0xfe', '0x01', '0x01', '0x02']
13:33:12.365  DEBUG   [poll]    -> read  st2mot    
13:33:12.369  DEBUG   [poll]    <- read  st2mot     ret=0  data=['0x00', '0x00']
13:33:12.369  DEBUG   [poll]    -> read  st0cur    
13:33:12.373  DEBUG   [poll]    <- read  st0cur     ret=0  data=['0xfd', '0x01', '0x01', '0x02']
13:33:13.375  DEBUG   [poll]    -> read  st2mot    
13:33:13.378  DEBUG   [poll]    <- read  st2mot     ret=0  data=['0x00', '0x00']
13:33:13.378  DEBUG   [poll]    -> read  st0cur    
13:33:13.382  DEBUG   [poll]    <- read  st0cur     ret=0  data=['0xfe', '0x01', '0x01', '0x02']
13:33:14.384  DEBUG   [poll]    -> read  st2mot    
13:33:14.387  DEBUG   [poll]    <- read  st2mot     ret=0  data=['0x00', '0x00']
13:33:14.390  DEBUG   [poll]    -> read  st0cur    
13:33:14.395  DEBUG   [poll]    <- read  st0cur     ret=0  data=['0xfe', '0x01', '0x01', '0x02']
13:33:15.396  DEBUG   [poll]    -> read  st2mot    
13:33:15.400  DEBUG   [poll]    <- read  st2mot     ret=0  data=['0x00', '0x00']
13:33:15.400  DEBUG   [poll]    -> read  st0cur    
13:33:15.404  DEBUG   [poll]    <- read  st0cur     ret=0  data=['0xfd', '0x01', '0x01', '0x02']
13:33:16.406  DEBUG   [poll]    -> read  st2mot    
13:33:16.409  DEBUG   [poll]    <- read  st2mot     ret=0  data=['0x00', '0x00']
13:33:16.410  DEBUG   [poll]    -> read  st0cur    
13:33:16.414  DEBUG   [poll]    <- read  st0cur     ret=0  data=['0xfe', '0x01', '0x01', '0x02']
13:33:17.415  DEBUG   [poll]    -> read  st2mot    
13:33:17.419  DEBUG   [poll]    <- read  st2mot     ret=0  data=['0x00', '0x00']
13:33:17.419  DEBUG   [poll]    -> read  st0cur    
13:33:17.423  DEBUG   [poll]    <- read  st0cur     ret=0  data=['0xfe', '0x01', '0x01', '0x02']
13:33:18.425  DEBUG   [poll]    -> read  st2mot    
13:33:18.428  DEBUG   [poll]    <- read  st2mot     ret=0  data=['0x00', '0x00']
13:33:18.429  DEBUG   [poll]    -> read  st0cur    
13:33:18.433  DEBUG   [poll]    <- read  st0cur     ret=0  data=['0xfe', '0x01', '0x01', '0x02']
13:33:19.434  DEBUG   [poll]    -> read  st2mot    
13:33:19.438  DEBUG   [poll]    <- read  st2mot     ret=0  data=['0x00', '0x00']
13:33:19.439  DEBUG   [poll]    -> read  st0cur    
13:33:19.443  DEBUG   [poll]    <- read  st0cur     ret=0  data=['0xfe', '0x01', '0x01', '0x02']
13:33:20.445  DEBUG   [poll]    -> read  st2mot    
13:33:20.448  DEBUG   [poll]    <- read  st2mot     ret=0  data=['0x00', '0x00']
13:33:20.449  DEBUG   [poll]    -> read  st0cur    
13:33:20.453  DEBUG   [poll]    <- read  st0cur     ret=0  data=['0xfe', '0x01', '0x01', '0x02']
13:33:21.454  DEBUG   [poll]    -> read  st2mot    
13:33:21.458  DEBUG   [poll]    <- read  st2mot     ret=0  data=['0x00', '0x00']
13:33:21.458  DEBUG   [poll]    -> read  st0cur    
13:33:21.462  DEBUG   [poll]    <- read  st0cur     ret=0  data=['0xfe', '0x01', '0x01', '0x02']
13:33:22.464  DEBUG   [poll]    -> read  st2mot    
13:33:22.467  DEBUG   [poll]    <- read  st2mot     ret=0  data=['0x00', '0x00']
13:33:22.467  DEBUG   [poll]    -> read  st0cur    
13:33:22.472  DEBUG   [poll]    <- read  st0cur     ret=0  data=['0xfe', '0x01', '0x01', '0x02']
13:33:23.473  DEBUG   [poll]    -> read  st2mot    
13:33:23.476  DEBUG   [poll]    <- read  st2mot     ret=0  data=['0x00', '0x00']
13:33:23.477  DEBUG   [poll]    -> read  st0cur    
13:33:23.481  DEBUG   [poll]    <- read  st0cur     ret=0  data=['0xfe', '0x01', '0x01', '0x02']
13:33:24.482  DEBUG   [poll]    -> read  st2mot    
13:33:24.485  DEBUG   [poll]    <- read  st2mot     ret=0  data=['0x00', '0x00']
13:33:24.485  DEBUG   [poll]    -> read  st0cur    
13:33:24.490  DEBUG   [poll]    <- read  st0cur     ret=0  data=['0xfe', '0x01', '0x01', '0x02']
13:33:25.491  DEBUG   [poll]    -> read  st2mot    
13:33:25.495  DEBUG   [poll]    <- read  st2mot     ret=0  data=['0x00', '0x00']
13:33:25.495  DEBUG   [poll]    -> read  st0cur    
13:33:25.499  DEBUG   [poll]    <- read  st0cur     ret=0  data=['0xfe', '0x01', '0x01', '0x02']
13:33:26.501  DEBUG   [poll]    -> read  st2mot    
13:33:26.504  DEBUG   [poll]    <- read  st2mot     ret=0  data=['0x00', '0x00']
13:33:26.504  DEBUG   [poll]    -> read  st0cur    
13:33:26.509  DEBUG   [poll]    <- read  st0cur     ret=0  data=['0xfe', '0x01', '0x01', '0x02']
13:33:27.510  DEBUG   [poll]    -> read  st2mot    
13:33:27.513  DEBUG   [poll]    <- read  st2mot     ret=0  data=['0x00', '0x00']
13:33:27.514  DEBUG   [poll]    -> read  st0cur    
13:33:27.518  DEBUG   [poll]    <- read  st0cur     ret=0  data=['0xfe', '0x01', '0x01', '0x02']
13:33:28.519  DEBUG   [poll]    -> read  st2mot    
13:33:28.523  DEBUG   [poll]    <- read  st2mot     ret=0  data=['0x00', '0x00']
13:33:28.523  DEBUG   [poll]    -> read  st0cur    
13:33:28.527  DEBUG   [poll]    <- read  st0cur     ret=0  data=['0xfe', '0x01', '0x01', '0x02']
13:33:29.529  DEBUG   [poll]    -> read  st2mot    
13:33:29.532  DEBUG   [poll]    <- read  st2mot     ret=0  data=['0x00', '0x00']
13:33:29.533  DEBUG   [poll]    -> read  st0cur    
13:33:29.537  DEBUG   [poll]    <- read  st0cur     ret=0  data=['0xfe', '0x01', '0x01', '0x02']
13:33:30.539  DEBUG   [poll]    -> read  st2mot    
13:33:30.542  DEBUG   [poll]    <- read  st2mot     ret=0  data=['0x00', '0x00']
13:33:30.542  DEBUG   [poll]    -> read  st0cur    
13:33:30.547  DEBUG   [poll]    <- read  st0cur     ret=0  data=['0xfe', '0x01', '0x01', '0x02']
13:33:31.548  DEBUG   [poll]    -> read  st2mot    
13:33:31.551  DEBUG   [poll]    <- read  st2mot     ret=0  data=['0x00', '0x00']
13:33:31.552  DEBUG   [poll]    -> read  st0cur    
13:33:31.556  DEBUG   [poll]    <- read  st0cur     ret=0  data=['0xfe', '0x01', '0x01', '0x02']
13:33:32.557  DEBUG   [poll]    -> read  st2mot    
13:33:32.561  DEBUG   [poll]    <- read  st2mot     ret=0  data=['0x00', '0x00']
13:33:32.561  DEBUG   [poll]    -> read  st0cur    
13:33:32.565  DEBUG   [poll]    <- read  st0cur     ret=0  data=['0xfe', '0x01', '0x01', '0x02']
13:33:33.567  DEBUG   [poll]    -> read  st2mot    
13:33:33.570  DEBUG   [poll]    <- read  st2mot     ret=0  data=['0x00', '0x00']
13:33:33.571  DEBUG   [poll]    -> read  st0cur    
13:33:33.575  DEBUG   [poll]    <- read  st0cur     ret=0  data=['0xfe', '0x01', '0x01', '0x02']
13:33:34.576  DEBUG   [poll]    -> read  st2mot    
13:33:34.580  DEBUG   [poll]    <- read  st2mot     ret=0  data=['0x00', '0x00']
13:33:34.580  DEBUG   [poll]    -> read  st0cur    
13:33:34.584  DEBUG   [poll]    <- read  st0cur     ret=0  data=['0xfe', '0x01', '0x01', '0x02']
13:33:35.586  DEBUG   [poll]    -> read  st2mot    
13:33:35.589  DEBUG   [poll]    <- read  st2mot     ret=0  data=['0x00', '0x00']
13:33:35.590  DEBUG   [poll]    -> read  st0cur    
13:33:35.594  DEBUG   [poll]    <- read  st0cur     ret=0  data=['0xfe', '0x01', '0x01', '0x02']
13:33:36.595  DEBUG   [poll]    -> read  st2mot    
13:33:36.599  DEBUG   [poll]    <- read  st2mot     ret=0  data=['0x00', '0x00']
13:33:36.599  DEBUG   [poll]    -> read  st0cur    
13:33:36.603  DEBUG   [poll]    <- read  st0cur     ret=0  data=['0xfe', '0x01', '0x01', '0x02']
13:33:37.605  DEBUG   [poll]    -> read  st2mot    
13:33:37.608  DEBUG   [poll]    <- read  st2mot     ret=0  data=['0x00', '0x00']
13:33:37.609  DEBUG   [poll]    -> read  st0cur    
13:33:37.613  DEBUG   [poll]    <- read  st0cur     ret=0  data=['0xfe', '0x01', '0x01', '0x02']
13:33:38.614  DEBUG   [poll]    -> read  st2mot    
13:33:38.618  DEBUG   [poll]    <- read  st2mot     ret=0  data=['0x00', '0x00']
13:33:38.618  DEBUG   [poll]    -> read  st0cur    
13:33:38.622  DEBUG   [poll]    <- read  st0cur     ret=0  data=['0xfe', '0x01', '0x01', '0x02']
13:33:39.624  DEBUG   [poll]    -> read  st2mot    
13:33:39.627  DEBUG   [poll]    <- read  st2mot     ret=0  data=['0x00', '0x00']
13:33:39.628  DEBUG   [poll]    -> read  st0cur    
13:33:39.632  DEBUG   [poll]    <- read  st0cur     ret=0  data=['0xfe', '0x01', '0x01', '0x02']
13:33:40.633  DEBUG   [poll]    -> read  st2mot    
13:33:40.637  DEBUG   [poll]    <- read  st2mot     ret=0  data=['0x00', '0x00']
13:33:40.637  DEBUG   [poll]    -> read  st0cur    
13:33:40.641  DEBUG   [poll]    <- read  st0cur     ret=0  data=['0xfe', '0x01', '0x01', '0x02']
13:33:41.643  DEBUG   [poll]    -> read  st2mot    
13:33:41.646  DEBUG   [poll]    <- read  st2mot     ret=0  data=['0x00', '0x00']
13:33:41.646  DEBUG   [poll]    -> read  st0cur    
13:33:41.651  DEBUG   [poll]    <- read  st0cur     ret=0  data=['0xfe', '0x01', '0x01', '0x02']
13:33:42.652  DEBUG   [poll]    -> read  st2mot    
13:33:42.655  DEBUG   [poll]    <- read  st2mot     ret=0  data=['0x00', '0x00']
13:33:42.656  DEBUG   [poll]    -> read  st0cur    
13:33:42.660  DEBUG   [poll]    <- read  st0cur     ret=0  data=['0xfe', '0x01', '0x01', '0x02']
13:33:43.661  DEBUG   [poll]    -> read  st2mot    
13:33:43.665  DEBUG   [poll]    <- read  st2mot     ret=0  data=['0x00', '0x00']
13:33:43.665  DEBUG   [poll]    -> read  st0cur    
13:33:43.669  DEBUG   [poll]    <- read  st0cur     ret=0  data=['0xfe', '0x01', '0x01', '0x02']
13:33:44.671  DEBUG   [poll]    -> read  st2mot    
13:33:44.674  DEBUG   [poll]    <- read  st2mot     ret=0  data=['0x00', '0x00']
13:33:44.676  DEBUG   [poll]    -> read  st0cur    
13:33:44.680  DEBUG   [poll]    <- read  st0cur     ret=0  data=['0xfe', '0x01', '0x01', '0x02']
13:33:45.681  DEBUG   [poll]    -> read  st2mot    
13:33:45.685  DEBUG   [poll]    <- read  st2mot     ret=0  data=['0x00', '0x00']
13:33:45.685  DEBUG   [poll]    -> read  st0cur    
13:33:45.689  DEBUG   [poll]    <- read  st0cur     ret=0  data=['0xfe', '0x01', '0x01', '0x02']
13:33:46.691  DEBUG   [poll]    -> read  st2mot    
13:33:46.694  DEBUG   [poll]    <- read  st2mot     ret=0  data=['0x00', '0x00']
13:33:46.695  DEBUG   [poll]    -> read  st0cur    
13:33:46.699  DEBUG   [poll]    <- read  st0cur     ret=0  data=['0xfe', '0x01', '0x01', '0x02']
13:33:47.700  DEBUG   [poll]    -> read  st2mot    
13:33:47.704  DEBUG   [poll]    <- read  st2mot     ret=0  data=['0x00', '0x00']
13:33:47.704  DEBUG   [poll]    -> read  st0cur    
13:33:47.708  DEBUG   [poll]    <- read  st0cur     ret=0  data=['0xfe', '0x01', '0x01', '0x02']
13:33:48.710  DEBUG   [poll]    -> read  st2mot    
13:33:48.713  DEBUG   [poll]    <- read  st2mot     ret=0  data=['0x00', '0x00']
13:33:48.713  DEBUG   [poll]    -> read  st0cur    
13:33:48.718  DEBUG   [poll]    <- read  st0cur     ret=0  data=['0xfe', '0x01', '0x01', '0x02']
13:33:49.719  DEBUG   [poll]    -> read  st2mot    
13:33:49.723  DEBUG   [poll]    <- read  st2mot     ret=0  data=['0x00', '0x00']
13:33:49.723  DEBUG   [poll]    -> read  st0cur    
13:33:49.727  DEBUG   [poll]    <- read  st0cur     ret=0  data=['0xfe', '0x01', '0x01', '0x02']
13:33:50.729  DEBUG   [poll]    -> read  st2mot    
13:33:50.732  DEBUG   [poll]    <- read  st2mot     ret=0  data=['0x00', '0x00']
13:33:50.733  DEBUG   [poll]    -> read  st0cur    
13:33:50.737  DEBUG   [poll]    <- read  st0cur     ret=0  data=['0xfe', '0x01', '0x01', '0x02']
13:33:51.738  DEBUG   [poll]    -> read  st2mot    
13:33:51.742  DEBUG   [poll]    <- read  st2mot     ret=0  data=['0x00', '0x00']
13:33:51.742  DEBUG   [poll]    -> read  st0cur    
13:33:51.746  DEBUG   [poll]    <- read  st0cur     ret=0  data=['0xfe', '0x01', '0x01', '0x02']
13:33:52.748  DEBUG   [poll]    -> read  st2mot    
13:33:52.751  DEBUG   [poll]    <- read  st2mot     ret=0  data=['0x00', '0x00']
13:33:52.751  DEBUG   [poll]    -> read  st0cur    
13:33:52.755  DEBUG   [poll]    <- read  st0cur     ret=0  data=['0xfe', '0x01', '0x01', '0x02']
13:33:53.757  DEBUG   [poll]    -> read  st2mot    
13:33:53.760  DEBUG   [poll]    <- read  st2mot     ret=0  data=['0x00', '0x00']
13:33:53.761  DEBUG   [poll]    -> read  st0cur    
13:33:53.765  DEBUG   [poll]    <- read  st0cur     ret=0  data=['0xfe', '0x01', '0x01', '0x02']
13:33:54.766  DEBUG   [poll]    -> read  st2mot    
13:33:54.770  DEBUG   [poll]    <- read  st2mot     ret=0  data=['0x00', '0x00']
13:33:54.770  DEBUG   [poll]    -> read  st0cur    
13:33:54.774  DEBUG   [poll]    <- read  st0cur     ret=0  data=['0xfe', '0x01', '0x01', '0x02']
13:33:55.776  DEBUG   [poll]    -> read  st2mot    
13:33:55.779  DEBUG   [poll]    <- read  st2mot     ret=0  data=['0x00', '0x00']
13:33:55.779  DEBUG   [poll]    -> read  st0cur    
13:33:55.784  DEBUG   [poll]    <- read  st0cur     ret=0  data=['0xfe', '0x01', '0x01', '0x02']
13:33:56.785  DEBUG   [poll]    -> read  st2mot    
13:33:56.789  DEBUG   [poll]    <- read  st2mot     ret=0  data=['0x00', '0x00']
13:33:56.789  DEBUG   [poll]    -> read  st0cur    
13:33:56.793  DEBUG   [poll]    <- read  st0cur     ret=0  data=['0xfe', '0x01', '0x01', '0x02']
13:33:57.795  DEBUG   [poll]    -> read  st2mot    
13:33:57.798  DEBUG   [poll]    <- read  st2mot     ret=0  data=['0x00', '0x00']
13:33:57.798  DEBUG   [poll]    -> read  st0cur    
13:33:57.803  DEBUG   [poll]    <- read  st0cur     ret=0  data=['0xfe', '0x01', '0x01', '0x02']
13:33:58.804  DEBUG   [poll]    -> read  st2mot    
13:33:58.807  DEBUG   [poll]    <- read  st2mot     ret=0  data=['0x00', '0x00']
13:33:58.808  DEBUG   [poll]    -> read  st0cur    
13:33:58.812  DEBUG   [poll]    <- read  st0cur     ret=0  data=['0xfe', '0x01', '0x01', '0x02']
13:33:59.813  DEBUG   [poll]    -> read  st2mot    
13:33:59.817  DEBUG   [poll]    <- read  st2mot     ret=0  data=['0x00', '0x00']
13:33:59.817  DEBUG   [poll]    -> read  st0cur    
13:33:59.822  DEBUG   [poll]    <- read  st0cur     ret=0  data=['0xfe', '0x01', '0x01', '0x02']
13:34:00.823  DEBUG   [poll]    -> read  st2mot    
13:34:00.826  DEBUG   [poll]    <- read  st2mot     ret=0  data=['0x00', '0x00']
13:34:00.827  DEBUG   [poll]    -> read  st0cur    
13:34:00.831  DEBUG   [poll]    <- read  st0cur     ret=0  data=['0xfe', '0x01', '0x01', '0x02']
13:34:01.833  DEBUG   [poll]    -> read  st2mot    
13:34:01.836  DEBUG   [poll]    <- read  st2mot     ret=0  data=['0x00', '0x00']
13:34:01.836  DEBUG   [poll]    -> read  st0cur    
13:34:01.841  DEBUG   [poll]    <- read  st0cur     ret=0  data=['0xfe', '0x01', '0x01', '0x02']
13:34:02.842  DEBUG   [poll]    -> read  st2mot    
13:34:02.845  DEBUG   [poll]    <- read  st2mot     ret=0  data=['0x00', '0x00']
13:34:02.846  DEBUG   [poll]    -> read  st0cur    
13:34:02.850  DEBUG   [poll]    <- read  st0cur     ret=0  data=['0xfe', '0x01', '0x01', '0x02']
13:34:03.851  DEBUG   [poll]    -> read  st2mot    
13:34:03.855  DEBUG   [poll]    <- read  st2mot     ret=0  data=['0x00', '0x00']
13:34:03.855  DEBUG   [poll]    -> read  st0cur    
13:34:03.859  DEBUG   [poll]    <- read  st0cur     ret=0  data=['0xfe', '0x01', '0x01', '0x02']
13:34:04.861  DEBUG   [poll]    -> read  st2mot    
13:34:04.864  DEBUG   [poll]    <- read  st2mot     ret=0  data=['0x00', '0x00']
13:34:04.865  DEBUG   [poll]    -> read  st0cur    
13:34:04.869  DEBUG   [poll]    <- read  st0cur     ret=0  data=['0xfe', '0x01', '0x01', '0x02']
13:34:05.871  DEBUG   [poll]    -> read  st2mot    
13:34:05.874  DEBUG   [poll]    <- read  st2mot     ret=0  data=['0x00', '0x00']
13:34:05.874  DEBUG   [poll]    -> read  st0cur    
13:34:05.878  DEBUG   [poll]    <- read  st0cur     ret=0  data=['0xfe', '0x01', '0x01', '0x02']
13:34:06.880  DEBUG   [poll]    -> read  st2mot    
13:34:06.883  DEBUG   [poll]    <- read  st2mot     ret=0  data=['0x00', '0x00']
13:34:06.884  DEBUG   [poll]    -> read  st0cur    
13:34:06.888  DEBUG   [poll]    <- read  st0cur     ret=0  data=['0xfe', '0x01', '0x01', '0x02']
13:34:07.889  DEBUG   [poll]    -> read  st2mot    
13:34:07.893  DEBUG   [poll]    <- read  st2mot     ret=0  data=['0x00', '0x00']
13:34:07.893  DEBUG   [poll]    -> read  st0cur    
13:34:07.897  DEBUG   [poll]    <- read  st0cur     ret=0  data=['0xfe', '0x01', '0x01', '0x02']
13:34:08.899  DEBUG   [poll]    -> read  st2mot    
13:34:08.902  DEBUG   [poll]    <- read  st2mot     ret=0  data=['0x00', '0x00']
13:34:08.903  DEBUG   [poll]    -> read  st0cur    
13:34:08.907  DEBUG   [poll]    <- read  st0cur     ret=0  data=['0xfe', '0x01', '0x01', '0x02']
13:34:09.908  DEBUG   [poll]    -> read  st2mot    
13:34:09.912  DEBUG   [poll]    <- read  st2mot     ret=0  data=['0x00', '0x00']
13:34:09.912  DEBUG   [poll]    -> read  st0cur    
13:34:09.916  DEBUG   [poll]    <- read  st0cur     ret=0  data=['0xfe', '0x01', '0x01', '0x02']
13:34:10.918  DEBUG   [poll]    -> read  st2mot    
13:34:10.921  DEBUG   [poll]    <- read  st2mot     ret=0  data=['0x00', '0x00']
13:34:10.922  DEBUG   [poll]    -> read  st0cur    
13:34:10.926  DEBUG   [poll]    <- read  st0cur     ret=0  data=['0xfe', '0x01', '0x01', '0x02']
13:34:11.927  DEBUG   [poll]    -> read  st2mot    
13:34:11.931  DEBUG   [poll]    <- read  st2mot     ret=0  data=['0x00', '0x00']
13:34:11.931  DEBUG   [poll]    -> read  st0cur    
13:34:11.935  DEBUG   [poll]    <- read  st0cur     ret=0  data=['0xfe', '0x01', '0x01', '0x02']
13:34:12.937  DEBUG   [poll]    -> read  st2mot    
13:34:12.940  DEBUG   [poll]    <- read  st2mot     ret=0  data=['0x00', '0x00']
13:34:12.940  DEBUG   [poll]    -> read  st0cur    
13:34:12.945  DEBUG   [poll]    <- read  st0cur     ret=0  data=['0xfe', '0x01', '0x01', '0x02']
13:34:13.946  DEBUG   [poll]    -> read  st2mot    
13:34:13.950  DEBUG   [poll]    <- read  st2mot     ret=0  data=['0x00', '0x00']
13:34:13.950  DEBUG   [poll]    -> read  st0cur    
13:34:13.954  DEBUG   [poll]    <- read  st0cur     ret=0  data=['0xfe', '0x01', '0x01', '0x02']
13:34:14.956  DEBUG   [poll]    -> read  st2mot    
13:34:14.959  DEBUG   [poll]    <- read  st2mot     ret=0  data=['0x00', '0x00']
13:34:14.960  DEBUG   [poll]    -> read  st0cur    
13:34:14.964  DEBUG   [poll]    <- read  st0cur     ret=0  data=['0xfe', '0x01', '0x01', '0x02']
13:34:15.965  DEBUG   [poll]    -> read  st2mot    
13:34:15.969  DEBUG   [poll]    <- read  st2mot     ret=0  data=['0x00', '0x00']
13:34:15.969  DEBUG   [poll]    -> read  st0cur    
13:34:15.973  DEBUG   [poll]    <- read  st0cur     ret=0  data=['0xfe', '0x01', '0x01', '0x02']
13:34:16.975  DEBUG   [poll]    -> read  st2mot    
13:34:16.978  DEBUG   [poll]    <- read  st2mot     ret=0  data=['0x00', '0x00']
13:34:16.979  DEBUG   [poll]    -> read  st0cur    
13:34:16.983  DEBUG   [poll]    <- read  st0cur     ret=0  data=['0xfe', '0x01', '0x01', '0x02']
13:34:17.985  DEBUG   [poll]    -> read  st2mot    
13:34:17.988  DEBUG   [poll]    <- read  st2mot     ret=0  data=['0x00', '0x00']
13:34:17.989  DEBUG   [poll]    -> read  st0cur    
13:34:17.993  DEBUG   [poll]    <- read  st0cur     ret=0  data=['0xfd', '0x01', '0x01', '0x02']
13:34:18.994  DEBUG   [poll]    -> read  st2mot    
13:34:18.998  DEBUG   [poll]    <- read  st2mot     ret=0  data=['0x00', '0x00']
13:34:18.998  DEBUG   [poll]    -> read  st0cur    
13:34:19.002  DEBUG   [poll]    <- read  st0cur     ret=0  data=['0xfe', '0x01', '0x01', '0x02']
13:34:20.004  DEBUG   [poll]    -> read  st2mot    
13:34:20.007  DEBUG   [poll]    <- read  st2mot     ret=0  data=['0x00', '0x00']
13:34:20.008  DEBUG   [poll]    -> read  st0cur    
13:34:20.012  DEBUG   [poll]    <- read  st0cur     ret=0  data=['0xfe', '0x01', '0x01', '0x02']
13:34:21.014  DEBUG   [poll]    -> read  st2mot    
13:34:21.017  DEBUG   [poll]    <- read  st2mot     ret=0  data=['0x00', '0x00']
13:34:21.018  DEBUG   [poll]    -> read  st0cur    
13:34:21.022  DEBUG   [poll]    <- read  st0cur     ret=0  data=['0xfe', '0x01', '0x01', '0x02']
13:34:22.023  DEBUG   [poll]    -> read  st2mot    
13:34:22.027  DEBUG   [poll]    <- read  st2mot     ret=0  data=['0x00', '0x00']
13:34:22.027  DEBUG   [poll]    -> read  st0cur    
13:34:22.031  DEBUG   [poll]    <- read  st0cur     ret=0  data=['0xfe', '0x01', '0x01', '0x02']
13:34:23.033  DEBUG   [poll]    -> read  st2mot    
13:34:23.036  DEBUG   [poll]    <- read  st2mot     ret=0  data=['0x00', '0x00']
13:34:23.036  DEBUG   [poll]    -> read  st0cur    
13:34:23.041  DEBUG   [poll]    <- read  st0cur     ret=0  data=['0xfe', '0x01', '0x01', '0x02']
13:34:24.042  DEBUG   [poll]    -> read  st2mot    
13:34:24.045  DEBUG   [poll]    <- read  st2mot     ret=0  data=['0x00', '0x00']
13:34:24.046  DEBUG   [poll]    -> read  st0cur    
13:34:24.050  DEBUG   [poll]    <- read  st0cur     ret=0  data=['0xfd', '0x01', '0x01', '0x02']
13:34:25.051  DEBUG   [poll]    -> read  st2mot    
13:34:25.055  DEBUG   [poll]    <- read  st2mot     ret=0  data=['0x00', '0x00']
13:34:25.055  DEBUG   [poll]    -> read  st0cur    
13:34:25.060  DEBUG   [poll]    <- read  st0cur     ret=0  data=['0xfe', '0x01', '0x01', '0x02']
13:34:26.061  DEBUG   [poll]    -> read  st2mot    
13:34:26.064  DEBUG   [poll]    <- read  st2mot     ret=0  data=['0x00', '0x00']
13:34:26.065  DEBUG   [poll]    -> read  st0cur    
13:34:26.069  DEBUG   [poll]    <- read  st0cur     ret=0  data=['0xfe', '0x01', '0x01', '0x02']
13:34:27.070  DEBUG   [poll]    -> read  st2mot    
13:34:27.074  DEBUG   [poll]    <- read  st2mot     ret=0  data=['0x00', '0x00']
13:34:27.074  DEBUG   [poll]    -> read  st0cur    
13:34:27.078  DEBUG   [poll]    <- read  st0cur     ret=0  data=['0xfe', '0x01', '0x01', '0x02']
13:34:28.080  DEBUG   [poll]    -> read  st2mot    
13:34:28.083  DEBUG   [poll]    <- read  st2mot     ret=0  data=['0x00', '0x00']
13:34:28.084  DEBUG   [poll]    -> read  st0cur    
13:34:28.088  DEBUG   [poll]    <- read  st0cur     ret=0  data=['0xfe', '0x01', '0x01', '0x02']
13:34:29.089  DEBUG   [poll]    -> read  st2mot    
13:34:29.093  DEBUG   [poll]    <- read  st2mot     ret=0  data=['0x00', '0x00']
13:34:29.093  DEBUG   [poll]    -> read  st0cur    
13:34:29.097  DEBUG   [poll]    <- read  st0cur     ret=0  data=['0xfe', '0x01', '0x01', '0x02']
13:34:30.099  DEBUG   [poll]    -> read  st2mot    
13:34:30.102  DEBUG   [poll]    <- read  st2mot     ret=0  data=['0x00', '0x00']
13:34:30.103  DEBUG   [poll]    -> read  st0cur    
13:34:30.107  DEBUG   [poll]    <- read  st0cur     ret=0  data=['0xfe', '0x01', '0x01', '0x02']
13:34:31.108  DEBUG   [poll]    -> read  st2mot    
13:34:31.112  DEBUG   [poll]    <- read  st2mot     ret=0  data=['0x00', '0x00']
13:34:31.112  DEBUG   [poll]    -> read  st0cur    
13:34:31.116  DEBUG   [poll]    <- read  st0cur     ret=0  data=['0xfe', '0x01', '0x01', '0x02']
13:34:32.118  DEBUG   [poll]    -> read  st2mot    
13:34:32.121  DEBUG   [poll]    <- read  st2mot     ret=0  data=['0x00', '0x00']
13:34:32.122  DEBUG   [poll]    -> read  st0cur    
13:34:32.126  DEBUG   [poll]    <- read  st0cur     ret=0  data=['0xfe', '0x01', '0x01', '0x02']
13:34:33.127  DEBUG   [poll]    -> read  st2mot    
13:34:33.131  DEBUG   [poll]    <- read  st2mot     ret=0  data=['0x00', '0x00']
13:34:33.131  DEBUG   [poll]    -> read  st0cur    
13:34:33.135  DEBUG   [poll]    <- read  st0cur     ret=0  data=['0xfe', '0x01', '0x01', '0x02']
13:34:34.137  DEBUG   [poll]    -> read  st2mot    
13:34:34.140  DEBUG   [poll]    <- read  st2mot     ret=0  data=['0x00', '0x00']
13:34:34.141  DEBUG   [poll]    -> read  st0cur    
13:34:34.145  DEBUG   [poll]    <- read  st0cur     ret=0  data=['0xfe', '0x01', '0x01', '0x02']
13:34:35.146  DEBUG   [poll]    -> read  st2mot    
13:34:35.150  DEBUG   [poll]    <- read  st2mot     ret=0  data=['0x00', '0x00']
13:34:35.150  DEBUG   [poll]    -> read  st0cur    
13:34:35.155  DEBUG   [poll]    <- read  st0cur     ret=0  data=['0xfe', '0x01', '0x01', '0x02']
13:34:36.156  DEBUG   [poll]    -> read  st2mot    
13:34:36.159  DEBUG   [poll]    <- read  st2mot     ret=0  data=['0x00', '0x00']
13:34:36.160  DEBUG   [poll]    -> read  st0cur    
13:34:36.164  DEBUG   [poll]    <- read  st0cur     ret=0  data=['0xfe', '0x01', '0x01', '0x02']
13:34:37.166  DEBUG   [poll]    -> read  st2mot    
13:34:37.169  DEBUG   [poll]    <- read  st2mot     ret=0  data=['0x00', '0x00']
13:34:37.169  DEBUG   [poll]    -> read  st0cur    
13:34:37.173  DEBUG   [poll]    <- read  st0cur     ret=0  data=['0xfe', '0x01', '0x01', '0x02']
13:34:38.175  DEBUG   [poll]    -> read  st2mot    
13:34:38.178  DEBUG   [poll]    <- read  st2mot     ret=0  data=['0x00', '0x00']
13:34:38.179  DEBUG   [poll]    -> read  st0cur    
13:34:38.183  DEBUG   [poll]    <- read  st0cur     ret=0  data=['0xfe', '0x01', '0x01', '0x02']
13:34:39.184  DEBUG   [poll]    -> read  st2mot    
13:34:39.188  DEBUG   [poll]    <- read  st2mot     ret=0  data=['0x00', '0x00']
13:34:39.188  DEBUG   [poll]    -> read  st0cur    
13:34:39.192  DEBUG   [poll]    <- read  st0cur     ret=0  data=['0xfe', '0x01', '0x01', '0x02']
13:34:40.194  DEBUG   [poll]    -> read  st2mot    
13:34:40.197  DEBUG   [poll]    <- read  st2mot     ret=0  data=['0x00', '0x00']
13:34:40.198  DEBUG   [poll]    -> read  st0cur    
13:34:40.202  DEBUG   [poll]    <- read  st0cur     ret=0  data=['0xfe', '0x01', '0x01', '0x02']
13:34:41.203  DEBUG   [poll]    -> read  st2mot    
13:34:41.207  DEBUG   [poll]    <- read  st2mot     ret=0  data=['0x00', '0x00']
13:34:41.207  DEBUG   [poll]    -> read  st0cur    
13:34:41.211  DEBUG   [poll]    <- read  st0cur     ret=0  data=['0xfe', '0x01', '0x01', '0x02']
13:34:42.213  DEBUG   [poll]    -> read  st2mot    
13:34:42.216  DEBUG   [poll]    <- read  st2mot     ret=0  data=['0x00', '0x00']
13:34:42.217  DEBUG   [poll]    -> read  st0cur    
13:34:42.221  DEBUG   [poll]    <- read  st0cur     ret=0  data=['0xfe', '0x01', '0x01', '0x02']
13:34:43.222  DEBUG   [poll]    -> read  st2mot    
13:34:43.226  DEBUG   [poll]    <- read  st2mot     ret=0  data=['0x00', '0x00']
13:34:43.226  DEBUG   [poll]    -> read  st0cur    
13:34:43.230  DEBUG   [poll]    <- read  st0cur     ret=0  data=['0xfe', '0x01', '0x01', '0x02']
13:34:44.232  DEBUG   [poll]    -> read  st2mot    
13:34:44.235  DEBUG   [poll]    <- read  st2mot     ret=0  data=['0x00', '0x00']
13:34:44.235  DEBUG   [poll]    -> read  st0cur    
13:34:44.240  DEBUG   [poll]    <- read  st0cur     ret=0  data=['0xfe', '0x01', '0x01', '0x02']
13:34:45.241  DEBUG   [poll]    -> read  st2mot    
13:34:45.245  DEBUG   [poll]    <- read  st2mot     ret=0  data=['0x00', '0x00']
13:34:45.245  DEBUG   [poll]    -> read  st0cur    
13:34:45.250  DEBUG   [poll]    <- read  st0cur     ret=0  data=['0xfe', '0x01', '0x01', '0x02']
13:34:46.251  DEBUG   [poll]    -> read  st2mot    
13:34:46.255  DEBUG   [poll]    <- read  st2mot     ret=0  data=['0x00', '0x00']
13:34:46.255  DEBUG   [poll]    -> read  st0cur    
13:34:46.259  DEBUG   [poll]    <- read  st0cur     ret=0  data=['0xfe', '0x01', '0x01', '0x02']
13:34:47.261  DEBUG   [poll]    -> read  st2mot    
13:34:47.264  DEBUG   [poll]    <- read  st2mot     ret=0  data=['0x00', '0x00']
13:34:47.264  DEBUG   [poll]    -> read  st0cur    
13:34:47.269  DEBUG   [poll]    <- read  st0cur     ret=0  data=['0xfe', '0x01', '0x01', '0x02']
13:34:48.270  DEBUG   [poll]    -> read  st2mot    
13:34:48.274  DEBUG   [poll]    <- read  st2mot     ret=0  data=['0x00', '0x00']
13:34:48.274  DEBUG   [poll]    -> read  st0cur    
13:34:48.278  DEBUG   [poll]    <- read  st0cur     ret=0  data=['0xfe', '0x01', '0x01', '0x02']
13:34:49.280  DEBUG   [poll]    -> read  st2mot    
13:34:49.283  DEBUG   [poll]    <- read  st2mot     ret=0  data=['0x00', '0x00']
13:34:49.283  DEBUG   [poll]    -> read  st0cur    
13:34:49.288  DEBUG   [poll]    <- read  st0cur     ret=0  data=['0xfe', '0x01', '0x01', '0x02']
13:34:50.289  DEBUG   [poll]    -> read  st2mot    
13:34:50.292  DEBUG   [poll]    <- read  st2mot     ret=0  data=['0x00', '0x00']
13:34:50.293  DEBUG   [poll]    -> read  st0cur    
13:34:50.297  DEBUG   [poll]    <- read  st0cur     ret=0  data=['0xfe', '0x01', '0x01', '0x02']
13:34:51.299  DEBUG   [poll]    -> read  st2mot    
13:34:51.302  DEBUG   [poll]    <- read  st2mot     ret=0  data=['0x00', '0x00']
13:34:51.302  DEBUG   [poll]    -> read  st0cur    
13:34:51.306  DEBUG   [poll]    <- read  st0cur     ret=0  data=['0xfe', '0x01', '0x01', '0x02']
13:34:52.308  DEBUG   [poll]    -> read  st2mot    
13:34:52.311  DEBUG   [poll]    <- read  st2mot     ret=0  data=['0x00', '0x00']
13:34:52.312  DEBUG   [poll]    -> read  st0cur    
13:34:52.316  DEBUG   [poll]    <- read  st0cur     ret=0  data=['0xfe', '0x01', '0x01', '0x02']
13:34:53.317  DEBUG   [poll]    -> read  st2mot    
13:34:53.321  DEBUG   [poll]    <- read  st2mot     ret=0  data=['0x00', '0x00']
13:34:53.321  DEBUG   [poll]    -> read  st0cur    
13:34:53.325  DEBUG   [poll]    <- read  st0cur     ret=0  data=['0xfe', '0x01', '0x01', '0x02']
13:34:54.327  DEBUG   [poll]    -> read  st2mot    
13:34:54.330  DEBUG   [poll]    <- read  st2mot     ret=0  data=['0x00', '0x00']
13:34:54.330  DEBUG   [poll]    -> read  st0cur    
13:34:54.335  DEBUG   [poll]    <- read  st0cur     ret=0  data=['0xfe', '0x01', '0x01', '0x02']
13:34:55.336  DEBUG   [poll]    -> read  st2mot    
13:34:55.339  DEBUG   [poll]    <- read  st2mot     ret=0  data=['0x00', '0x00']
13:34:55.340  DEBUG   [poll]    -> read  st0cur    
13:34:55.344  DEBUG   [poll]    <- read  st0cur     ret=0  data=['0xfe', '0x01', '0x01', '0x02']
13:34:56.346  DEBUG   [poll]    -> read  st2mot    
13:34:56.349  DEBUG   [poll]    <- read  st2mot     ret=0  data=['0x00', '0x00']
13:34:56.349  DEBUG   [poll]    -> read  st0cur    
13:34:56.354  DEBUG   [poll]    <- read  st0cur     ret=0  data=['0xfe', '0x01', '0x01', '0x02']
13:34:57.355  DEBUG   [poll]    -> read  st2mot    
13:34:57.358  DEBUG   [poll]    <- read  st2mot     ret=0  data=['0x00', '0x00']
13:34:57.359  DEBUG   [poll]    -> read  st0cur    
13:34:57.363  DEBUG   [poll]    <- read  st0cur     ret=0  data=['0xfe', '0x01', '0x01', '0x02']
13:34:58.364  DEBUG   [poll]    -> read  st2mot    
13:34:58.368  DEBUG   [poll]    <- read  st2mot     ret=0  data=['0x00', '0x00']
13:34:58.368  DEBUG   [poll]    -> read  st0cur    
13:34:58.372  DEBUG   [poll]    <- read  st0cur     ret=0  data=['0xfe', '0x01', '0x01', '0x02']
13:34:59.374  DEBUG   [poll]    -> read  st2mot    
13:34:59.377  DEBUG   [poll]    <- read  st2mot     ret=0  data=['0x00', '0x00']
13:34:59.378  DEBUG   [poll]    -> read  st0cur    
13:34:59.382  DEBUG   [poll]    <- read  st0cur     ret=0  data=['0xfe', '0x01', '0x01', '0x02']
13:35:00.383  DEBUG   [poll]    -> read  st2mot    
13:35:00.387  DEBUG   [poll]    <- read  st2mot     ret=0  data=['0x00', '0x00']
13:35:00.387  DEBUG   [poll]    -> read  st0cur    
13:35:00.391  DEBUG   [poll]    <- read  st0cur     ret=0  data=['0xfe', '0x01', '0x01', '0x02']
13:35:01.393  DEBUG   [poll]    -> read  st2mot    
13:35:01.396  DEBUG   [poll]    <- read  st2mot     ret=0  data=['0x00', '0x00']
13:35:01.397  DEBUG   [poll]    -> read  st0cur    
13:35:01.401  DEBUG   [poll]    <- read  st0cur     ret=0  data=['0xfe', '0x01', '0x01', '0x02']
13:35:02.402  DEBUG   [poll]    -> read  st2mot    
13:35:02.406  DEBUG   [poll]    <- read  st2mot     ret=0  data=['0x00', '0x00']
13:35:02.406  DEBUG   [poll]    -> read  st0cur    
13:35:02.410  DEBUG   [poll]    <- read  st0cur     ret=0  data=['0xfe', '0x01', '0x01', '0x02']
13:35:03.412  DEBUG   [poll]    -> read  st2mot    
13:35:03.415  DEBUG   [poll]    <- read  st2mot     ret=0  data=['0x00', '0x00']
13:35:03.416  DEBUG   [poll]    -> read  st0cur    
13:35:03.420  DEBUG   [poll]    <- read  st0cur     ret=0  data=['0xfe', '0x01', '0x01', '0x02']
13:35:04.421  DEBUG   [poll]    -> read  st2mot    
13:35:04.425  DEBUG   [poll]    <- read  st2mot     ret=0  data=['0x00', '0x00']
13:35:04.425  DEBUG   [poll]    -> read  st0cur    
13:35:04.429  DEBUG   [poll]    <- read  st0cur     ret=0  data=['0xfe', '0x01', '0x01', '0x02']
13:35:05.431  DEBUG   [poll]    -> read  st2mot    
13:35:05.434  DEBUG   [poll]    <- read  st2mot     ret=0  data=['0x00', '0x00']
13:35:05.435  DEBUG   [poll]    -> read  st0cur    
13:35:05.439  DEBUG   [poll]    <- read  st0cur     ret=0  data=['0xfe', '0x01', '0x01', '0x02']
13:35:06.440  DEBUG   [poll]    -> read  st2mot    
13:35:06.444  DEBUG   [poll]    <- read  st2mot     ret=0  data=['0x00', '0x00']
13:35:06.444  DEBUG   [poll]    -> read  st0cur    
13:35:06.448  DEBUG   [poll]    <- read  st0cur     ret=0  data=['0xfe', '0x01', '0x01', '0x02']
13:35:07.450  DEBUG   [poll]    -> read  st2mot    
13:35:07.453  DEBUG   [poll]    <- read  st2mot     ret=0  data=['0x00', '0x00']
13:35:07.453  DEBUG   [poll]    -> read  st0cur    
13:35:07.458  DEBUG   [poll]    <- read  st0cur     ret=0  data=['0xfe', '0x01', '0x01', '0x02']
13:35:08.459  DEBUG   [poll]    -> read  st2mot    
13:35:08.462  DEBUG   [poll]    <- read  st2mot     ret=0  data=['0x00', '0x00']
13:35:08.463  DEBUG   [poll]    -> read  st0cur    
13:35:08.467  DEBUG   [poll]    <- read  st0cur     ret=0  data=['0xfe', '0x01', '0x01', '0x02']
13:35:09.468  DEBUG   [poll]    -> read  st2mot    
13:35:09.472  DEBUG   [poll]    <- read  st2mot     ret=0  data=['0x00', '0x00']
13:35:09.472  DEBUG   [poll]    -> read  st0cur    
13:35:09.476  DEBUG   [poll]    <- read  st0cur     ret=0  data=['0xfe', '0x01', '0x01', '0x02']
13:35:10.478  DEBUG   [poll]    -> read  st2mot    
13:35:10.481  DEBUG   [poll]    <- read  st2mot     ret=0  data=['0x00', '0x00']
13:35:10.482  DEBUG   [poll]    -> read  st0cur    
13:35:10.486  DEBUG   [poll]    <- read  st0cur     ret=0  data=['0xfe', '0x01', '0x01', '0x02']
13:35:11.487  DEBUG   [poll]    -> read  st2mot    
13:35:11.491  DEBUG   [poll]    <- read  st2mot     ret=0  data=['0x00', '0x00']
13:35:11.491  DEBUG   [poll]    -> read  st0cur    
13:35:11.495  DEBUG   [poll]    <- read  st0cur     ret=0  data=['0xfe', '0x01', '0x01', '0x02']
13:35:12.497  DEBUG   [poll]    -> read  st2mot    
13:35:12.500  DEBUG   [poll]    <- read  st2mot     ret=0  data=['0x00', '0x00']
13:35:12.501  DEBUG   [poll]    -> read  st0cur    
13:35:12.505  DEBUG   [poll]    <- read  st0cur     ret=0  data=['0xfe', '0x01', '0x01', '0x02']
13:35:13.506  DEBUG   [poll]    -> read  st2mot    
13:35:13.510  DEBUG   [poll]    <- read  st2mot     ret=0  data=['0x00', '0x00']
13:35:13.510  DEBUG   [poll]    -> read  st0cur    
13:35:13.514  DEBUG   [poll]    <- read  st0cur     ret=0  data=['0xfe', '0x01', '0x01', '0x02']
13:35:14.516  DEBUG   [poll]    -> read  st2mot    
13:35:14.519  DEBUG   [poll]    <- read  st2mot     ret=0  data=['0x00', '0x00']
13:35:14.519  DEBUG   [poll]    -> read  st0cur    
13:35:14.524  DEBUG   [poll]    <- read  st0cur     ret=0  data=['0xfe', '0x01', '0x01', '0x02']
13:35:15.525  DEBUG   [poll]    -> read  st2mot    
13:35:15.529  DEBUG   [poll]    <- read  st2mot     ret=0  data=['0x00', '0x00']
13:35:15.529  DEBUG   [poll]    -> read  st0cur    
13:35:15.533  DEBUG   [poll]    <- read  st0cur     ret=0  data=['0xfd', '0x01', '0x01', '0x02']
13:35:16.535  DEBUG   [poll]    -> read  st2mot    
13:35:16.538  DEBUG   [poll]    <- read  st2mot     ret=0  data=['0x00', '0x00']
13:35:16.539  DEBUG   [poll]    -> read  st0cur    
13:35:16.543  DEBUG   [poll]    <- read  st0cur     ret=0  data=['0xfe', '0x01', '0x01', '0x02']
13:35:17.544  DEBUG   [poll]    -> read  st2mot    
13:35:17.548  DEBUG   [poll]    <- read  st2mot     ret=0  data=['0x00', '0x00']
13:35:17.548  DEBUG   [poll]    -> read  st0cur    
13:35:17.553  DEBUG   [poll]    <- read  st0cur     ret=0  data=['0xfe', '0x01', '0x01', '0x02']
13:35:18.554  DEBUG   [poll]    -> read  st2mot    
13:35:18.558  DEBUG   [poll]    <- read  st2mot     ret=0  data=['0x00', '0x00']
13:35:18.558  DEBUG   [poll]    -> read  st0cur    
13:35:18.562  DEBUG   [poll]    <- read  st0cur     ret=0  data=['0xfe', '0x01', '0x01', '0x02']
13:35:19.564  DEBUG   [poll]    -> read  st2mot    
13:35:19.567  DEBUG   [poll]    <- read  st2mot     ret=0  data=['0x00', '0x00']
13:35:19.567  DEBUG   [poll]    -> read  st0cur    
13:35:19.572  DEBUG   [poll]    <- read  st0cur     ret=0  data=['0xfe', '0x01', '0x01', '0x02']
13:35:20.573  DEBUG   [poll]    -> read  st2mot    
13:35:20.577  DEBUG   [poll]    <- read  st2mot     ret=0  data=['0x00', '0x00']
13:35:20.577  DEBUG   [poll]    -> read  st0cur    
13:35:20.582  DEBUG   [poll]    <- read  st0cur     ret=0  data=['0xfe', '0x01', '0x01', '0x02']
13:35:21.583  DEBUG   [poll]    -> read  st2mot    
13:35:21.586  DEBUG   [poll]    <- read  st2mot     ret=0  data=['0x00', '0x00']
13:35:21.587  DEBUG   [poll]    -> read  st0cur    
13:35:21.591  DEBUG   [poll]    <- read  st0cur     ret=0  data=['0xfe', '0x01', '0x01', '0x02']
13:35:22.592  DEBUG   [poll]    -> read  st2mot    
13:35:22.596  DEBUG   [poll]    <- read  st2mot     ret=0  data=['0x00', '0x00']
13:35:22.596  DEBUG   [poll]    -> read  st0cur    
13:35:22.600  DEBUG   [poll]    <- read  st0cur     ret=0  data=['0xfe', '0x01', '0x01', '0x02']
13:35:23.602  DEBUG   [poll]    -> read  st2mot    
13:35:23.605  DEBUG   [poll]    <- read  st2mot     ret=0  data=['0x00', '0x00']
13:35:23.605  DEBUG   [poll]    -> read  st0cur    
13:35:23.610  DEBUG   [poll]    <- read  st0cur     ret=0  data=['0xfe', '0x01', '0x01', '0x02']
13:35:24.611  DEBUG   [poll]    -> read  st2mot    
13:35:24.615  DEBUG   [poll]    <- read  st2mot     ret=0  data=['0x00', '0x00']
13:35:24.615  DEBUG   [poll]    -> read  st0cur    
13:35:24.619  DEBUG   [poll]    <- read  st0cur     ret=0  data=['0xfe', '0x01', '0x01', '0x02']
13:35:25.621  DEBUG   [poll]    -> read  st2mot    
13:35:25.624  DEBUG   [poll]    <- read  st2mot     ret=0  data=['0x00', '0x00']
13:35:25.625  DEBUG   [poll]    -> read  st0cur    
13:35:25.629  DEBUG   [poll]    <- read  st0cur     ret=0  data=['0xfe', '0x01', '0x01', '0x02']
13:35:26.630  DEBUG   [poll]    -> read  st2mot    
13:35:26.634  DEBUG   [poll]    <- read  st2mot     ret=0  data=['0x00', '0x00']
13:35:26.634  DEBUG   [poll]    -> read  st0cur    
13:35:26.638  DEBUG   [poll]    <- read  st0cur     ret=0  data=['0xfe', '0x01', '0x01', '0x02']
13:35:27.640  DEBUG   [poll]    -> read  st2mot    
13:35:27.643  DEBUG   [poll]    <- read  st2mot     ret=0  data=['0x00', '0x00']
13:35:27.643  DEBUG   [poll]    -> read  st0cur    
13:35:27.648  DEBUG   [poll]    <- read  st0cur     ret=0  data=['0xfd', '0x01', '0x01', '0x02']
13:35:28.649  DEBUG   [poll]    -> read  st2mot    
13:35:28.652  DEBUG   [poll]    <- read  st2mot     ret=0  data=['0x00', '0x00']
13:35:28.652  DEBUG   [poll]    -> read  st0cur    
13:35:28.656  DEBUG   [poll]    <- read  st0cur     ret=0  data=['0xfe', '0x01', '0x01', '0x02']
13:35:29.657  DEBUG   [poll]    -> read  st2mot    
13:35:29.661  DEBUG   [poll]    <- read  st2mot     ret=0  data=['0x00', '0x00']
13:35:29.661  DEBUG   [poll]    -> read  st0cur    
13:35:29.665  DEBUG   [poll]    <- read  st0cur     ret=0  data=['0xfe', '0x01', '0x01', '0x02']
13:35:30.667  DEBUG   [poll]    -> read  st2mot    
13:35:30.670  DEBUG   [poll]    <- read  st2mot     ret=0  data=['0x00', '0x00']
13:35:30.672  DEBUG   [poll]    -> read  st0cur    
13:35:30.676  DEBUG   [poll]    <- read  st0cur     ret=0  data=['0xfe', '0x01', '0x01', '0x02']
13:35:31.678  DEBUG   [poll]    -> read  st2mot    
13:35:31.681  DEBUG   [poll]    <- read  st2mot     ret=0  data=['0x00', '0x00']
13:35:31.681  DEBUG   [poll]    -> read  st0cur    
13:35:31.686  DEBUG   [poll]    <- read  st0cur     ret=0  data=['0xfe', '0x01', '0x01', '0x02']
13:35:32.687  DEBUG   [poll]    -> read  st2mot    
13:35:32.690  DEBUG   [poll]    <- read  st2mot     ret=0  data=['0x00', '0x00']
13:35:32.691  DEBUG   [poll]    -> read  st0cur    
13:35:32.695  DEBUG   [poll]    <- read  st0cur     ret=0  data=['0xfe', '0x01', '0x01', '0x02']
13:35:33.697  DEBUG   [poll]    -> read  st2mot    
13:35:33.700  DEBUG   [poll]    <- read  st2mot     ret=0  data=['0x00', '0x00']
13:35:33.700  DEBUG   [poll]    -> read  st0cur    
13:35:33.704  DEBUG   [poll]    <- read  st0cur     ret=0  data=['0xfe', '0x01', '0x02', '0x02']
13:35:34.706  DEBUG   [poll]    -> read  st2mot    
13:35:34.709  DEBUG   [poll]    <- read  st2mot     ret=0  data=['0x00', '0x00']
13:35:34.710  DEBUG   [poll]    -> read  st0cur    
13:35:34.714  DEBUG   [poll]    <- read  st0cur     ret=0  data=['0xfe', '0x01', '0x01', '0x02']
13:35:35.715  DEBUG   [poll]    -> read  st2mot    
13:35:35.719  DEBUG   [poll]    <- read  st2mot     ret=0  data=['0x00', '0x00']
13:35:35.719  DEBUG   [poll]    -> read  st0cur    
13:35:35.723  DEBUG   [poll]    <- read  st0cur     ret=0  data=['0xfe', '0x01', '0x01', '0x02']
13:35:36.725  DEBUG   [poll]    -> read  st2mot    
13:35:36.728  DEBUG   [poll]    <- read  st2mot     ret=0  data=['0x00', '0x00']
13:35:36.729  DEBUG   [poll]    -> read  st0cur    
13:35:36.733  DEBUG   [poll]    <- read  st0cur     ret=0  data=['0xfe', '0x01', '0x01', '0x02']
13:35:37.734  DEBUG   [poll]    -> read  st2mot    
13:35:37.738  DEBUG   [poll]    <- read  st2mot     ret=0  data=['0x00', '0x00']
13:35:37.738  DEBUG   [poll]    -> read  st0cur    
13:35:37.742  DEBUG   [poll]    <- read  st0cur     ret=0  data=['0xfe', '0x01', '0x01', '0x02']
13:35:38.744  DEBUG   [poll]    -> read  st2mot    
13:35:38.747  DEBUG   [poll]    <- read  st2mot     ret=0  data=['0x00', '0x00']
13:35:38.748  DEBUG   [poll]    -> read  st0cur    
13:35:38.752  DEBUG   [poll]    <- read  st0cur     ret=0  data=['0xfe', '0x01', '0x01', '0x02']
13:35:39.753  DEBUG   [poll]    -> read  st2mot    
13:35:39.757  DEBUG   [poll]    <- read  st2mot     ret=0  data=['0x00', '0x00']
13:35:39.757  DEBUG   [poll]    -> read  st0cur    
13:35:39.761  DEBUG   [poll]    <- read  st0cur     ret=0  data=['0xfe', '0x01', '0x00', '0x02']
13:35:40.763  DEBUG   [poll]    -> read  st2mot    
13:35:40.766  DEBUG   [poll]    <- read  st2mot     ret=0  data=['0x00', '0x00']
13:35:40.767  DEBUG   [poll]    -> read  st0cur    
13:35:40.771  DEBUG   [poll]    <- read  st0cur     ret=0  data=['0xfe', '0x01', '0x01', '0x02']
13:35:41.772  DEBUG   [poll]    -> read  st2mot    
13:35:41.776  DEBUG   [poll]    <- read  st2mot     ret=0  data=['0x00', '0x00']
13:35:41.776  DEBUG   [poll]    -> read  st0cur    
13:35:41.780  DEBUG   [poll]    <- read  st0cur     ret=0  data=['0xfe', '0x01', '0x01', '0x02']
13:35:42.782  DEBUG   [poll]    -> read  st2mot    
13:35:42.785  DEBUG   [poll]    <- read  st2mot     ret=0  data=['0x00', '0x00']
13:35:42.786  DEBUG   [poll]    -> read  st0cur    
13:35:42.790  DEBUG   [poll]    <- read  st0cur     ret=0  data=['0xfe', '0x01', '0x01', '0x02']
13:35:43.791  DEBUG   [poll]    -> read  st2mot    
13:35:43.795  DEBUG   [poll]    <- read  st2mot     ret=0  data=['0x00', '0x00']
13:35:43.795  DEBUG   [poll]    -> read  st0cur    
13:35:43.799  DEBUG   [poll]    <- read  st0cur     ret=0  data=['0xfe', '0x01', '0x01', '0x02']
13:35:44.801  DEBUG   [poll]    -> read  st2mot    
13:35:44.804  DEBUG   [poll]    <- read  st2mot     ret=0  data=['0x00', '0x00']
13:35:44.805  DEBUG   [poll]    -> read  st0cur    
13:35:44.809  DEBUG   [poll]    <- read  st0cur     ret=0  data=['0xfe', '0x01', '0x01', '0x02']
13:35:45.810  DEBUG   [poll]    -> read  st2mot    
13:35:45.814  DEBUG   [poll]    <- read  st2mot     ret=0  data=['0x00', '0x00']
13:35:45.815  DEBUG   [poll]    -> read  st0cur    
13:35:45.819  DEBUG   [poll]    <- read  st0cur     ret=0  data=['0xfe', '0x01', '0x01', '0x02']
13:35:46.821  DEBUG   [poll]    -> read  st2mot    
13:35:46.824  DEBUG   [poll]    <- read  st2mot     ret=0  data=['0x00', '0x00']
13:35:46.825  DEBUG   [poll]    -> read  st0cur    
13:35:46.829  DEBUG   [poll]    <- read  st0cur     ret=0  data=['0xfd', '0x01', '0x01', '0x02']
13:35:47.830  DEBUG   [poll]    -> read  st2mot    
13:35:47.834  DEBUG   [poll]    <- read  st2mot     ret=0  data=['0x00', '0x00']
13:35:47.834  DEBUG   [poll]    -> read  st0cur    
13:35:47.839  DEBUG   [poll]    <- read  st0cur     ret=0  data=['0xfe', '0x01', '0x01', '0x02']
13:35:48.840  DEBUG   [poll]    -> read  st2mot    
13:35:48.843  DEBUG   [poll]    <- read  st2mot     ret=0  data=['0x00', '0x00']
13:35:48.844  DEBUG   [poll]    -> read  st0cur    
13:35:48.848  DEBUG   [poll]    <- read  st0cur     ret=0  data=['0xfe', '0x01', '0x01', '0x02']
13:35:49.849  DEBUG   [poll]    -> read  st2mot    
13:35:49.853  DEBUG   [poll]    <- read  st2mot     ret=0  data=['0x00', '0x00']
13:35:49.853  DEBUG   [poll]    -> read  st0cur    
13:35:49.857  DEBUG   [poll]    <- read  st0cur     ret=0  data=['0xfe', '0x01', '0x01', '0x02']
13:35:50.859  DEBUG   [poll]    -> read  st2mot    
13:35:50.862  DEBUG   [poll]    <- read  st2mot     ret=0  data=['0x00', '0x00']
13:35:50.863  DEBUG   [poll]    -> read  st0cur    
13:35:50.867  DEBUG   [poll]    <- read  st0cur     ret=0  data=['0xfe', '0x01', '0x01', '0x02']
13:35:51.868  DEBUG   [poll]    -> read  st2mot    
13:35:51.872  DEBUG   [poll]    <- read  st2mot     ret=0  data=['0x00', '0x00']
13:35:51.872  DEBUG   [poll]    -> read  st0cur    
13:35:51.876  DEBUG   [poll]    <- read  st0cur     ret=0  data=['0xfe', '0x01', '0x01', '0x02']
13:35:52.878  DEBUG   [poll]    -> read  st2mot    
13:35:52.881  DEBUG   [poll]    <- read  st2mot     ret=0  data=['0x00', '0x00']
13:35:52.882  DEBUG   [poll]    -> read  st0cur    
13:35:52.886  DEBUG   [poll]    <- read  st0cur     ret=0  data=['0xfe', '0x01', '0x01', '0x02']
13:35:53.887  DEBUG   [poll]    -> read  st2mot    
13:35:53.891  DEBUG   [poll]    <- read  st2mot     ret=0  data=['0x00', '0x00']
13:35:53.891  DEBUG   [poll]    -> read  st0cur    
13:35:53.895  DEBUG   [poll]    <- read  st0cur     ret=0  data=['0xfe', '0x01', '0x01', '0x02']
13:35:54.897  DEBUG   [poll]    -> read  st2mot    
13:35:54.900  DEBUG   [poll]    <- read  st2mot     ret=0  data=['0x00', '0x00']
13:35:54.900  DEBUG   [poll]    -> read  st0cur    
13:35:54.905  DEBUG   [poll]    <- read  st0cur     ret=0  data=['0xfd', '0x01', '0x01', '0x02']
13:35:55.906  DEBUG   [poll]    -> read  st2mot    
13:35:55.910  DEBUG   [poll]    <- read  st2mot     ret=0  data=['0x00', '0x00']
13:35:55.910  DEBUG   [poll]    -> read  st0cur    
13:35:55.914  DEBUG   [poll]    <- read  st0cur     ret=0  data=['0xfe', '0x01', '0x01', '0x02']
13:35:56.916  DEBUG   [poll]    -> read  st2mot    
13:35:56.919  DEBUG   [poll]    <- read  st2mot     ret=0  data=['0x00', '0x00']
13:35:56.920  DEBUG   [poll]    -> read  st0cur    
13:35:56.924  DEBUG   [poll]    <- read  st0cur     ret=0  data=['0xfe', '0x01', '0x01', '0x02']
13:35:57.925  DEBUG   [poll]    -> read  st2mot    
13:35:57.929  DEBUG   [poll]    <- read  st2mot     ret=0  data=['0x00', '0x00']
13:35:57.929  DEBUG   [poll]    -> read  st0cur    
13:35:57.933  DEBUG   [poll]    <- read  st0cur     ret=0  data=['0xfe', '0x01', '0x01', '0x02']
13:35:58.935  DEBUG   [poll]    -> read  st2mot    
13:35:58.938  DEBUG   [poll]    <- read  st2mot     ret=0  data=['0x00', '0x00']
13:35:58.938  DEBUG   [poll]    -> read  st0cur    
13:35:58.943  DEBUG   [poll]    <- read  st0cur     ret=0  data=['0xfe', '0x01', '0x01', '0x02']
13:35:59.944  DEBUG   [poll]    -> read  st2mot    
13:35:59.947  DEBUG   [poll]    <- read  st2mot     ret=0  data=['0x00', '0x00']
13:35:59.948  DEBUG   [poll]    -> read  st0cur    
13:35:59.952  DEBUG   [poll]    <- read  st0cur     ret=0  data=['0xfe', '0x01', '0x01', '0x02']
13:36:00.953  DEBUG   [poll]    -> read  st2mot    
13:36:00.957  DEBUG   [poll]    <- read  st2mot     ret=0  data=['0x00', '0x00']
13:36:00.957  DEBUG   [poll]    -> read  st0cur    
13:36:00.962  DEBUG   [poll]    <- read  st0cur     ret=0  data=['0xfe', '0x01', '0x01', '0x02']
13:36:01.963  DEBUG   [poll]    -> read  st2mot    
13:36:01.967  DEBUG   [poll]    <- read  st2mot     ret=0  data=['0x00', '0x00']
13:36:01.967  DEBUG   [poll]    -> read  st0cur    
13:36:01.972  DEBUG   [poll]    <- read  st0cur     ret=0  data=['0xfe', '0x01', '0x01', '0x02']
13:36:02.973  DEBUG   [poll]    -> read  st2mot    
13:36:02.976  DEBUG   [poll]    <- read  st2mot     ret=0  data=['0x00', '0x00']
13:36:02.977  DEBUG   [poll]    -> read  st0cur    
13:36:02.981  DEBUG   [poll]    <- read  st0cur     ret=0  data=['0xfd', '0x01', '0x01', '0x02']
13:36:03.982  DEBUG   [poll]    -> read  st2mot    
13:36:03.986  DEBUG   [poll]    <- read  st2mot     ret=0  data=['0x00', '0x00']
13:36:03.986  DEBUG   [poll]    -> read  st0cur    
13:36:03.990  DEBUG   [poll]    <- read  st0cur     ret=0  data=['0xfe', '0x01', '0x01', '0x02']
13:36:04.992  DEBUG   [poll]    -> read  st2mot    
13:36:04.995  DEBUG   [poll]    <- read  st2mot     ret=0  data=['0x00', '0x00']
13:36:04.995  DEBUG   [poll]    -> read  st0cur    
13:36:05.000  DEBUG   [poll]    <- read  st0cur     ret=0  data=['0xfe', '0x01', '0x01', '0x02']
13:36:06.001  DEBUG   [poll]    -> read  st2mot    
13:36:06.005  DEBUG   [poll]    <- read  st2mot     ret=0  data=['0x00', '0x00']
13:36:06.005  DEBUG   [poll]    -> read  st0cur    
13:36:06.009  DEBUG   [poll]    <- read  st0cur     ret=0  data=['0xfd', '0x01', '0x01', '0x02']
13:36:07.011  DEBUG   [poll]    -> read  st2mot    
13:36:07.014  DEBUG   [poll]    <- read  st2mot     ret=0  data=['0x00', '0x00']
13:36:07.015  DEBUG   [poll]    -> read  st0cur    
13:36:07.019  DEBUG   [poll]    <- read  st0cur     ret=0  data=['0xfe', '0x01', '0x01', '0x02']
13:36:08.020  DEBUG   [poll]    -> read  st2mot    
13:36:08.024  DEBUG   [poll]    <- read  st2mot     ret=0  data=['0x00', '0x00']
13:36:08.024  DEBUG   [poll]    -> read  st0cur    
13:36:08.028  DEBUG   [poll]    <- read  st0cur     ret=0  data=['0xfe', '0x01', '0x01', '0x02']
13:36:09.030  DEBUG   [poll]    -> read  st2mot    
13:36:09.033  DEBUG   [poll]    <- read  st2mot     ret=0  data=['0x00', '0x00']
13:36:09.033  DEBUG   [poll]    -> read  st0cur    
13:36:09.038  DEBUG   [poll]    <- read  st0cur     ret=0  data=['0xfe', '0x01', '0x01', '0x02']
13:36:10.039  DEBUG   [poll]    -> read  st2mot    
13:36:10.042  DEBUG   [poll]    <- read  st2mot     ret=0  data=['0x00', '0x00']
13:36:10.043  DEBUG   [poll]    -> read  st0cur    
13:36:10.047  DEBUG   [poll]    <- read  st0cur     ret=0  data=['0xfe', '0x01', '0x01', '0x02']
13:36:11.048  DEBUG   [poll]    -> read  st2mot    
13:36:11.052  DEBUG   [poll]    <- read  st2mot     ret=0  data=['0x00', '0x00']
13:36:11.052  DEBUG   [poll]    -> read  st0cur    
13:36:11.057  DEBUG   [poll]    <- read  st0cur     ret=0  data=['0xfe', '0x01', '0x01', '0x02']
13:36:12.003  INFO    client connected
13:36:12.005  DEBUG   [client]  -> write cntl0mot   data=['0xf6', '0xfa']
13:36:12.008  DEBUG   [client]  -> write cntl3mot   data=['0x00', '0x00']
13:36:12.012  DEBUG   [client]  -> write cntl3mot   data=['0x03', '0xe8']
13:36:12.016  DEBUG   [client]  -> read  st2mot    
13:36:12.019  DEBUG   [client]  <- read  st2mot     ret=0  data=['0x00', '0x00']
13:36:12.019  DEBUG   [client]  -> read  st0cur    
13:36:12.023  DEBUG   [client]  <- read  st0cur     ret=0  data=['0xfe', '0x01', '0x01', '0x02']
13:36:12.058  DEBUG   [poll]    -> read  st2mot    
13:36:12.061  DEBUG   [poll]    <- read  st2mot     ret=0  data=['0x19', '0x00']
13:36:12.061  DEBUG   [poll]    -> read  st0cur    
13:36:12.065  DEBUG   [poll]    <- read  st0cur     ret=0  data=['0xfe', '0x01', '0x01', '0x02']
13:36:12.216  DEBUG   [client]  -> read  st2mot    
13:36:12.219  DEBUG   [client]  <- read  st2mot     ret=0  data=['0x00', '0x00']
13:36:12.416  DEBUG   [client]  -> read  st2mot    
13:36:12.419  DEBUG   [client]  <- read  st2mot     ret=0  data=['0x00', '0x00']
13:36:12.616  DEBUG   [client]  -> read  st2mot    
13:36:12.620  DEBUG   [client]  <- read  st2mot     ret=0  data=['0xc8', '0x00']
13:36:12.817  DEBUG   [client]  -> read  st2mot    
13:36:12.820  DEBUG   [client]  <- read  st2mot     ret=0  data=['0x7e', '0x04']
13:36:13.017  DEBUG   [client]  -> read  st2mot    
13:36:13.020  DEBUG   [client]  <- read  st2mot     ret=0  data=['0x2d', '0x05']
13:36:13.022  DEBUG   [client]  -> read  st0cur    
13:36:13.026  DEBUG   [client]  <- read  st0cur     ret=0  data=['0xf8', '0x01', '0xfc', '0x01']
13:36:13.067  DEBUG   [poll]    -> read  st2mot    
13:36:13.070  DEBUG   [poll]    <- read  st2mot     ret=0  data=['0xfb', '0x04']
13:36:13.070  DEBUG   [poll]    -> read  st0cur    
13:36:13.074  DEBUG   [poll]    <- read  st0cur     ret=0  data=['0xf8', '0x01', '0xfc', '0x01']
13:36:13.216  DEBUG   [client]  -> read  st2mot    
13:36:13.220  DEBUG   [client]  <- read  st2mot     ret=0  data=['0x97', '0x04']
13:36:13.417  DEBUG   [client]  -> read  st2mot    
13:36:13.420  DEBUG   [client]  <- read  st2mot     ret=0  data=['0x33', '0x04']
13:36:13.617  DEBUG   [client]  -> read  st2mot    
13:36:13.620  DEBUG   [client]  <- read  st2mot     ret=0  data=['0x01', '0x04']
13:36:13.817  DEBUG   [client]  -> read  st2mot    
13:36:13.820  DEBUG   [client]  <- read  st2mot     ret=0  data=['0xcf', '0x03']
13:36:14.017  DEBUG   [client]  -> read  st2mot    
13:36:14.020  DEBUG   [client]  <- read  st2mot     ret=0  data=['0xcf', '0x03']
13:36:14.022  DEBUG   [client]  -> read  st0cur    
13:36:14.026  DEBUG   [client]  <- read  st0cur     ret=0  data=['0xf4', '0x01', '0xf3', '0x01']
13:36:14.076  DEBUG   [poll]    -> read  st2mot    
13:36:14.079  DEBUG   [poll]    <- read  st2mot     ret=0  data=['0xcf', '0x03']
13:36:14.080  DEBUG   [poll]    -> read  st0cur    
13:36:14.084  DEBUG   [poll]    <- read  st0cur     ret=0  data=['0xf4', '0x01', '0xf3', '0x01']
13:36:14.216  DEBUG   [client]  -> read  st2mot    
13:36:14.220  DEBUG   [client]  <- read  st2mot     ret=0  data=['0xe8', '0x03']
13:36:14.417  DEBUG   [client]  -> read  st2mot    
13:36:14.420  DEBUG   [client]  <- read  st2mot     ret=0  data=['0xe8', '0x03']
13:36:14.617  DEBUG   [client]  -> read  st2mot    
13:36:14.620  DEBUG   [client]  <- read  st2mot     ret=0  data=['0xe8', '0x03']
13:36:14.817  DEBUG   [client]  -> read  st2mot    
13:36:14.820  DEBUG   [client]  <- read  st2mot     ret=0  data=['0xe8', '0x03']
13:36:15.017  DEBUG   [client]  -> read  st2mot    
13:36:15.020  DEBUG   [client]  <- read  st2mot     ret=0  data=['0xe8', '0x03']
13:36:15.022  DEBUG   [client]  -> read  st0cur    
13:36:15.026  DEBUG   [client]  <- read  st0cur     ret=0  data=['0xf5', '0x01', '0xf6', '0x01']
13:36:15.085  DEBUG   [poll]    -> read  st2mot    
13:36:15.089  DEBUG   [poll]    <- read  st2mot     ret=0  data=['0xe8', '0x03']
13:36:15.089  DEBUG   [poll]    -> read  st0cur    
13:36:15.093  DEBUG   [poll]    <- read  st0cur     ret=0  data=['0xf5', '0x01', '0xf6', '0x01']
13:36:15.217  DEBUG   [client]  -> read  st2mot    
13:36:15.220  DEBUG   [client]  <- read  st2mot     ret=0  data=['0xe8', '0x03']
13:36:15.417  DEBUG   [client]  -> read  st2mot    
13:36:15.420  DEBUG   [client]  <- read  st2mot     ret=0  data=['0xe8', '0x03']
13:36:15.617  DEBUG   [client]  -> read  st2mot    
13:36:15.620  DEBUG   [client]  <- read  st2mot     ret=0  data=['0x01', '0x04']
13:36:15.817  DEBUG   [client]  -> read  st2mot    
13:36:15.820  DEBUG   [client]  <- read  st2mot     ret=0  data=['0xcf', '0x03']
13:36:16.017  DEBUG   [client]  -> read  st2mot    
13:36:16.020  DEBUG   [client]  <- read  st2mot     ret=0  data=['0xe8', '0x03']
13:36:16.022  DEBUG   [client]  -> read  st0cur    
13:36:16.026  DEBUG   [client]  <- read  st0cur     ret=0  data=['0xf7', '0x01', '0xf7', '0x01']
13:36:16.095  DEBUG   [poll]    -> read  st2mot    
13:36:16.098  DEBUG   [poll]    <- read  st2mot     ret=0  data=['0x01', '0x04']
13:36:16.100  DEBUG   [poll]    -> read  st0cur    
13:36:16.104  DEBUG   [poll]    <- read  st0cur     ret=0  data=['0xf7', '0x01', '0xf7', '0x01']
13:36:16.217  DEBUG   [client]  -> read  st2mot    
13:36:16.220  DEBUG   [client]  <- read  st2mot     ret=0  data=['0xe8', '0x03']
13:36:16.417  DEBUG   [client]  -> read  st2mot    
13:36:16.420  DEBUG   [client]  <- read  st2mot     ret=0  data=['0xe8', '0x03']
13:36:16.617  DEBUG   [client]  -> read  st2mot    
13:36:16.620  DEBUG   [client]  <- read  st2mot     ret=0  data=['0x01', '0x04']
13:36:16.817  DEBUG   [client]  -> read  st2mot    
13:36:16.820  DEBUG   [client]  <- read  st2mot     ret=0  data=['0xe8', '0x03']
13:36:17.016  DEBUG   [client]  -> read  st2mot    
13:36:17.020  DEBUG   [client]  <- read  st2mot     ret=0  data=['0xe8', '0x03']
13:36:17.021  DEBUG   [client]  -> read  st0cur    
13:36:17.026  DEBUG   [client]  <- read  st0cur     ret=0  data=['0xf5', '0x01', '0xf6', '0x01']
13:36:17.106  DEBUG   [poll]    -> read  st2mot    
13:36:17.109  DEBUG   [poll]    <- read  st2mot     ret=0  data=['0xcf', '0x03']
13:36:17.110  DEBUG   [poll]    -> read  st0cur    
13:36:17.114  DEBUG   [poll]    <- read  st0cur     ret=0  data=['0xf5', '0x01', '0xf6', '0x01']
13:36:17.216  DEBUG   [client]  -> read  st2mot    
13:36:17.220  DEBUG   [client]  <- read  st2mot     ret=0  data=['0x01', '0x04']
13:36:17.417  DEBUG   [client]  -> read  st2mot    
13:36:17.420  DEBUG   [client]  <- read  st2mot     ret=0  data=['0xe8', '0x03']
13:36:17.617  DEBUG   [client]  -> read  st2mot    
13:36:17.620  DEBUG   [client]  <- read  st2mot     ret=0  data=['0xe8', '0x03']
13:36:17.817  DEBUG   [client]  -> read  st2mot    
13:36:17.820  DEBUG   [client]  <- read  st2mot     ret=0  data=['0xe8', '0x03']
13:36:18.017  DEBUG   [client]  -> read  st2mot    
13:36:18.020  DEBUG   [client]  <- read  st2mot     ret=0  data=['0xcf', '0x03']
13:36:18.022  DEBUG   [client]  -> read  st0cur    
13:36:18.026  DEBUG   [client]  <- read  st0cur     ret=0  data=['0xf5', '0x01', '0xf6', '0x01']
13:36:18.115  DEBUG   [poll]    -> read  st2mot    
13:36:18.119  DEBUG   [poll]    <- read  st2mot     ret=0  data=['0x01', '0x04']
13:36:18.119  DEBUG   [poll]    -> read  st0cur    
13:36:18.123  DEBUG   [poll]    <- read  st0cur     ret=0  data=['0xf5', '0x01', '0xf6', '0x01']
13:36:18.217  DEBUG   [client]  -> read  st2mot    
13:36:18.220  DEBUG   [client]  <- read  st2mot     ret=0  data=['0xe8', '0x03']
13:36:18.417  DEBUG   [client]  -> read  st2mot    
13:36:18.420  DEBUG   [client]  <- read  st2mot     ret=0  data=['0xe8', '0x03']
13:36:18.617  DEBUG   [client]  -> read  st2mot    
13:36:18.620  DEBUG   [client]  <- read  st2mot     ret=0  data=['0x01', '0x04']
13:36:18.817  DEBUG   [client]  -> read  st2mot    
13:36:18.820  DEBUG   [client]  <- read  st2mot     ret=0  data=['0xe8', '0x03']
13:36:18.822  DEBUG   [client]  -> write cntl3mot   data=['0x03', '0x20']
13:36:19.077  DEBUG   [client]  -> write cntl3mot   data=['0x02', '0x58']
13:36:19.124  DEBUG   [poll]    -> read  st2mot    
13:36:19.128  DEBUG   [poll]    <- read  st2mot     ret=0  data=['0x6b', '0x03']
13:36:19.128  DEBUG   [poll]    -> read  st0cur    
13:36:19.132  DEBUG   [poll]    <- read  st0cur     ret=0  data=['0xf4', '0x01', '0xf8', '0x01']
13:36:19.333  DEBUG   [client]  -> write cntl3mot   data=['0x01', '0x90']
13:36:19.589  DEBUG   [client]  -> write cntl3mot   data=['0x00', '0xc8']
13:36:19.844  DEBUG   [client]  -> write cntl3mot   data=['0x00', '0x00']
13:36:19.849  WARNING client disconnected — stopping motor
13:36:19.850  DEBUG   [client]  -> write cntl3mot   data=['0x00', '0x00']
13:36:19.854  INFO    client disconnected
13:36:20.134  DEBUG   [poll]    -> read  st2mot    
13:36:20.137  DEBUG   [poll]    <- read  st2mot     ret=0  data=['0x00', '0x00']
13:36:20.138  DEBUG   [poll]    -> read  st0cur    
13:36:20.142  DEBUG   [poll]    <- read  st0cur     ret=0  data=['0xf8', '0x01', '0xf9', '0x01']
13:36:20.142  WARNING *** OBSERVED STALL SIGNATURE (not acted on yet) — current=-0.39A while rpm=0 ***
13:36:21.144  DEBUG   [poll]    -> read  st2mot    
13:36:21.148  DEBUG   [poll]    <- read  st2mot     ret=0  data=['0x00', '0x00']
13:36:21.149  DEBUG   [poll]    -> read  st0cur    
13:36:21.153  DEBUG   [poll]    <- read  st0cur     ret=0  data=['0xfd', '0x01', '0x01', '0x02']
13:36:22.154  DEBUG   [poll]    -> read  st2mot    
13:36:22.158  DEBUG   [poll]    <- read  st2mot     ret=0  data=['0x00', '0x00']
13:36:22.158  DEBUG   [poll]    -> read  st0cur    
13:36:22.162  DEBUG   [poll]    <- read  st0cur     ret=0  data=['0xfe', '0x01', '0x01', '0x02']
13:36:23.164  DEBUG   [poll]    -> read  st2mot    
13:36:23.167  DEBUG   [poll]    <- read  st2mot     ret=0  data=['0x00', '0x00']
13:36:23.167  DEBUG   [poll]    -> read  st0cur    
13:36:23.171  DEBUG   [poll]    <- read  st0cur     ret=0  data=['0xfd', '0x01', '0x01', '0x02']
