16:18:57.324  INFO    -> pi -0.1 -0.08
16:18:57.328  INFO    <- OK
16:18:57.328  INFO    -> speed 0
16:18:57.332  INFO    <- OK
16:18:57.332  INFO    -> speed 1000
16:18:57.335  INFO    <- OK
16:18:57.335  INFO    -> rpm
16:18:57.340  INFO    <- OK ret=0 rpm=0 (hex=0x0000)
16:18:57.341  INFO    -> current
16:18:57.347  INFO    <- OK ret=0 val1=-0.15 val2=0.00
16:18:57.536  INFO    -> rpm
16:18:57.539  INFO    <- OK ret=0 rpm=0 (hex=0x0000)
16:18:57.736  INFO    -> rpm
16:18:57.739  INFO    <- OK ret=0 rpm=0 (hex=0x0000)
16:18:57.936  INFO    -> rpm
16:18:57.940  INFO    <- OK ret=0 rpm=25 (hex=0x0019)
16:18:58.136  INFO    -> rpm
16:18:58.141  INFO    <- OK ret=0 rpm=900 (hex=0x0384)
16:18:58.336  INFO    -> rpm
16:18:58.341  INFO    <- OK ret=0 rpm=1250 (hex=0x04e2)
16:18:58.341  INFO    -> current
16:18:58.347  INFO    <- OK ret=0 val1=-0.29 val2=-0.15
16:18:58.536  INFO    -> rpm
16:18:58.540  INFO    <- OK ret=0 rpm=1200 (hex=0x04b0)
16:18:58.736  INFO    -> rpm
16:18:58.741  INFO    <- OK ret=0 rpm=1125 (hex=0x0465)
16:18:58.936  INFO    -> rpm
16:18:58.941  INFO    <- OK ret=0 rpm=1050 (hex=0x041a)
16:18:59.136  INFO    -> rpm
16:18:59.141  INFO    <- OK ret=0 rpm=975 (hex=0x03cf)
16:18:59.336  INFO    -> rpm
16:18:59.341  INFO    <- OK ret=0 rpm=1000 (hex=0x03e8)
16:18:59.341  INFO    -> current
16:18:59.347  INFO    <- OK ret=0 val1=-0.54 val2=-0.63
16:18:59.536  INFO    -> rpm
16:18:59.541  INFO    <- OK ret=0 rpm=1000 (hex=0x03e8)
16:18:59.736  INFO    -> rpm
16:18:59.740  INFO    <- OK ret=0 rpm=1000 (hex=0x03e8)
16:18:59.936  INFO    -> rpm
16:18:59.941  INFO    <- OK ret=0 rpm=1025 (hex=0x0401)
16:19:00.136  INFO    -> rpm
16:19:00.141  INFO    <- OK ret=0 rpm=1000 (hex=0x03e8)
16:19:00.336  INFO    -> rpm
16:19:00.340  INFO    <- OK ret=0 rpm=1000 (hex=0x03e8)
16:19:00.341  INFO    -> current
16:19:00.346  INFO    <- OK ret=0 val1=-0.44 val2=-0.39
16:19:00.536  INFO    -> rpm
16:19:00.540  INFO    <- OK ret=0 rpm=1025 (hex=0x0401)
16:19:00.736  INFO    -> rpm
16:19:00.740  INFO    <- OK ret=0 rpm=1000 (hex=0x03e8)
16:19:00.936  INFO    -> rpm
16:19:00.941  INFO    <- OK ret=0 rpm=1000 (hex=0x03e8)
16:19:01.136  INFO    -> rpm
16:19:01.141  INFO    <- OK ret=0 rpm=1000 (hex=0x03e8)
16:19:01.336  INFO    -> rpm
16:19:01.340  INFO    <- OK ret=0 rpm=1000 (hex=0x03e8)
16:19:01.341  INFO    -> current
16:19:01.346  INFO    <- OK ret=0 val1=-0.44 val2=-0.34
16:19:01.536  INFO    -> rpm
16:19:01.541  INFO    <- OK ret=0 rpm=975 (hex=0x03cf)
16:19:01.736  INFO    -> rpm
16:19:01.740  INFO    <- OK ret=0 rpm=1000 (hex=0x03e8)
16:19:01.936  INFO    -> rpm
16:19:01.940  INFO    <- OK ret=0 rpm=1000 (hex=0x03e8)
16:19:02.136  INFO    -> rpm
16:19:02.140  INFO    <- OK ret=0 rpm=1025 (hex=0x0401)
16:19:02.336  INFO    -> rpm
16:19:02.341  INFO    <- OK ret=0 rpm=1000 (hex=0x03e8)
16:19:02.341  INFO    -> current
16:19:02.346  INFO    <- OK ret=0 val1=-0.54 val2=-0.54
16:19:02.536  INFO    -> rpm
16:19:02.541  INFO    <- OK ret=0 rpm=1000 (hex=0x03e8)
16:19:02.736  INFO    -> rpm
16:19:02.741  INFO    <- OK ret=0 rpm=1000 (hex=0x03e8)
16:19:02.936  INFO    -> rpm
16:19:02.941  INFO    <- OK ret=0 rpm=1000 (hex=0x03e8)
16:19:03.136  INFO    -> rpm
16:19:03.141  INFO    <- OK ret=0 rpm=1025 (hex=0x0401)
16:19:03.336  INFO    -> rpm
16:19:03.341  INFO    <- OK ret=0 rpm=1000 (hex=0x03e8)
16:19:03.341  INFO    -> current
16:19:03.347  INFO    <- OK ret=0 val1=-0.49 val2=-0.49
16:19:03.536  INFO    -> rpm
16:19:03.541  INFO    <- OK ret=0 rpm=1000 (hex=0x03e8)
16:19:03.736  INFO    -> rpm
16:19:03.740  INFO    <- OK ret=0 rpm=1000 (hex=0x03e8)
16:19:03.936  INFO    -> rpm
16:19:03.941  INFO    <- OK ret=0 rpm=1000 (hex=0x03e8)
16:19:04.136  INFO    -> rpm
16:19:04.141  INFO    <- OK ret=0 rpm=1000 (hex=0x03e8)
16:19:04.141  INFO    -> speed 800
16:19:04.146  INFO    <- OK
16:19:04.397  INFO    -> speed 600
16:19:04.401  INFO    <- OK
16:19:04.652  INFO    -> speed 400
16:19:04.657  INFO    <- OK
16:19:04.908  INFO    -> speed 200
16:19:04.913  INFO    <- OK
16:19:05.163  INFO    -> speed 0
16:19:05.168  INFO    <- OK
