16:19:49.496  INFO    -> pi -0.1 0.0
16:19:49.500  INFO    <- OK
16:19:49.500  INFO    -> speed 0
16:19:49.503  INFO    <- OK
16:19:49.504  INFO    -> speed 1000
16:19:49.507  INFO    <- OK
16:19:49.507  INFO    -> rpm
16:19:49.512  INFO    <- OK ret=0 rpm=0 (hex=0x0000)
16:19:49.512  INFO    -> current
16:19:49.517  INFO    <- OK ret=0 val1=-0.10 val2=0.05
16:19:49.708  INFO    -> rpm
16:19:49.711  INFO    <- OK ret=0 rpm=0 (hex=0x0000)
16:19:49.908  INFO    -> rpm
16:19:49.911  INFO    <- OK ret=0 rpm=0 (hex=0x0000)
16:19:50.108  INFO    -> rpm
16:19:50.111  INFO    <- OK ret=0 rpm=525 (hex=0x020d)
16:19:50.308  INFO    -> rpm
16:19:50.312  INFO    <- OK ret=0 rpm=1325 (hex=0x052d)
16:19:50.508  INFO    -> rpm
16:19:50.513  INFO    <- OK ret=0 rpm=1350 (hex=0x0546)
16:19:50.513  INFO    -> current
16:19:50.519  INFO    <- OK ret=0 val1=-0.29 val2=-0.20
16:19:50.708  INFO    -> rpm
16:19:50.713  INFO    <- OK ret=0 rpm=1125 (hex=0x0465)
16:19:50.908  INFO    -> rpm
16:19:50.913  INFO    <- OK ret=0 rpm=1000 (hex=0x03e8)
16:19:51.108  INFO    -> rpm
16:19:51.113  INFO    <- OK ret=0 rpm=950 (hex=0x03b6)
16:19:51.308  INFO    -> rpm
16:19:51.312  INFO    <- OK ret=0 rpm=950 (hex=0x03b6)
16:19:51.508  INFO    -> rpm
16:19:51.513  INFO    <- OK ret=0 rpm=975 (hex=0x03cf)
16:19:51.513  INFO    -> current
16:19:51.519  INFO    <- OK ret=0 val1=-0.59 val2=-0.54
16:19:51.708  INFO    -> rpm
16:19:51.713  INFO    <- OK ret=0 rpm=1025 (hex=0x0401)
16:19:51.908  INFO    -> rpm
16:19:51.913  INFO    <- OK ret=0 rpm=1000 (hex=0x03e8)
16:19:52.108  INFO    -> rpm
16:19:52.117  INFO    <- OK ret=0 rpm=1000 (hex=0x03e8)
16:19:52.308  INFO    -> rpm
16:19:52.312  INFO    <- OK ret=0 rpm=1000 (hex=0x03e8)
16:19:52.508  INFO    -> rpm
16:19:52.512  INFO    <- OK ret=0 rpm=1025 (hex=0x0401)
16:19:52.513  INFO    -> current
16:19:52.518  INFO    <- OK ret=0 val1=-0.49 val2=-0.49
16:19:52.708  INFO    -> rpm
16:19:52.713  INFO    <- OK ret=0 rpm=975 (hex=0x03cf)
16:19:52.908  INFO    -> rpm
16:19:52.912  INFO    <- OK ret=0 rpm=1000 (hex=0x03e8)
16:19:53.108  INFO    -> rpm
16:19:53.113  INFO    <- OK ret=0 rpm=1000 (hex=0x03e8)
16:19:53.308  INFO    -> rpm
16:19:53.312  INFO    <- OK ret=0 rpm=1025 (hex=0x0401)
16:19:53.508  INFO    -> rpm
16:19:53.513  INFO    <- OK ret=0 rpm=1000 (hex=0x03e8)
16:19:53.513  INFO    -> current
16:19:53.519  INFO    <- OK ret=0 val1=-0.54 val2=-0.59
16:19:53.708  INFO    -> rpm
16:19:53.713  INFO    <- OK ret=0 rpm=1000 (hex=0x03e8)
16:19:53.908  INFO    -> rpm
16:19:53.913  INFO    <- OK ret=0 rpm=1000 (hex=0x03e8)
16:19:54.108  INFO    -> rpm
16:19:54.113  INFO    <- OK ret=0 rpm=1000 (hex=0x03e8)
16:19:54.308  INFO    -> rpm
16:19:54.312  INFO    <- OK ret=0 rpm=1025 (hex=0x0401)
16:19:54.508  INFO    -> rpm
16:19:54.513  INFO    <- OK ret=0 rpm=1000 (hex=0x03e8)
16:19:54.513  INFO    -> current
16:19:54.519  INFO    <- OK ret=0 val1=-0.54 val2=-0.49
16:19:54.708  INFO    -> rpm
16:19:54.713  INFO    <- OK ret=0 rpm=1000 (hex=0x03e8)
16:19:54.908  INFO    -> rpm
16:19:54.913  INFO    <- OK ret=0 rpm=1000 (hex=0x03e8)
16:19:55.108  INFO    -> rpm
16:19:55.113  INFO    <- OK ret=0 rpm=1000 (hex=0x03e8)
16:19:55.308  INFO    -> rpm
16:19:55.312  INFO    <- OK ret=0 rpm=1000 (hex=0x03e8)
16:19:55.508  INFO    -> rpm
16:19:55.513  INFO    <- OK ret=0 rpm=1000 (hex=0x03e8)
16:19:55.513  INFO    -> current
16:19:55.519  INFO    <- OK ret=0 val1=-0.44 val2=-0.49
16:19:55.708  INFO    -> rpm
16:19:55.713  INFO    <- OK ret=0 rpm=1000 (hex=0x03e8)
16:19:55.908  INFO    -> rpm
16:19:55.913  INFO    <- OK ret=0 rpm=1000 (hex=0x03e8)
16:19:56.108  INFO    -> rpm
16:19:56.113  INFO    <- OK ret=0 rpm=1000 (hex=0x03e8)
16:19:56.308  INFO    -> rpm
16:19:56.312  INFO    <- OK ret=0 rpm=975 (hex=0x03cf)
16:19:56.313  INFO    -> speed 800
16:19:56.317  INFO    <- OK
16:19:56.568  INFO    -> speed 600
16:19:56.573  INFO    <- OK
16:19:56.823  INFO    -> speed 400
16:19:56.828  INFO    <- OK
16:19:57.079  INFO    -> speed 200
16:19:57.084  INFO    <- OK
16:19:57.335  INFO    -> speed 0
16:19:57.340  INFO    <- OK
