16:20:17.180  INFO    -> pi -0.1 0.04
16:20:17.184  INFO    <- OK
16:20:17.184  INFO    -> speed 0
16:20:17.188  INFO    <- OK
16:20:17.188  INFO    -> speed 1000
16:20:17.191  INFO    <- OK
16:20:17.192  INFO    -> rpm
16:20:17.196  INFO    <- OK ret=0 rpm=0 (hex=0x0000)
16:20:17.196  INFO    -> current
16:20:17.201  INFO    <- OK ret=0 val1=-0.10 val2=0.05
16:20:17.392  INFO    -> rpm
16:20:17.400  INFO    <- OK ret=0 rpm=0 (hex=0x0000)
16:20:17.592  INFO    -> rpm
16:20:17.596  INFO    <- OK ret=0 rpm=0 (hex=0x0000)
16:20:17.792  INFO    -> rpm
16:20:17.796  INFO    <- OK ret=0 rpm=950 (hex=0x03b6)
16:20:17.992  INFO    -> rpm
16:20:17.997  INFO    <- OK ret=0 rpm=1425 (hex=0x0591)
16:20:18.192  INFO    -> rpm
16:20:18.197  INFO    <- OK ret=0 rpm=1300 (hex=0x0514)
16:20:18.197  INFO    -> current
16:20:18.203  INFO    <- OK ret=0 val1=-0.10 val2=0.05
16:20:18.392  INFO    -> rpm
16:20:18.397  INFO    <- OK ret=0 rpm=1050 (hex=0x041a)
16:20:18.592  INFO    -> rpm
16:20:18.597  INFO    <- OK ret=0 rpm=925 (hex=0x039d)
16:20:18.792  INFO    -> rpm
16:20:18.797  INFO    <- OK ret=0 rpm=925 (hex=0x039d)
16:20:18.992  INFO    -> rpm
16:20:18.997  INFO    <- OK ret=0 rpm=950 (hex=0x03b6)
16:20:19.192  INFO    -> rpm
16:20:19.197  INFO    <- OK ret=0 rpm=1025 (hex=0x0401)
16:20:19.197  INFO    -> current
16:20:19.203  INFO    <- OK ret=0 val1=-0.59 val2=-0.49
16:20:19.392  INFO    -> rpm
16:20:19.397  INFO    <- OK ret=0 rpm=1025 (hex=0x0401)
16:20:19.592  INFO    -> rpm
16:20:19.597  INFO    <- OK ret=0 rpm=1025 (hex=0x0401)
16:20:19.792  INFO    -> rpm
16:20:19.797  INFO    <- OK ret=0 rpm=975 (hex=0x03cf)
16:20:19.992  INFO    -> rpm
16:20:19.997  INFO    <- OK ret=0 rpm=1025 (hex=0x0401)
16:20:20.192  INFO    -> rpm
16:20:20.197  INFO    <- OK ret=0 rpm=975 (hex=0x03cf)
16:20:20.197  INFO    -> current
16:20:20.203  INFO    <- OK ret=0 val1=-0.54 val2=-0.44
16:20:20.392  INFO    -> rpm
16:20:20.397  INFO    <- OK ret=0 rpm=1000 (hex=0x03e8)
16:20:20.592  INFO    -> rpm
16:20:20.597  INFO    <- OK ret=0 rpm=975 (hex=0x03cf)
16:20:20.792  INFO    -> rpm
16:20:20.797  INFO    <- OK ret=0 rpm=1025 (hex=0x0401)
16:20:20.992  INFO    -> rpm
16:20:20.997  INFO    <- OK ret=0 rpm=1000 (hex=0x03e8)
16:20:21.192  INFO    -> rpm
16:20:21.197  INFO    <- OK ret=0 rpm=1000 (hex=0x03e8)
16:20:21.197  INFO    -> current
16:20:21.203  INFO    <- OK ret=0 val1=-0.49 val2=-0.49
16:20:21.392  INFO    -> rpm
16:20:21.397  INFO    <- OK ret=0 rpm=1025 (hex=0x0401)
16:20:21.592  INFO    -> rpm
16:20:21.597  INFO    <- OK ret=0 rpm=1000 (hex=0x03e8)
16:20:21.792  INFO    -> rpm
16:20:21.797  INFO    <- OK ret=0 rpm=1000 (hex=0x03e8)
16:20:21.992  INFO    -> rpm
16:20:21.997  INFO    <- OK ret=0 rpm=1025 (hex=0x0401)
16:20:22.192  INFO    -> rpm
16:20:22.197  INFO    <- OK ret=0 rpm=1000 (hex=0x03e8)
16:20:22.197  INFO    -> current
16:20:22.203  INFO    <- OK ret=0 val1=-0.49 val2=-0.44
16:20:22.392  INFO    -> rpm
16:20:22.400  INFO    <- OK ret=0 rpm=1000 (hex=0x03e8)
16:20:22.592  INFO    -> rpm
16:20:22.597  INFO    <- OK ret=0 rpm=1000 (hex=0x03e8)
16:20:22.792  INFO    -> rpm
16:20:22.797  INFO    <- OK ret=0 rpm=1000 (hex=0x03e8)
16:20:22.992  INFO    -> rpm
16:20:22.997  INFO    <- OK ret=0 rpm=975 (hex=0x03cf)
16:20:23.192  INFO    -> rpm
16:20:23.197  INFO    <- OK ret=0 rpm=1000 (hex=0x03e8)
16:20:23.197  INFO    -> current
16:20:23.203  INFO    <- OK ret=0 val1=-0.59 val2=-0.44
16:20:23.392  INFO    -> rpm
16:20:23.397  INFO    <- OK ret=0 rpm=1025 (hex=0x0401)
16:20:23.592  INFO    -> rpm
16:20:23.597  INFO    <- OK ret=0 rpm=1000 (hex=0x03e8)
16:20:23.792  INFO    -> rpm
16:20:23.797  INFO    <- OK ret=0 rpm=1000 (hex=0x03e8)
16:20:23.992  INFO    -> rpm
16:20:23.997  INFO    <- OK ret=0 rpm=1000 (hex=0x03e8)
16:20:23.997  INFO    -> speed 800
16:20:24.002  INFO    <- OK
16:20:24.253  INFO    -> speed 600
16:20:24.258  INFO    <- OK
16:20:24.509  INFO    -> speed 400
16:20:24.514  INFO    <- OK
16:20:24.764  INFO    -> speed 200
16:20:24.769  INFO    <- OK
16:20:25.020  INFO    -> speed 0
16:20:25.025  INFO    <- OK
