16:20:04.398  INFO    -> pi -0.1 0.02
16:20:04.402  INFO    <- OK
16:20:04.402  INFO    -> speed 0
16:20:04.405  INFO    <- OK
16:20:04.405  INFO    -> speed 1000
16:20:04.409  INFO    <- OK
16:20:04.409  INFO    -> rpm
16:20:04.413  INFO    <- OK ret=0 rpm=0 (hex=0x0000)
16:20:04.413  INFO    -> current
16:20:04.418  INFO    <- OK ret=0 val1=-0.10 val2=0.05
16:20:04.609  INFO    -> rpm
16:20:04.613  INFO    <- OK ret=0 rpm=0 (hex=0x0000)
16:20:04.809  INFO    -> rpm
16:20:04.813  INFO    <- OK ret=0 rpm=0 (hex=0x0000)
16:20:05.009  INFO    -> rpm
16:20:05.014  INFO    <- OK ret=0 rpm=725 (hex=0x02d5)
16:20:05.209  INFO    -> rpm
16:20:05.214  INFO    <- OK ret=0 rpm=1400 (hex=0x0578)
16:20:05.409  INFO    -> rpm
16:20:05.414  INFO    <- OK ret=0 rpm=1325 (hex=0x052d)
16:20:05.414  INFO    -> current
16:20:05.420  INFO    <- OK ret=0 val1=-0.39 val2=-0.34
16:20:05.609  INFO    -> rpm
16:20:05.614  INFO    <- OK ret=0 rpm=1125 (hex=0x0465)
16:20:05.809  INFO    -> rpm
16:20:05.814  INFO    <- OK ret=0 rpm=975 (hex=0x03cf)
16:20:06.009  INFO    -> rpm
16:20:06.014  INFO    <- OK ret=0 rpm=925 (hex=0x039d)
16:20:06.209  INFO    -> rpm
16:20:06.214  INFO    <- OK ret=0 rpm=950 (hex=0x03b6)
16:20:06.409  INFO    -> rpm
16:20:06.414  INFO    <- OK ret=0 rpm=1025 (hex=0x0401)
16:20:06.414  INFO    -> current
16:20:06.420  INFO    <- OK ret=0 val1=-0.49 val2=-0.44
16:20:06.609  INFO    -> rpm
16:20:06.614  INFO    <- OK ret=0 rpm=1000 (hex=0x03e8)
16:20:06.809  INFO    -> rpm
16:20:06.814  INFO    <- OK ret=0 rpm=1025 (hex=0x0401)
16:20:07.009  INFO    -> rpm
16:20:07.014  INFO    <- OK ret=0 rpm=1000 (hex=0x03e8)
16:20:07.209  INFO    -> rpm
16:20:07.214  INFO    <- OK ret=0 rpm=1025 (hex=0x0401)
16:20:07.409  INFO    -> rpm
16:20:07.414  INFO    <- OK ret=0 rpm=1000 (hex=0x03e8)
16:20:07.414  INFO    -> current
16:20:07.419  INFO    <- OK ret=0 val1=-0.54 val2=-0.44
16:20:07.609  INFO    -> rpm
16:20:07.614  INFO    <- OK ret=0 rpm=1000 (hex=0x03e8)
16:20:07.809  INFO    -> rpm
16:20:07.814  INFO    <- OK ret=0 rpm=975 (hex=0x03cf)
16:20:08.009  INFO    -> rpm
16:20:08.014  INFO    <- OK ret=0 rpm=1000 (hex=0x03e8)
16:20:08.209  INFO    -> rpm
16:20:08.214  INFO    <- OK ret=0 rpm=1000 (hex=0x03e8)
16:20:08.409  INFO    -> rpm
16:20:08.414  INFO    <- OK ret=0 rpm=1000 (hex=0x03e8)
16:20:08.415  INFO    -> current
16:20:08.420  INFO    <- OK ret=0 val1=-0.59 val2=-0.59
16:20:08.609  INFO    -> rpm
16:20:08.614  INFO    <- OK ret=0 rpm=1000 (hex=0x03e8)
16:20:08.809  INFO    -> rpm
16:20:08.814  INFO    <- OK ret=0 rpm=975 (hex=0x03cf)
16:20:09.009  INFO    -> rpm
16:20:09.014  INFO    <- OK ret=0 rpm=1000 (hex=0x03e8)
16:20:09.209  INFO    -> rpm
16:20:09.214  INFO    <- OK ret=0 rpm=1000 (hex=0x03e8)
16:20:09.409  INFO    -> rpm
16:20:09.414  INFO    <- OK ret=0 rpm=1000 (hex=0x03e8)
16:20:09.415  INFO    -> current
16:20:09.420  INFO    <- OK ret=0 val1=-0.54 val2=-0.49
16:20:09.609  INFO    -> rpm
16:20:09.614  INFO    <- OK ret=0 rpm=1000 (hex=0x03e8)
16:20:09.809  INFO    -> rpm
16:20:09.814  INFO    <- OK ret=0 rpm=1025 (hex=0x0401)
16:20:10.009  INFO    -> rpm
16:20:10.014  INFO    <- OK ret=0 rpm=1000 (hex=0x03e8)
16:20:10.209  INFO    -> rpm
16:20:10.214  INFO    <- OK ret=0 rpm=1000 (hex=0x03e8)
16:20:10.409  INFO    -> rpm
16:20:10.414  INFO    <- OK ret=0 rpm=1000 (hex=0x03e8)
16:20:10.415  INFO    -> current
16:20:10.420  INFO    <- OK ret=0 val1=-0.49 val2=-0.54
16:20:10.609  INFO    -> rpm
16:20:10.614  INFO    <- OK ret=0 rpm=1000 (hex=0x03e8)
16:20:10.809  INFO    -> rpm
16:20:10.814  INFO    <- OK ret=0 rpm=1000 (hex=0x03e8)
16:20:11.009  INFO    -> rpm
16:20:11.014  INFO    <- OK ret=0 rpm=1000 (hex=0x03e8)
16:20:11.209  INFO    -> rpm
16:20:11.214  INFO    <- OK ret=0 rpm=1000 (hex=0x03e8)
16:20:11.215  INFO    -> speed 800
16:20:11.219  INFO    <- OK
16:20:11.470  INFO    -> speed 600
16:20:11.475  INFO    <- OK
16:20:11.726  INFO    -> speed 400
16:20:11.731  INFO    <- OK
16:20:11.981  INFO    -> speed 200
16:20:11.986  INFO    <- OK
16:20:12.237  INFO    -> speed 0
16:20:12.242  INFO    <- OK
