12:13:46.625  INFO    -> pi 0.0 0.03
12:13:46.629  INFO    <- OK
12:13:46.630  INFO    -> speed 0
12:13:46.633  INFO    <- OK
12:13:46.633  INFO    -> speed 1000
12:13:46.638  INFO    <- OK
12:13:46.639  INFO    -> rpm
12:13:46.643  INFO    <- OK ret=0 rpm=0 (hex=0x0000)
12:13:46.643  INFO    -> current
12:13:46.648  INFO    <- OK ret=0 val1=0.05 val2=0.05
12:13:46.839  INFO    -> rpm
12:13:46.843  INFO    <- OK ret=0 rpm=125 (hex=0x007d)
12:13:47.039  INFO    -> rpm
12:13:47.044  INFO    <- OK ret=0 rpm=975 (hex=0x03cf)
12:13:47.239  INFO    -> rpm
12:13:47.244  INFO    <- OK ret=0 rpm=825 (hex=0x0339)
12:13:47.439  INFO    -> rpm
12:13:47.444  INFO    <- OK ret=0 rpm=850 (hex=0x0352)
12:13:47.639  INFO    -> rpm
12:13:47.644  INFO    <- OK ret=0 rpm=975 (hex=0x03cf)
12:13:47.645  INFO    -> current
12:13:47.651  INFO    <- OK ret=0 val1=0.00 val2=0.00
12:13:47.839  INFO    -> rpm
12:13:47.844  INFO    <- OK ret=0 rpm=925 (hex=0x039d)
12:13:48.039  INFO    -> rpm
12:13:48.044  INFO    <- OK ret=0 rpm=975 (hex=0x03cf)
12:13:48.239  INFO    -> rpm
12:13:48.244  INFO    <- OK ret=0 rpm=1000 (hex=0x03e8)
12:13:48.439  INFO    -> rpm
12:13:48.444  INFO    <- OK ret=0 rpm=1000 (hex=0x03e8)
12:13:48.639  INFO    -> rpm
12:13:48.644  INFO    <- OK ret=0 rpm=975 (hex=0x03cf)
12:13:48.645  INFO    -> current
12:13:48.651  INFO    <- OK ret=0 val1=-0.54 val2=-0.59
12:13:48.839  INFO    -> rpm
12:13:48.844  INFO    <- OK ret=0 rpm=1000 (hex=0x03e8)
12:13:49.039  INFO    -> rpm
12:13:49.044  INFO    <- OK ret=0 rpm=1000 (hex=0x03e8)
12:13:49.239  INFO    -> rpm
12:13:49.244  INFO    <- OK ret=0 rpm=975 (hex=0x03cf)
12:13:49.439  INFO    -> rpm
12:13:49.445  INFO    <- OK ret=0 rpm=1025 (hex=0x0401)
12:13:49.639  INFO    -> rpm
12:13:49.644  INFO    <- OK ret=0 rpm=950 (hex=0x03b6)
12:13:49.645  INFO    -> current
12:13:49.650  INFO    <- OK ret=0 val1=-0.49 val2=-0.44
12:13:49.839  INFO    -> rpm
12:13:49.844  INFO    <- OK ret=0 rpm=1025 (hex=0x0401)
12:13:50.039  INFO    -> rpm
12:13:50.044  INFO    <- OK ret=0 rpm=975 (hex=0x03cf)
12:13:50.239  INFO    -> rpm
12:13:50.244  INFO    <- OK ret=0 rpm=1000 (hex=0x03e8)
12:13:50.439  INFO    -> rpm
12:13:50.444  INFO    <- OK ret=0 rpm=1000 (hex=0x03e8)
12:13:50.639  INFO    -> rpm
12:13:50.644  INFO    <- OK ret=0 rpm=1025 (hex=0x0401)
12:13:50.645  INFO    -> current
12:13:50.650  INFO    <- OK ret=0 val1=-0.59 val2=-0.49
12:13:50.839  INFO    -> rpm
12:13:50.844  INFO    <- OK ret=0 rpm=975 (hex=0x03cf)
12:13:51.039  INFO    -> rpm
12:13:51.044  INFO    <- OK ret=0 rpm=1000 (hex=0x03e8)
12:13:51.239  INFO    -> rpm
12:13:51.244  INFO    <- OK ret=0 rpm=950 (hex=0x03b6)
12:13:51.439  INFO    -> rpm
12:13:51.448  INFO    <- OK ret=0 rpm=1025 (hex=0x0401)
12:13:51.639  INFO    -> rpm
12:13:51.644  INFO    <- OK ret=0 rpm=1000 (hex=0x03e8)
12:13:51.644  INFO    -> current
12:13:51.650  INFO    <- OK ret=0 val1=-0.39 val2=-0.54
12:13:51.839  INFO    -> rpm
12:13:51.844  INFO    <- OK ret=0 rpm=1025 (hex=0x0401)
12:13:52.039  INFO    -> rpm
12:13:52.044  INFO    <- OK ret=0 rpm=1000 (hex=0x03e8)
12:13:52.239  INFO    -> rpm
12:13:52.244  INFO    <- OK ret=0 rpm=1000 (hex=0x03e8)
12:13:52.439  INFO    -> rpm
12:13:52.444  INFO    <- OK ret=0 rpm=1000 (hex=0x03e8)
12:13:52.639  INFO    -> rpm
12:13:52.644  INFO    <- OK ret=0 rpm=1000 (hex=0x03e8)
12:13:52.644  INFO    -> current
12:13:52.650  INFO    <- OK ret=0 val1=-0.49 val2=-0.49
12:13:52.839  INFO    -> rpm
12:13:52.844  INFO    <- OK ret=0 rpm=975 (hex=0x03cf)
12:13:53.039  INFO    -> rpm
12:13:53.044  INFO    <- OK ret=0 rpm=1000 (hex=0x03e8)
12:13:53.239  INFO    -> rpm
12:13:53.244  INFO    <- OK ret=0 rpm=1000 (hex=0x03e8)
12:13:53.439  INFO    -> rpm
12:13:53.444  INFO    <- OK ret=0 rpm=1025 (hex=0x0401)
12:13:53.445  INFO    -> speed 800
12:13:53.449  INFO    <- OK
12:13:53.700  INFO    -> speed 600
12:13:53.705  INFO    <- OK
12:13:53.955  INFO    -> speed 400
12:13:53.960  INFO    <- OK
12:13:54.211  INFO    -> speed 200
12:13:54.216  INFO    <- OK
12:13:54.467  INFO    -> speed 0
12:13:54.471  INFO    <- OK
