12:11:58.923  INFO    -> pi -0.03 -0.03
12:11:58.927  INFO    <- OK
12:11:58.927  INFO    -> speed 0
12:11:58.931  INFO    <- OK
12:11:58.931  INFO    -> speed 1000
12:11:58.934  INFO    <- OK
12:11:58.934  INFO    -> rpm
12:11:58.938  INFO    <- OK ret=0 rpm=0 (hex=0x0000)
12:11:58.938  INFO    -> current
12:11:58.943  INFO    <- OK ret=0 val1=0.05 val2=0.05
12:11:59.135  INFO    -> rpm
12:11:59.139  INFO    <- OK ret=0 rpm=0 (hex=0x0000)
12:11:59.335  INFO    -> rpm
12:11:59.339  INFO    <- OK ret=0 rpm=500 (hex=0x01f4)
12:11:59.535  INFO    -> rpm
12:11:59.540  INFO    <- OK ret=0 rpm=950 (hex=0x03b6)
12:11:59.735  INFO    -> rpm
12:11:59.740  INFO    <- OK ret=0 rpm=900 (hex=0x0384)
12:11:59.935  INFO    -> rpm
12:11:59.940  INFO    <- OK ret=0 rpm=925 (hex=0x039d)
12:11:59.940  INFO    -> current
12:11:59.946  INFO    <- OK ret=0 val1=-0.20 val2=-0.29
12:12:00.135  INFO    -> rpm
12:12:00.140  INFO    <- OK ret=0 rpm=975 (hex=0x03cf)
12:12:00.335  INFO    -> rpm
12:12:00.353  INFO    <- OK ret=0 rpm=975 (hex=0x03cf)
12:12:00.535  INFO    -> rpm
12:12:00.540  INFO    <- OK ret=0 rpm=1000 (hex=0x03e8)
12:12:00.735  INFO    -> rpm
12:12:00.740  INFO    <- OK ret=0 rpm=975 (hex=0x03cf)
12:12:00.935  INFO    -> rpm
12:12:00.940  INFO    <- OK ret=0 rpm=1000 (hex=0x03e8)
12:12:00.940  INFO    -> current
12:12:00.946  INFO    <- OK ret=0 val1=-0.54 val2=-0.54
12:12:01.135  INFO    -> rpm
12:12:01.139  INFO    <- OK ret=0 rpm=1025 (hex=0x0401)
12:12:01.335  INFO    -> rpm
12:12:01.340  INFO    <- OK ret=0 rpm=1025 (hex=0x0401)
12:12:01.535  INFO    -> rpm
12:12:01.540  INFO    <- OK ret=0 rpm=975 (hex=0x03cf)
12:12:01.735  INFO    -> rpm
12:12:01.740  INFO    <- OK ret=0 rpm=1025 (hex=0x0401)
12:12:01.935  INFO    -> rpm
12:12:01.940  INFO    <- OK ret=0 rpm=975 (hex=0x03cf)
12:12:01.940  INFO    -> current
12:12:01.946  INFO    <- OK ret=0 val1=-0.49 val2=-0.59
12:12:02.135  INFO    -> rpm
12:12:02.140  INFO    <- OK ret=0 rpm=1000 (hex=0x03e8)
12:12:02.335  INFO    -> rpm
12:12:02.340  INFO    <- OK ret=0 rpm=1000 (hex=0x03e8)
12:12:02.535  INFO    -> rpm
12:12:02.540  INFO    <- OK ret=0 rpm=1000 (hex=0x03e8)
12:12:02.735  INFO    -> rpm
12:12:02.740  INFO    <- OK ret=0 rpm=1000 (hex=0x03e8)
12:12:02.935  INFO    -> rpm
12:12:02.940  INFO    <- OK ret=0 rpm=975 (hex=0x03cf)
12:12:02.940  INFO    -> current
12:12:02.946  INFO    <- OK ret=0 val1=-0.44 val2=-0.54
12:12:03.135  INFO    -> rpm
12:12:03.140  INFO    <- OK ret=0 rpm=1000 (hex=0x03e8)
12:12:03.335  INFO    -> rpm
12:12:03.340  INFO    <- OK ret=0 rpm=975 (hex=0x03cf)
12:12:03.535  INFO    -> rpm
12:12:03.540  INFO    <- OK ret=0 rpm=1000 (hex=0x03e8)
12:12:03.735  INFO    -> rpm
12:12:03.740  INFO    <- OK ret=0 rpm=975 (hex=0x03cf)
12:12:03.935  INFO    -> rpm
12:12:03.940  INFO    <- OK ret=0 rpm=1000 (hex=0x03e8)
12:12:03.940  INFO    -> current
12:12:03.946  INFO    <- OK ret=0 val1=-0.49 val2=-0.44
12:12:04.135  INFO    -> rpm
12:12:04.140  INFO    <- OK ret=0 rpm=1000 (hex=0x03e8)
12:12:04.335  INFO    -> rpm
12:12:04.340  INFO    <- OK ret=0 rpm=1000 (hex=0x03e8)
12:12:04.535  INFO    -> rpm
12:12:04.540  INFO    <- OK ret=0 rpm=1000 (hex=0x03e8)
12:12:04.735  INFO    -> rpm
12:12:04.740  INFO    <- OK ret=0 rpm=975 (hex=0x03cf)
12:12:04.935  INFO    -> rpm
12:12:04.940  INFO    <- OK ret=0 rpm=1025 (hex=0x0401)
12:12:04.940  INFO    -> current
12:12:04.946  INFO    <- OK ret=0 val1=-0.54 val2=-0.49
12:12:05.135  INFO    -> rpm
12:12:05.140  INFO    <- OK ret=0 rpm=975 (hex=0x03cf)
12:12:05.335  INFO    -> rpm
12:12:05.343  INFO    <- OK ret=0 rpm=1000 (hex=0x03e8)
12:12:05.535  INFO    -> rpm
12:12:05.540  INFO    <- OK ret=0 rpm=1000 (hex=0x03e8)
12:12:05.735  INFO    -> rpm
12:12:05.740  INFO    <- OK ret=0 rpm=1000 (hex=0x03e8)
12:12:05.740  INFO    -> speed 800
12:12:05.745  INFO    <- OK
12:12:05.996  INFO    -> speed 600
12:12:06.000  INFO    <- OK
12:12:06.251  INFO    -> speed 400
12:12:06.256  INFO    <- OK
12:12:06.507  INFO    -> speed 200
12:12:06.512  INFO    <- OK
12:12:06.762  INFO    -> speed 0
12:12:06.767  INFO    <- OK
