12:12:13.955  INFO    -> pi 0.0 -0.03
12:12:13.959  INFO    <- OK
12:12:13.959  INFO    -> speed 0
12:12:13.963  INFO    <- OK
12:12:13.963  INFO    -> speed 1000
12:12:13.966  INFO    <- OK
12:12:13.966  INFO    -> rpm
12:12:13.971  INFO    <- OK ret=0 rpm=0 (hex=0x0000)
12:12:13.971  INFO    -> current
12:12:13.976  INFO    <- OK ret=0 val1=0.05 val2=0.05
12:12:14.167  INFO    -> rpm
12:12:14.171  INFO    <- OK ret=0 rpm=50 (hex=0x0032)
12:12:14.367  INFO    -> rpm
12:12:14.371  INFO    <- OK ret=0 rpm=800 (hex=0x0320)
12:12:14.567  INFO    -> rpm
12:12:14.572  INFO    <- OK ret=0 rpm=750 (hex=0x02ee)
12:12:14.767  INFO    -> rpm
12:12:14.772  INFO    <- OK ret=0 rpm=825 (hex=0x0339)
12:12:14.967  INFO    -> rpm
12:12:14.972  INFO    <- OK ret=0 rpm=900 (hex=0x0384)
12:12:14.972  INFO    -> current
12:12:14.978  INFO    <- OK ret=0 val1=-0.20 val2=-0.29
12:12:15.167  INFO    -> rpm
12:12:15.172  INFO    <- OK ret=0 rpm=950 (hex=0x03b6)
12:12:15.367  INFO    -> rpm
12:12:15.372  INFO    <- OK ret=0 rpm=925 (hex=0x039d)
12:12:15.567  INFO    -> rpm
12:12:15.572  INFO    <- OK ret=0 rpm=1000 (hex=0x03e8)
12:12:15.767  INFO    -> rpm
12:12:15.772  INFO    <- OK ret=0 rpm=975 (hex=0x03cf)
12:12:15.967  INFO    -> rpm
12:12:15.972  INFO    <- OK ret=0 rpm=950 (hex=0x03b6)
12:12:15.972  INFO    -> current
12:12:15.978  INFO    <- OK ret=0 val1=-0.39 val2=-0.49
12:12:16.167  INFO    -> rpm
12:12:16.172  INFO    <- OK ret=0 rpm=1000 (hex=0x03e8)
12:12:16.367  INFO    -> rpm
12:12:16.372  INFO    <- OK ret=0 rpm=1000 (hex=0x03e8)
12:12:16.567  INFO    -> rpm
12:12:16.572  INFO    <- OK ret=0 rpm=1000 (hex=0x03e8)
12:12:16.767  INFO    -> rpm
12:12:16.772  INFO    <- OK ret=0 rpm=1000 (hex=0x03e8)
12:12:16.967  INFO    -> rpm
12:12:16.972  INFO    <- OK ret=0 rpm=1000 (hex=0x03e8)
12:12:16.972  INFO    -> current
12:12:16.978  INFO    <- OK ret=0 val1=-0.54 val2=-0.49
12:12:17.167  INFO    -> rpm
12:12:17.172  INFO    <- OK ret=0 rpm=1025 (hex=0x0401)
12:12:17.367  INFO    -> rpm
12:12:17.372  INFO    <- OK ret=0 rpm=1000 (hex=0x03e8)
12:12:17.567  INFO    -> rpm
12:12:17.572  INFO    <- OK ret=0 rpm=1000 (hex=0x03e8)
12:12:17.767  INFO    -> rpm
12:12:17.772  INFO    <- OK ret=0 rpm=1000 (hex=0x03e8)
12:12:17.967  INFO    -> rpm
12:12:17.972  INFO    <- OK ret=0 rpm=1025 (hex=0x0401)
12:12:17.972  INFO    -> current
12:12:17.978  INFO    <- OK ret=0 val1=-0.54 val2=-0.44
12:12:18.167  INFO    -> rpm
12:12:18.172  INFO    <- OK ret=0 rpm=975 (hex=0x03cf)
12:12:18.367  INFO    -> rpm
12:12:18.372  INFO    <- OK ret=0 rpm=1000 (hex=0x03e8)
12:12:18.567  INFO    -> rpm
12:12:18.572  INFO    <- OK ret=0 rpm=1000 (hex=0x03e8)
12:12:18.767  INFO    -> rpm
12:12:18.772  INFO    <- OK ret=0 rpm=1025 (hex=0x0401)
12:12:18.967  INFO    -> rpm
12:12:18.972  INFO    <- OK ret=0 rpm=1000 (hex=0x03e8)
12:12:18.972  INFO    -> current
12:12:18.978  INFO    <- OK ret=0 val1=-0.54 val2=-0.54
12:12:19.167  INFO    -> rpm
12:12:19.172  INFO    <- OK ret=0 rpm=1000 (hex=0x03e8)
12:12:19.367  INFO    -> rpm
12:12:19.372  INFO    <- OK ret=0 rpm=1000 (hex=0x03e8)
12:12:19.567  INFO    -> rpm
12:12:19.572  INFO    <- OK ret=0 rpm=1000 (hex=0x03e8)
12:12:19.767  INFO    -> rpm
12:12:19.772  INFO    <- OK ret=0 rpm=1000 (hex=0x03e8)
12:12:19.967  INFO    -> rpm
12:12:19.972  INFO    <- OK ret=0 rpm=1000 (hex=0x03e8)
12:12:19.972  INFO    -> current
12:12:19.978  INFO    <- OK ret=0 val1=-0.44 val2=-0.54
12:12:20.167  INFO    -> rpm
12:12:20.171  INFO    <- OK ret=0 rpm=1000 (hex=0x03e8)
12:12:20.367  INFO    -> rpm
12:12:20.372  INFO    <- OK ret=0 rpm=1050 (hex=0x041a)
12:12:20.567  INFO    -> rpm
12:12:20.572  INFO    <- OK ret=0 rpm=1000 (hex=0x03e8)
12:12:20.767  INFO    -> rpm
12:12:20.772  INFO    <- OK ret=0 rpm=1000 (hex=0x03e8)
12:12:20.772  INFO    -> speed 800
12:12:20.777  INFO    <- OK
12:12:21.028  INFO    -> speed 600
12:12:21.033  INFO    <- OK
12:12:21.283  INFO    -> speed 400
12:12:21.288  INFO    <- OK
12:12:21.539  INFO    -> speed 200
12:12:21.544  INFO    <- OK
12:12:21.795  INFO    -> speed 0
12:12:21.800  INFO    <- OK
