12:13:18.863  INFO    -> pi 0.03 0.0
12:13:18.867  INFO    <- OK
12:13:18.868  INFO    -> speed 0
12:13:18.871  INFO    <- OK
12:13:18.871  INFO    -> speed 1000
12:13:18.874  INFO    <- OK
12:13:18.877  INFO    -> rpm
12:13:18.881  INFO    <- OK ret=0 rpm=0 (hex=0x0000)
12:13:18.881  INFO    -> current
12:13:18.886  INFO    <- OK ret=0 val1=0.05 val2=0.00
12:13:19.077  INFO    -> rpm
12:13:19.081  INFO    <- OK ret=0 rpm=0 (hex=0x0000)
12:13:19.277  INFO    -> rpm
12:13:19.281  INFO    <- OK ret=0 rpm=0 (hex=0x0000)
12:13:19.477  INFO    -> rpm
12:13:19.481  INFO    <- OK ret=0 rpm=0 (hex=0x0000)
12:13:19.677  INFO    -> rpm
12:13:19.682  INFO    <- OK ret=0 rpm=0 (hex=0x0000)
12:13:19.877  INFO    -> rpm
12:13:19.882  INFO    <- OK ret=0 rpm=2100 (hex=0x0834)
12:13:19.883  INFO    -> current
12:13:19.888  INFO    <- OK ret=0 val1=-1.32 val2=-1.17
12:13:20.077  INFO    -> rpm
12:13:20.082  INFO    <- OK ret=0 rpm=1250 (hex=0x04e2)
12:13:20.277  INFO    -> rpm
12:13:20.282  INFO    <- OK ret=0 rpm=1175 (hex=0x0497)
12:13:20.477  INFO    -> rpm
12:13:20.482  INFO    <- OK ret=0 rpm=1150 (hex=0x047e)
12:13:20.677  INFO    -> rpm
12:13:20.682  INFO    <- OK ret=0 rpm=1125 (hex=0x0465)
12:13:20.877  INFO    -> rpm
12:13:20.882  INFO    <- OK ret=0 rpm=1075 (hex=0x0433)
12:13:20.883  INFO    -> current
12:13:20.888  INFO    <- OK ret=0 val1=-0.44 val2=-0.63
12:13:21.077  INFO    -> rpm
12:13:21.082  INFO    <- OK ret=0 rpm=1075 (hex=0x0433)
12:13:21.277  INFO    -> rpm
12:13:21.282  INFO    <- OK ret=0 rpm=1025 (hex=0x0401)
12:13:21.477  INFO    -> rpm
12:13:21.482  INFO    <- OK ret=0 rpm=1000 (hex=0x03e8)
12:13:21.677  INFO    -> rpm
12:13:21.682  INFO    <- OK ret=0 rpm=1025 (hex=0x0401)
12:13:21.877  INFO    -> rpm
12:13:21.882  INFO    <- OK ret=0 rpm=1025 (hex=0x0401)
12:13:21.883  INFO    -> current
12:13:21.888  INFO    <- OK ret=0 val1=-0.44 val2=-0.44
12:13:22.077  INFO    -> rpm
12:13:22.082  INFO    <- OK ret=0 rpm=975 (hex=0x03cf)
12:13:22.277  INFO    -> rpm
12:13:22.282  INFO    <- OK ret=0 rpm=1025 (hex=0x0401)
12:13:22.477  INFO    -> rpm
12:13:22.482  INFO    <- OK ret=0 rpm=975 (hex=0x03cf)
12:13:22.677  INFO    -> rpm
12:13:22.682  INFO    <- OK ret=0 rpm=1000 (hex=0x03e8)
12:13:22.877  INFO    -> rpm
12:13:22.882  INFO    <- OK ret=0 rpm=1025 (hex=0x0401)
12:13:22.883  INFO    -> current
12:13:22.888  INFO    <- OK ret=0 val1=-0.49 val2=-0.54
12:13:23.077  INFO    -> rpm
12:13:23.082  INFO    <- OK ret=0 rpm=1000 (hex=0x03e8)
12:13:23.277  INFO    -> rpm
12:13:23.282  INFO    <- OK ret=0 rpm=1000 (hex=0x03e8)
12:13:23.477  INFO    -> rpm
12:13:23.482  INFO    <- OK ret=0 rpm=975 (hex=0x03cf)
12:13:23.677  INFO    -> rpm
12:13:23.682  INFO    <- OK ret=0 rpm=1025 (hex=0x0401)
12:13:23.877  INFO    -> rpm
12:13:23.882  INFO    <- OK ret=0 rpm=975 (hex=0x03cf)
12:13:23.883  INFO    -> current
12:13:23.888  INFO    <- OK ret=0 val1=-0.49 val2=-0.49
12:13:24.077  INFO    -> rpm
12:13:24.082  INFO    <- OK ret=0 rpm=1025 (hex=0x0401)
12:13:24.277  INFO    -> rpm
12:13:24.282  INFO    <- OK ret=0 rpm=950 (hex=0x03b6)
12:13:24.477  INFO    -> rpm
12:13:24.482  INFO    <- OK ret=0 rpm=1050 (hex=0x041a)
12:13:24.677  INFO    -> rpm
12:13:24.682  INFO    <- OK ret=0 rpm=975 (hex=0x03cf)
12:13:24.877  INFO    -> rpm
12:13:24.882  INFO    <- OK ret=0 rpm=1000 (hex=0x03e8)
12:13:24.883  INFO    -> current
12:13:24.888  INFO    <- OK ret=0 val1=-0.54 val2=-0.54
12:13:25.077  INFO    -> rpm
12:13:25.082  INFO    <- OK ret=0 rpm=1025 (hex=0x0401)
12:13:25.277  INFO    -> rpm
12:13:25.282  INFO    <- OK ret=0 rpm=975 (hex=0x03cf)
12:13:25.477  INFO    -> rpm
12:13:25.482  INFO    <- OK ret=0 rpm=1000 (hex=0x03e8)
12:13:25.677  INFO    -> rpm
12:13:25.682  INFO    <- OK ret=0 rpm=1000 (hex=0x03e8)
12:13:25.683  INFO    -> speed 800
12:13:25.687  INFO    <- OK
12:13:25.938  INFO    -> speed 600
12:13:25.943  INFO    <- OK
12:13:26.194  INFO    -> speed 400
12:13:26.202  INFO    <- OK
12:13:26.453  INFO    -> speed 200
12:13:26.458  INFO    <- OK
12:13:26.708  INFO    -> speed 0
12:13:26.713  INFO    <- OK
