13:45:38.719  INFO    -> pi -0.1 -0.06
13:45:38.723  INFO    <- OK
13:45:38.723  INFO    -> speed 0
13:45:38.726  INFO    <- OK
13:45:38.726  INFO    -> speed 1000
13:45:38.730  INFO    <- OK
13:45:38.730  INFO    -> rpm
13:45:38.734  INFO    <- OK ret=0 rpm=0 (hex=0x0000)
13:45:38.734  INFO    -> current
13:45:38.739  INFO    <- OK ret=0 val1=-0.10 val2=0.05
13:45:38.930  INFO    -> rpm
13:45:38.934  INFO    <- OK ret=0 rpm=0 (hex=0x0000)
13:45:39.130  INFO    -> rpm
13:45:39.134  INFO    <- OK ret=0 rpm=0 (hex=0x0000)
13:45:39.330  INFO    -> rpm
13:45:39.335  INFO    <- OK ret=0 rpm=75 (hex=0x004b)
13:45:39.530  INFO    -> rpm
13:45:39.540  INFO    <- OK ret=0 rpm=1075 (hex=0x0433)
13:45:39.730  INFO    -> rpm
13:45:39.735  INFO    <- OK ret=0 rpm=1350 (hex=0x0546)
13:45:39.736  INFO    -> current
13:45:39.742  INFO    <- OK ret=0 val1=-0.34 val2=-0.34
13:45:39.930  INFO    -> rpm
13:45:39.935  INFO    <- OK ret=0 rpm=1225 (hex=0x04c9)
13:45:40.130  INFO    -> rpm
13:45:40.135  INFO    <- OK ret=0 rpm=1100 (hex=0x044c)
13:45:40.330  INFO    -> rpm
13:45:40.335  INFO    <- OK ret=0 rpm=1000 (hex=0x03e8)
13:45:40.530  INFO    -> rpm
13:45:40.535  INFO    <- OK ret=0 rpm=975 (hex=0x03cf)
13:45:40.730  INFO    -> rpm
13:45:40.735  INFO    <- OK ret=0 rpm=1000 (hex=0x03e8)
13:45:40.736  INFO    -> current
13:45:40.741  INFO    <- OK ret=0 val1=-0.54 val2=-0.49
13:45:40.930  INFO    -> rpm
13:45:40.935  INFO    <- OK ret=0 rpm=1000 (hex=0x03e8)
13:45:41.130  INFO    -> rpm
13:45:41.135  INFO    <- OK ret=0 rpm=1000 (hex=0x03e8)
13:45:41.330  INFO    -> rpm
13:45:41.335  INFO    <- OK ret=0 rpm=1000 (hex=0x03e8)
13:45:41.530  INFO    -> rpm
13:45:41.539  INFO    <- OK ret=0 rpm=975 (hex=0x03cf)
13:45:41.730  INFO    -> rpm
13:45:41.735  INFO    <- OK ret=0 rpm=1000 (hex=0x03e8)
13:45:41.736  INFO    -> current
13:45:41.741  INFO    <- OK ret=0 val1=-0.54 val2=-0.44
13:45:41.930  INFO    -> rpm
13:45:41.935  INFO    <- OK ret=0 rpm=1025 (hex=0x0401)
13:45:42.130  INFO    -> rpm
13:45:42.135  INFO    <- OK ret=0 rpm=1000 (hex=0x03e8)
13:45:42.330  INFO    -> rpm
13:45:42.335  INFO    <- OK ret=0 rpm=1000 (hex=0x03e8)
13:45:42.530  INFO    -> rpm
13:45:42.535  INFO    <- OK ret=0 rpm=1025 (hex=0x0401)
13:45:42.730  INFO    -> rpm
13:45:42.735  INFO    <- OK ret=0 rpm=1000 (hex=0x03e8)
13:45:42.736  INFO    -> current
13:45:42.741  INFO    <- OK ret=0 val1=-0.54 val2=-0.44
13:45:42.930  INFO    -> rpm
13:45:42.935  INFO    <- OK ret=0 rpm=1000 (hex=0x03e8)
13:45:43.130  INFO    -> rpm
13:45:43.135  INFO    <- OK ret=0 rpm=1000 (hex=0x03e8)
13:45:43.330  INFO    -> rpm
13:45:43.335  INFO    <- OK ret=0 rpm=1025 (hex=0x0401)
13:45:43.530  INFO    -> rpm
13:45:43.535  INFO    <- OK ret=0 rpm=1000 (hex=0x03e8)
13:45:43.730  INFO    -> rpm
13:45:43.735  INFO    <- OK ret=0 rpm=1000 (hex=0x03e8)
13:45:43.735  INFO    -> current
13:45:43.741  INFO    <- OK ret=0 val1=-0.54 val2=-0.44
13:45:43.930  INFO    -> rpm
13:45:43.935  INFO    <- OK ret=0 rpm=1000 (hex=0x03e8)
13:45:44.130  INFO    -> rpm
13:45:44.135  INFO    <- OK ret=0 rpm=1000 (hex=0x03e8)
13:45:44.330  INFO    -> rpm
13:45:44.335  INFO    <- OK ret=0 rpm=1000 (hex=0x03e8)
13:45:44.530  INFO    -> rpm
13:45:44.535  INFO    <- OK ret=0 rpm=1000 (hex=0x03e8)
13:45:44.730  INFO    -> rpm
13:45:44.735  INFO    <- OK ret=0 rpm=1000 (hex=0x03e8)
13:45:44.735  INFO    -> current
13:45:44.741  INFO    <- OK ret=0 val1=-0.44 val2=-0.44
13:45:44.930  INFO    -> rpm
13:45:44.935  INFO    <- OK ret=0 rpm=1000 (hex=0x03e8)
13:45:45.130  INFO    -> rpm
13:45:45.135  INFO    <- OK ret=0 rpm=1000 (hex=0x03e8)
13:45:45.330  INFO    -> rpm
13:45:45.335  INFO    <- OK ret=0 rpm=1000 (hex=0x03e8)
13:45:45.530  INFO    -> rpm
13:45:45.535  INFO    <- OK ret=0 rpm=1000 (hex=0x03e8)
13:45:45.536  INFO    -> speed 800
13:45:45.540  INFO    <- OK
13:45:45.791  INFO    -> speed 600
13:45:45.796  INFO    <- OK
13:45:46.046  INFO    -> speed 400
13:45:46.051  INFO    <- OK
13:45:46.302  INFO    -> speed 200
13:45:46.307  INFO    <- OK
13:45:46.558  INFO    -> speed 0
13:45:46.565  INFO    <- OK
