15:31:03.381  INFO    -> pi 0.0 0.0
15:31:03.384  INFO    <- OK
15:31:03.385  INFO    -> speed 0
15:31:03.388  INFO    <- OK
15:31:03.388  INFO    -> speed 1000
15:31:03.392  INFO    <- OK
15:31:03.392  INFO    -> rpm
15:31:03.397  INFO    <- OK ret=0 rpm=0 (hex=0x0000)
15:31:03.397  INFO    -> current
15:31:03.404  INFO    <- OK ret=0 val1=-0.10 val2=0.05
15:31:03.592  INFO    -> rpm
15:31:03.596  INFO    <- OK ret=0 rpm=25 (hex=0x0019)
15:31:03.792  INFO    -> rpm
15:31:03.796  INFO    <- OK ret=0 rpm=725 (hex=0x02d5)
15:31:03.992  INFO    -> rpm
15:31:03.997  INFO    <- OK ret=0 rpm=775 (hex=0x0307)
15:31:04.192  INFO    -> rpm
15:31:04.197  INFO    <- OK ret=0 rpm=800 (hex=0x0320)
15:31:04.392  INFO    -> rpm
15:31:04.397  INFO    <- OK ret=0 rpm=925 (hex=0x039d)
15:31:04.398  INFO    -> current
15:31:04.403  INFO    <- OK ret=0 val1=-0.15 val2=-0.05
15:31:04.592  INFO    -> rpm
15:31:04.597  INFO    <- OK ret=0 rpm=950 (hex=0x03b6)
15:31:04.792  INFO    -> rpm
15:31:04.805  INFO    <- OK ret=0 rpm=975 (hex=0x03cf)
15:31:04.992  INFO    -> rpm
15:31:04.997  INFO    <- OK ret=0 rpm=975 (hex=0x03cf)
15:31:05.192  INFO    -> rpm
15:31:05.197  INFO    <- OK ret=0 rpm=1000 (hex=0x03e8)
15:31:05.392  INFO    -> rpm
15:31:05.397  INFO    <- OK ret=0 rpm=1000 (hex=0x03e8)
15:31:05.398  INFO    -> current
15:31:05.403  INFO    <- OK ret=0 val1=-0.59 val2=-0.54
15:31:05.592  INFO    -> rpm
15:31:05.597  INFO    <- OK ret=0 rpm=1000 (hex=0x03e8)
15:31:05.792  INFO    -> rpm
15:31:05.797  INFO    <- OK ret=0 rpm=975 (hex=0x03cf)
15:31:05.992  INFO    -> rpm
15:31:05.997  INFO    <- OK ret=0 rpm=1000 (hex=0x03e8)
15:31:06.192  INFO    -> rpm
15:31:06.197  INFO    <- OK ret=0 rpm=1000 (hex=0x03e8)
15:31:06.392  INFO    -> rpm
15:31:06.397  INFO    <- OK ret=0 rpm=1000 (hex=0x03e8)
15:31:06.398  INFO    -> current
15:31:06.403  INFO    <- OK ret=0 val1=-0.59 val2=-0.49
15:31:06.592  INFO    -> rpm
15:31:06.597  INFO    <- OK ret=0 rpm=975 (hex=0x03cf)
15:31:06.792  INFO    -> rpm
15:31:06.801  INFO    <- OK ret=0 rpm=975 (hex=0x03cf)
15:31:06.992  INFO    -> rpm
15:31:06.997  INFO    <- OK ret=0 rpm=1025 (hex=0x0401)
15:31:07.192  INFO    -> rpm
15:31:07.197  INFO    <- OK ret=0 rpm=1000 (hex=0x03e8)
15:31:07.392  INFO    -> rpm
15:31:07.397  INFO    <- OK ret=0 rpm=1000 (hex=0x03e8)
15:31:07.398  INFO    -> current
15:31:07.403  INFO    <- OK ret=0 val1=-0.44 val2=-0.49
15:31:07.592  INFO    -> rpm
15:31:07.597  INFO    <- OK ret=0 rpm=1025 (hex=0x0401)
15:31:07.792  INFO    -> rpm
15:31:07.797  INFO    <- OK ret=0 rpm=1000 (hex=0x03e8)
15:31:07.992  INFO    -> rpm
15:31:07.997  INFO    <- OK ret=0 rpm=975 (hex=0x03cf)
15:31:08.192  INFO    -> rpm
15:31:08.197  INFO    <- OK ret=0 rpm=1000 (hex=0x03e8)
15:31:08.392  INFO    -> rpm
15:31:08.397  INFO    <- OK ret=0 rpm=1000 (hex=0x03e8)
15:31:08.398  INFO    -> current
15:31:08.403  INFO    <- OK ret=0 val1=-0.49 val2=-0.59
15:31:08.592  INFO    -> rpm
15:31:08.597  INFO    <- OK ret=0 rpm=1000 (hex=0x03e8)
15:31:08.792  INFO    -> rpm
15:31:08.797  INFO    <- OK ret=0 rpm=1000 (hex=0x03e8)
15:31:08.992  INFO    -> rpm
15:31:08.997  INFO    <- OK ret=0 rpm=975 (hex=0x03cf)
15:31:09.192  INFO    -> rpm
15:31:09.197  INFO    <- OK ret=0 rpm=1000 (hex=0x03e8)
15:31:09.392  INFO    -> rpm
15:31:09.397  INFO    <- OK ret=0 rpm=1000 (hex=0x03e8)
15:31:09.398  INFO    -> current
15:31:09.403  INFO    <- OK ret=0 val1=-0.49 val2=-0.49
15:31:09.592  INFO    -> rpm
15:31:09.597  INFO    <- OK ret=0 rpm=975 (hex=0x03cf)
15:31:09.792  INFO    -> rpm
15:31:09.797  INFO    <- OK ret=0 rpm=1025 (hex=0x0401)
15:31:09.992  INFO    -> rpm
15:31:09.997  INFO    <- OK ret=0 rpm=975 (hex=0x03cf)
15:31:10.192  INFO    -> rpm
15:31:10.197  INFO    <- OK ret=0 rpm=1025 (hex=0x0401)
15:31:10.198  INFO    -> speed 800
15:31:10.202  INFO    <- OK
15:31:10.453  INFO    -> speed 600
15:31:10.458  INFO    <- OK
15:31:10.708  INFO    -> speed 400
15:31:10.713  INFO    <- OK
15:31:10.964  INFO    -> speed 200
15:31:10.969  INFO    <- OK
15:31:11.220  INFO    -> speed 0
15:31:11.224  INFO    <- OK
