15:02:14.550  INFO    -> pi -0.1 -0.02
15:02:14.554  INFO    <- OK
15:02:14.554  INFO    -> speed 0
15:02:14.557  INFO    <- OK
15:02:14.557  INFO    -> speed 1000
15:02:14.563  INFO    <- OK
15:02:14.563  INFO    -> rpm
15:02:14.567  INFO    <- OK ret=0 rpm=25 (hex=0x0019)
15:02:14.567  INFO    -> current
15:02:14.572  INFO    <- OK ret=0 val1=-0.10 val2=0.10
15:02:14.763  INFO    -> rpm
15:02:14.767  INFO    <- OK ret=0 rpm=0 (hex=0x0000)
15:02:14.963  INFO    -> rpm
15:02:14.968  INFO    <- OK ret=0 rpm=0 (hex=0x0000)
15:02:15.163  INFO    -> rpm
15:02:15.168  INFO    <- OK ret=0 rpm=0 (hex=0x0000)
15:02:15.363  INFO    -> rpm
15:02:15.368  INFO    <- OK ret=0 rpm=0 (hex=0x0000)
15:02:15.563  INFO    -> rpm
15:02:15.568  INFO    <- OK ret=0 rpm=0 (hex=0x0000)
15:02:15.569  INFO    -> current
15:02:15.574  INFO    <- OK ret=0 val1=-0.78 val2=-0.05
15:02:15.763  INFO    -> rpm
15:02:15.768  INFO    <- OK ret=0 rpm=1325 (hex=0x052d)
15:02:15.963  INFO    -> rpm
15:02:15.968  INFO    <- OK ret=0 rpm=2200 (hex=0x0898)
15:02:16.163  INFO    -> rpm
15:02:16.168  INFO    <- OK ret=0 rpm=1950 (hex=0x079e)
15:02:16.363  INFO    -> rpm
15:02:16.368  INFO    <- OK ret=0 rpm=1500 (hex=0x05dc)
15:02:16.563  INFO    -> rpm
15:02:16.568  INFO    <- OK ret=0 rpm=1175 (hex=0x0497)
15:02:16.569  INFO    -> current
15:02:16.574  INFO    <- OK ret=0 val1=-0.98 val2=-0.98
15:02:16.763  INFO    -> rpm
15:02:16.768  INFO    <- OK ret=0 rpm=975 (hex=0x03cf)
15:02:16.963  INFO    -> rpm
15:02:16.968  INFO    <- OK ret=0 rpm=950 (hex=0x03b6)
15:02:17.163  INFO    -> rpm
15:02:17.168  INFO    <- OK ret=0 rpm=1000 (hex=0x03e8)
15:02:17.363  INFO    -> rpm
15:02:17.368  INFO    <- OK ret=0 rpm=1025 (hex=0x0401)
15:02:17.563  INFO    -> rpm
15:02:17.568  INFO    <- OK ret=0 rpm=1000 (hex=0x03e8)
15:02:17.568  INFO    -> current
15:02:17.574  INFO    <- OK ret=0 val1=-0.49 val2=-0.44
15:02:17.763  INFO    -> rpm
15:02:17.768  INFO    <- OK ret=0 rpm=1025 (hex=0x0401)
15:02:17.963  INFO    -> rpm
15:02:17.968  INFO    <- OK ret=0 rpm=1000 (hex=0x03e8)
15:02:18.163  INFO    -> rpm
15:02:18.168  INFO    <- OK ret=0 rpm=1000 (hex=0x03e8)
15:02:18.363  INFO    -> rpm
15:02:18.368  INFO    <- OK ret=0 rpm=975 (hex=0x03cf)
15:02:18.563  INFO    -> rpm
15:02:18.568  INFO    <- OK ret=0 rpm=1025 (hex=0x0401)
15:02:18.569  INFO    -> current
15:02:18.574  INFO    <- OK ret=0 val1=-0.54 val2=-0.49
15:02:18.763  INFO    -> rpm
15:02:18.768  INFO    <- OK ret=0 rpm=975 (hex=0x03cf)
15:02:18.963  INFO    -> rpm
15:02:18.968  INFO    <- OK ret=0 rpm=1025 (hex=0x0401)
15:02:19.163  INFO    -> rpm
15:02:19.168  INFO    <- OK ret=0 rpm=975 (hex=0x03cf)
15:02:19.363  INFO    -> rpm
15:02:19.368  INFO    <- OK ret=0 rpm=1000 (hex=0x03e8)
15:02:19.563  INFO    -> rpm
15:02:19.568  INFO    <- OK ret=0 rpm=1000 (hex=0x03e8)
15:02:19.568  INFO    -> current
15:02:19.574  INFO    <- OK ret=0 val1=-0.44 val2=-0.44
15:02:19.763  INFO    -> rpm
15:02:19.768  INFO    <- OK ret=0 rpm=1000 (hex=0x03e8)
15:02:19.963  INFO    -> rpm
15:02:19.968  INFO    <- OK ret=0 rpm=1000 (hex=0x03e8)
15:02:20.163  INFO    -> rpm
15:02:20.168  INFO    <- OK ret=0 rpm=1000 (hex=0x03e8)
15:02:20.363  INFO    -> rpm
15:02:20.368  INFO    <- OK ret=0 rpm=1025 (hex=0x0401)
15:02:20.563  INFO    -> rpm
15:02:20.568  INFO    <- OK ret=0 rpm=975 (hex=0x03cf)
15:02:20.569  INFO    -> current
15:02:20.574  INFO    <- OK ret=0 val1=-0.54 val2=-0.49
15:02:20.763  INFO    -> rpm
15:02:20.768  INFO    <- OK ret=0 rpm=975 (hex=0x03cf)
15:02:20.963  INFO    -> rpm
15:02:20.968  INFO    <- OK ret=0 rpm=1000 (hex=0x03e8)
15:02:21.163  INFO    -> rpm
15:02:21.168  INFO    <- OK ret=0 rpm=1000 (hex=0x03e8)
15:02:21.363  INFO    -> rpm
15:02:21.368  INFO    <- OK ret=0 rpm=1000 (hex=0x03e8)
15:02:21.369  INFO    -> speed 800
15:02:21.374  INFO    <- OK
15:02:21.624  INFO    -> speed 600
15:02:21.630  INFO    <- OK
15:02:21.880  INFO    -> speed 400
15:02:21.886  INFO    <- OK
15:02:22.136  INFO    -> speed 200
15:02:22.142  INFO    <- OK
15:02:22.392  INFO    -> speed 0
15:02:22.397  INFO    <- OK
