15:01:03.462  INFO    -> pi 0.06 -0.08
15:01:03.466  INFO    <- OK
15:01:03.466  INFO    -> speed 0
15:01:03.469  INFO    <- OK
15:01:03.470  INFO    -> speed 1000
15:01:03.473  INFO    <- OK
15:01:03.473  INFO    -> rpm
15:01:03.478  INFO    <- OK ret=0 rpm=0 (hex=0x0000)
15:01:03.479  INFO    -> current
15:01:03.485  INFO    <- OK ret=0 val1=-0.10 val2=0.05
15:01:03.673  INFO    -> rpm
15:01:03.677  INFO    <- OK ret=0 rpm=500 (hex=0x01f4)
15:01:03.873  INFO    -> rpm
15:01:03.884  INFO    <- OK ret=0 rpm=700 (hex=0x02bc)
15:01:04.073  INFO    -> rpm
15:01:04.078  INFO    <- OK ret=0 rpm=525 (hex=0x020d)
15:01:04.273  INFO    -> rpm
15:01:04.278  INFO    <- OK ret=0 rpm=825 (hex=0x0339)
15:01:04.473  INFO    -> rpm
15:01:04.478  INFO    <- OK ret=0 rpm=725 (hex=0x02d5)
15:01:04.479  INFO    -> current
15:01:04.485  INFO    <- OK ret=0 val1=-0.29 val2=-0.15
15:01:04.673  INFO    -> rpm
15:01:04.678  INFO    <- OK ret=0 rpm=925 (hex=0x039d)
15:01:04.873  INFO    -> rpm
15:01:04.878  INFO    <- OK ret=0 rpm=875 (hex=0x036b)
15:01:05.073  INFO    -> rpm
15:01:05.078  INFO    <- OK ret=0 rpm=950 (hex=0x03b6)
15:01:05.274  INFO    -> rpm
15:01:05.279  INFO    <- OK ret=0 rpm=950 (hex=0x03b6)
15:01:05.473  INFO    -> rpm
15:01:05.478  INFO    <- OK ret=0 rpm=950 (hex=0x03b6)
15:01:05.479  INFO    -> current
15:01:05.485  INFO    <- OK ret=0 val1=-0.49 val2=-0.34
15:01:05.673  INFO    -> rpm
15:01:05.678  INFO    <- OK ret=0 rpm=975 (hex=0x03cf)
15:01:05.873  INFO    -> rpm
15:01:05.882  INFO    <- OK ret=0 rpm=975 (hex=0x03cf)
15:01:06.073  INFO    -> rpm
15:01:06.078  INFO    <- OK ret=0 rpm=975 (hex=0x03cf)
15:01:06.273  INFO    -> rpm
15:01:06.278  INFO    <- OK ret=0 rpm=1000 (hex=0x03e8)
15:01:06.473  INFO    -> rpm
15:01:06.478  INFO    <- OK ret=0 rpm=975 (hex=0x03cf)
15:01:06.479  INFO    -> current
15:01:06.484  INFO    <- OK ret=0 val1=-0.49 val2=-0.34
15:01:06.673  INFO    -> rpm
15:01:06.678  INFO    <- OK ret=0 rpm=1025 (hex=0x0401)
15:01:06.874  INFO    -> rpm
15:01:06.879  INFO    <- OK ret=0 rpm=975 (hex=0x03cf)
15:01:07.073  INFO    -> rpm
15:01:07.078  INFO    <- OK ret=0 rpm=1000 (hex=0x03e8)
15:01:07.273  INFO    -> rpm
15:01:07.278  INFO    <- OK ret=0 rpm=1025 (hex=0x0401)
15:01:07.473  INFO    -> rpm
15:01:07.478  INFO    <- OK ret=0 rpm=975 (hex=0x03cf)
15:01:07.479  INFO    -> current
15:01:07.485  INFO    <- OK ret=0 val1=-0.49 val2=-0.44
15:01:07.673  INFO    -> rpm
15:01:07.678  INFO    <- OK ret=0 rpm=1000 (hex=0x03e8)
15:01:07.873  INFO    -> rpm
15:01:07.878  INFO    <- OK ret=0 rpm=1025 (hex=0x0401)
15:01:08.074  INFO    -> rpm
15:01:08.078  INFO    <- OK ret=0 rpm=1025 (hex=0x0401)
15:01:08.273  INFO    -> rpm
15:01:08.278  INFO    <- OK ret=0 rpm=975 (hex=0x03cf)
15:01:08.473  INFO    -> rpm
15:01:08.478  INFO    <- OK ret=0 rpm=1025 (hex=0x0401)
15:01:08.479  INFO    -> current
15:01:08.485  INFO    <- OK ret=0 val1=-0.54 val2=-0.39
15:01:08.673  INFO    -> rpm
15:01:08.678  INFO    <- OK ret=0 rpm=1000 (hex=0x03e8)
15:01:08.873  INFO    -> rpm
15:01:08.879  INFO    <- OK ret=0 rpm=1000 (hex=0x03e8)
15:01:09.073  INFO    -> rpm
15:01:09.078  INFO    <- OK ret=0 rpm=975 (hex=0x03cf)
15:01:09.273  INFO    -> rpm
15:01:09.278  INFO    <- OK ret=0 rpm=1050 (hex=0x041a)
15:01:09.473  INFO    -> rpm
15:01:09.478  INFO    <- OK ret=0 rpm=975 (hex=0x03cf)
15:01:09.479  INFO    -> current
15:01:09.485  INFO    <- OK ret=0 val1=-0.54 val2=-0.44
15:01:09.673  INFO    -> rpm
15:01:09.678  INFO    <- OK ret=0 rpm=1000 (hex=0x03e8)
15:01:09.873  INFO    -> rpm
15:01:09.878  INFO    <- OK ret=0 rpm=975 (hex=0x03cf)
15:01:10.074  INFO    -> rpm
15:01:10.078  INFO    <- OK ret=0 rpm=1025 (hex=0x0401)
15:01:10.273  INFO    -> rpm
15:01:10.278  INFO    <- OK ret=0 rpm=1000 (hex=0x03e8)
15:01:10.279  INFO    -> speed 800
15:01:10.284  INFO    <- OK
15:01:10.534  INFO    -> speed 600
15:01:10.539  INFO    <- OK
15:01:10.790  INFO    -> speed 400
15:01:10.795  INFO    <- OK
15:01:11.046  INFO    -> speed 200
15:01:11.050  INFO    <- OK
15:01:11.301  INFO    -> speed 0
15:01:11.306  INFO    <- OK
