15:02:09.270  INFO    -> pi 0.06 0.02
15:02:09.273  INFO    <- OK
15:02:09.274  INFO    -> speed 0
15:02:09.277  INFO    <- OK
15:02:09.277  INFO    -> speed 1000
15:02:09.280  INFO    <- OK
15:02:09.281  INFO    -> rpm
15:02:09.285  INFO    <- OK ret=0 rpm=0 (hex=0x0000)
15:02:09.285  INFO    -> current
15:02:09.294  INFO    <- OK ret=0 val1=-0.10 val2=0.05
15:02:09.481  INFO    -> rpm
15:02:09.485  INFO    <- OK ret=0 rpm=700 (hex=0x02bc)
15:02:09.681  INFO    -> rpm
15:02:09.685  INFO    <- OK ret=0 rpm=725 (hex=0x02d5)
15:02:09.881  INFO    -> rpm
15:02:09.885  INFO    <- OK ret=0 rpm=675 (hex=0x02a3)
15:02:10.081  INFO    -> rpm
15:02:10.086  INFO    <- OK ret=0 rpm=900 (hex=0x0384)
15:02:10.281  INFO    -> rpm
15:02:10.286  INFO    <- OK ret=0 rpm=875 (hex=0x036b)
15:02:10.287  INFO    -> current
15:02:10.293  INFO    <- OK ret=0 val1=-0.39 val2=-0.34
15:02:10.481  INFO    -> rpm
15:02:10.486  INFO    <- OK ret=0 rpm=950 (hex=0x03b6)
15:02:10.681  INFO    -> rpm
15:02:10.686  INFO    <- OK ret=0 rpm=950 (hex=0x03b6)
15:02:10.881  INFO    -> rpm
15:02:10.886  INFO    <- OK ret=0 rpm=925 (hex=0x039d)
15:02:11.081  INFO    -> rpm
15:02:11.086  INFO    <- OK ret=0 rpm=975 (hex=0x03cf)
15:02:11.281  INFO    -> rpm
15:02:11.286  INFO    <- OK ret=0 rpm=950 (hex=0x03b6)
15:02:11.286  INFO    -> current
15:02:11.292  INFO    <- OK ret=0 val1=-0.54 val2=-0.34
15:02:11.481  INFO    -> rpm
15:02:11.486  INFO    <- OK ret=0 rpm=1025 (hex=0x0401)
15:02:11.681  INFO    -> rpm
15:02:11.686  INFO    <- OK ret=0 rpm=975 (hex=0x03cf)
15:02:11.881  INFO    -> rpm
15:02:11.886  INFO    <- OK ret=0 rpm=1025 (hex=0x0401)
15:02:12.081  INFO    -> rpm
15:02:12.086  INFO    <- OK ret=0 rpm=975 (hex=0x03cf)
15:02:12.281  INFO    -> rpm
15:02:12.286  INFO    <- OK ret=0 rpm=1000 (hex=0x03e8)
15:02:12.286  INFO    -> current
15:02:12.292  INFO    <- OK ret=0 val1=-0.54 val2=-0.49
15:02:12.481  INFO    -> rpm
15:02:12.486  INFO    <- OK ret=0 rpm=1000 (hex=0x03e8)
15:02:12.681  INFO    -> rpm
15:02:12.686  INFO    <- OK ret=0 rpm=1000 (hex=0x03e8)
15:02:12.881  INFO    -> rpm
15:02:12.886  INFO    <- OK ret=0 rpm=950 (hex=0x03b6)
15:02:13.081  INFO    -> rpm
15:02:13.086  INFO    <- OK ret=0 rpm=1025 (hex=0x0401)
15:02:13.281  INFO    -> rpm
15:02:13.286  INFO    <- OK ret=0 rpm=950 (hex=0x03b6)
15:02:13.286  INFO    -> current
15:02:13.292  INFO    <- OK ret=0 val1=-0.54 val2=-0.44
15:02:13.481  INFO    -> rpm
15:02:13.486  INFO    <- OK ret=0 rpm=1050 (hex=0x041a)
15:02:13.681  INFO    -> rpm
15:02:13.686  INFO    <- OK ret=0 rpm=950 (hex=0x03b6)
15:02:13.881  INFO    -> rpm
15:02:13.886  INFO    <- OK ret=0 rpm=1025 (hex=0x0401)
15:02:14.081  INFO    -> rpm
15:02:14.086  INFO    <- OK ret=0 rpm=975 (hex=0x03cf)
15:02:14.281  INFO    -> rpm
15:02:14.286  INFO    <- OK ret=0 rpm=1025 (hex=0x0401)
15:02:14.286  INFO    -> current
15:02:14.292  INFO    <- OK ret=0 val1=-0.54 val2=-0.49
15:02:14.481  INFO    -> rpm
15:02:14.486  INFO    <- OK ret=0 rpm=1025 (hex=0x0401)
15:02:14.681  INFO    -> rpm
15:02:14.686  INFO    <- OK ret=0 rpm=1000 (hex=0x03e8)
15:02:14.881  INFO    -> rpm
15:02:14.886  INFO    <- OK ret=0 rpm=1000 (hex=0x03e8)
15:02:15.081  INFO    -> rpm
15:02:15.086  INFO    <- OK ret=0 rpm=1025 (hex=0x0401)
15:02:15.281  INFO    -> rpm
15:02:15.286  INFO    <- OK ret=0 rpm=1000 (hex=0x03e8)
15:02:15.286  INFO    -> current
15:02:15.293  INFO    <- OK ret=0 val1=-0.54 val2=-0.49
15:02:15.481  INFO    -> rpm
15:02:15.486  INFO    <- OK ret=0 rpm=1000 (hex=0x03e8)
15:02:15.681  INFO    -> rpm
15:02:15.686  INFO    <- OK ret=0 rpm=975 (hex=0x03cf)
15:02:15.881  INFO    -> rpm
15:02:15.886  INFO    <- OK ret=0 rpm=1025 (hex=0x0401)
15:02:16.081  INFO    -> rpm
15:02:16.086  INFO    <- OK ret=0 rpm=1000 (hex=0x03e8)
15:02:16.086  INFO    -> speed 800
15:02:16.091  INFO    <- OK
15:02:16.342  INFO    -> speed 600
15:02:16.347  INFO    <- OK
15:02:16.597  INFO    -> speed 400
15:02:16.602  INFO    <- OK
15:02:16.853  INFO    -> speed 200
15:02:16.858  INFO    <- OK
15:02:17.109  INFO    -> speed 0
15:02:17.113  INFO    <- OK
