15:01:41.716  INFO    -> pi 0.06 -0.02
15:01:41.720  INFO    <- OK
15:01:41.720  INFO    -> speed 0
15:01:41.723  INFO    <- OK
15:01:41.724  INFO    -> speed 1000
15:01:41.727  INFO    <- OK
15:01:41.727  INFO    -> rpm
15:01:41.731  INFO    <- OK ret=0 rpm=0 (hex=0x0000)
15:01:41.731  INFO    -> current
15:01:41.736  INFO    <- OK ret=0 val1=-0.10 val2=0.05
15:01:41.927  INFO    -> rpm
15:01:41.931  INFO    <- OK ret=0 rpm=300 (hex=0x012c)
15:01:42.127  INFO    -> rpm
15:01:42.131  INFO    <- OK ret=0 rpm=825 (hex=0x0339)
15:01:42.327  INFO    -> rpm
15:01:42.332  INFO    <- OK ret=0 rpm=600 (hex=0x0258)
15:01:42.527  INFO    -> rpm
15:01:42.532  INFO    <- OK ret=0 rpm=850 (hex=0x0352)
15:01:42.727  INFO    -> rpm
15:01:42.732  INFO    <- OK ret=0 rpm=850 (hex=0x0352)
15:01:42.733  INFO    -> current
15:01:42.738  INFO    <- OK ret=0 val1=-0.20 val2=0.00
15:01:42.927  INFO    -> rpm
15:01:42.932  INFO    <- OK ret=0 rpm=850 (hex=0x0352)
15:01:43.127  INFO    -> rpm
15:01:43.132  INFO    <- OK ret=0 rpm=925 (hex=0x039d)
15:01:43.327  INFO    -> rpm
15:01:43.332  INFO    <- OK ret=0 rpm=950 (hex=0x03b6)
15:01:43.527  INFO    -> rpm
15:01:43.532  INFO    <- OK ret=0 rpm=975 (hex=0x03cf)
15:01:43.727  INFO    -> rpm
15:01:43.732  INFO    <- OK ret=0 rpm=975 (hex=0x03cf)
15:01:43.733  INFO    -> current
15:01:43.738  INFO    <- OK ret=0 val1=-0.49 val2=-0.34
15:01:43.927  INFO    -> rpm
15:01:43.932  INFO    <- OK ret=0 rpm=975 (hex=0x03cf)
15:01:44.127  INFO    -> rpm
15:01:44.132  INFO    <- OK ret=0 rpm=975 (hex=0x03cf)
15:01:44.327  INFO    -> rpm
15:01:44.332  INFO    <- OK ret=0 rpm=975 (hex=0x03cf)
15:01:44.527  INFO    -> rpm
15:01:44.532  INFO    <- OK ret=0 rpm=1025 (hex=0x0401)
15:01:44.727  INFO    -> rpm
15:01:44.732  INFO    <- OK ret=0 rpm=975 (hex=0x03cf)
15:01:44.733  INFO    -> current
15:01:44.738  INFO    <- OK ret=0 val1=-0.44 val2=-0.44
15:01:44.927  INFO    -> rpm
15:01:44.932  INFO    <- OK ret=0 rpm=1000 (hex=0x03e8)
15:01:45.127  INFO    -> rpm
15:01:45.132  INFO    <- OK ret=0 rpm=1000 (hex=0x03e8)
15:01:45.327  INFO    -> rpm
15:01:45.332  INFO    <- OK ret=0 rpm=1000 (hex=0x03e8)
15:01:45.527  INFO    -> rpm
15:01:45.532  INFO    <- OK ret=0 rpm=1000 (hex=0x03e8)
15:01:45.727  INFO    -> rpm
15:01:45.732  INFO    <- OK ret=0 rpm=1000 (hex=0x03e8)
15:01:45.733  INFO    -> current
15:01:45.738  INFO    <- OK ret=0 val1=-0.49 val2=-0.54
15:01:45.927  INFO    -> rpm
15:01:45.932  INFO    <- OK ret=0 rpm=1000 (hex=0x03e8)
15:01:46.127  INFO    -> rpm
15:01:46.132  INFO    <- OK ret=0 rpm=1025 (hex=0x0401)
15:01:46.327  INFO    -> rpm
15:01:46.332  INFO    <- OK ret=0 rpm=1000 (hex=0x03e8)
15:01:46.527  INFO    -> rpm
15:01:46.532  INFO    <- OK ret=0 rpm=1025 (hex=0x0401)
15:01:46.727  INFO    -> rpm
15:01:46.732  INFO    <- OK ret=0 rpm=1000 (hex=0x03e8)
15:01:46.733  INFO    -> current
15:01:46.738  INFO    <- OK ret=0 val1=-0.49 val2=-0.44
15:01:46.927  INFO    -> rpm
15:01:46.932  INFO    <- OK ret=0 rpm=1000 (hex=0x03e8)
15:01:47.127  INFO    -> rpm
15:01:47.132  INFO    <- OK ret=0 rpm=975 (hex=0x03cf)
15:01:47.327  INFO    -> rpm
15:01:47.332  INFO    <- OK ret=0 rpm=1000 (hex=0x03e8)
15:01:47.527  INFO    -> rpm
15:01:47.532  INFO    <- OK ret=0 rpm=1025 (hex=0x0401)
15:01:47.727  INFO    -> rpm
15:01:47.732  INFO    <- OK ret=0 rpm=1000 (hex=0x03e8)
15:01:47.733  INFO    -> current
15:01:47.738  INFO    <- OK ret=0 val1=-0.49 val2=-0.44
15:01:47.927  INFO    -> rpm
15:01:47.932  INFO    <- OK ret=0 rpm=1000 (hex=0x03e8)
15:01:48.127  INFO    -> rpm
15:01:48.132  INFO    <- OK ret=0 rpm=1025 (hex=0x0401)
15:01:48.327  INFO    -> rpm
15:01:48.332  INFO    <- OK ret=0 rpm=1000 (hex=0x03e8)
15:01:48.527  INFO    -> rpm
15:01:48.532  INFO    <- OK ret=0 rpm=1000 (hex=0x03e8)
15:01:48.533  INFO    -> speed 800
15:01:48.537  INFO    <- OK
15:01:48.788  INFO    -> speed 600
15:01:48.793  INFO    <- OK
15:01:49.044  INFO    -> speed 400
15:01:49.049  INFO    <- OK
15:01:49.299  INFO    -> speed 200
15:01:49.304  INFO    <- OK
15:01:49.555  INFO    -> speed 0
15:01:49.560  INFO    <- OK
