15:02:51.954  INFO    -> pi 0.06 0.08
15:02:51.958  INFO    <- OK
15:02:51.958  INFO    -> speed 0
15:02:51.961  INFO    <- OK
15:02:51.962  INFO    -> speed 1000
15:02:51.965  INFO    <- OK
15:02:51.965  INFO    -> rpm
15:02:51.972  INFO    <- OK ret=0 rpm=0 (hex=0x0000)
15:02:51.972  INFO    -> current
15:02:51.977  INFO    <- OK ret=0 val1=-0.10 val2=0.05
15:02:52.166  INFO    -> rpm
15:02:52.169  INFO    <- OK ret=0 rpm=600 (hex=0x0258)
15:02:52.366  INFO    -> rpm
15:02:52.369  INFO    <- OK ret=0 rpm=825 (hex=0x0339)
15:02:52.566  INFO    -> rpm
15:02:52.570  INFO    <- OK ret=0 rpm=700 (hex=0x02bc)
15:02:52.766  INFO    -> rpm
15:02:52.771  INFO    <- OK ret=0 rpm=950 (hex=0x03b6)
15:02:52.966  INFO    -> rpm
15:02:52.971  INFO    <- OK ret=0 rpm=850 (hex=0x0352)
15:02:52.971  INFO    -> current
15:02:52.977  INFO    <- OK ret=0 val1=-0.20 val2=-0.05
15:02:53.166  INFO    -> rpm
15:02:53.171  INFO    <- OK ret=0 rpm=975 (hex=0x03cf)
15:02:53.366  INFO    -> rpm
15:02:53.371  INFO    <- OK ret=0 rpm=975 (hex=0x03cf)
15:02:53.566  INFO    -> rpm
15:02:53.571  INFO    <- OK ret=0 rpm=1000 (hex=0x03e8)
15:02:53.766  INFO    -> rpm
15:02:53.771  INFO    <- OK ret=0 rpm=975 (hex=0x03cf)
15:02:53.966  INFO    -> rpm
15:02:53.973  INFO    <- OK ret=0 rpm=1000 (hex=0x03e8)
15:02:53.974  INFO    -> current
15:02:53.980  INFO    <- OK ret=0 val1=-0.49 val2=-0.39
15:02:54.166  INFO    -> rpm
15:02:54.171  INFO    <- OK ret=0 rpm=975 (hex=0x03cf)
15:02:54.366  INFO    -> rpm
15:02:54.371  INFO    <- OK ret=0 rpm=1000 (hex=0x03e8)
15:02:54.566  INFO    -> rpm
15:02:54.571  INFO    <- OK ret=0 rpm=1000 (hex=0x03e8)
15:02:54.766  INFO    -> rpm
15:02:54.771  INFO    <- OK ret=0 rpm=1000 (hex=0x03e8)
15:02:54.966  INFO    -> rpm
15:02:54.971  INFO    <- OK ret=0 rpm=975 (hex=0x03cf)
15:02:54.971  INFO    -> current
15:02:54.984  INFO    <- OK ret=0 val1=-0.49 val2=-0.49
15:02:55.166  INFO    -> rpm
15:02:55.171  INFO    <- OK ret=0 rpm=1000 (hex=0x03e8)
15:02:55.366  INFO    -> rpm
15:02:55.371  INFO    <- OK ret=0 rpm=1000 (hex=0x03e8)
15:02:55.566  INFO    -> rpm
15:02:55.571  INFO    <- OK ret=0 rpm=1025 (hex=0x0401)
15:02:55.766  INFO    -> rpm
15:02:55.771  INFO    <- OK ret=0 rpm=975 (hex=0x03cf)
15:02:55.966  INFO    -> rpm
15:02:55.971  INFO    <- OK ret=0 rpm=1000 (hex=0x03e8)
15:02:55.971  INFO    -> current
15:02:55.977  INFO    <- OK ret=0 val1=-0.54 val2=-0.39
15:02:56.166  INFO    -> rpm
15:02:56.170  INFO    <- OK ret=0 rpm=1000 (hex=0x03e8)
15:02:56.366  INFO    -> rpm
15:02:56.371  INFO    <- OK ret=0 rpm=1000 (hex=0x03e8)
15:02:56.566  INFO    -> rpm
15:02:56.571  INFO    <- OK ret=0 rpm=1000 (hex=0x03e8)
15:02:56.766  INFO    -> rpm
15:02:56.771  INFO    <- OK ret=0 rpm=975 (hex=0x03cf)
15:02:56.966  INFO    -> rpm
15:02:56.974  INFO    <- OK ret=0 rpm=1025 (hex=0x0401)
15:02:56.974  INFO    -> current
15:02:56.981  INFO    <- OK ret=0 val1=-0.49 val2=-0.54
15:02:57.166  INFO    -> rpm
15:02:57.171  INFO    <- OK ret=0 rpm=975 (hex=0x03cf)
15:02:57.366  INFO    -> rpm
15:02:57.371  INFO    <- OK ret=0 rpm=1000 (hex=0x03e8)
15:02:57.566  INFO    -> rpm
15:02:57.571  INFO    <- OK ret=0 rpm=1000 (hex=0x03e8)
15:02:57.766  INFO    -> rpm
15:02:57.771  INFO    <- OK ret=0 rpm=1000 (hex=0x03e8)
15:02:57.966  INFO    -> rpm
15:02:57.971  INFO    <- OK ret=0 rpm=950 (hex=0x03b6)
15:02:57.971  INFO    -> current
15:02:57.977  INFO    <- OK ret=0 val1=-0.44 val2=-0.39
15:02:58.166  INFO    -> rpm
15:02:58.171  INFO    <- OK ret=0 rpm=1000 (hex=0x03e8)
15:02:58.366  INFO    -> rpm
15:02:58.371  INFO    <- OK ret=0 rpm=975 (hex=0x03cf)
15:02:58.566  INFO    -> rpm
15:02:58.571  INFO    <- OK ret=0 rpm=1000 (hex=0x03e8)
15:02:58.766  INFO    -> rpm
15:02:58.771  INFO    <- OK ret=0 rpm=1000 (hex=0x03e8)
15:02:58.771  INFO    -> speed 800
15:02:58.776  INFO    <- OK
15:02:59.027  INFO    -> speed 600
15:02:59.032  INFO    <- OK
15:02:59.283  INFO    -> speed 400
15:02:59.288  INFO    <- OK
15:02:59.539  INFO    -> speed 200
15:02:59.543  INFO    <- OK
15:02:59.794  INFO    -> speed 0
15:02:59.799  INFO    <- OK
