15:01:55.461  INFO    -> pi 0.06 0.0
15:01:55.464  INFO    <- OK
15:01:55.465  INFO    -> speed 0
15:01:55.468  INFO    <- OK
15:01:55.468  INFO    -> speed 1000
15:01:55.471  INFO    <- OK
15:01:55.472  INFO    -> rpm
15:01:55.475  INFO    <- OK ret=0 rpm=0 (hex=0x0000)
15:01:55.476  INFO    -> current
15:01:55.481  INFO    <- OK ret=0 val1=-0.10 val2=0.05
15:01:55.672  INFO    -> rpm
15:01:55.676  INFO    <- OK ret=0 rpm=0 (hex=0x0000)
15:01:55.872  INFO    -> rpm
15:01:55.876  INFO    <- OK ret=0 rpm=25 (hex=0x0019)
15:01:56.072  INFO    -> rpm
15:01:56.077  INFO    <- OK ret=0 rpm=1550 (hex=0x060e)
15:01:56.272  INFO    -> rpm
15:01:56.277  INFO    <- OK ret=0 rpm=800 (hex=0x0320)
15:01:56.472  INFO    -> rpm
15:01:56.477  INFO    <- OK ret=0 rpm=975 (hex=0x03cf)
15:01:56.477  INFO    -> current
15:01:56.483  INFO    <- OK ret=0 val1=-0.54 val2=-0.39
15:01:56.672  INFO    -> rpm
15:01:56.677  INFO    <- OK ret=0 rpm=1000 (hex=0x03e8)
15:01:56.872  INFO    -> rpm
15:01:56.877  INFO    <- OK ret=0 rpm=975 (hex=0x03cf)
15:01:57.072  INFO    -> rpm
15:01:57.077  INFO    <- OK ret=0 rpm=1025 (hex=0x0401)
15:01:57.272  INFO    -> rpm
15:01:57.277  INFO    <- OK ret=0 rpm=950 (hex=0x03b6)
15:01:57.472  INFO    -> rpm
15:01:57.477  INFO    <- OK ret=0 rpm=1025 (hex=0x0401)
15:01:57.477  INFO    -> current
15:01:57.483  INFO    <- OK ret=0 val1=-0.54 val2=-0.59
15:01:57.672  INFO    -> rpm
15:01:57.677  INFO    <- OK ret=0 rpm=975 (hex=0x03cf)
15:01:57.872  INFO    -> rpm
15:01:57.877  INFO    <- OK ret=0 rpm=1025 (hex=0x0401)
15:01:58.072  INFO    -> rpm
15:01:58.077  INFO    <- OK ret=0 rpm=975 (hex=0x03cf)
15:01:58.272  INFO    -> rpm
15:01:58.277  INFO    <- OK ret=0 rpm=1025 (hex=0x0401)
15:01:58.472  INFO    -> rpm
15:01:58.477  INFO    <- OK ret=0 rpm=975 (hex=0x03cf)
15:01:58.477  INFO    -> current
15:01:58.483  INFO    <- OK ret=0 val1=-0.44 val2=-0.49
15:01:58.672  INFO    -> rpm
15:01:58.677  INFO    <- OK ret=0 rpm=1025 (hex=0x0401)
15:01:58.872  INFO    -> rpm
15:01:58.877  INFO    <- OK ret=0 rpm=1000 (hex=0x03e8)
15:01:59.072  INFO    -> rpm
15:01:59.077  INFO    <- OK ret=0 rpm=1000 (hex=0x03e8)
15:01:59.272  INFO    -> rpm
15:01:59.277  INFO    <- OK ret=0 rpm=1000 (hex=0x03e8)
15:01:59.472  INFO    -> rpm
15:01:59.477  INFO    <- OK ret=0 rpm=1000 (hex=0x03e8)
15:01:59.477  INFO    -> current
15:01:59.483  INFO    <- OK ret=0 val1=-0.49 val2=-0.44
15:01:59.672  INFO    -> rpm
15:01:59.677  INFO    <- OK ret=0 rpm=1000 (hex=0x03e8)
15:01:59.872  INFO    -> rpm
15:01:59.877  INFO    <- OK ret=0 rpm=1025 (hex=0x0401)
15:02:00.072  INFO    -> rpm
15:02:00.077  INFO    <- OK ret=0 rpm=1000 (hex=0x03e8)
15:02:00.272  INFO    -> rpm
15:02:00.277  INFO    <- OK ret=0 rpm=1000 (hex=0x03e8)
15:02:00.472  INFO    -> rpm
15:02:00.477  INFO    <- OK ret=0 rpm=975 (hex=0x03cf)
15:02:00.477  INFO    -> current
15:02:00.483  INFO    <- OK ret=0 val1=-0.44 val2=-0.49
15:02:00.672  INFO    -> rpm
15:02:00.677  INFO    <- OK ret=0 rpm=1025 (hex=0x0401)
15:02:00.872  INFO    -> rpm
15:02:00.877  INFO    <- OK ret=0 rpm=975 (hex=0x03cf)
15:02:01.072  INFO    -> rpm
15:02:01.077  INFO    <- OK ret=0 rpm=1025 (hex=0x0401)
15:02:01.272  INFO    -> rpm
15:02:01.277  INFO    <- OK ret=0 rpm=975 (hex=0x03cf)
15:02:01.472  INFO    -> rpm
15:02:01.477  INFO    <- OK ret=0 rpm=1025 (hex=0x0401)
15:02:01.477  INFO    -> current
15:02:01.483  INFO    <- OK ret=0 val1=-0.49 val2=-0.39
15:02:01.672  INFO    -> rpm
15:02:01.677  INFO    <- OK ret=0 rpm=1000 (hex=0x03e8)
15:02:01.872  INFO    -> rpm
15:02:01.877  INFO    <- OK ret=0 rpm=1000 (hex=0x03e8)
15:02:02.072  INFO    -> rpm
15:02:02.077  INFO    <- OK ret=0 rpm=1000 (hex=0x03e8)
15:02:02.272  INFO    -> rpm
15:02:02.277  INFO    <- OK ret=0 rpm=1025 (hex=0x0401)
15:02:02.277  INFO    -> speed 800
15:02:02.282  INFO    <- OK
15:02:02.533  INFO    -> speed 600
15:02:02.537  INFO    <- OK
15:02:02.788  INFO    -> speed 400
15:02:02.793  INFO    <- OK
15:02:03.044  INFO    -> speed 200
15:02:03.049  INFO    <- OK
15:02:03.299  INFO    -> speed 0
15:02:03.304  INFO    <- OK
