15:40:47.920  INFO    -> pi -0.02 -0.08
15:40:47.924  INFO    <- OK
15:40:47.924  INFO    -> speed 0
15:40:47.928  INFO    <- OK
15:40:47.928  INFO    -> speed 1000
15:40:47.931  INFO    <- OK
15:40:47.931  INFO    -> rpm
15:40:47.936  INFO    <- OK ret=0 rpm=0 (hex=0x0000)
15:40:47.936  INFO    -> current
15:40:47.941  INFO    <- OK ret=0 val1=-0.10 val2=0.05
15:40:48.132  INFO    -> rpm
15:40:48.135  INFO    <- OK ret=0 rpm=0 (hex=0x0000)
15:40:48.332  INFO    -> rpm
15:40:48.335  INFO    <- OK ret=0 rpm=325 (hex=0x0145)
15:40:48.532  INFO    -> rpm
15:40:48.536  INFO    <- OK ret=0 rpm=900 (hex=0x0384)
15:40:48.732  INFO    -> rpm
15:40:48.736  INFO    <- OK ret=0 rpm=825 (hex=0x0339)
15:40:48.932  INFO    -> rpm
15:40:48.937  INFO    <- OK ret=0 rpm=900 (hex=0x0384)
15:40:48.937  INFO    -> current
15:40:48.943  INFO    <- OK ret=0 val1=-0.44 val2=-0.20
15:40:49.132  INFO    -> rpm
15:40:49.136  INFO    <- OK ret=0 rpm=950 (hex=0x03b6)
15:40:49.332  INFO    -> rpm
15:40:49.336  INFO    <- OK ret=0 rpm=925 (hex=0x039d)
15:40:49.532  INFO    -> rpm
15:40:49.536  INFO    <- OK ret=0 rpm=975 (hex=0x03cf)
15:40:49.732  INFO    -> rpm
15:40:49.737  INFO    <- OK ret=0 rpm=975 (hex=0x03cf)
15:40:49.932  INFO    -> rpm
15:40:49.937  INFO    <- OK ret=0 rpm=1000 (hex=0x03e8)
15:40:49.937  INFO    -> current
15:40:49.943  INFO    <- OK ret=0 val1=-0.44 val2=-0.49
15:40:50.132  INFO    -> rpm
15:40:50.137  INFO    <- OK ret=0 rpm=975 (hex=0x03cf)
15:40:50.332  INFO    -> rpm
15:40:50.340  INFO    <- OK ret=0 rpm=1000 (hex=0x03e8)
15:40:50.532  INFO    -> rpm
15:40:50.536  INFO    <- OK ret=0 rpm=975 (hex=0x03cf)
15:40:50.732  INFO    -> rpm
15:40:50.737  INFO    <- OK ret=0 rpm=1000 (hex=0x03e8)
15:40:50.932  INFO    -> rpm
15:40:50.937  INFO    <- OK ret=0 rpm=975 (hex=0x03cf)
15:40:50.937  INFO    -> current
15:40:50.943  INFO    <- OK ret=0 val1=-0.59 val2=-0.39
15:40:51.132  INFO    -> rpm
15:40:51.137  INFO    <- OK ret=0 rpm=1000 (hex=0x03e8)
15:40:51.332  INFO    -> rpm
15:40:51.337  INFO    <- OK ret=0 rpm=1000 (hex=0x03e8)
15:40:51.532  INFO    -> rpm
15:40:51.536  INFO    <- OK ret=0 rpm=1000 (hex=0x03e8)
15:40:51.732  INFO    -> rpm
15:40:51.736  INFO    <- OK ret=0 rpm=1000 (hex=0x03e8)
15:40:51.932  INFO    -> rpm
15:40:51.937  INFO    <- OK ret=0 rpm=1000 (hex=0x03e8)
15:40:51.937  INFO    -> current
15:40:51.943  INFO    <- OK ret=0 val1=-0.49 val2=-0.39
15:40:52.132  INFO    -> rpm
15:40:52.136  INFO    <- OK ret=0 rpm=1000 (hex=0x03e8)
15:40:52.332  INFO    -> rpm
15:40:52.336  INFO    <- OK ret=0 rpm=1000 (hex=0x03e8)
15:40:52.532  INFO    -> rpm
15:40:52.536  INFO    <- OK ret=0 rpm=1000 (hex=0x03e8)
15:40:52.732  INFO    -> rpm
15:40:52.737  INFO    <- OK ret=0 rpm=1000 (hex=0x03e8)
15:40:52.932  INFO    -> rpm
15:40:52.936  INFO    <- OK ret=0 rpm=1000 (hex=0x03e8)
15:40:52.937  INFO    -> current
15:40:52.942  INFO    <- OK ret=0 val1=-0.54 val2=-0.59
15:40:53.132  INFO    -> rpm
15:40:53.137  INFO    <- OK ret=0 rpm=1025 (hex=0x0401)
15:40:53.332  INFO    -> rpm
15:40:53.337  INFO    <- OK ret=0 rpm=1000 (hex=0x03e8)
15:40:53.532  INFO    -> rpm
15:40:53.537  INFO    <- OK ret=0 rpm=1025 (hex=0x0401)
15:40:53.732  INFO    -> rpm
15:40:53.737  INFO    <- OK ret=0 rpm=975 (hex=0x03cf)
15:40:53.932  INFO    -> rpm
15:40:53.937  INFO    <- OK ret=0 rpm=1025 (hex=0x0401)
15:40:53.937  INFO    -> current
15:40:53.943  INFO    <- OK ret=0 val1=-0.49 val2=-0.44
15:40:54.132  INFO    -> rpm
15:40:54.137  INFO    <- OK ret=0 rpm=1000 (hex=0x03e8)
15:40:54.332  INFO    -> rpm
15:40:54.337  INFO    <- OK ret=0 rpm=1025 (hex=0x0401)
15:40:54.532  INFO    -> rpm
15:40:54.536  INFO    <- OK ret=0 rpm=975 (hex=0x03cf)
15:40:54.732  INFO    -> rpm
15:40:54.737  INFO    <- OK ret=0 rpm=1000 (hex=0x03e8)
15:40:54.737  INFO    -> speed 800
15:40:54.742  INFO    <- OK
15:40:54.992  INFO    -> speed 600
15:40:54.997  INFO    <- OK
15:40:55.248  INFO    -> speed 400
15:40:55.253  INFO    <- OK
15:40:55.504  INFO    -> speed 200
15:40:55.508  INFO    <- OK
15:40:55.759  INFO    -> speed 0
15:40:55.764  INFO    <- OK
