15:42:07.589  INFO    -> pi -0.02 0.04
15:42:07.593  INFO    <- OK
15:42:07.593  INFO    -> speed 0
15:42:07.596  INFO    <- OK
15:42:07.596  INFO    -> speed 1000
15:42:07.600  INFO    <- OK
15:42:07.600  INFO    -> rpm
15:42:07.604  INFO    <- OK ret=0 rpm=0 (hex=0x0000)
15:42:07.605  INFO    -> current
15:42:07.609  INFO    <- OK ret=0 val1=-0.10 val2=0.05
15:42:07.800  INFO    -> rpm
15:42:07.804  INFO    <- OK ret=0 rpm=0 (hex=0x0000)
15:42:08.000  INFO    -> rpm
15:42:08.004  INFO    <- OK ret=0 rpm=550 (hex=0x0226)
15:42:08.200  INFO    -> rpm
15:42:08.205  INFO    <- OK ret=0 rpm=1075 (hex=0x0433)
15:42:08.400  INFO    -> rpm
15:42:08.405  INFO    <- OK ret=0 rpm=875 (hex=0x036b)
15:42:08.600  INFO    -> rpm
15:42:08.605  INFO    <- OK ret=0 rpm=950 (hex=0x03b6)
15:42:08.606  INFO    -> current
15:42:08.611  INFO    <- OK ret=0 val1=-0.15 val2=0.00
15:42:08.800  INFO    -> rpm
15:42:08.805  INFO    <- OK ret=0 rpm=975 (hex=0x03cf)
15:42:09.000  INFO    -> rpm
15:42:09.005  INFO    <- OK ret=0 rpm=1000 (hex=0x03e8)
15:42:09.200  INFO    -> rpm
15:42:09.205  INFO    <- OK ret=0 rpm=1000 (hex=0x03e8)
15:42:09.400  INFO    -> rpm
15:42:09.405  INFO    <- OK ret=0 rpm=1000 (hex=0x03e8)
15:42:09.600  INFO    -> rpm
15:42:09.605  INFO    <- OK ret=0 rpm=975 (hex=0x03cf)
15:42:09.606  INFO    -> current
15:42:09.611  INFO    <- OK ret=0 val1=-0.68 val2=-0.54
15:42:09.800  INFO    -> rpm
15:42:09.805  INFO    <- OK ret=0 rpm=1000 (hex=0x03e8)
15:42:10.000  INFO    -> rpm
15:42:10.005  INFO    <- OK ret=0 rpm=1000 (hex=0x03e8)
15:42:10.200  INFO    -> rpm
15:42:10.205  INFO    <- OK ret=0 rpm=1000 (hex=0x03e8)
15:42:10.400  INFO    -> rpm
15:42:10.405  INFO    <- OK ret=0 rpm=1000 (hex=0x03e8)
15:42:10.600  INFO    -> rpm
15:42:10.605  INFO    <- OK ret=0 rpm=1025 (hex=0x0401)
15:42:10.606  INFO    -> current
15:42:10.611  INFO    <- OK ret=0 val1=-0.54 val2=-0.49
15:42:10.800  INFO    -> rpm
15:42:10.805  INFO    <- OK ret=0 rpm=1000 (hex=0x03e8)
15:42:11.000  INFO    -> rpm
15:42:11.005  INFO    <- OK ret=0 rpm=1000 (hex=0x03e8)
15:42:11.200  INFO    -> rpm
15:42:11.205  INFO    <- OK ret=0 rpm=975 (hex=0x03cf)
15:42:11.400  INFO    -> rpm
15:42:11.405  INFO    <- OK ret=0 rpm=1025 (hex=0x0401)
15:42:11.600  INFO    -> rpm
15:42:11.605  INFO    <- OK ret=0 rpm=1000 (hex=0x03e8)
15:42:11.606  INFO    -> current
15:42:11.611  INFO    <- OK ret=0 val1=-0.44 val2=-0.44
15:42:11.800  INFO    -> rpm
15:42:11.805  INFO    <- OK ret=0 rpm=1025 (hex=0x0401)
15:42:12.000  INFO    -> rpm
15:42:12.005  INFO    <- OK ret=0 rpm=975 (hex=0x03cf)
15:42:12.200  INFO    -> rpm
15:42:12.208  INFO    <- OK ret=0 rpm=1000 (hex=0x03e8)
15:42:12.400  INFO    -> rpm
15:42:12.405  INFO    <- OK ret=0 rpm=1025 (hex=0x0401)
15:42:12.600  INFO    -> rpm
15:42:12.605  INFO    <- OK ret=0 rpm=975 (hex=0x03cf)
15:42:12.606  INFO    -> current
15:42:12.611  INFO    <- OK ret=0 val1=-0.54 val2=-0.49
15:42:12.800  INFO    -> rpm
15:42:12.805  INFO    <- OK ret=0 rpm=1025 (hex=0x0401)
15:42:13.000  INFO    -> rpm
15:42:13.005  INFO    <- OK ret=0 rpm=1000 (hex=0x03e8)
15:42:13.200  INFO    -> rpm
15:42:13.205  INFO    <- OK ret=0 rpm=975 (hex=0x03cf)
15:42:13.400  INFO    -> rpm
15:42:13.405  INFO    <- OK ret=0 rpm=1025 (hex=0x0401)
15:42:13.600  INFO    -> rpm
15:42:13.605  INFO    <- OK ret=0 rpm=1000 (hex=0x03e8)
15:42:13.606  INFO    -> current
15:42:13.611  INFO    <- OK ret=0 val1=-0.54 val2=-0.59
15:42:13.800  INFO    -> rpm
15:42:13.805  INFO    <- OK ret=0 rpm=1000 (hex=0x03e8)
15:42:14.000  INFO    -> rpm
15:42:14.006  INFO    <- OK ret=0 rpm=1025 (hex=0x0401)
15:42:14.200  INFO    -> rpm
15:42:14.205  INFO    <- OK ret=0 rpm=975 (hex=0x03cf)
15:42:14.400  INFO    -> rpm
15:42:14.405  INFO    <- OK ret=0 rpm=975 (hex=0x03cf)
15:42:14.406  INFO    -> speed 800
15:42:14.410  INFO    <- OK
15:42:14.661  INFO    -> speed 600
15:42:14.666  INFO    <- OK
15:42:14.917  INFO    -> speed 400
15:42:14.921  INFO    <- OK
15:42:15.172  INFO    -> speed 200
15:42:15.177  INFO    <- OK
15:42:15.428  INFO    -> speed 0
15:42:15.432  INFO    <- OK
