15:42:20.314  INFO    -> pi -0.02 0.06
15:42:20.318  INFO    <- OK
15:42:20.318  INFO    -> speed 0
15:42:20.322  INFO    <- OK
15:42:20.322  INFO    -> speed 1000
15:42:20.325  INFO    <- OK
15:42:20.327  INFO    -> rpm
15:42:20.331  INFO    <- OK ret=0 rpm=0 (hex=0x0000)
15:42:20.331  INFO    -> current
15:42:20.336  INFO    <- OK ret=0 val1=-0.10 val2=0.05
15:42:20.527  INFO    -> rpm
15:42:20.531  INFO    <- OK ret=0 rpm=275 (hex=0x0113)
15:42:20.727  INFO    -> rpm
15:42:20.731  INFO    <- OK ret=0 rpm=850 (hex=0x0352)
15:42:20.927  INFO    -> rpm
15:42:20.932  INFO    <- OK ret=0 rpm=850 (hex=0x0352)
15:42:21.127  INFO    -> rpm
15:42:21.132  INFO    <- OK ret=0 rpm=875 (hex=0x036b)
15:42:21.327  INFO    -> rpm
15:42:21.332  INFO    <- OK ret=0 rpm=925 (hex=0x039d)
15:42:21.333  INFO    -> current
15:42:21.338  INFO    <- OK ret=0 val1=-0.34 val2=-0.24
15:42:21.527  INFO    -> rpm
15:42:21.532  INFO    <- OK ret=0 rpm=975 (hex=0x03cf)
15:42:21.727  INFO    -> rpm
15:42:21.732  INFO    <- OK ret=0 rpm=1000 (hex=0x03e8)
15:42:21.927  INFO    -> rpm
15:42:21.932  INFO    <- OK ret=0 rpm=1000 (hex=0x03e8)
15:42:22.127  INFO    -> rpm
15:42:22.132  INFO    <- OK ret=0 rpm=1000 (hex=0x03e8)
15:42:22.327  INFO    -> rpm
15:42:22.332  INFO    <- OK ret=0 rpm=1000 (hex=0x03e8)
15:42:22.333  INFO    -> current
15:42:22.338  INFO    <- OK ret=0 val1=-0.49 val2=-0.49
15:42:22.527  INFO    -> rpm
15:42:22.532  INFO    <- OK ret=0 rpm=1000 (hex=0x03e8)
15:42:22.727  INFO    -> rpm
15:42:22.732  INFO    <- OK ret=0 rpm=975 (hex=0x03cf)
15:42:22.927  INFO    -> rpm
15:42:22.932  INFO    <- OK ret=0 rpm=1000 (hex=0x03e8)
15:42:23.127  INFO    -> rpm
15:42:23.132  INFO    <- OK ret=0 rpm=1000 (hex=0x03e8)
15:42:23.327  INFO    -> rpm
15:42:23.332  INFO    <- OK ret=0 rpm=1000 (hex=0x03e8)
15:42:23.332  INFO    -> current
15:42:23.338  INFO    <- OK ret=0 val1=-0.54 val2=-0.49
15:42:23.527  INFO    -> rpm
15:42:23.532  INFO    <- OK ret=0 rpm=1000 (hex=0x03e8)
15:42:23.727  INFO    -> rpm
15:42:23.732  INFO    <- OK ret=0 rpm=975 (hex=0x03cf)
15:42:23.927  INFO    -> rpm
15:42:23.932  INFO    <- OK ret=0 rpm=1000 (hex=0x03e8)
15:42:24.127  INFO    -> rpm
15:42:24.132  INFO    <- OK ret=0 rpm=975 (hex=0x03cf)
15:42:24.327  INFO    -> rpm
15:42:24.332  INFO    <- OK ret=0 rpm=975 (hex=0x03cf)
15:42:24.333  INFO    -> current
15:42:24.338  INFO    <- OK ret=0 val1=-0.54 val2=-0.44
15:42:24.527  INFO    -> rpm
15:42:24.532  INFO    <- OK ret=0 rpm=1025 (hex=0x0401)
15:42:24.727  INFO    -> rpm
15:42:24.732  INFO    <- OK ret=0 rpm=1000 (hex=0x03e8)
15:42:24.927  INFO    -> rpm
15:42:24.932  INFO    <- OK ret=0 rpm=1025 (hex=0x0401)
15:42:25.127  INFO    -> rpm
15:42:25.132  INFO    <- OK ret=0 rpm=1000 (hex=0x03e8)
15:42:25.327  INFO    -> rpm
15:42:25.335  INFO    <- OK ret=0 rpm=1000 (hex=0x03e8)
15:42:25.335  INFO    -> current
15:42:25.345  INFO    <- OK ret=0 val1=-0.49 val2=-0.59
15:42:25.527  INFO    -> rpm
15:42:25.532  INFO    <- OK ret=0 rpm=1025 (hex=0x0401)
15:42:25.727  INFO    -> rpm
15:42:25.732  INFO    <- OK ret=0 rpm=1000 (hex=0x03e8)
15:42:25.927  INFO    -> rpm
15:42:25.932  INFO    <- OK ret=0 rpm=1025 (hex=0x0401)
15:42:26.127  INFO    -> rpm
15:42:26.132  INFO    <- OK ret=0 rpm=1000 (hex=0x03e8)
15:42:26.327  INFO    -> rpm
15:42:26.335  INFO    <- OK ret=0 rpm=1025 (hex=0x0401)
15:42:26.335  INFO    -> current
15:42:26.341  INFO    <- OK ret=0 val1=-0.54 val2=-0.49
15:42:26.527  INFO    -> rpm
15:42:26.532  INFO    <- OK ret=0 rpm=1025 (hex=0x0401)
15:42:26.727  INFO    -> rpm
15:42:26.732  INFO    <- OK ret=0 rpm=1000 (hex=0x03e8)
15:42:26.927  INFO    -> rpm
15:42:26.932  INFO    <- OK ret=0 rpm=1025 (hex=0x0401)
15:42:27.127  INFO    -> rpm
15:42:27.132  INFO    <- OK ret=0 rpm=1000 (hex=0x03e8)
15:42:27.133  INFO    -> speed 800
15:42:27.137  INFO    <- OK
15:42:27.388  INFO    -> speed 600
15:42:27.393  INFO    <- OK
15:42:27.644  INFO    -> speed 400
15:42:27.648  INFO    <- OK
15:42:27.899  INFO    -> speed 200
15:42:27.904  INFO    <- OK
15:42:28.154  INFO    -> speed 0
15:42:28.159  INFO    <- OK
