15:41:54.934  INFO    -> pi -0.02 0.02
15:41:54.938  INFO    <- OK
15:41:54.938  INFO    -> speed 0
15:41:54.942  INFO    <- OK
15:41:54.942  INFO    -> speed 1000
15:41:54.945  INFO    <- OK
15:41:54.946  INFO    -> rpm
15:41:54.949  INFO    <- OK ret=0 rpm=0 (hex=0x0000)
15:41:54.950  INFO    -> current
15:41:54.955  INFO    <- OK ret=0 val1=-0.15 val2=0.05
15:41:55.146  INFO    -> rpm
15:41:55.149  INFO    <- OK ret=0 rpm=0 (hex=0x0000)
15:41:55.346  INFO    -> rpm
15:41:55.350  INFO    <- OK ret=0 rpm=800 (hex=0x0320)
15:41:55.546  INFO    -> rpm
15:41:55.551  INFO    <- OK ret=0 rpm=925 (hex=0x039d)
15:41:55.746  INFO    -> rpm
15:41:55.751  INFO    <- OK ret=0 rpm=850 (hex=0x0352)
15:41:55.946  INFO    -> rpm
15:41:55.951  INFO    <- OK ret=0 rpm=975 (hex=0x03cf)
15:41:55.951  INFO    -> current
15:41:55.957  INFO    <- OK ret=0 val1=-0.44 val2=-0.24
15:41:56.146  INFO    -> rpm
15:41:56.150  INFO    <- OK ret=0 rpm=950 (hex=0x03b6)
15:41:56.346  INFO    -> rpm
15:41:56.351  INFO    <- OK ret=0 rpm=975 (hex=0x03cf)
15:41:56.546  INFO    -> rpm
15:41:56.551  INFO    <- OK ret=0 rpm=1000 (hex=0x03e8)
15:41:56.746  INFO    -> rpm
15:41:56.751  INFO    <- OK ret=0 rpm=975 (hex=0x03cf)
15:41:56.946  INFO    -> rpm
15:41:56.951  INFO    <- OK ret=0 rpm=975 (hex=0x03cf)
15:41:56.951  INFO    -> current
15:41:56.957  INFO    <- OK ret=0 val1=-0.54 val2=-0.49
15:41:57.146  INFO    -> rpm
15:41:57.151  INFO    <- OK ret=0 rpm=1000 (hex=0x03e8)
15:41:57.346  INFO    -> rpm
15:41:57.351  INFO    <- OK ret=0 rpm=1000 (hex=0x03e8)
15:41:57.546  INFO    -> rpm
15:41:57.551  INFO    <- OK ret=0 rpm=1000 (hex=0x03e8)
15:41:57.746  INFO    -> rpm
15:41:57.751  INFO    <- OK ret=0 rpm=1000 (hex=0x03e8)
15:41:57.946  INFO    -> rpm
15:41:57.951  INFO    <- OK ret=0 rpm=975 (hex=0x03cf)
15:41:57.951  INFO    -> current
15:41:57.957  INFO    <- OK ret=0 val1=-0.49 val2=-0.39
15:41:58.146  INFO    -> rpm
15:41:58.151  INFO    <- OK ret=0 rpm=1025 (hex=0x0401)
15:41:58.346  INFO    -> rpm
15:41:58.351  INFO    <- OK ret=0 rpm=1000 (hex=0x03e8)
15:41:58.546  INFO    -> rpm
15:41:58.551  INFO    <- OK ret=0 rpm=1000 (hex=0x03e8)
15:41:58.746  INFO    -> rpm
15:41:58.751  INFO    <- OK ret=0 rpm=1000 (hex=0x03e8)
15:41:58.946  INFO    -> rpm
15:41:58.951  INFO    <- OK ret=0 rpm=1000 (hex=0x03e8)
15:41:58.951  INFO    -> current
15:41:58.957  INFO    <- OK ret=0 val1=-0.54 val2=-0.54
15:41:59.146  INFO    -> rpm
15:41:59.151  INFO    <- OK ret=0 rpm=1000 (hex=0x03e8)
15:41:59.346  INFO    -> rpm
15:41:59.351  INFO    <- OK ret=0 rpm=1000 (hex=0x03e8)
15:41:59.546  INFO    -> rpm
15:41:59.551  INFO    <- OK ret=0 rpm=1000 (hex=0x03e8)
15:41:59.746  INFO    -> rpm
15:41:59.751  INFO    <- OK ret=0 rpm=1025 (hex=0x0401)
15:41:59.946  INFO    -> rpm
15:41:59.951  INFO    <- OK ret=0 rpm=1000 (hex=0x03e8)
15:41:59.951  INFO    -> current
15:41:59.957  INFO    <- OK ret=0 val1=-0.49 val2=-0.44
15:42:00.146  INFO    -> rpm
15:42:00.151  INFO    <- OK ret=0 rpm=1000 (hex=0x03e8)
15:42:00.346  INFO    -> rpm
15:42:00.351  INFO    <- OK ret=0 rpm=1000 (hex=0x03e8)
15:42:00.546  INFO    -> rpm
15:42:00.551  INFO    <- OK ret=0 rpm=1025 (hex=0x0401)
15:42:00.746  INFO    -> rpm
15:42:00.751  INFO    <- OK ret=0 rpm=1000 (hex=0x03e8)
15:42:00.946  INFO    -> rpm
15:42:00.951  INFO    <- OK ret=0 rpm=1000 (hex=0x03e8)
15:42:00.951  INFO    -> current
15:42:00.957  INFO    <- OK ret=0 val1=-0.44 val2=-0.44
15:42:01.146  INFO    -> rpm
15:42:01.151  INFO    <- OK ret=0 rpm=1000 (hex=0x03e8)
15:42:01.346  INFO    -> rpm
15:42:01.351  INFO    <- OK ret=0 rpm=1000 (hex=0x03e8)
15:42:01.546  INFO    -> rpm
15:42:01.551  INFO    <- OK ret=0 rpm=1000 (hex=0x03e8)
15:42:01.746  INFO    -> rpm
15:42:01.751  INFO    <- OK ret=0 rpm=1025 (hex=0x0401)
15:42:01.751  INFO    -> speed 800
15:42:01.756  INFO    <- OK
15:42:02.007  INFO    -> speed 600
15:42:02.011  INFO    <- OK
15:42:02.262  INFO    -> speed 400
15:42:02.267  INFO    <- OK
15:42:02.518  INFO    -> speed 200
15:42:02.522  INFO    <- OK
15:42:02.773  INFO    -> speed 0
15:42:02.778  INFO    <- OK
