13:47:21.682  INFO    -> pi 0.0 0.0
13:47:21.686  INFO    <- OK
13:47:21.686  INFO    -> speed 0
13:47:21.690  INFO    <- OK
13:47:21.690  INFO    -> speed 1000
13:47:21.693  INFO    <- OK
13:47:21.694  INFO    -> rpm
13:47:21.697  INFO    <- OK ret=0 rpm=0 (hex=0x0000)
13:47:21.698  INFO    -> current
13:47:21.702  INFO    <- OK ret=0 val1=0.05 val2=0.00
13:47:21.894  INFO    -> rpm
13:47:21.898  INFO    <- OK ret=0 rpm=25 (hex=0x0019)
13:47:22.094  INFO    -> rpm
13:47:22.098  INFO    <- OK ret=0 rpm=875 (hex=0x036b)
13:47:22.294  INFO    -> rpm
13:47:22.299  INFO    <- OK ret=0 rpm=725 (hex=0x02d5)
13:47:22.494  INFO    -> rpm
13:47:22.499  INFO    <- OK ret=0 rpm=900 (hex=0x0384)
13:47:22.694  INFO    -> rpm
13:47:22.699  INFO    <- OK ret=0 rpm=900 (hex=0x0384)
13:47:22.699  INFO    -> current
13:47:22.705  INFO    <- OK ret=0 val1=-0.05 val2=-0.10
13:47:22.894  INFO    -> rpm
13:47:22.899  INFO    <- OK ret=0 rpm=900 (hex=0x0384)
13:47:23.094  INFO    -> rpm
13:47:23.099  INFO    <- OK ret=0 rpm=1000 (hex=0x03e8)
13:47:23.294  INFO    -> rpm
13:47:23.299  INFO    <- OK ret=0 rpm=975 (hex=0x03cf)
13:47:23.494  INFO    -> rpm
13:47:23.499  INFO    <- OK ret=0 rpm=975 (hex=0x03cf)
13:47:23.694  INFO    -> rpm
13:47:23.704  INFO    <- OK ret=0 rpm=1000 (hex=0x03e8)
13:47:23.704  INFO    -> current
13:47:23.711  INFO    <- OK ret=0 val1=-0.49 val2=-0.44
13:47:23.894  INFO    -> rpm
13:47:23.899  INFO    <- OK ret=0 rpm=950 (hex=0x03b6)
13:47:24.094  INFO    -> rpm
13:47:24.099  INFO    <- OK ret=0 rpm=1025 (hex=0x0401)
13:47:24.294  INFO    -> rpm
13:47:24.299  INFO    <- OK ret=0 rpm=975 (hex=0x03cf)
13:47:24.494  INFO    -> rpm
13:47:24.499  INFO    <- OK ret=0 rpm=1050 (hex=0x041a)
13:47:24.694  INFO    -> rpm
13:47:24.699  INFO    <- OK ret=0 rpm=950 (hex=0x03b6)
13:47:24.700  INFO    -> current
13:47:24.707  INFO    <- OK ret=0 val1=-0.49 val2=-0.59
13:47:24.894  INFO    -> rpm
13:47:24.899  INFO    <- OK ret=0 rpm=975 (hex=0x03cf)
13:47:25.094  INFO    -> rpm
13:47:25.099  INFO    <- OK ret=0 rpm=1000 (hex=0x03e8)
13:47:25.294  INFO    -> rpm
13:47:25.299  INFO    <- OK ret=0 rpm=1000 (hex=0x03e8)
13:47:25.494  INFO    -> rpm
13:47:25.499  INFO    <- OK ret=0 rpm=1000 (hex=0x03e8)
13:47:25.694  INFO    -> rpm
13:47:25.699  INFO    <- OK ret=0 rpm=1025 (hex=0x0401)
13:47:25.699  INFO    -> current
13:47:25.705  INFO    <- OK ret=0 val1=-0.59 val2=-0.59
13:47:25.894  INFO    -> rpm
13:47:25.899  INFO    <- OK ret=0 rpm=975 (hex=0x03cf)
13:47:26.094  INFO    -> rpm
13:47:26.099  INFO    <- OK ret=0 rpm=1025 (hex=0x0401)
13:47:26.294  INFO    -> rpm
13:47:26.299  INFO    <- OK ret=0 rpm=1000 (hex=0x03e8)
13:47:26.494  INFO    -> rpm
13:47:26.499  INFO    <- OK ret=0 rpm=1000 (hex=0x03e8)
13:47:26.694  INFO    -> rpm
13:47:26.699  INFO    <- OK ret=0 rpm=1000 (hex=0x03e8)
13:47:26.699  INFO    -> current
13:47:26.705  INFO    <- OK ret=0 val1=-0.49 val2=-0.54
13:47:26.894  INFO    -> rpm
13:47:26.899  INFO    <- OK ret=0 rpm=1000 (hex=0x03e8)
13:47:27.094  INFO    -> rpm
13:47:27.099  INFO    <- OK ret=0 rpm=1000 (hex=0x03e8)
13:47:27.294  INFO    -> rpm
13:47:27.299  INFO    <- OK ret=0 rpm=1000 (hex=0x03e8)
13:47:27.494  INFO    -> rpm
13:47:27.499  INFO    <- OK ret=0 rpm=1000 (hex=0x03e8)
13:47:27.694  INFO    -> rpm
13:47:27.699  INFO    <- OK ret=0 rpm=1025 (hex=0x0401)
13:47:27.699  INFO    -> current
13:47:27.705  INFO    <- OK ret=0 val1=-0.44 val2=-0.44
13:47:27.894  INFO    -> rpm
13:47:27.899  INFO    <- OK ret=0 rpm=975 (hex=0x03cf)
13:47:28.094  INFO    -> rpm
13:47:28.099  INFO    <- OK ret=0 rpm=1025 (hex=0x0401)
13:47:28.294  INFO    -> rpm
13:47:28.299  INFO    <- OK ret=0 rpm=975 (hex=0x03cf)
13:47:28.494  INFO    -> rpm
13:47:28.499  INFO    <- OK ret=0 rpm=1050 (hex=0x041a)
13:47:28.694  INFO    -> rpm
13:47:28.699  INFO    <- OK ret=0 rpm=1000 (hex=0x03e8)
13:47:28.699  INFO    -> current
13:47:28.705  INFO    <- OK ret=0 val1=-0.49 val2=-0.49
13:47:28.894  INFO    -> rpm
13:47:28.899  INFO    <- OK ret=0 rpm=1000 (hex=0x03e8)
13:47:29.094  INFO    -> rpm
13:47:29.099  INFO    <- OK ret=0 rpm=975 (hex=0x03cf)
13:47:29.294  INFO    -> rpm
13:47:29.299  INFO    <- OK ret=0 rpm=1000 (hex=0x03e8)
13:47:29.494  INFO    -> rpm
13:47:29.499  INFO    <- OK ret=0 rpm=1000 (hex=0x03e8)
13:47:29.499  INFO    -> speed 0
13:47:29.504  INFO    <- OK
