16:16:43.789  INFO    -> pi -0.1 0.04
16:16:43.793  INFO    <- OK
16:16:43.793  INFO    -> speed 0
16:16:43.796  INFO    <- OK
16:16:43.796  INFO    -> speed 1000
16:16:43.800  INFO    <- OK
16:16:43.800  INFO    -> rpm
16:16:43.806  INFO    <- OK ret=0 rpm=0 (hex=0x0000)
16:16:43.806  INFO    -> current
16:16:43.811  INFO    <- OK ret=0 val1=-0.10 val2=0.05
16:16:44.000  INFO    -> rpm
16:16:44.004  INFO    <- OK ret=0 rpm=0 (hex=0x0000)
16:16:44.200  INFO    -> rpm
16:16:44.204  INFO    <- OK ret=0 rpm=0 (hex=0x0000)
16:16:44.400  INFO    -> rpm
16:16:44.404  INFO    <- OK ret=0 rpm=950 (hex=0x03b6)
16:16:44.600  INFO    -> rpm
16:16:44.605  INFO    <- OK ret=0 rpm=1500 (hex=0x05dc)
16:16:44.800  INFO    -> rpm
16:16:44.805  INFO    <- OK ret=0 rpm=1350 (hex=0x0546)
16:16:44.806  INFO    -> current
16:16:44.812  INFO    <- OK ret=0 val1=-0.34 val2=-0.39
16:16:45.000  INFO    -> rpm
16:16:45.005  INFO    <- OK ret=0 rpm=1100 (hex=0x044c)
16:16:45.200  INFO    -> rpm
16:16:45.205  INFO    <- OK ret=0 rpm=925 (hex=0x039d)
16:16:45.400  INFO    -> rpm
16:16:45.405  INFO    <- OK ret=0 rpm=900 (hex=0x0384)
16:16:45.600  INFO    -> rpm
16:16:45.605  INFO    <- OK ret=0 rpm=950 (hex=0x03b6)
16:16:45.800  INFO    -> rpm
16:16:45.805  INFO    <- OK ret=0 rpm=1025 (hex=0x0401)
16:16:45.806  INFO    -> current
16:16:45.811  INFO    <- OK ret=0 val1=-0.54 val2=-0.49
16:16:46.000  INFO    -> rpm
16:16:46.005  INFO    <- OK ret=0 rpm=1000 (hex=0x03e8)
16:16:46.200  INFO    -> rpm
16:16:46.205  INFO    <- OK ret=0 rpm=1000 (hex=0x03e8)
16:16:46.400  INFO    -> rpm
16:16:46.405  INFO    <- OK ret=0 rpm=1000 (hex=0x03e8)
16:16:46.600  INFO    -> rpm
16:16:46.605  INFO    <- OK ret=0 rpm=1000 (hex=0x03e8)
16:16:46.800  INFO    -> rpm
16:16:46.805  INFO    <- OK ret=0 rpm=1000 (hex=0x03e8)
16:16:46.806  INFO    -> current
16:16:46.811  INFO    <- OK ret=0 val1=-0.44 val2=-0.49
16:16:47.000  INFO    -> rpm
16:16:47.005  INFO    <- OK ret=0 rpm=975 (hex=0x03cf)
16:16:47.200  INFO    -> rpm
16:16:47.205  INFO    <- OK ret=0 rpm=1000 (hex=0x03e8)
16:16:47.400  INFO    -> rpm
16:16:47.405  INFO    <- OK ret=0 rpm=1000 (hex=0x03e8)
16:16:47.600  INFO    -> rpm
16:16:47.605  INFO    <- OK ret=0 rpm=1025 (hex=0x0401)
16:16:47.800  INFO    -> rpm
16:16:47.805  INFO    <- OK ret=0 rpm=975 (hex=0x03cf)
16:16:47.806  INFO    -> current
16:16:47.811  INFO    <- OK ret=0 val1=-0.54 val2=-0.54
16:16:48.000  INFO    -> rpm
16:16:48.005  INFO    <- OK ret=0 rpm=1000 (hex=0x03e8)
16:16:48.200  INFO    -> rpm
16:16:48.205  INFO    <- OK ret=0 rpm=1000 (hex=0x03e8)
16:16:48.400  INFO    -> rpm
16:16:48.405  INFO    <- OK ret=0 rpm=1000 (hex=0x03e8)
16:16:48.600  INFO    -> rpm
16:16:48.605  INFO    <- OK ret=0 rpm=1000 (hex=0x03e8)
16:16:48.800  INFO    -> rpm
16:16:48.805  INFO    <- OK ret=0 rpm=1000 (hex=0x03e8)
16:16:48.806  INFO    -> current
16:16:48.811  INFO    <- OK ret=0 val1=-0.49 val2=-0.49
16:16:49.000  INFO    -> rpm
16:16:49.005  INFO    <- OK ret=0 rpm=1000 (hex=0x03e8)
16:16:49.200  INFO    -> rpm
16:16:49.205  INFO    <- OK ret=0 rpm=1000 (hex=0x03e8)
16:16:49.400  INFO    -> rpm
16:16:49.405  INFO    <- OK ret=0 rpm=1000 (hex=0x03e8)
16:16:49.600  INFO    -> rpm
16:16:49.605  INFO    <- OK ret=0 rpm=1000 (hex=0x03e8)
16:16:49.800  INFO    -> rpm
16:16:49.805  INFO    <- OK ret=0 rpm=1000 (hex=0x03e8)
16:16:49.806  INFO    -> current
16:16:49.811  INFO    <- OK ret=0 val1=-0.49 val2=-0.49
16:16:50.000  INFO    -> rpm
16:16:50.005  INFO    <- OK ret=0 rpm=1025 (hex=0x0401)
16:16:50.200  INFO    -> rpm
16:16:50.205  INFO    <- OK ret=0 rpm=1025 (hex=0x0401)
16:16:50.400  INFO    -> rpm
16:16:50.405  INFO    <- OK ret=0 rpm=1025 (hex=0x0401)
16:16:50.600  INFO    -> rpm
16:16:50.605  INFO    <- OK ret=0 rpm=1000 (hex=0x03e8)
16:16:50.606  INFO    -> speed 800
16:16:50.610  INFO    <- OK
16:16:50.861  INFO    -> speed 600
16:16:50.866  INFO    <- OK
16:16:51.117  INFO    -> speed 400
16:16:51.121  INFO    <- OK
16:16:51.372  INFO    -> speed 200
16:16:51.381  INFO    <- OK
16:16:51.632  INFO    -> speed 0
16:16:51.636  INFO    <- OK
