16:15:22.909  INFO    -> pi -0.1 -0.08
16:15:22.913  INFO    <- OK
16:15:22.913  INFO    -> speed 0
16:15:22.917  INFO    <- OK
16:15:22.917  INFO    -> speed 1000
16:15:22.920  INFO    <- OK
16:15:22.922  INFO    -> rpm
16:15:22.926  INFO    <- OK ret=0 rpm=0 (hex=0x0000)
16:15:22.926  INFO    -> current
16:15:22.931  INFO    <- OK ret=0 val1=-0.10 val2=0.05
16:15:23.122  INFO    -> rpm
16:15:23.126  INFO    <- OK ret=0 rpm=0 (hex=0x0000)
16:15:23.322  INFO    -> rpm
16:15:23.326  INFO    <- OK ret=0 rpm=0 (hex=0x0000)
16:15:23.522  INFO    -> rpm
16:15:23.527  INFO    <- OK ret=0 rpm=0 (hex=0x0000)
16:15:23.722  INFO    -> rpm
16:15:23.727  INFO    <- OK ret=0 rpm=0 (hex=0x0000)
16:15:23.922  INFO    -> rpm
16:15:23.927  INFO    <- OK ret=0 rpm=1175 (hex=0x0497)
16:15:23.928  INFO    -> current
16:15:23.933  INFO    <- OK ret=0 val1=-0.20 val2=0.00
16:15:24.122  INFO    -> rpm
16:15:24.127  INFO    <- OK ret=0 rpm=1675 (hex=0x068b)
16:15:24.322  INFO    -> rpm
16:15:24.327  INFO    <- OK ret=0 rpm=1475 (hex=0x05c3)
16:15:24.522  INFO    -> rpm
16:15:24.538  INFO    <- OK ret=0 rpm=1250 (hex=0x04e2)
16:15:24.722  INFO    -> rpm
16:15:24.727  INFO    <- OK ret=0 rpm=1075 (hex=0x0433)
16:15:24.922  INFO    -> rpm
16:15:24.927  INFO    <- OK ret=0 rpm=975 (hex=0x03cf)
16:15:24.928  INFO    -> current
16:15:24.934  INFO    <- OK ret=0 val1=-0.73 val2=-0.83
16:15:25.122  INFO    -> rpm
16:15:25.128  INFO    <- OK ret=0 rpm=1000 (hex=0x03e8)
16:15:25.322  INFO    -> rpm
16:15:25.327  INFO    <- OK ret=0 rpm=975 (hex=0x03cf)
16:15:25.522  INFO    -> rpm
16:15:25.527  INFO    <- OK ret=0 rpm=1000 (hex=0x03e8)
16:15:25.722  INFO    -> rpm
16:15:25.727  INFO    <- OK ret=0 rpm=975 (hex=0x03cf)
16:15:25.922  INFO    -> rpm
16:15:25.927  INFO    <- OK ret=0 rpm=1000 (hex=0x03e8)
16:15:25.928  INFO    -> current
16:15:25.933  INFO    <- OK ret=0 val1=-0.49 val2=-0.44
16:15:26.122  INFO    -> rpm
16:15:26.127  INFO    <- OK ret=0 rpm=1025 (hex=0x0401)
16:15:26.322  INFO    -> rpm
16:15:26.327  INFO    <- OK ret=0 rpm=1000 (hex=0x03e8)
16:15:26.522  INFO    -> rpm
16:15:26.527  INFO    <- OK ret=0 rpm=1000 (hex=0x03e8)
16:15:26.722  INFO    -> rpm
16:15:26.727  INFO    <- OK ret=0 rpm=975 (hex=0x03cf)
16:15:26.922  INFO    -> rpm
16:15:26.927  INFO    <- OK ret=0 rpm=1000 (hex=0x03e8)
16:15:26.928  INFO    -> current
16:15:26.934  INFO    <- OK ret=0 val1=-0.44 val2=-0.54
16:15:27.122  INFO    -> rpm
16:15:27.127  INFO    <- OK ret=0 rpm=1000 (hex=0x03e8)
16:15:27.322  INFO    -> rpm
16:15:27.327  INFO    <- OK ret=0 rpm=1000 (hex=0x03e8)
16:15:27.522  INFO    -> rpm
16:15:27.527  INFO    <- OK ret=0 rpm=1025 (hex=0x0401)
16:15:27.722  INFO    -> rpm
16:15:27.727  INFO    <- OK ret=0 rpm=1025 (hex=0x0401)
16:15:27.922  INFO    -> rpm
16:15:27.927  INFO    <- OK ret=0 rpm=1000 (hex=0x03e8)
16:15:27.928  INFO    -> current
16:15:27.934  INFO    <- OK ret=0 val1=-0.54 val2=-0.44
16:15:28.122  INFO    -> rpm
16:15:28.127  INFO    <- OK ret=0 rpm=1000 (hex=0x03e8)
16:15:28.322  INFO    -> rpm
16:15:28.327  INFO    <- OK ret=0 rpm=1000 (hex=0x03e8)
16:15:28.522  INFO    -> rpm
16:15:28.527  INFO    <- OK ret=0 rpm=1000 (hex=0x03e8)
16:15:28.722  INFO    -> rpm
16:15:28.727  INFO    <- OK ret=0 rpm=1000 (hex=0x03e8)
16:15:28.922  INFO    -> rpm
16:15:28.927  INFO    <- OK ret=0 rpm=1025 (hex=0x0401)
16:15:28.928  INFO    -> current
16:15:28.934  INFO    <- OK ret=0 val1=-0.54 val2=-0.49
16:15:29.122  INFO    -> rpm
16:15:29.127  INFO    <- OK ret=0 rpm=1000 (hex=0x03e8)
16:15:29.322  INFO    -> rpm
16:15:29.327  INFO    <- OK ret=0 rpm=975 (hex=0x03cf)
16:15:29.522  INFO    -> rpm
16:15:29.530  INFO    <- OK ret=0 rpm=1000 (hex=0x03e8)
16:15:29.722  INFO    -> rpm
16:15:29.727  INFO    <- OK ret=0 rpm=1000 (hex=0x03e8)
16:15:29.728  INFO    -> speed 800
16:15:29.733  INFO    <- OK
16:15:29.983  INFO    -> speed 600
16:15:29.989  INFO    <- OK
16:15:30.239  INFO    -> speed 400
16:15:30.245  INFO    <- OK
16:15:30.495  INFO    -> speed 200
16:15:30.501  INFO    <- OK
16:15:30.751  INFO    -> speed 0
16:15:30.756  INFO    <- OK
