16:17:09.231  INFO    -> pi -0.1 0.08
16:17:09.235  INFO    <- OK
16:17:09.235  INFO    -> speed 0
16:17:09.238  INFO    <- OK
16:17:09.238  INFO    -> speed 1000
16:17:09.242  INFO    <- OK
16:17:09.242  INFO    -> rpm
16:17:09.246  INFO    <- OK ret=0 rpm=0 (hex=0x0000)
16:17:09.246  INFO    -> current
16:17:09.251  INFO    <- OK ret=0 val1=-0.10 val2=0.05
16:17:09.442  INFO    -> rpm
16:17:09.446  INFO    <- OK ret=0 rpm=0 (hex=0x0000)
16:17:09.642  INFO    -> rpm
16:17:09.646  INFO    <- OK ret=0 rpm=25 (hex=0x0019)
16:17:09.842  INFO    -> rpm
16:17:09.846  INFO    <- OK ret=0 rpm=1000 (hex=0x03e8)
16:17:10.042  INFO    -> rpm
16:17:10.047  INFO    <- OK ret=0 rpm=1375 (hex=0x055f)
16:17:10.242  INFO    -> rpm
16:17:10.247  INFO    <- OK ret=0 rpm=1275 (hex=0x04fb)
16:17:10.248  INFO    -> current
16:17:10.253  INFO    <- OK ret=0 val1=-0.20 val2=-0.05
16:17:10.442  INFO    -> rpm
16:17:10.447  INFO    <- OK ret=0 rpm=1025 (hex=0x0401)
16:17:10.642  INFO    -> rpm
16:17:10.647  INFO    <- OK ret=0 rpm=925 (hex=0x039d)
16:17:10.842  INFO    -> rpm
16:17:10.847  INFO    <- OK ret=0 rpm=925 (hex=0x039d)
16:17:11.042  INFO    -> rpm
16:17:11.047  INFO    <- OK ret=0 rpm=1025 (hex=0x0401)
16:17:11.242  INFO    -> rpm
16:17:11.247  INFO    <- OK ret=0 rpm=1000 (hex=0x03e8)
16:17:11.248  INFO    -> current
16:17:11.253  INFO    <- OK ret=0 val1=-0.54 val2=-0.63
16:17:11.442  INFO    -> rpm
16:17:11.447  INFO    <- OK ret=0 rpm=1025 (hex=0x0401)
16:17:11.642  INFO    -> rpm
16:17:11.647  INFO    <- OK ret=0 rpm=1000 (hex=0x03e8)
16:17:11.842  INFO    -> rpm
16:17:11.847  INFO    <- OK ret=0 rpm=1000 (hex=0x03e8)
16:17:12.042  INFO    -> rpm
16:17:12.047  INFO    <- OK ret=0 rpm=975 (hex=0x03cf)
16:17:12.242  INFO    -> rpm
16:17:12.247  INFO    <- OK ret=0 rpm=1000 (hex=0x03e8)
16:17:12.248  INFO    -> current
16:17:12.253  INFO    <- OK ret=0 val1=-0.54 val2=-0.49
16:17:12.442  INFO    -> rpm
16:17:12.447  INFO    <- OK ret=0 rpm=1000 (hex=0x03e8)
16:17:12.642  INFO    -> rpm
16:17:12.647  INFO    <- OK ret=0 rpm=975 (hex=0x03cf)
16:17:12.842  INFO    -> rpm
16:17:12.847  INFO    <- OK ret=0 rpm=1000 (hex=0x03e8)
16:17:13.042  INFO    -> rpm
16:17:13.047  INFO    <- OK ret=0 rpm=1000 (hex=0x03e8)
16:17:13.242  INFO    -> rpm
16:17:13.247  INFO    <- OK ret=0 rpm=1025 (hex=0x0401)
16:17:13.247  INFO    -> current
16:17:13.253  INFO    <- OK ret=0 val1=-0.49 val2=-0.54
16:17:13.442  INFO    -> rpm
16:17:13.447  INFO    <- OK ret=0 rpm=1000 (hex=0x03e8)
16:17:13.642  INFO    -> rpm
16:17:13.647  INFO    <- OK ret=0 rpm=1000 (hex=0x03e8)
16:17:13.842  INFO    -> rpm
16:17:13.847  INFO    <- OK ret=0 rpm=1000 (hex=0x03e8)
16:17:14.042  INFO    -> rpm
16:17:14.047  INFO    <- OK ret=0 rpm=1025 (hex=0x0401)
16:17:14.242  INFO    -> rpm
16:17:14.247  INFO    <- OK ret=0 rpm=1000 (hex=0x03e8)
16:17:14.248  INFO    -> current
16:17:14.253  INFO    <- OK ret=0 val1=-0.49 val2=-0.49
16:17:14.442  INFO    -> rpm
16:17:14.447  INFO    <- OK ret=0 rpm=1025 (hex=0x0401)
16:17:14.642  INFO    -> rpm
16:17:14.647  INFO    <- OK ret=0 rpm=975 (hex=0x03cf)
16:17:14.842  INFO    -> rpm
16:17:14.847  INFO    <- OK ret=0 rpm=1000 (hex=0x03e8)
16:17:15.042  INFO    -> rpm
16:17:15.047  INFO    <- OK ret=0 rpm=1000 (hex=0x03e8)
16:17:15.242  INFO    -> rpm
16:17:15.247  INFO    <- OK ret=0 rpm=1025 (hex=0x0401)
16:17:15.247  INFO    -> current
16:17:15.253  INFO    <- OK ret=0 val1=-0.59 val2=-0.49
16:17:15.442  INFO    -> rpm
16:17:15.447  INFO    <- OK ret=0 rpm=1000 (hex=0x03e8)
16:17:15.642  INFO    -> rpm
16:17:15.647  INFO    <- OK ret=0 rpm=1000 (hex=0x03e8)
16:17:15.842  INFO    -> rpm
16:17:15.848  INFO    <- OK ret=0 rpm=1000 (hex=0x03e8)
16:17:16.042  INFO    -> rpm
16:17:16.048  INFO    <- OK ret=0 rpm=1025 (hex=0x0401)
16:17:16.048  INFO    -> speed 800
16:17:16.053  INFO    <- OK
16:17:16.304  INFO    -> speed 600
16:17:16.309  INFO    <- OK
16:17:16.560  INFO    -> speed 400
16:17:16.565  INFO    <- OK
16:17:16.816  INFO    -> speed 200
16:17:16.821  INFO    <- OK
16:17:17.071  INFO    -> speed 0
16:17:17.076  INFO    <- OK
