16:16:56.461  INFO    -> pi -0.1 0.06
16:16:56.465  INFO    <- OK
16:16:56.465  INFO    -> speed 0
16:16:56.468  INFO    <- OK
16:16:56.469  INFO    -> speed 1000
16:16:56.472  INFO    <- OK
16:16:56.472  INFO    -> rpm
16:16:56.476  INFO    <- OK ret=0 rpm=0 (hex=0x0000)
16:16:56.477  INFO    -> current
16:16:56.482  INFO    <- OK ret=0 val1=-0.10 val2=0.05
16:16:56.673  INFO    -> rpm
16:16:56.677  INFO    <- OK ret=0 rpm=0 (hex=0x0000)
16:16:56.873  INFO    -> rpm
16:16:56.877  INFO    <- OK ret=0 rpm=0 (hex=0x0000)
16:16:57.073  INFO    -> rpm
16:16:57.078  INFO    <- OK ret=0 rpm=675 (hex=0x02a3)
16:16:57.273  INFO    -> rpm
16:16:57.278  INFO    <- OK ret=0 rpm=1425 (hex=0x0591)
16:16:57.473  INFO    -> rpm
16:16:57.478  INFO    <- OK ret=0 rpm=1325 (hex=0x052d)
16:16:57.478  INFO    -> current
16:16:57.484  INFO    <- OK ret=0 val1=-0.15 val2=0.05
16:16:57.673  INFO    -> rpm
16:16:57.678  INFO    <- OK ret=0 rpm=1075 (hex=0x0433)
16:16:57.873  INFO    -> rpm
16:16:57.878  INFO    <- OK ret=0 rpm=950 (hex=0x03b6)
16:16:58.073  INFO    -> rpm
16:16:58.078  INFO    <- OK ret=0 rpm=925 (hex=0x039d)
16:16:58.273  INFO    -> rpm
16:16:58.278  INFO    <- OK ret=0 rpm=950 (hex=0x03b6)
16:16:58.473  INFO    -> rpm
16:16:58.478  INFO    <- OK ret=0 rpm=1025 (hex=0x0401)
16:16:58.478  INFO    -> current
16:16:58.483  INFO    <- OK ret=0 val1=-0.68 val2=-0.63
16:16:58.673  INFO    -> rpm
16:16:58.678  INFO    <- OK ret=0 rpm=1025 (hex=0x0401)
16:16:58.873  INFO    -> rpm
16:16:58.878  INFO    <- OK ret=0 rpm=1000 (hex=0x03e8)
16:16:59.073  INFO    -> rpm
16:16:59.078  INFO    <- OK ret=0 rpm=1000 (hex=0x03e8)
16:16:59.273  INFO    -> rpm
16:16:59.278  INFO    <- OK ret=0 rpm=1000 (hex=0x03e8)
16:16:59.473  INFO    -> rpm
16:16:59.478  INFO    <- OK ret=0 rpm=1000 (hex=0x03e8)
16:16:59.478  INFO    -> current
16:16:59.484  INFO    <- OK ret=0 val1=-0.44 val2=-0.49
16:16:59.673  INFO    -> rpm
16:16:59.678  INFO    <- OK ret=0 rpm=1000 (hex=0x03e8)
16:16:59.873  INFO    -> rpm
16:16:59.878  INFO    <- OK ret=0 rpm=1000 (hex=0x03e8)
16:17:00.073  INFO    -> rpm
16:17:00.078  INFO    <- OK ret=0 rpm=975 (hex=0x03cf)
16:17:00.273  INFO    -> rpm
16:17:00.278  INFO    <- OK ret=0 rpm=1025 (hex=0x0401)
16:17:00.473  INFO    -> rpm
16:17:00.478  INFO    <- OK ret=0 rpm=1000 (hex=0x03e8)
16:17:00.478  INFO    -> current
16:17:00.484  INFO    <- OK ret=0 val1=-0.49 val2=-0.54
16:17:00.673  INFO    -> rpm
16:17:00.678  INFO    <- OK ret=0 rpm=1000 (hex=0x03e8)
16:17:00.873  INFO    -> rpm
16:17:00.878  INFO    <- OK ret=0 rpm=975 (hex=0x03cf)
16:17:01.073  INFO    -> rpm
16:17:01.077  INFO    <- OK ret=0 rpm=1025 (hex=0x0401)
16:17:01.273  INFO    -> rpm
16:17:01.278  INFO    <- OK ret=0 rpm=975 (hex=0x03cf)
16:17:01.473  INFO    -> rpm
16:17:01.477  INFO    <- OK ret=0 rpm=975 (hex=0x03cf)
16:17:01.477  INFO    -> current
16:17:01.483  INFO    <- OK ret=0 val1=-0.54 val2=-0.49
16:17:01.673  INFO    -> rpm
16:17:01.678  INFO    <- OK ret=0 rpm=1025 (hex=0x0401)
16:17:01.873  INFO    -> rpm
16:17:01.878  INFO    <- OK ret=0 rpm=1025 (hex=0x0401)
16:17:02.073  INFO    -> rpm
16:17:02.078  INFO    <- OK ret=0 rpm=1000 (hex=0x03e8)
16:17:02.273  INFO    -> rpm
16:17:02.278  INFO    <- OK ret=0 rpm=1025 (hex=0x0401)
16:17:02.473  INFO    -> rpm
16:17:02.478  INFO    <- OK ret=0 rpm=950 (hex=0x03b6)
16:17:02.478  INFO    -> current
16:17:02.492  INFO    <- OK ret=0 val1=-0.44 val2=-0.44
16:17:02.673  INFO    -> rpm
16:17:02.677  INFO    <- OK ret=0 rpm=1025 (hex=0x0401)
16:17:02.873  INFO    -> rpm
16:17:02.878  INFO    <- OK ret=0 rpm=1000 (hex=0x03e8)
16:17:03.073  INFO    -> rpm
16:17:03.078  INFO    <- OK ret=0 rpm=1000 (hex=0x03e8)
16:17:03.273  INFO    -> rpm
16:17:03.278  INFO    <- OK ret=0 rpm=975 (hex=0x03cf)
16:17:03.278  INFO    -> speed 800
16:17:03.283  INFO    <- OK
16:17:03.533  INFO    -> speed 600
16:17:03.538  INFO    <- OK
16:17:03.789  INFO    -> speed 400
16:17:03.794  INFO    <- OK
16:17:04.045  INFO    -> speed 200
16:17:04.050  INFO    <- OK
16:17:04.301  INFO    -> speed 0
16:17:04.305  INFO    <- OK
