16:16:18.294  INFO    -> pi -0.1 0.0
16:16:18.298  INFO    <- OK
16:16:18.298  INFO    -> speed 0
16:16:18.302  INFO    <- OK
16:16:18.302  INFO    -> speed 1000
16:16:18.305  INFO    <- OK
16:16:18.306  INFO    -> rpm
16:16:18.310  INFO    <- OK ret=0 rpm=0 (hex=0x0000)
16:16:18.310  INFO    -> current
16:16:18.315  INFO    <- OK ret=0 val1=-0.10 val2=0.05
16:16:18.506  INFO    -> rpm
16:16:18.510  INFO    <- OK ret=0 rpm=0 (hex=0x0000)
16:16:18.706  INFO    -> rpm
16:16:18.710  INFO    <- OK ret=0 rpm=25 (hex=0x0019)
16:16:18.906  INFO    -> rpm
16:16:18.911  INFO    <- OK ret=0 rpm=825 (hex=0x0339)
16:16:19.106  INFO    -> rpm
16:16:19.111  INFO    <- OK ret=0 rpm=1325 (hex=0x052d)
16:16:19.306  INFO    -> rpm
16:16:19.311  INFO    <- OK ret=0 rpm=1275 (hex=0x04fb)
16:16:19.312  INFO    -> current
16:16:19.317  INFO    <- OK ret=0 val1=-0.10 val2=0.05
16:16:19.506  INFO    -> rpm
16:16:19.511  INFO    <- OK ret=0 rpm=1075 (hex=0x0433)
16:16:19.706  INFO    -> rpm
16:16:19.711  INFO    <- OK ret=0 rpm=1000 (hex=0x03e8)
16:16:19.906  INFO    -> rpm
16:16:19.911  INFO    <- OK ret=0 rpm=950 (hex=0x03b6)
16:16:20.106  INFO    -> rpm
16:16:20.111  INFO    <- OK ret=0 rpm=950 (hex=0x03b6)
16:16:20.306  INFO    -> rpm
16:16:20.311  INFO    <- OK ret=0 rpm=1000 (hex=0x03e8)
16:16:20.312  INFO    -> current
16:16:20.317  INFO    <- OK ret=0 val1=-0.54 val2=-0.54
16:16:20.506  INFO    -> rpm
16:16:20.511  INFO    <- OK ret=0 rpm=1000 (hex=0x03e8)
16:16:20.706  INFO    -> rpm
16:16:20.711  INFO    <- OK ret=0 rpm=1025 (hex=0x0401)
16:16:20.906  INFO    -> rpm
16:16:20.911  INFO    <- OK ret=0 rpm=1000 (hex=0x03e8)
16:16:21.106  INFO    -> rpm
16:16:21.111  INFO    <- OK ret=0 rpm=1000 (hex=0x03e8)
16:16:21.306  INFO    -> rpm
16:16:21.311  INFO    <- OK ret=0 rpm=1025 (hex=0x0401)
16:16:21.311  INFO    -> current
16:16:21.317  INFO    <- OK ret=0 val1=-0.49 val2=-0.54
16:16:21.506  INFO    -> rpm
16:16:21.511  INFO    <- OK ret=0 rpm=1000 (hex=0x03e8)
16:16:21.706  INFO    -> rpm
16:16:21.711  INFO    <- OK ret=0 rpm=1000 (hex=0x03e8)
16:16:21.906  INFO    -> rpm
16:16:21.911  INFO    <- OK ret=0 rpm=975 (hex=0x03cf)
16:16:22.106  INFO    -> rpm
16:16:22.111  INFO    <- OK ret=0 rpm=1000 (hex=0x03e8)
16:16:22.306  INFO    -> rpm
16:16:22.311  INFO    <- OK ret=0 rpm=1000 (hex=0x03e8)
16:16:22.311  INFO    -> current
16:16:22.317  INFO    <- OK ret=0 val1=-0.54 val2=-0.44
16:16:22.506  INFO    -> rpm
16:16:22.511  INFO    <- OK ret=0 rpm=1000 (hex=0x03e8)
16:16:22.706  INFO    -> rpm
16:16:22.711  INFO    <- OK ret=0 rpm=1000 (hex=0x03e8)
16:16:22.906  INFO    -> rpm
16:16:22.911  INFO    <- OK ret=0 rpm=1000 (hex=0x03e8)
16:16:23.106  INFO    -> rpm
16:16:23.111  INFO    <- OK ret=0 rpm=1000 (hex=0x03e8)
16:16:23.306  INFO    -> rpm
16:16:23.311  INFO    <- OK ret=0 rpm=1000 (hex=0x03e8)
16:16:23.311  INFO    -> current
16:16:23.317  INFO    <- OK ret=0 val1=-0.49 val2=-0.54
16:16:23.506  INFO    -> rpm
16:16:23.511  INFO    <- OK ret=0 rpm=1000 (hex=0x03e8)
16:16:23.706  INFO    -> rpm
16:16:23.711  INFO    <- OK ret=0 rpm=1025 (hex=0x0401)
16:16:23.906  INFO    -> rpm
16:16:23.911  INFO    <- OK ret=0 rpm=1000 (hex=0x03e8)
16:16:24.106  INFO    -> rpm
16:16:24.111  INFO    <- OK ret=0 rpm=1000 (hex=0x03e8)
16:16:24.306  INFO    -> rpm
16:16:24.311  INFO    <- OK ret=0 rpm=1025 (hex=0x0401)
16:16:24.312  INFO    -> current
16:16:24.317  INFO    <- OK ret=0 val1=-0.54 val2=-0.39
16:16:24.506  INFO    -> rpm
16:16:24.511  INFO    <- OK ret=0 rpm=1000 (hex=0x03e8)
16:16:24.706  INFO    -> rpm
16:16:24.711  INFO    <- OK ret=0 rpm=1000 (hex=0x03e8)
16:16:24.906  INFO    -> rpm
16:16:24.911  INFO    <- OK ret=0 rpm=975 (hex=0x03cf)
16:16:25.106  INFO    -> rpm
16:16:25.122  INFO    <- OK ret=0 rpm=1025 (hex=0x0401)
16:16:25.123  INFO    -> speed 800
16:16:25.128  INFO    <- OK
16:16:25.379  INFO    -> speed 600
16:16:25.383  INFO    <- OK
16:16:25.634  INFO    -> speed 400
16:16:25.639  INFO    <- OK
16:16:25.890  INFO    -> speed 200
16:16:25.895  INFO    <- OK
16:16:26.145  INFO    -> speed 0
16:16:26.150  INFO    <- OK
