09:52:02.471  -> speed 0
09:52:02.474  <- OK
09:52:02.474  -> speed 1000
09:52:02.478  <- OK
09:52:02.478  -> rpm
09:52:02.482  <- OK ret=0 rpm=0 (hex=0x0000)
09:52:02.482  -> current
09:52:02.487  <- OK ret=0 val1=0.05 val2=0.00
09:52:02.678  -> rpm
09:52:02.682  <- OK ret=0 rpm=0 (hex=0x0000)
09:52:02.878  -> rpm
09:52:02.882  <- OK ret=0 rpm=0 (hex=0x0000)
09:52:03.078  -> rpm
09:52:03.082  <- OK ret=0 rpm=0 (hex=0x0000)
09:52:03.278  -> rpm
09:52:03.283  <- OK ret=0 rpm=0 (hex=0x0000)
09:52:03.478  -> rpm
09:52:03.483  <- OK ret=0 rpm=400 (hex=0x0190)
09:52:03.483  -> current
09:52:03.488  <- OK ret=0 val1=0.05 val2=0.00
09:52:03.678  -> rpm
09:52:03.683  <- OK ret=0 rpm=800 (hex=0x0320)
09:52:03.878  -> rpm
09:52:03.883  <- OK ret=0 rpm=850 (hex=0x0352)
09:52:04.078  -> rpm
09:52:04.083  <- OK ret=0 rpm=950 (hex=0x03b6)
09:52:04.278  -> rpm
09:52:04.283  <- OK ret=0 rpm=925 (hex=0x039d)
09:52:04.478  -> rpm
09:52:04.483  <- OK ret=0 rpm=975 (hex=0x03cf)
09:52:04.484  -> current
09:52:04.489  <- OK ret=0 val1=-0.39 val2=-0.39
09:52:04.678  -> rpm
09:52:04.683  <- OK ret=0 rpm=975 (hex=0x03cf)
09:52:04.878  -> rpm
09:52:04.883  <- OK ret=0 rpm=1000 (hex=0x03e8)
09:52:05.078  -> rpm
09:52:05.083  <- OK ret=0 rpm=1000 (hex=0x03e8)
09:52:05.278  -> rpm
09:52:05.283  <- OK ret=0 rpm=1000 (hex=0x03e8)
09:52:05.478  -> rpm
09:52:05.483  <- OK ret=0 rpm=975 (hex=0x03cf)
09:52:05.483  -> current
09:52:05.489  <- OK ret=0 val1=-0.44 val2=-0.59
09:52:05.678  -> rpm
09:52:05.688  <- OK ret=0 rpm=1000 (hex=0x03e8)
09:52:05.878  -> rpm
09:52:05.883  <- OK ret=0 rpm=1025 (hex=0x0401)
09:52:06.078  -> rpm
09:52:06.083  <- OK ret=0 rpm=1000 (hex=0x03e8)
09:52:06.278  -> rpm
09:52:06.283  <- OK ret=0 rpm=1000 (hex=0x03e8)
09:52:06.478  -> rpm
09:52:06.483  <- OK ret=0 rpm=1000 (hex=0x03e8)
09:52:06.484  -> current
09:52:06.489  <- OK ret=0 val1=-0.59 val2=-0.59
09:52:06.678  -> rpm
09:52:06.688  <- OK ret=0 rpm=1000 (hex=0x03e8)
09:52:06.878  -> rpm
09:52:06.883  <- OK ret=0 rpm=1025 (hex=0x0401)
09:52:07.078  -> rpm
09:52:07.083  <- OK ret=0 rpm=975 (hex=0x03cf)
09:52:07.278  -> rpm
09:52:07.283  <- OK ret=0 rpm=1000 (hex=0x03e8)
09:52:07.478  -> rpm
09:52:07.483  <- OK ret=0 rpm=1000 (hex=0x03e8)
09:52:07.484  -> current
09:52:07.489  <- OK ret=0 val1=-0.54 val2=-0.59
09:52:07.678  -> rpm
09:52:07.683  <- OK ret=0 rpm=975 (hex=0x03cf)
09:52:07.878  -> rpm
09:52:07.883  <- OK ret=0 rpm=1025 (hex=0x0401)
09:52:08.078  -> rpm
09:52:08.083  <- OK ret=0 rpm=975 (hex=0x03cf)
09:52:08.278  -> rpm
09:52:08.283  <- OK ret=0 rpm=1025 (hex=0x0401)
09:52:08.478  -> rpm
09:52:08.483  <- OK ret=0 rpm=1000 (hex=0x03e8)
09:52:08.484  -> current
09:52:08.489  <- OK ret=0 val1=-0.54 val2=-0.49
09:52:08.678  -> rpm
09:52:08.683  <- OK ret=0 rpm=975 (hex=0x03cf)
09:52:08.878  -> rpm
09:52:08.883  <- OK ret=0 rpm=1025 (hex=0x0401)
09:52:09.078  -> rpm
09:52:09.083  <- OK ret=0 rpm=975 (hex=0x03cf)
09:52:09.278  -> rpm
09:52:09.283  <- OK ret=0 rpm=1000 (hex=0x03e8)
09:52:09.478  -> rpm
09:52:09.483  <- OK ret=0 rpm=1000 (hex=0x03e8)
09:52:09.484  -> current
09:52:09.489  <- OK ret=0 val1=-0.49 val2=-0.54
09:52:09.678  -> rpm
09:52:09.683  <- OK ret=0 rpm=975 (hex=0x03cf)
09:52:09.878  -> rpm
09:52:09.883  <- OK ret=0 rpm=1025 (hex=0x0401)
09:52:10.078  -> rpm
09:52:10.083  <- OK ret=0 rpm=1000 (hex=0x03e8)
09:52:10.278  -> rpm
09:52:10.283  <- OK ret=0 rpm=1025 (hex=0x0401)
09:52:10.284  -> speed 0
09:52:10.288  <- OK
