15:38:21.104  INFO    -> pi -0.02 0.0
15:38:21.107  INFO    <- OK
15:38:21.108  INFO    -> speed 0
15:38:21.111  INFO    <- OK
15:38:21.111  INFO    -> speed 1000
15:38:21.114  INFO    <- OK
15:38:21.115  INFO    -> rpm
15:38:21.119  INFO    <- OK ret=0 rpm=0 (hex=0x0000)
15:38:21.119  INFO    -> current
15:38:21.126  INFO    <- OK ret=0 val1=0.05 val2=0.05
15:38:21.315  INFO    -> rpm
15:38:21.319  INFO    <- OK ret=0 rpm=25 (hex=0x0019)
15:38:21.515  INFO    -> rpm
15:38:21.519  INFO    <- OK ret=0 rpm=750 (hex=0x02ee)
15:38:21.715  INFO    -> rpm
15:38:21.719  INFO    <- OK ret=0 rpm=750 (hex=0x02ee)
15:38:21.915  INFO    -> rpm
15:38:21.920  INFO    <- OK ret=0 rpm=800 (hex=0x0320)
15:38:22.115  INFO    -> rpm
15:38:22.120  INFO    <- OK ret=0 rpm=950 (hex=0x03b6)
15:38:22.120  INFO    -> current
15:38:22.126  INFO    <- OK ret=0 val1=-0.15 val2=-0.24
15:38:22.315  INFO    -> rpm
15:38:22.320  INFO    <- OK ret=0 rpm=950 (hex=0x03b6)
15:38:22.515  INFO    -> rpm
15:38:22.520  INFO    <- OK ret=0 rpm=925 (hex=0x039d)
15:38:22.715  INFO    -> rpm
15:38:22.720  INFO    <- OK ret=0 rpm=1000 (hex=0x03e8)
15:38:22.915  INFO    -> rpm
15:38:22.920  INFO    <- OK ret=0 rpm=950 (hex=0x03b6)
15:38:23.115  INFO    -> rpm
15:38:23.120  INFO    <- OK ret=0 rpm=1000 (hex=0x03e8)
15:38:23.120  INFO    -> current
15:38:23.126  INFO    <- OK ret=0 val1=-0.49 val2=-0.63
15:38:23.315  INFO    -> rpm
15:38:23.320  INFO    <- OK ret=0 rpm=1025 (hex=0x0401)
15:38:23.515  INFO    -> rpm
15:38:23.520  INFO    <- OK ret=0 rpm=975 (hex=0x03cf)
15:38:23.715  INFO    -> rpm
15:38:23.720  INFO    <- OK ret=0 rpm=1025 (hex=0x0401)
15:38:23.915  INFO    -> rpm
15:38:23.920  INFO    <- OK ret=0 rpm=975 (hex=0x03cf)
15:38:24.115  INFO    -> rpm
15:38:24.120  INFO    <- OK ret=0 rpm=1000 (hex=0x03e8)
15:38:24.120  INFO    -> current
15:38:24.126  INFO    <- OK ret=0 val1=-0.44 val2=-0.54
15:38:24.315  INFO    -> rpm
15:38:24.320  INFO    <- OK ret=0 rpm=1000 (hex=0x03e8)
15:38:24.515  INFO    -> rpm
15:38:24.520  INFO    <- OK ret=0 rpm=1000 (hex=0x03e8)
15:38:24.715  INFO    -> rpm
15:38:24.720  INFO    <- OK ret=0 rpm=1000 (hex=0x03e8)
15:38:24.915  INFO    -> rpm
15:38:24.920  INFO    <- OK ret=0 rpm=1000 (hex=0x03e8)
15:38:25.115  INFO    -> rpm
15:38:25.120  INFO    <- OK ret=0 rpm=1000 (hex=0x03e8)
15:38:25.120  INFO    -> current
15:38:25.126  INFO    <- OK ret=0 val1=-0.44 val2=-0.54
15:38:25.315  INFO    -> rpm
15:38:25.320  INFO    <- OK ret=0 rpm=1000 (hex=0x03e8)
15:38:25.515  INFO    -> rpm
15:38:25.520  INFO    <- OK ret=0 rpm=1000 (hex=0x03e8)
15:38:25.715  INFO    -> rpm
15:38:25.720  INFO    <- OK ret=0 rpm=1000 (hex=0x03e8)
15:38:25.915  INFO    -> rpm
15:38:25.920  INFO    <- OK ret=0 rpm=1000 (hex=0x03e8)
15:38:26.115  INFO    -> rpm
15:38:26.120  INFO    <- OK ret=0 rpm=1000 (hex=0x03e8)
15:38:26.120  INFO    -> current
15:38:26.126  INFO    <- OK ret=0 val1=-0.49 val2=-0.54
15:38:26.315  INFO    -> rpm
15:38:26.320  INFO    <- OK ret=0 rpm=1025 (hex=0x0401)
15:38:26.515  INFO    -> rpm
15:38:26.520  INFO    <- OK ret=0 rpm=1000 (hex=0x03e8)
15:38:26.715  INFO    -> rpm
15:38:26.720  INFO    <- OK ret=0 rpm=1000 (hex=0x03e8)
15:38:26.915  INFO    -> rpm
15:38:26.920  INFO    <- OK ret=0 rpm=1000 (hex=0x03e8)
15:38:27.115  INFO    -> rpm
15:38:27.120  INFO    <- OK ret=0 rpm=975 (hex=0x03cf)
15:38:27.120  INFO    -> current
15:38:27.126  INFO    <- OK ret=0 val1=-0.59 val2=-0.59
15:38:27.315  INFO    -> rpm
15:38:27.320  INFO    <- OK ret=0 rpm=1000 (hex=0x03e8)
15:38:27.515  INFO    -> rpm
15:38:27.520  INFO    <- OK ret=0 rpm=1025 (hex=0x0401)
15:38:27.715  INFO    -> rpm
15:38:27.720  INFO    <- OK ret=0 rpm=1000 (hex=0x03e8)
15:38:27.915  INFO    -> rpm
15:38:27.920  INFO    <- OK ret=0 rpm=1000 (hex=0x03e8)
15:38:27.920  INFO    -> speed 800
15:38:27.925  INFO    <- OK
15:38:28.176  INFO    -> speed 600
15:38:28.181  INFO    <- OK
15:38:28.431  INFO    -> speed 400
15:38:28.436  INFO    <- OK
15:38:28.687  INFO    -> speed 200
15:38:28.692  INFO    <- OK
15:38:28.943  INFO    -> speed 0
15:38:28.948  INFO    <- OK
