12:40:54.840  INFO    -> pi 0.08 0.03
12:40:54.844  INFO    <- OK
12:40:54.844  INFO    -> speed 0
12:40:54.848  INFO    <- OK
12:40:54.848  INFO    -> speed 1000
12:40:54.851  INFO    <- OK
12:40:54.853  INFO    -> rpm
12:40:54.857  INFO    <- OK ret=0 rpm=0 (hex=0x0000)
12:40:54.857  INFO    -> current
12:40:54.862  INFO    <- OK ret=0 val1=-0.10 val2=0.05
12:40:55.053  INFO    -> rpm
12:40:55.057  INFO    <- OK ret=0 rpm=400 (hex=0x0190)
12:40:55.253  INFO    -> rpm
12:40:55.258  INFO    <- OK ret=0 rpm=875 (hex=0x036b)
12:40:55.453  INFO    -> rpm
12:40:55.458  INFO    <- OK ret=0 rpm=625 (hex=0x0271)
12:40:55.653  INFO    -> rpm
12:40:55.658  INFO    <- OK ret=0 rpm=925 (hex=0x039d)
12:40:55.853  INFO    -> rpm
12:40:55.858  INFO    <- OK ret=0 rpm=800 (hex=0x0320)
12:40:55.858  INFO    -> current
12:40:55.864  INFO    <- OK ret=0 val1=-0.20 val2=-0.20
12:40:56.053  INFO    -> rpm
12:40:56.058  INFO    <- OK ret=0 rpm=925 (hex=0x039d)
12:40:56.253  INFO    -> rpm
12:40:56.258  INFO    <- OK ret=0 rpm=925 (hex=0x039d)
12:40:56.453  INFO    -> rpm
12:40:56.458  INFO    <- OK ret=0 rpm=950 (hex=0x03b6)
12:40:56.653  INFO    -> rpm
12:40:56.658  INFO    <- OK ret=0 rpm=950 (hex=0x03b6)
12:40:56.853  INFO    -> rpm
12:40:56.858  INFO    <- OK ret=0 rpm=1000 (hex=0x03e8)
12:40:56.858  INFO    -> current
12:40:56.864  INFO    <- OK ret=0 val1=-0.54 val2=-0.59
12:40:57.053  INFO    -> rpm
12:40:57.058  INFO    <- OK ret=0 rpm=925 (hex=0x039d)
12:40:57.253  INFO    -> rpm
12:40:57.258  INFO    <- OK ret=0 rpm=1000 (hex=0x03e8)
12:40:57.453  INFO    -> rpm
12:40:57.458  INFO    <- OK ret=0 rpm=975 (hex=0x03cf)
12:40:57.653  INFO    -> rpm
12:40:57.658  INFO    <- OK ret=0 rpm=1000 (hex=0x03e8)
12:40:57.853  INFO    -> rpm
12:40:57.858  INFO    <- OK ret=0 rpm=1000 (hex=0x03e8)
12:40:57.858  INFO    -> current
12:40:57.864  INFO    <- OK ret=0 val1=-0.54 val2=-0.44
12:40:58.053  INFO    -> rpm
12:40:58.058  INFO    <- OK ret=0 rpm=1000 (hex=0x03e8)
12:40:58.253  INFO    -> rpm
12:40:58.258  INFO    <- OK ret=0 rpm=950 (hex=0x03b6)
12:40:58.453  INFO    -> rpm
12:40:58.458  INFO    <- OK ret=0 rpm=1000 (hex=0x03e8)
12:40:58.653  INFO    -> rpm
12:40:58.658  INFO    <- OK ret=0 rpm=1025 (hex=0x0401)
12:40:58.853  INFO    -> rpm
12:40:58.858  INFO    <- OK ret=0 rpm=1000 (hex=0x03e8)
12:40:58.858  INFO    -> current
12:40:58.864  INFO    <- OK ret=0 val1=-0.59 val2=-0.39
12:40:59.053  INFO    -> rpm
12:40:59.058  INFO    <- OK ret=0 rpm=975 (hex=0x03cf)
12:40:59.253  INFO    -> rpm
12:40:59.258  INFO    <- OK ret=0 rpm=1050 (hex=0x041a)
12:40:59.453  INFO    -> rpm
12:40:59.458  INFO    <- OK ret=0 rpm=975 (hex=0x03cf)
12:40:59.653  INFO    -> rpm
12:40:59.658  INFO    <- OK ret=0 rpm=1000 (hex=0x03e8)
12:40:59.853  INFO    -> rpm
12:40:59.858  INFO    <- OK ret=0 rpm=1000 (hex=0x03e8)
12:40:59.858  INFO    -> current
12:40:59.864  INFO    <- OK ret=0 val1=-0.59 val2=-0.54
12:41:00.053  INFO    -> rpm
12:41:00.058  INFO    <- OK ret=0 rpm=1025 (hex=0x0401)
12:41:00.253  INFO    -> rpm
12:41:00.258  INFO    <- OK ret=0 rpm=1000 (hex=0x03e8)
12:41:00.453  INFO    -> rpm
12:41:00.458  INFO    <- OK ret=0 rpm=975 (hex=0x03cf)
12:41:00.653  INFO    -> rpm
12:41:00.658  INFO    <- OK ret=0 rpm=1000 (hex=0x03e8)
12:41:00.853  INFO    -> rpm
12:41:00.858  INFO    <- OK ret=0 rpm=975 (hex=0x03cf)
12:41:00.858  INFO    -> current
12:41:00.864  INFO    <- OK ret=0 val1=-0.49 val2=-0.59
12:41:01.053  INFO    -> rpm
12:41:01.058  INFO    <- OK ret=0 rpm=1000 (hex=0x03e8)
12:41:01.253  INFO    -> rpm
12:41:01.258  INFO    <- OK ret=0 rpm=1000 (hex=0x03e8)
12:41:01.453  INFO    -> rpm
12:41:01.458  INFO    <- OK ret=0 rpm=1000 (hex=0x03e8)
12:41:01.653  INFO    -> rpm
12:41:01.658  INFO    <- OK ret=0 rpm=1000 (hex=0x03e8)
12:41:01.659  INFO    -> speed 800
12:41:01.663  INFO    <- OK
12:41:01.914  INFO    -> speed 600
12:41:01.919  INFO    <- OK
12:41:02.169  INFO    -> speed 400
12:41:02.174  INFO    <- OK
12:41:02.425  INFO    -> speed 200
12:41:02.430  INFO    <- OK
12:41:02.681  INFO    -> speed 0
12:41:02.685  INFO    <- OK
