12:39:02.748  INFO    -> pi -0.08 -0.03
12:39:02.752  INFO    <- OK
12:39:02.752  INFO    -> speed 0
12:39:02.755  INFO    <- OK
12:39:02.756  INFO    -> speed 1000
12:39:02.759  INFO    <- OK
12:39:02.759  INFO    -> rpm
12:39:02.763  INFO    <- OK ret=0 rpm=0 (hex=0x0000)
12:39:02.763  INFO    -> current
12:39:02.767  INFO    <- OK ret=0 val1=-0.10 val2=0.00
12:39:02.959  INFO    -> rpm
12:39:02.963  INFO    <- OK ret=0 rpm=0 (hex=0x0000)
12:39:03.159  INFO    -> rpm
12:39:03.163  INFO    <- OK ret=0 rpm=25 (hex=0x0019)
12:39:03.359  INFO    -> rpm
12:39:03.363  INFO    <- OK ret=0 rpm=775 (hex=0x0307)
12:39:03.559  INFO    -> rpm
12:39:03.569  INFO    <- OK ret=0 rpm=1100 (hex=0x044c)
12:39:03.759  INFO    -> rpm
12:39:03.764  INFO    <- OK ret=0 rpm=1075 (hex=0x0433)
12:39:03.764  INFO    -> current
12:39:03.770  INFO    <- OK ret=0 val1=-0.15 val2=0.00
12:39:03.959  INFO    -> rpm
12:39:03.964  INFO    <- OK ret=0 rpm=1025 (hex=0x0401)
12:39:04.159  INFO    -> rpm
12:39:04.164  INFO    <- OK ret=0 rpm=1025 (hex=0x0401)
12:39:04.359  INFO    -> rpm
12:39:04.364  INFO    <- OK ret=0 rpm=1000 (hex=0x03e8)
12:39:04.559  INFO    -> rpm
12:39:04.564  INFO    <- OK ret=0 rpm=1000 (hex=0x03e8)
12:39:04.759  INFO    -> rpm
12:39:04.764  INFO    <- OK ret=0 rpm=1025 (hex=0x0401)
12:39:04.765  INFO    -> current
12:39:04.770  INFO    <- OK ret=0 val1=-0.63 val2=-0.54
12:39:04.959  INFO    -> rpm
12:39:04.964  INFO    <- OK ret=0 rpm=1000 (hex=0x03e8)
12:39:05.159  INFO    -> rpm
12:39:05.164  INFO    <- OK ret=0 rpm=975 (hex=0x03cf)
12:39:05.359  INFO    -> rpm
12:39:05.364  INFO    <- OK ret=0 rpm=1025 (hex=0x0401)
12:39:05.559  INFO    -> rpm
12:39:05.565  INFO    <- OK ret=0 rpm=975 (hex=0x03cf)
12:39:05.759  INFO    -> rpm
12:39:05.764  INFO    <- OK ret=0 rpm=1000 (hex=0x03e8)
12:39:05.765  INFO    -> current
12:39:05.770  INFO    <- OK ret=0 val1=-0.49 val2=-0.49
12:39:05.959  INFO    -> rpm
12:39:05.964  INFO    <- OK ret=0 rpm=1000 (hex=0x03e8)
12:39:06.159  INFO    -> rpm
12:39:06.164  INFO    <- OK ret=0 rpm=1000 (hex=0x03e8)
12:39:06.359  INFO    -> rpm
12:39:06.364  INFO    <- OK ret=0 rpm=1000 (hex=0x03e8)
12:39:06.559  INFO    -> rpm
12:39:06.564  INFO    <- OK ret=0 rpm=1000 (hex=0x03e8)
12:39:06.759  INFO    -> rpm
12:39:06.764  INFO    <- OK ret=0 rpm=1000 (hex=0x03e8)
12:39:06.765  INFO    -> current
12:39:06.770  INFO    <- OK ret=0 val1=-0.59 val2=-0.49
12:39:06.959  INFO    -> rpm
12:39:06.964  INFO    <- OK ret=0 rpm=1000 (hex=0x03e8)
12:39:07.159  INFO    -> rpm
12:39:07.164  INFO    <- OK ret=0 rpm=1000 (hex=0x03e8)
12:39:07.359  INFO    -> rpm
12:39:07.364  INFO    <- OK ret=0 rpm=1000 (hex=0x03e8)
12:39:07.559  INFO    -> rpm
12:39:07.564  INFO    <- OK ret=0 rpm=975 (hex=0x03cf)
12:39:07.759  INFO    -> rpm
12:39:07.764  INFO    <- OK ret=0 rpm=1000 (hex=0x03e8)
12:39:07.765  INFO    -> current
12:39:07.770  INFO    <- OK ret=0 val1=-0.49 val2=-0.44
12:39:07.959  INFO    -> rpm
12:39:07.964  INFO    <- OK ret=0 rpm=1000 (hex=0x03e8)
12:39:08.159  INFO    -> rpm
12:39:08.164  INFO    <- OK ret=0 rpm=1000 (hex=0x03e8)
12:39:08.359  INFO    -> rpm
12:39:08.364  INFO    <- OK ret=0 rpm=975 (hex=0x03cf)
12:39:08.559  INFO    -> rpm
12:39:08.565  INFO    <- OK ret=0 rpm=1025 (hex=0x0401)
12:39:08.759  INFO    -> rpm
12:39:08.764  INFO    <- OK ret=0 rpm=975 (hex=0x03cf)
12:39:08.765  INFO    -> current
12:39:08.770  INFO    <- OK ret=0 val1=-0.49 val2=-0.49
12:39:08.959  INFO    -> rpm
12:39:08.964  INFO    <- OK ret=0 rpm=1025 (hex=0x0401)
12:39:09.159  INFO    -> rpm
12:39:09.164  INFO    <- OK ret=0 rpm=975 (hex=0x03cf)
12:39:09.359  INFO    -> rpm
12:39:09.364  INFO    <- OK ret=0 rpm=1025 (hex=0x0401)
12:39:09.559  INFO    -> rpm
12:39:09.564  INFO    <- OK ret=0 rpm=1000 (hex=0x03e8)
12:39:09.565  INFO    -> speed 800
12:39:09.569  INFO    <- OK
12:39:09.820  INFO    -> speed 600
12:39:09.825  INFO    <- OK
12:39:10.075  INFO    -> speed 400
12:39:10.080  INFO    <- OK
12:39:10.331  INFO    -> speed 200
12:39:10.336  INFO    <- OK
12:39:10.587  INFO    -> speed 0
12:39:10.591  INFO    <- OK
