12:39:46.615  INFO    -> pi -0.08 0.0
12:39:46.619  INFO    <- OK
12:39:46.619  INFO    -> speed 0
12:39:46.622  INFO    <- OK
12:39:46.622  INFO    -> speed 1000
12:39:46.626  INFO    <- OK
12:39:46.626  INFO    -> rpm
12:39:46.630  INFO    <- OK ret=0 rpm=0 (hex=0x0000)
12:39:46.630  INFO    -> current
12:39:46.635  INFO    <- OK ret=0 val1=-0.10 val2=0.05
12:39:46.827  INFO    -> rpm
12:39:46.831  INFO    <- OK ret=0 rpm=0 (hex=0x0000)
12:39:47.027  INFO    -> rpm
12:39:47.032  INFO    <- OK ret=0 rpm=25 (hex=0x0019)
12:39:47.227  INFO    -> rpm
12:39:47.232  INFO    <- OK ret=0 rpm=950 (hex=0x03b6)
12:39:47.427  INFO    -> rpm
12:39:47.432  INFO    <- OK ret=0 rpm=1250 (hex=0x04e2)
12:39:47.627  INFO    -> rpm
12:39:47.632  INFO    <- OK ret=0 rpm=1150 (hex=0x047e)
12:39:47.632  INFO    -> current
12:39:47.638  INFO    <- OK ret=0 val1=-0.29 val2=-0.15
12:39:47.827  INFO    -> rpm
12:39:47.832  INFO    <- OK ret=0 rpm=1000 (hex=0x03e8)
12:39:48.027  INFO    -> rpm
12:39:48.033  INFO    <- OK ret=0 rpm=975 (hex=0x03cf)
12:39:48.227  INFO    -> rpm
12:39:48.232  INFO    <- OK ret=0 rpm=1000 (hex=0x03e8)
12:39:48.427  INFO    -> rpm
12:39:48.432  INFO    <- OK ret=0 rpm=1000 (hex=0x03e8)
12:39:48.627  INFO    -> rpm
12:39:48.632  INFO    <- OK ret=0 rpm=1000 (hex=0x03e8)
12:39:48.632  INFO    -> current
12:39:48.638  INFO    <- OK ret=0 val1=-0.54 val2=-0.63
12:39:48.827  INFO    -> rpm
12:39:48.832  INFO    <- OK ret=0 rpm=1000 (hex=0x03e8)
12:39:49.027  INFO    -> rpm
12:39:49.036  INFO    <- OK ret=0 rpm=1000 (hex=0x03e8)
12:39:49.227  INFO    -> rpm
12:39:49.232  INFO    <- OK ret=0 rpm=1000 (hex=0x03e8)
12:39:49.427  INFO    -> rpm
12:39:49.432  INFO    <- OK ret=0 rpm=1000 (hex=0x03e8)
12:39:49.627  INFO    -> rpm
12:39:49.632  INFO    <- OK ret=0 rpm=1025 (hex=0x0401)
12:39:49.632  INFO    -> current
12:39:49.638  INFO    <- OK ret=0 val1=-0.54 val2=-0.39
12:39:49.827  INFO    -> rpm
12:39:49.832  INFO    <- OK ret=0 rpm=1000 (hex=0x03e8)
12:39:50.027  INFO    -> rpm
12:39:50.032  INFO    <- OK ret=0 rpm=975 (hex=0x03cf)
12:39:50.227  INFO    -> rpm
12:39:50.232  INFO    <- OK ret=0 rpm=1000 (hex=0x03e8)
12:39:50.427  INFO    -> rpm
12:39:50.432  INFO    <- OK ret=0 rpm=1025 (hex=0x0401)
12:39:50.627  INFO    -> rpm
12:39:50.632  INFO    <- OK ret=0 rpm=1000 (hex=0x03e8)
12:39:50.632  INFO    -> current
12:39:50.638  INFO    <- OK ret=0 val1=-0.59 val2=-0.49
12:39:50.827  INFO    -> rpm
12:39:50.832  INFO    <- OK ret=0 rpm=1000 (hex=0x03e8)
12:39:51.027  INFO    -> rpm
12:39:51.032  INFO    <- OK ret=0 rpm=1000 (hex=0x03e8)
12:39:51.227  INFO    -> rpm
12:39:51.232  INFO    <- OK ret=0 rpm=1000 (hex=0x03e8)
12:39:51.427  INFO    -> rpm
12:39:51.432  INFO    <- OK ret=0 rpm=1000 (hex=0x03e8)
12:39:51.627  INFO    -> rpm
12:39:51.632  INFO    <- OK ret=0 rpm=975 (hex=0x03cf)
12:39:51.632  INFO    -> current
12:39:51.638  INFO    <- OK ret=0 val1=-0.54 val2=-0.59
12:39:51.827  INFO    -> rpm
12:39:51.832  INFO    <- OK ret=0 rpm=1000 (hex=0x03e8)
12:39:52.027  INFO    -> rpm
12:39:52.032  INFO    <- OK ret=0 rpm=975 (hex=0x03cf)
12:39:52.227  INFO    -> rpm
12:39:52.232  INFO    <- OK ret=0 rpm=1000 (hex=0x03e8)
12:39:52.427  INFO    -> rpm
12:39:52.432  INFO    <- OK ret=0 rpm=975 (hex=0x03cf)
12:39:52.627  INFO    -> rpm
12:39:52.632  INFO    <- OK ret=0 rpm=1000 (hex=0x03e8)
12:39:52.632  INFO    -> current
12:39:52.638  INFO    <- OK ret=0 val1=-0.54 val2=-0.54
12:39:52.827  INFO    -> rpm
12:39:52.832  INFO    <- OK ret=0 rpm=1000 (hex=0x03e8)
12:39:53.027  INFO    -> rpm
12:39:53.032  INFO    <- OK ret=0 rpm=975 (hex=0x03cf)
12:39:53.227  INFO    -> rpm
12:39:53.232  INFO    <- OK ret=0 rpm=1025 (hex=0x0401)
12:39:53.427  INFO    -> rpm
12:39:53.432  INFO    <- OK ret=0 rpm=975 (hex=0x03cf)
12:39:53.432  INFO    -> speed 800
12:39:53.437  INFO    <- OK
12:39:53.688  INFO    -> speed 600
12:39:53.693  INFO    <- OK
12:39:53.943  INFO    -> speed 400
12:39:53.948  INFO    <- OK
12:39:54.199  INFO    -> speed 200
12:39:54.204  INFO    <- OK
12:39:54.455  INFO    -> speed 0
12:39:54.460  INFO    <- OK
