12:40:14.432  INFO    -> pi 0.08 0.0
12:40:14.435  INFO    <- OK
12:40:14.436  INFO    -> speed 0
12:40:14.439  INFO    <- OK
12:40:14.439  INFO    -> speed 1000
12:40:14.443  INFO    <- OK
12:40:14.443  INFO    -> rpm
12:40:14.447  INFO    <- OK ret=0 rpm=0 (hex=0x0000)
12:40:14.447  INFO    -> current
12:40:14.452  INFO    <- OK ret=0 val1=-0.10 val2=0.05
12:40:14.643  INFO    -> rpm
12:40:14.647  INFO    <- OK ret=0 rpm=800 (hex=0x0320)
12:40:14.843  INFO    -> rpm
12:40:14.847  INFO    <- OK ret=0 rpm=600 (hex=0x0258)
12:40:15.043  INFO    -> rpm
12:40:15.047  INFO    <- OK ret=0 rpm=725 (hex=0x02d5)
12:40:15.243  INFO    -> rpm
12:40:15.248  INFO    <- OK ret=0 rpm=850 (hex=0x0352)
12:40:15.443  INFO    -> rpm
12:40:15.448  INFO    <- OK ret=0 rpm=825 (hex=0x0339)
12:40:15.449  INFO    -> current
12:40:15.454  INFO    <- OK ret=0 val1=-0.49 val2=-0.34
12:40:15.643  INFO    -> rpm
12:40:15.648  INFO    <- OK ret=0 rpm=925 (hex=0x039d)
12:40:15.843  INFO    -> rpm
12:40:15.848  INFO    <- OK ret=0 rpm=900 (hex=0x0384)
12:40:16.043  INFO    -> rpm
12:40:16.048  INFO    <- OK ret=0 rpm=900 (hex=0x0384)
12:40:16.243  INFO    -> rpm
12:40:16.248  INFO    <- OK ret=0 rpm=950 (hex=0x03b6)
12:40:16.443  INFO    -> rpm
12:40:16.448  INFO    <- OK ret=0 rpm=925 (hex=0x039d)
12:40:16.448  INFO    -> current
12:40:16.454  INFO    <- OK ret=0 val1=-0.49 val2=-0.59
12:40:16.643  INFO    -> rpm
12:40:16.648  INFO    <- OK ret=0 rpm=1025 (hex=0x0401)
12:40:16.843  INFO    -> rpm
12:40:16.848  INFO    <- OK ret=0 rpm=950 (hex=0x03b6)
12:40:17.043  INFO    -> rpm
12:40:17.048  INFO    <- OK ret=0 rpm=1000 (hex=0x03e8)
12:40:17.243  INFO    -> rpm
12:40:17.248  INFO    <- OK ret=0 rpm=1025 (hex=0x0401)
12:40:17.443  INFO    -> rpm
12:40:17.448  INFO    <- OK ret=0 rpm=1025 (hex=0x0401)
12:40:17.448  INFO    -> current
12:40:17.454  INFO    <- OK ret=0 val1=-0.59 val2=-0.54
12:40:17.643  INFO    -> rpm
12:40:17.648  INFO    <- OK ret=0 rpm=975 (hex=0x03cf)
12:40:17.843  INFO    -> rpm
12:40:17.848  INFO    <- OK ret=0 rpm=1025 (hex=0x0401)
12:40:18.043  INFO    -> rpm
12:40:18.048  INFO    <- OK ret=0 rpm=975 (hex=0x03cf)
12:40:18.243  INFO    -> rpm
12:40:18.248  INFO    <- OK ret=0 rpm=1000 (hex=0x03e8)
12:40:18.443  INFO    -> rpm
12:40:18.448  INFO    <- OK ret=0 rpm=950 (hex=0x03b6)
12:40:18.448  INFO    -> current
12:40:18.454  INFO    <- OK ret=0 val1=-0.54 val2=-0.49
12:40:18.643  INFO    -> rpm
12:40:18.648  INFO    <- OK ret=0 rpm=1025 (hex=0x0401)
12:40:18.843  INFO    -> rpm
12:40:18.848  INFO    <- OK ret=0 rpm=950 (hex=0x03b6)
12:40:19.043  INFO    -> rpm
12:40:19.048  INFO    <- OK ret=0 rpm=1000 (hex=0x03e8)
12:40:19.243  INFO    -> rpm
12:40:19.248  INFO    <- OK ret=0 rpm=975 (hex=0x03cf)
12:40:19.443  INFO    -> rpm
12:40:19.448  INFO    <- OK ret=0 rpm=1025 (hex=0x0401)
12:40:19.448  INFO    -> current
12:40:19.454  INFO    <- OK ret=0 val1=-0.54 val2=-0.54
12:40:19.643  INFO    -> rpm
12:40:19.648  INFO    <- OK ret=0 rpm=950 (hex=0x03b6)
12:40:19.843  INFO    -> rpm
12:40:19.848  INFO    <- OK ret=0 rpm=1025 (hex=0x0401)
12:40:20.043  INFO    -> rpm
12:40:20.048  INFO    <- OK ret=0 rpm=975 (hex=0x03cf)
12:40:20.243  INFO    -> rpm
12:40:20.248  INFO    <- OK ret=0 rpm=1050 (hex=0x041a)
12:40:20.443  INFO    -> rpm
12:40:20.448  INFO    <- OK ret=0 rpm=975 (hex=0x03cf)
12:40:20.448  INFO    -> current
12:40:20.454  INFO    <- OK ret=0 val1=-0.54 val2=-0.54
12:40:20.643  INFO    -> rpm
12:40:20.648  INFO    <- OK ret=0 rpm=1000 (hex=0x03e8)
12:40:20.843  INFO    -> rpm
12:40:20.848  INFO    <- OK ret=0 rpm=975 (hex=0x03cf)
12:40:21.043  INFO    -> rpm
12:40:21.048  INFO    <- OK ret=0 rpm=1000 (hex=0x03e8)
12:40:21.243  INFO    -> rpm
12:40:21.248  INFO    <- OK ret=0 rpm=1050 (hex=0x041a)
12:40:21.249  INFO    -> speed 800
12:40:21.253  INFO    <- OK
12:40:21.504  INFO    -> speed 600
12:40:21.509  INFO    <- OK
12:40:21.760  INFO    -> speed 400
12:40:21.765  INFO    <- OK
12:40:22.015  INFO    -> speed 200
12:40:22.020  INFO    <- OK
12:40:22.271  INFO    -> speed 0
12:40:22.276  INFO    <- OK
