12:40:42.130  INFO    -> pi 0.0 0.03
12:40:42.134  INFO    <- OK
12:40:42.134  INFO    -> speed 0
12:40:42.137  INFO    <- OK
12:40:42.138  INFO    -> speed 1000
12:40:42.141  INFO    <- OK
12:40:42.141  INFO    -> rpm
12:40:42.145  INFO    <- OK ret=0 rpm=0 (hex=0x0000)
12:40:42.145  INFO    -> current
12:40:42.150  INFO    <- OK ret=0 val1=-0.10 val2=0.05
12:40:42.341  INFO    -> rpm
12:40:42.345  INFO    <- OK ret=0 rpm=0 (hex=0x0000)
12:40:42.541  INFO    -> rpm
12:40:42.546  INFO    <- OK ret=0 rpm=725 (hex=0x02d5)
12:40:42.741  INFO    -> rpm
12:40:42.746  INFO    <- OK ret=0 rpm=925 (hex=0x039d)
12:40:42.941  INFO    -> rpm
12:40:42.946  INFO    <- OK ret=0 rpm=800 (hex=0x0320)
12:40:43.141  INFO    -> rpm
12:40:43.146  INFO    <- OK ret=0 rpm=950 (hex=0x03b6)
12:40:43.147  INFO    -> current
12:40:43.152  INFO    <- OK ret=0 val1=-0.10 val2=-0.05
12:40:43.341  INFO    -> rpm
12:40:43.346  INFO    <- OK ret=0 rpm=975 (hex=0x03cf)
12:40:43.541  INFO    -> rpm
12:40:43.546  INFO    <- OK ret=0 rpm=950 (hex=0x03b6)
12:40:43.741  INFO    -> rpm
12:40:43.746  INFO    <- OK ret=0 rpm=1000 (hex=0x03e8)
12:40:43.941  INFO    -> rpm
12:40:43.946  INFO    <- OK ret=0 rpm=975 (hex=0x03cf)
12:40:44.141  INFO    -> rpm
12:40:44.146  INFO    <- OK ret=0 rpm=1000 (hex=0x03e8)
12:40:44.147  INFO    -> current
12:40:44.152  INFO    <- OK ret=0 val1=-0.49 val2=-0.59
12:40:44.341  INFO    -> rpm
12:40:44.346  INFO    <- OK ret=0 rpm=1000 (hex=0x03e8)
12:40:44.541  INFO    -> rpm
12:40:44.550  INFO    <- OK ret=0 rpm=1000 (hex=0x03e8)
12:40:44.741  INFO    -> rpm
12:40:44.746  INFO    <- OK ret=0 rpm=1000 (hex=0x03e8)
12:40:44.941  INFO    -> rpm
12:40:44.946  INFO    <- OK ret=0 rpm=1000 (hex=0x03e8)
12:40:45.141  INFO    -> rpm
12:40:45.146  INFO    <- OK ret=0 rpm=1000 (hex=0x03e8)
12:40:45.147  INFO    -> current
12:40:45.152  INFO    <- OK ret=0 val1=-0.49 val2=-0.49
12:40:45.341  INFO    -> rpm
12:40:45.346  INFO    <- OK ret=0 rpm=1000 (hex=0x03e8)
12:40:45.541  INFO    -> rpm
12:40:45.546  INFO    <- OK ret=0 rpm=1000 (hex=0x03e8)
12:40:45.741  INFO    -> rpm
12:40:45.746  INFO    <- OK ret=0 rpm=1000 (hex=0x03e8)
12:40:45.941  INFO    -> rpm
12:40:45.946  INFO    <- OK ret=0 rpm=1000 (hex=0x03e8)
12:40:46.141  INFO    -> rpm
12:40:46.146  INFO    <- OK ret=0 rpm=1025 (hex=0x0401)
12:40:46.147  INFO    -> current
12:40:46.152  INFO    <- OK ret=0 val1=-0.54 val2=-0.63
12:40:46.341  INFO    -> rpm
12:40:46.346  INFO    <- OK ret=0 rpm=1000 (hex=0x03e8)
12:40:46.541  INFO    -> rpm
12:40:46.546  INFO    <- OK ret=0 rpm=1000 (hex=0x03e8)
12:40:46.741  INFO    -> rpm
12:40:46.746  INFO    <- OK ret=0 rpm=1025 (hex=0x0401)
12:40:46.942  INFO    -> rpm
12:40:46.947  INFO    <- OK ret=0 rpm=1000 (hex=0x03e8)
12:40:47.141  INFO    -> rpm
12:40:47.146  INFO    <- OK ret=0 rpm=975 (hex=0x03cf)
12:40:47.147  INFO    -> current
12:40:47.152  INFO    <- OK ret=0 val1=-0.49 val2=-0.59
12:40:47.341  INFO    -> rpm
12:40:47.346  INFO    <- OK ret=0 rpm=1000 (hex=0x03e8)
12:40:47.541  INFO    -> rpm
12:40:47.546  INFO    <- OK ret=0 rpm=1000 (hex=0x03e8)
12:40:47.741  INFO    -> rpm
12:40:47.746  INFO    <- OK ret=0 rpm=1025 (hex=0x0401)
12:40:47.941  INFO    -> rpm
12:40:47.946  INFO    <- OK ret=0 rpm=975 (hex=0x03cf)
12:40:48.141  INFO    -> rpm
12:40:48.146  INFO    <- OK ret=0 rpm=1025 (hex=0x0401)
12:40:48.147  INFO    -> current
12:40:48.152  INFO    <- OK ret=0 val1=-0.63 val2=-0.44
12:40:48.341  INFO    -> rpm
12:40:48.346  INFO    <- OK ret=0 rpm=1000 (hex=0x03e8)
12:40:48.541  INFO    -> rpm
12:40:48.546  INFO    <- OK ret=0 rpm=975 (hex=0x03cf)
12:40:48.741  INFO    -> rpm
12:40:48.746  INFO    <- OK ret=0 rpm=1025 (hex=0x0401)
12:40:48.941  INFO    -> rpm
12:40:48.946  INFO    <- OK ret=0 rpm=1000 (hex=0x03e8)
12:40:48.947  INFO    -> speed 800
12:40:48.951  INFO    <- OK
12:40:49.202  INFO    -> speed 600
12:40:49.207  INFO    <- OK
12:40:49.458  INFO    -> speed 400
12:40:49.463  INFO    <- OK
12:40:49.713  INFO    -> speed 200
12:40:49.718  INFO    <- OK
12:40:49.969  INFO    -> speed 0
12:40:49.974  INFO    <- OK
