15:04:20.705  INFO    -> pi -0.1 -0.02
15:04:20.708  INFO    <- OK
15:04:20.709  INFO    -> speed 0
15:04:20.712  INFO    <- OK
15:04:20.712  INFO    -> speed 1000
15:04:20.715  INFO    <- OK
15:04:20.716  INFO    -> rpm
15:04:20.719  INFO    <- OK ret=0 rpm=0 (hex=0x0000)
15:04:20.720  INFO    -> current
15:04:20.725  INFO    <- OK ret=0 val1=-0.15 val2=0.10
15:04:20.916  INFO    -> rpm
15:04:20.920  INFO    <- OK ret=0 rpm=0 (hex=0x0000)
15:04:21.116  INFO    -> rpm
15:04:21.119  INFO    <- OK ret=0 rpm=0 (hex=0x0000)
15:04:21.316  INFO    -> rpm
15:04:21.321  INFO    <- OK ret=0 rpm=525 (hex=0x020d)
15:04:21.516  INFO    -> rpm
15:04:21.521  INFO    <- OK ret=0 rpm=1225 (hex=0x04c9)
15:04:21.716  INFO    -> rpm
15:04:21.721  INFO    <- OK ret=0 rpm=1275 (hex=0x04fb)
15:04:21.721  INFO    -> current
15:04:21.727  INFO    <- OK ret=0 val1=-0.15 val2=0.05
15:04:21.916  INFO    -> rpm
15:04:21.921  INFO    <- OK ret=0 rpm=1150 (hex=0x047e)
15:04:22.116  INFO    -> rpm
15:04:22.121  INFO    <- OK ret=0 rpm=1000 (hex=0x03e8)
15:04:22.316  INFO    -> rpm
15:04:22.321  INFO    <- OK ret=0 rpm=975 (hex=0x03cf)
15:04:22.516  INFO    -> rpm
15:04:22.521  INFO    <- OK ret=0 rpm=975 (hex=0x03cf)
15:04:22.716  INFO    -> rpm
15:04:22.721  INFO    <- OK ret=0 rpm=1000 (hex=0x03e8)
15:04:22.721  INFO    -> current
15:04:22.727  INFO    <- OK ret=0 val1=-0.54 val2=-0.49
15:04:22.916  INFO    -> rpm
15:04:22.921  INFO    <- OK ret=0 rpm=1000 (hex=0x03e8)
15:04:23.116  INFO    -> rpm
15:04:23.121  INFO    <- OK ret=0 rpm=1000 (hex=0x03e8)
15:04:23.316  INFO    -> rpm
15:04:23.321  INFO    <- OK ret=0 rpm=1000 (hex=0x03e8)
15:04:23.516  INFO    -> rpm
15:04:23.521  INFO    <- OK ret=0 rpm=1000 (hex=0x03e8)
15:04:23.716  INFO    -> rpm
15:04:23.721  INFO    <- OK ret=0 rpm=975 (hex=0x03cf)
15:04:23.721  INFO    -> current
15:04:23.727  INFO    <- OK ret=0 val1=-0.44 val2=-0.44
15:04:23.916  INFO    -> rpm
15:04:23.921  INFO    <- OK ret=0 rpm=1025 (hex=0x0401)
15:04:24.116  INFO    -> rpm
15:04:24.121  INFO    <- OK ret=0 rpm=1000 (hex=0x03e8)
15:04:24.316  INFO    -> rpm
15:04:24.321  INFO    <- OK ret=0 rpm=1025 (hex=0x0401)
15:04:24.516  INFO    -> rpm
15:04:24.521  INFO    <- OK ret=0 rpm=1000 (hex=0x03e8)
15:04:24.716  INFO    -> rpm
15:04:24.721  INFO    <- OK ret=0 rpm=1000 (hex=0x03e8)
15:04:24.721  INFO    -> current
15:04:24.727  INFO    <- OK ret=0 val1=-0.49 val2=-0.39
15:04:24.916  INFO    -> rpm
15:04:24.921  INFO    <- OK ret=0 rpm=1000 (hex=0x03e8)
15:04:25.116  INFO    -> rpm
15:04:25.121  INFO    <- OK ret=0 rpm=1000 (hex=0x03e8)
15:04:25.316  INFO    -> rpm
15:04:25.321  INFO    <- OK ret=0 rpm=1000 (hex=0x03e8)
15:04:25.516  INFO    -> rpm
15:04:25.521  INFO    <- OK ret=0 rpm=1000 (hex=0x03e8)
15:04:25.716  INFO    -> rpm
15:04:25.721  INFO    <- OK ret=0 rpm=975 (hex=0x03cf)
15:04:25.721  INFO    -> current
15:04:25.727  INFO    <- OK ret=0 val1=-0.54 val2=-0.39
15:04:25.916  INFO    -> rpm
15:04:25.921  INFO    <- OK ret=0 rpm=1025 (hex=0x0401)
15:04:26.116  INFO    -> rpm
15:04:26.121  INFO    <- OK ret=0 rpm=1000 (hex=0x03e8)
15:04:26.316  INFO    -> rpm
15:04:26.321  INFO    <- OK ret=0 rpm=1000 (hex=0x03e8)
15:04:26.516  INFO    -> rpm
15:04:26.521  INFO    <- OK ret=0 rpm=1000 (hex=0x03e8)
15:04:26.716  INFO    -> rpm
15:04:26.721  INFO    <- OK ret=0 rpm=1000 (hex=0x03e8)
15:04:26.721  INFO    -> current
15:04:26.727  INFO    <- OK ret=0 val1=-0.49 val2=-0.39
15:04:26.916  INFO    -> rpm
15:04:26.921  INFO    <- OK ret=0 rpm=1025 (hex=0x0401)
15:04:27.116  INFO    -> rpm
15:04:27.121  INFO    <- OK ret=0 rpm=1000 (hex=0x03e8)
15:04:27.316  INFO    -> rpm
15:04:27.321  INFO    <- OK ret=0 rpm=1000 (hex=0x03e8)
15:04:27.516  INFO    -> rpm
15:04:27.521  INFO    <- OK ret=0 rpm=1000 (hex=0x03e8)
15:04:27.521  INFO    -> speed 800
15:04:27.526  INFO    <- OK
15:04:27.777  INFO    -> speed 600
15:04:27.782  INFO    <- OK
15:04:28.032  INFO    -> speed 400
15:04:28.037  INFO    <- OK
15:04:28.288  INFO    -> speed 200
15:04:28.293  INFO    <- OK
15:04:28.543  INFO    -> speed 0
15:04:28.548  INFO    <- OK
