15:08:19.937  INFO    -> pi 0.04 0.02
15:08:19.941  INFO    <- OK
15:08:19.941  INFO    -> speed 0
15:08:19.944  INFO    <- OK
15:08:19.945  INFO    -> speed 1000
15:08:19.948  INFO    <- OK
15:08:19.948  INFO    -> rpm
15:08:19.952  INFO    <- OK ret=0 rpm=0 (hex=0x0000)
15:08:19.952  INFO    -> current
15:08:19.957  INFO    <- OK ret=0 val1=-0.10 val2=0.05
15:08:20.148  INFO    -> rpm
15:08:20.152  INFO    <- OK ret=0 rpm=350 (hex=0x015e)
15:08:20.348  INFO    -> rpm
15:08:20.352  INFO    <- OK ret=0 rpm=825 (hex=0x0339)
15:08:20.548  INFO    -> rpm
15:08:20.553  INFO    <- OK ret=0 rpm=675 (hex=0x02a3)
15:08:20.748  INFO    -> rpm
15:08:20.753  INFO    <- OK ret=0 rpm=850 (hex=0x0352)
15:08:20.948  INFO    -> rpm
15:08:20.953  INFO    <- OK ret=0 rpm=900 (hex=0x0384)
15:08:20.954  INFO    -> current
15:08:20.959  INFO    <- OK ret=0 val1=-0.29 val2=0.00
15:08:21.148  INFO    -> rpm
15:08:21.153  INFO    <- OK ret=0 rpm=925 (hex=0x039d)
15:08:21.348  INFO    -> rpm
15:08:21.353  INFO    <- OK ret=0 rpm=925 (hex=0x039d)
15:08:21.548  INFO    -> rpm
15:08:21.553  INFO    <- OK ret=0 rpm=975 (hex=0x03cf)
15:08:21.748  INFO    -> rpm
15:08:21.753  INFO    <- OK ret=0 rpm=1000 (hex=0x03e8)
15:08:21.948  INFO    -> rpm
15:08:21.953  INFO    <- OK ret=0 rpm=1000 (hex=0x03e8)
15:08:21.954  INFO    -> current
15:08:21.959  INFO    <- OK ret=0 val1=-0.44 val2=-0.39
15:08:22.148  INFO    -> rpm
15:08:22.153  INFO    <- OK ret=0 rpm=950 (hex=0x03b6)
15:08:22.348  INFO    -> rpm
15:08:22.353  INFO    <- OK ret=0 rpm=1000 (hex=0x03e8)
15:08:22.548  INFO    -> rpm
15:08:22.553  INFO    <- OK ret=0 rpm=975 (hex=0x03cf)
15:08:22.748  INFO    -> rpm
15:08:22.753  INFO    <- OK ret=0 rpm=1025 (hex=0x0401)
15:08:22.948  INFO    -> rpm
15:08:22.953  INFO    <- OK ret=0 rpm=975 (hex=0x03cf)
15:08:22.954  INFO    -> current
15:08:22.959  INFO    <- OK ret=0 val1=-0.44 val2=-0.49
15:08:23.148  INFO    -> rpm
15:08:23.153  INFO    <- OK ret=0 rpm=1025 (hex=0x0401)
15:08:23.348  INFO    -> rpm
15:08:23.353  INFO    <- OK ret=0 rpm=975 (hex=0x03cf)
15:08:23.548  INFO    -> rpm
15:08:23.553  INFO    <- OK ret=0 rpm=1000 (hex=0x03e8)
15:08:23.748  INFO    -> rpm
15:08:23.753  INFO    <- OK ret=0 rpm=1000 (hex=0x03e8)
15:08:23.948  INFO    -> rpm
15:08:23.953  INFO    <- OK ret=0 rpm=1000 (hex=0x03e8)
15:08:23.954  INFO    -> current
15:08:23.960  INFO    <- OK ret=0 val1=-0.54 val2=-0.54
15:08:24.148  INFO    -> rpm
15:08:24.154  INFO    <- OK ret=0 rpm=1025 (hex=0x0401)
15:08:24.348  INFO    -> rpm
15:08:24.353  INFO    <- OK ret=0 rpm=950 (hex=0x03b6)
15:08:24.548  INFO    -> rpm
15:08:24.553  INFO    <- OK ret=0 rpm=1050 (hex=0x041a)
15:08:24.748  INFO    -> rpm
15:08:24.753  INFO    <- OK ret=0 rpm=1000 (hex=0x03e8)
15:08:24.948  INFO    -> rpm
15:08:24.953  INFO    <- OK ret=0 rpm=1000 (hex=0x03e8)
15:08:24.954  INFO    -> current
15:08:24.960  INFO    <- OK ret=0 val1=-0.44 val2=-0.44
15:08:25.148  INFO    -> rpm
15:08:25.153  INFO    <- OK ret=0 rpm=975 (hex=0x03cf)
15:08:25.348  INFO    -> rpm
15:08:25.353  INFO    <- OK ret=0 rpm=1000 (hex=0x03e8)
15:08:25.548  INFO    -> rpm
15:08:25.553  INFO    <- OK ret=0 rpm=1000 (hex=0x03e8)
15:08:25.748  INFO    -> rpm
15:08:25.753  INFO    <- OK ret=0 rpm=1025 (hex=0x0401)
15:08:25.948  INFO    -> rpm
15:08:25.953  INFO    <- OK ret=0 rpm=975 (hex=0x03cf)
15:08:25.954  INFO    -> current
15:08:25.960  INFO    <- OK ret=0 val1=-0.49 val2=-0.54
15:08:26.148  INFO    -> rpm
15:08:26.153  INFO    <- OK ret=0 rpm=1025 (hex=0x0401)
15:08:26.348  INFO    -> rpm
15:08:26.353  INFO    <- OK ret=0 rpm=975 (hex=0x03cf)
15:08:26.548  INFO    -> rpm
15:08:26.553  INFO    <- OK ret=0 rpm=1025 (hex=0x0401)
15:08:26.748  INFO    -> rpm
15:08:26.753  INFO    <- OK ret=0 rpm=1000 (hex=0x03e8)
15:08:26.754  INFO    -> speed 800
15:08:26.759  INFO    <- OK
15:08:27.009  INFO    -> speed 600
15:08:27.014  INFO    <- OK
15:08:27.265  INFO    -> speed 400
15:08:27.270  INFO    <- OK
15:08:27.521  INFO    -> speed 200
15:08:27.525  INFO    <- OK
15:08:27.776  INFO    -> speed 0
15:08:27.781  INFO    <- OK
