15:07:37.183  INFO    -> pi 0.04 -0.04
15:07:37.187  INFO    <- OK
15:07:37.187  INFO    -> speed 0
15:07:37.191  INFO    <- OK
15:07:37.191  INFO    -> speed 1000
15:07:37.194  INFO    <- OK
15:07:37.194  INFO    -> rpm
15:07:37.198  INFO    <- OK ret=0 rpm=0 (hex=0x0000)
15:07:37.198  INFO    -> current
15:07:37.204  INFO    <- OK ret=0 val1=-0.10 val2=0.05
15:07:37.395  INFO    -> rpm
15:07:37.398  INFO    <- OK ret=0 rpm=300 (hex=0x012c)
15:07:37.595  INFO    -> rpm
15:07:37.599  INFO    <- OK ret=0 rpm=800 (hex=0x0320)
15:07:37.795  INFO    -> rpm
15:07:37.803  INFO    <- OK ret=0 rpm=575 (hex=0x023f)
15:07:37.995  INFO    -> rpm
15:07:37.999  INFO    <- OK ret=0 rpm=850 (hex=0x0352)
15:07:38.195  INFO    -> rpm
15:07:38.200  INFO    <- OK ret=0 rpm=850 (hex=0x0352)
15:07:38.200  INFO    -> current
15:07:38.206  INFO    <- OK ret=0 val1=-0.44 val2=-0.29
15:07:38.395  INFO    -> rpm
15:07:38.399  INFO    <- OK ret=0 rpm=900 (hex=0x0384)
15:07:38.595  INFO    -> rpm
15:07:38.599  INFO    <- OK ret=0 rpm=925 (hex=0x039d)
15:07:38.795  INFO    -> rpm
15:07:38.799  INFO    <- OK ret=0 rpm=950 (hex=0x03b6)
15:07:38.995  INFO    -> rpm
15:07:38.999  INFO    <- OK ret=0 rpm=975 (hex=0x03cf)
15:07:39.195  INFO    -> rpm
15:07:39.199  INFO    <- OK ret=0 rpm=975 (hex=0x03cf)
15:07:39.200  INFO    -> current
15:07:39.205  INFO    <- OK ret=0 val1=-0.54 val2=-0.54
15:07:39.395  INFO    -> rpm
15:07:39.399  INFO    <- OK ret=0 rpm=975 (hex=0x03cf)
15:07:39.595  INFO    -> rpm
15:07:39.599  INFO    <- OK ret=0 rpm=1000 (hex=0x03e8)
15:07:39.795  INFO    -> rpm
15:07:39.800  INFO    <- OK ret=0 rpm=975 (hex=0x03cf)
15:07:39.995  INFO    -> rpm
15:07:39.999  INFO    <- OK ret=0 rpm=975 (hex=0x03cf)
15:07:40.195  INFO    -> rpm
15:07:40.199  INFO    <- OK ret=0 rpm=1025 (hex=0x0401)
15:07:40.200  INFO    -> current
15:07:40.205  INFO    <- OK ret=0 val1=-0.49 val2=-0.54
15:07:40.395  INFO    -> rpm
15:07:40.399  INFO    <- OK ret=0 rpm=975 (hex=0x03cf)
15:07:40.595  INFO    -> rpm
15:07:40.599  INFO    <- OK ret=0 rpm=1025 (hex=0x0401)
15:07:40.795  INFO    -> rpm
15:07:40.799  INFO    <- OK ret=0 rpm=975 (hex=0x03cf)
15:07:40.995  INFO    -> rpm
15:07:40.999  INFO    <- OK ret=0 rpm=1025 (hex=0x0401)
15:07:41.195  INFO    -> rpm
15:07:41.199  INFO    <- OK ret=0 rpm=975 (hex=0x03cf)
15:07:41.200  INFO    -> current
15:07:41.205  INFO    <- OK ret=0 val1=-0.49 val2=-0.34
15:07:41.395  INFO    -> rpm
15:07:41.400  INFO    <- OK ret=0 rpm=1025 (hex=0x0401)
15:07:41.595  INFO    -> rpm
15:07:41.600  INFO    <- OK ret=0 rpm=1000 (hex=0x03e8)
15:07:41.795  INFO    -> rpm
15:07:41.800  INFO    <- OK ret=0 rpm=975 (hex=0x03cf)
15:07:41.995  INFO    -> rpm
15:07:41.999  INFO    <- OK ret=0 rpm=1000 (hex=0x03e8)
15:07:42.195  INFO    -> rpm
15:07:42.200  INFO    <- OK ret=0 rpm=1000 (hex=0x03e8)
15:07:42.200  INFO    -> current
15:07:42.206  INFO    <- OK ret=0 val1=-0.54 val2=-0.49
15:07:42.395  INFO    -> rpm
15:07:42.400  INFO    <- OK ret=0 rpm=1000 (hex=0x03e8)
15:07:42.595  INFO    -> rpm
15:07:42.600  INFO    <- OK ret=0 rpm=1000 (hex=0x03e8)
15:07:42.795  INFO    -> rpm
15:07:42.802  INFO    <- OK ret=0 rpm=975 (hex=0x03cf)
15:07:42.995  INFO    -> rpm
15:07:42.999  INFO    <- OK ret=0 rpm=1025 (hex=0x0401)
15:07:43.195  INFO    -> rpm
15:07:43.200  INFO    <- OK ret=0 rpm=1000 (hex=0x03e8)
15:07:43.200  INFO    -> current
15:07:43.206  INFO    <- OK ret=0 val1=-0.49 val2=-0.49
15:07:43.395  INFO    -> rpm
15:07:43.400  INFO    <- OK ret=0 rpm=1000 (hex=0x03e8)
15:07:43.595  INFO    -> rpm
15:07:43.600  INFO    <- OK ret=0 rpm=975 (hex=0x03cf)
15:07:43.795  INFO    -> rpm
15:07:43.800  INFO    <- OK ret=0 rpm=1025 (hex=0x0401)
15:07:43.995  INFO    -> rpm
15:07:43.999  INFO    <- OK ret=0 rpm=1000 (hex=0x03e8)
15:07:44.000  INFO    -> speed 800
15:07:44.004  INFO    <- OK
15:07:44.255  INFO    -> speed 600
15:07:44.260  INFO    <- OK
15:07:44.511  INFO    -> speed 400
15:07:44.515  INFO    <- OK
15:07:44.766  INFO    -> speed 200
15:07:44.771  INFO    <- OK
15:07:45.022  INFO    -> speed 0
15:07:45.027  INFO    <- OK
