15:07:52.181  INFO    -> pi 0.04 -0.02
15:07:52.185  INFO    <- OK
15:07:52.185  INFO    -> speed 0
15:07:52.189  INFO    <- OK
15:07:52.189  INFO    -> speed 1000
15:07:52.192  INFO    <- OK
15:07:52.192  INFO    -> rpm
15:07:52.196  INFO    <- OK ret=0 rpm=0 (hex=0x0000)
15:07:52.196  INFO    -> current
15:07:52.201  INFO    <- OK ret=0 val1=-0.10 val2=0.05
15:07:52.393  INFO    -> rpm
15:07:52.396  INFO    <- OK ret=0 rpm=475 (hex=0x01db)
15:07:52.593  INFO    -> rpm
15:07:52.596  INFO    <- OK ret=0 rpm=750 (hex=0x02ee)
15:07:52.793  INFO    -> rpm
15:07:52.797  INFO    <- OK ret=0 rpm=625 (hex=0x0271)
15:07:52.993  INFO    -> rpm
15:07:52.998  INFO    <- OK ret=0 rpm=875 (hex=0x036b)
15:07:53.193  INFO    -> rpm
15:07:53.198  INFO    <- OK ret=0 rpm=850 (hex=0x0352)
15:07:53.198  INFO    -> current
15:07:53.204  INFO    <- OK ret=0 val1=-0.44 val2=-0.49
15:07:53.393  INFO    -> rpm
15:07:53.398  INFO    <- OK ret=0 rpm=925 (hex=0x039d)
15:07:53.593  INFO    -> rpm
15:07:53.598  INFO    <- OK ret=0 rpm=925 (hex=0x039d)
15:07:53.793  INFO    -> rpm
15:07:53.798  INFO    <- OK ret=0 rpm=925 (hex=0x039d)
15:07:53.993  INFO    -> rpm
15:07:53.997  INFO    <- OK ret=0 rpm=950 (hex=0x03b6)
15:07:54.193  INFO    -> rpm
15:07:54.198  INFO    <- OK ret=0 rpm=975 (hex=0x03cf)
15:07:54.198  INFO    -> current
15:07:54.204  INFO    <- OK ret=0 val1=-0.49 val2=-0.49
15:07:54.393  INFO    -> rpm
15:07:54.398  INFO    <- OK ret=0 rpm=975 (hex=0x03cf)
15:07:54.593  INFO    -> rpm
15:07:54.598  INFO    <- OK ret=0 rpm=1000 (hex=0x03e8)
15:07:54.793  INFO    -> rpm
15:07:54.798  INFO    <- OK ret=0 rpm=975 (hex=0x03cf)
15:07:54.993  INFO    -> rpm
15:07:55.003  INFO    <- OK ret=0 rpm=1000 (hex=0x03e8)
15:07:55.193  INFO    -> rpm
15:07:55.198  INFO    <- OK ret=0 rpm=950 (hex=0x03b6)
15:07:55.198  INFO    -> current
15:07:55.204  INFO    <- OK ret=0 val1=-0.44 val2=-0.44
15:07:55.393  INFO    -> rpm
15:07:55.398  INFO    <- OK ret=0 rpm=1000 (hex=0x03e8)
15:07:55.593  INFO    -> rpm
15:07:55.598  INFO    <- OK ret=0 rpm=1000 (hex=0x03e8)
15:07:55.793  INFO    -> rpm
15:07:55.798  INFO    <- OK ret=0 rpm=1000 (hex=0x03e8)
15:07:55.993  INFO    -> rpm
15:07:55.998  INFO    <- OK ret=0 rpm=1025 (hex=0x0401)
15:07:56.193  INFO    -> rpm
15:07:56.198  INFO    <- OK ret=0 rpm=1000 (hex=0x03e8)
15:07:56.198  INFO    -> current
15:07:56.204  INFO    <- OK ret=0 val1=-0.54 val2=-0.44
15:07:56.393  INFO    -> rpm
15:07:56.397  INFO    <- OK ret=0 rpm=975 (hex=0x03cf)
15:07:56.593  INFO    -> rpm
15:07:56.598  INFO    <- OK ret=0 rpm=1050 (hex=0x041a)
15:07:56.793  INFO    -> rpm
15:07:56.798  INFO    <- OK ret=0 rpm=975 (hex=0x03cf)
15:07:56.993  INFO    -> rpm
15:07:56.998  INFO    <- OK ret=0 rpm=1025 (hex=0x0401)
15:07:57.193  INFO    -> rpm
15:07:57.198  INFO    <- OK ret=0 rpm=1000 (hex=0x03e8)
15:07:57.198  INFO    -> current
15:07:57.203  INFO    <- OK ret=0 val1=-0.49 val2=-0.44
15:07:57.393  INFO    -> rpm
15:07:57.398  INFO    <- OK ret=0 rpm=1025 (hex=0x0401)
15:07:57.593  INFO    -> rpm
15:07:57.598  INFO    <- OK ret=0 rpm=1000 (hex=0x03e8)
15:07:57.793  INFO    -> rpm
15:07:57.798  INFO    <- OK ret=0 rpm=1025 (hex=0x0401)
15:07:57.993  INFO    -> rpm
15:07:58.001  INFO    <- OK ret=0 rpm=975 (hex=0x03cf)
15:07:58.193  INFO    -> rpm
15:07:58.197  INFO    <- OK ret=0 rpm=1000 (hex=0x03e8)
15:07:58.198  INFO    -> current
15:07:58.203  INFO    <- OK ret=0 val1=-0.54 val2=-0.44
15:07:58.393  INFO    -> rpm
15:07:58.398  INFO    <- OK ret=0 rpm=1000 (hex=0x03e8)
15:07:58.593  INFO    -> rpm
15:07:58.598  INFO    <- OK ret=0 rpm=1000 (hex=0x03e8)
15:07:58.793  INFO    -> rpm
15:07:58.798  INFO    <- OK ret=0 rpm=1000 (hex=0x03e8)
15:07:58.993  INFO    -> rpm
15:07:58.998  INFO    <- OK ret=0 rpm=1000 (hex=0x03e8)
15:07:58.998  INFO    -> speed 800
15:07:59.003  INFO    <- OK
15:07:59.253  INFO    -> speed 600
15:07:59.258  INFO    <- OK
15:07:59.509  INFO    -> speed 400
15:07:59.514  INFO    <- OK
15:07:59.765  INFO    -> speed 200
15:07:59.770  INFO    <- OK
15:08:00.021  INFO    -> speed 0
15:08:00.025  INFO    <- OK
