14:37:14.707  INFO    -> pi 0.03 -0.02
14:37:14.711  INFO    <- OK
14:37:14.711  INFO    -> speed 0
14:37:14.715  INFO    <- OK
14:37:14.715  INFO    -> speed 1000
14:37:14.718  INFO    <- OK
14:37:14.719  INFO    -> rpm
14:37:14.727  INFO    <- OK ret=0 rpm=0 (hex=0x0000)
14:37:14.727  INFO    -> current
14:37:14.732  INFO    <- OK ret=0 val1=-0.10 val2=0.05
14:37:14.919  INFO    -> rpm
14:37:14.923  INFO    <- OK ret=0 rpm=400 (hex=0x0190)
14:37:15.119  INFO    -> rpm
14:37:15.123  INFO    <- OK ret=0 rpm=775 (hex=0x0307)
14:37:15.319  INFO    -> rpm
14:37:15.323  INFO    <- OK ret=0 rpm=700 (hex=0x02bc)
14:37:15.519  INFO    -> rpm
14:37:15.524  INFO    <- OK ret=0 rpm=875 (hex=0x036b)
14:37:15.719  INFO    -> rpm
14:37:15.724  INFO    <- OK ret=0 rpm=875 (hex=0x036b)
14:37:15.724  INFO    -> current
14:37:15.730  INFO    <- OK ret=0 val1=-0.29 val2=-0.15
14:37:15.919  INFO    -> rpm
14:37:15.924  INFO    <- OK ret=0 rpm=900 (hex=0x0384)
14:37:16.119  INFO    -> rpm
14:37:16.124  INFO    <- OK ret=0 rpm=950 (hex=0x03b6)
14:37:16.319  INFO    -> rpm
14:37:16.324  INFO    <- OK ret=0 rpm=975 (hex=0x03cf)
14:37:16.519  INFO    -> rpm
14:37:16.524  INFO    <- OK ret=0 rpm=950 (hex=0x03b6)
14:37:16.719  INFO    -> rpm
14:37:16.724  INFO    <- OK ret=0 rpm=1000 (hex=0x03e8)
14:37:16.724  INFO    -> current
14:37:16.730  INFO    <- OK ret=0 val1=-0.54 val2=-0.49
14:37:16.919  INFO    -> rpm
14:37:16.924  INFO    <- OK ret=0 rpm=975 (hex=0x03cf)
14:37:17.119  INFO    -> rpm
14:37:17.124  INFO    <- OK ret=0 rpm=1000 (hex=0x03e8)
14:37:17.319  INFO    -> rpm
14:37:17.324  INFO    <- OK ret=0 rpm=975 (hex=0x03cf)
14:37:17.519  INFO    -> rpm
14:37:17.524  INFO    <- OK ret=0 rpm=950 (hex=0x03b6)
14:37:17.719  INFO    -> rpm
14:37:17.724  INFO    <- OK ret=0 rpm=1025 (hex=0x0401)
14:37:17.724  INFO    -> current
14:37:17.730  INFO    <- OK ret=0 val1=-0.49 val2=-0.44
14:37:17.919  INFO    -> rpm
14:37:17.924  INFO    <- OK ret=0 rpm=975 (hex=0x03cf)
14:37:18.119  INFO    -> rpm
14:37:18.124  INFO    <- OK ret=0 rpm=1000 (hex=0x03e8)
14:37:18.319  INFO    -> rpm
14:37:18.324  INFO    <- OK ret=0 rpm=1000 (hex=0x03e8)
14:37:18.519  INFO    -> rpm
14:37:18.524  INFO    <- OK ret=0 rpm=1000 (hex=0x03e8)
14:37:18.719  INFO    -> rpm
14:37:18.730  INFO    <- OK ret=0 rpm=1000 (hex=0x03e8)
14:37:18.730  INFO    -> current
14:37:18.736  INFO    <- OK ret=0 val1=-0.54 val2=-0.34
14:37:18.919  INFO    -> rpm
14:37:18.924  INFO    <- OK ret=0 rpm=1000 (hex=0x03e8)
14:37:19.119  INFO    -> rpm
14:37:19.124  INFO    <- OK ret=0 rpm=1000 (hex=0x03e8)
14:37:19.319  INFO    -> rpm
14:37:19.324  INFO    <- OK ret=0 rpm=1000 (hex=0x03e8)
14:37:19.519  INFO    -> rpm
14:37:19.524  INFO    <- OK ret=0 rpm=1000 (hex=0x03e8)
14:37:19.719  INFO    -> rpm
14:37:19.724  INFO    <- OK ret=0 rpm=1000 (hex=0x03e8)
14:37:19.724  INFO    -> current
14:37:19.731  INFO    <- OK ret=0 val1=-0.54 val2=-0.44
14:37:19.919  INFO    -> rpm
14:37:19.924  INFO    <- OK ret=0 rpm=1000 (hex=0x03e8)
14:37:20.119  INFO    -> rpm
14:37:20.124  INFO    <- OK ret=0 rpm=1000 (hex=0x03e8)
14:37:20.319  INFO    -> rpm
14:37:20.324  INFO    <- OK ret=0 rpm=1025 (hex=0x0401)
14:37:20.519  INFO    -> rpm
14:37:20.524  INFO    <- OK ret=0 rpm=1000 (hex=0x03e8)
14:37:20.719  INFO    -> rpm
14:37:20.724  INFO    <- OK ret=0 rpm=1025 (hex=0x0401)
14:37:20.724  INFO    -> current
14:37:20.730  INFO    <- OK ret=0 val1=-0.54 val2=-0.49
14:37:20.919  INFO    -> rpm
14:37:20.924  INFO    <- OK ret=0 rpm=1000 (hex=0x03e8)
14:37:21.119  INFO    -> rpm
14:37:21.124  INFO    <- OK ret=0 rpm=1025 (hex=0x0401)
14:37:21.319  INFO    -> rpm
14:37:21.324  INFO    <- OK ret=0 rpm=1025 (hex=0x0401)
14:37:21.519  INFO    -> rpm
14:37:21.524  INFO    <- OK ret=0 rpm=1000 (hex=0x03e8)
14:37:21.524  INFO    -> speed 800
14:37:21.529  INFO    <- OK
14:37:21.779  INFO    -> speed 600
14:37:21.784  INFO    <- OK
14:37:22.035  INFO    -> speed 400
14:37:22.040  INFO    <- OK
14:37:22.290  INFO    -> speed 200
14:37:22.295  INFO    <- OK
14:37:22.546  INFO    -> speed 0
14:37:22.551  INFO    <- OK
