14:37:01.980  INFO    -> pi 0.03 -0.04
14:37:01.984  INFO    <- OK
14:37:01.984  INFO    -> speed 0
14:37:01.987  INFO    <- OK
14:37:01.987  INFO    -> speed 1000
14:37:01.991  INFO    <- OK
14:37:01.991  INFO    -> rpm
14:37:01.996  INFO    <- OK ret=0 rpm=0 (hex=0x0000)
14:37:01.996  INFO    -> current
14:37:02.003  INFO    <- OK ret=0 val1=-0.10 val2=0.05
14:37:02.191  INFO    -> rpm
14:37:02.195  INFO    <- OK ret=0 rpm=500 (hex=0x01f4)
14:37:02.391  INFO    -> rpm
14:37:02.395  INFO    <- OK ret=0 rpm=700 (hex=0x02bc)
14:37:02.591  INFO    -> rpm
14:37:02.596  INFO    <- OK ret=0 rpm=700 (hex=0x02bc)
14:37:02.791  INFO    -> rpm
14:37:02.796  INFO    <- OK ret=0 rpm=825 (hex=0x0339)
14:37:02.991  INFO    -> rpm
14:37:02.996  INFO    <- OK ret=0 rpm=875 (hex=0x036b)
14:37:02.997  INFO    -> current
14:37:03.002  INFO    <- OK ret=0 val1=-0.49 val2=0.05
14:37:03.191  INFO    -> rpm
14:37:03.196  INFO    <- OK ret=0 rpm=900 (hex=0x0384)
14:37:03.391  INFO    -> rpm
14:37:03.396  INFO    <- OK ret=0 rpm=900 (hex=0x0384)
14:37:03.591  INFO    -> rpm
14:37:03.596  INFO    <- OK ret=0 rpm=950 (hex=0x03b6)
14:37:03.791  INFO    -> rpm
14:37:03.796  INFO    <- OK ret=0 rpm=950 (hex=0x03b6)
14:37:03.991  INFO    -> rpm
14:37:03.996  INFO    <- OK ret=0 rpm=975 (hex=0x03cf)
14:37:03.996  INFO    -> current
14:37:04.002  INFO    <- OK ret=0 val1=-0.59 val2=-0.44
14:37:04.191  INFO    -> rpm
14:37:04.196  INFO    <- OK ret=0 rpm=950 (hex=0x03b6)
14:37:04.391  INFO    -> rpm
14:37:04.396  INFO    <- OK ret=0 rpm=1000 (hex=0x03e8)
14:37:04.591  INFO    -> rpm
14:37:04.596  INFO    <- OK ret=0 rpm=975 (hex=0x03cf)
14:37:04.791  INFO    -> rpm
14:37:04.796  INFO    <- OK ret=0 rpm=1000 (hex=0x03e8)
14:37:04.991  INFO    -> rpm
14:37:04.996  INFO    <- OK ret=0 rpm=975 (hex=0x03cf)
14:37:04.996  INFO    -> current
14:37:05.002  INFO    <- OK ret=0 val1=-0.59 val2=-0.44
14:37:05.191  INFO    -> rpm
14:37:05.196  INFO    <- OK ret=0 rpm=1000 (hex=0x03e8)
14:37:05.391  INFO    -> rpm
14:37:05.396  INFO    <- OK ret=0 rpm=1000 (hex=0x03e8)
14:37:05.591  INFO    -> rpm
14:37:05.596  INFO    <- OK ret=0 rpm=1000 (hex=0x03e8)
14:37:05.791  INFO    -> rpm
14:37:05.796  INFO    <- OK ret=0 rpm=1025 (hex=0x0401)
14:37:05.991  INFO    -> rpm
14:37:05.996  INFO    <- OK ret=0 rpm=1000 (hex=0x03e8)
14:37:05.997  INFO    -> current
14:37:06.002  INFO    <- OK ret=0 val1=-0.59 val2=-0.49
14:37:06.191  INFO    -> rpm
14:37:06.196  INFO    <- OK ret=0 rpm=1000 (hex=0x03e8)
14:37:06.391  INFO    -> rpm
14:37:06.396  INFO    <- OK ret=0 rpm=975 (hex=0x03cf)
14:37:06.591  INFO    -> rpm
14:37:06.596  INFO    <- OK ret=0 rpm=1000 (hex=0x03e8)
14:37:06.791  INFO    -> rpm
14:37:06.796  INFO    <- OK ret=0 rpm=975 (hex=0x03cf)
14:37:06.991  INFO    -> rpm
14:37:06.996  INFO    <- OK ret=0 rpm=1025 (hex=0x0401)
14:37:06.996  INFO    -> current
14:37:07.002  INFO    <- OK ret=0 val1=-0.54 val2=-0.54
14:37:07.191  INFO    -> rpm
14:37:07.196  INFO    <- OK ret=0 rpm=975 (hex=0x03cf)
14:37:07.391  INFO    -> rpm
14:37:07.396  INFO    <- OK ret=0 rpm=1000 (hex=0x03e8)
14:37:07.591  INFO    -> rpm
14:37:07.596  INFO    <- OK ret=0 rpm=1000 (hex=0x03e8)
14:37:07.791  INFO    -> rpm
14:37:07.796  INFO    <- OK ret=0 rpm=1000 (hex=0x03e8)
14:37:07.991  INFO    -> rpm
14:37:07.996  INFO    <- OK ret=0 rpm=975 (hex=0x03cf)
14:37:07.996  INFO    -> current
14:37:08.002  INFO    <- OK ret=0 val1=-0.49 val2=-0.44
14:37:08.191  INFO    -> rpm
14:37:08.196  INFO    <- OK ret=0 rpm=1000 (hex=0x03e8)
14:37:08.391  INFO    -> rpm
14:37:08.396  INFO    <- OK ret=0 rpm=1025 (hex=0x0401)
14:37:08.591  INFO    -> rpm
14:37:08.596  INFO    <- OK ret=0 rpm=1000 (hex=0x03e8)
14:37:08.791  INFO    -> rpm
14:37:08.796  INFO    <- OK ret=0 rpm=1000 (hex=0x03e8)
14:37:08.797  INFO    -> speed 800
14:37:08.801  INFO    <- OK
14:37:09.052  INFO    -> speed 600
14:37:09.057  INFO    <- OK
14:37:09.308  INFO    -> speed 400
14:37:09.312  INFO    <- OK
14:37:09.563  INFO    -> speed 200
14:37:09.568  INFO    <- OK
14:37:09.819  INFO    -> speed 0
14:37:09.824  INFO    <- OK
