14:37:52.886  INFO    -> pi 0.03 0.04
14:37:52.890  INFO    <- OK
14:37:52.890  INFO    -> speed 0
14:37:52.893  INFO    <- OK
14:37:52.893  INFO    -> speed 1000
14:37:52.897  INFO    <- OK
14:37:52.897  INFO    -> rpm
14:37:52.905  INFO    <- OK ret=0 rpm=0 (hex=0x0000)
14:37:52.905  INFO    -> current
14:37:52.910  INFO    <- OK ret=0 val1=-0.10 val2=0.05
14:37:53.097  INFO    -> rpm
14:37:53.101  INFO    <- OK ret=0 rpm=550 (hex=0x0226)
14:37:53.297  INFO    -> rpm
14:37:53.302  INFO    <- OK ret=0 rpm=800 (hex=0x0320)
14:37:53.497  INFO    -> rpm
14:37:53.502  INFO    <- OK ret=0 rpm=700 (hex=0x02bc)
14:37:53.697  INFO    -> rpm
14:37:53.702  INFO    <- OK ret=0 rpm=875 (hex=0x036b)
14:37:53.897  INFO    -> rpm
14:37:53.902  INFO    <- OK ret=0 rpm=875 (hex=0x036b)
14:37:53.903  INFO    -> current
14:37:53.908  INFO    <- OK ret=0 val1=-0.20 val2=-0.15
14:37:54.097  INFO    -> rpm
14:37:54.102  INFO    <- OK ret=0 rpm=900 (hex=0x0384)
14:37:54.297  INFO    -> rpm
14:37:54.302  INFO    <- OK ret=0 rpm=950 (hex=0x03b6)
14:37:54.497  INFO    -> rpm
14:37:54.502  INFO    <- OK ret=0 rpm=1000 (hex=0x03e8)
14:37:54.697  INFO    -> rpm
14:37:54.702  INFO    <- OK ret=0 rpm=975 (hex=0x03cf)
14:37:54.897  INFO    -> rpm
14:37:54.902  INFO    <- OK ret=0 rpm=1000 (hex=0x03e8)
14:37:54.902  INFO    -> current
14:37:54.908  INFO    <- OK ret=0 val1=-0.59 val2=-0.44
14:37:55.097  INFO    -> rpm
14:37:55.103  INFO    <- OK ret=0 rpm=1025 (hex=0x0401)
14:37:55.297  INFO    -> rpm
14:37:55.302  INFO    <- OK ret=0 rpm=1000 (hex=0x03e8)
14:37:55.497  INFO    -> rpm
14:37:55.502  INFO    <- OK ret=0 rpm=1000 (hex=0x03e8)
14:37:55.697  INFO    -> rpm
14:37:55.702  INFO    <- OK ret=0 rpm=1000 (hex=0x03e8)
14:37:55.897  INFO    -> rpm
14:37:55.902  INFO    <- OK ret=0 rpm=1025 (hex=0x0401)
14:37:55.903  INFO    -> current
14:37:55.908  INFO    <- OK ret=0 val1=-0.49 val2=-0.49
14:37:56.097  INFO    -> rpm
14:37:56.102  INFO    <- OK ret=0 rpm=1000 (hex=0x03e8)
14:37:56.297  INFO    -> rpm
14:37:56.302  INFO    <- OK ret=0 rpm=1000 (hex=0x03e8)
14:37:56.497  INFO    -> rpm
14:37:56.502  INFO    <- OK ret=0 rpm=1000 (hex=0x03e8)
14:37:56.697  INFO    -> rpm
14:37:56.702  INFO    <- OK ret=0 rpm=975 (hex=0x03cf)
14:37:56.897  INFO    -> rpm
14:37:56.902  INFO    <- OK ret=0 rpm=1000 (hex=0x03e8)
14:37:56.902  INFO    -> current
14:37:56.908  INFO    <- OK ret=0 val1=-0.54 val2=-0.44
14:37:57.097  INFO    -> rpm
14:37:57.106  INFO    <- OK ret=0 rpm=975 (hex=0x03cf)
14:37:57.297  INFO    -> rpm
14:37:57.302  INFO    <- OK ret=0 rpm=1000 (hex=0x03e8)
14:37:57.497  INFO    -> rpm
14:37:57.502  INFO    <- OK ret=0 rpm=1000 (hex=0x03e8)
14:37:57.697  INFO    -> rpm
14:37:57.702  INFO    <- OK ret=0 rpm=1000 (hex=0x03e8)
14:37:57.897  INFO    -> rpm
14:37:57.902  INFO    <- OK ret=0 rpm=1025 (hex=0x0401)
14:37:57.902  INFO    -> current
14:37:57.908  INFO    <- OK ret=0 val1=-0.54 val2=-0.54
14:37:58.097  INFO    -> rpm
14:37:58.102  INFO    <- OK ret=0 rpm=1000 (hex=0x03e8)
14:37:58.297  INFO    -> rpm
14:37:58.302  INFO    <- OK ret=0 rpm=1000 (hex=0x03e8)
14:37:58.497  INFO    -> rpm
14:37:58.502  INFO    <- OK ret=0 rpm=1025 (hex=0x0401)
14:37:58.697  INFO    -> rpm
14:37:58.702  INFO    <- OK ret=0 rpm=975 (hex=0x03cf)
14:37:58.897  INFO    -> rpm
14:37:58.902  INFO    <- OK ret=0 rpm=1025 (hex=0x0401)
14:37:58.903  INFO    -> current
14:37:58.908  INFO    <- OK ret=0 val1=-0.59 val2=-0.54
14:37:59.097  INFO    -> rpm
14:37:59.102  INFO    <- OK ret=0 rpm=1025 (hex=0x0401)
14:37:59.297  INFO    -> rpm
14:37:59.302  INFO    <- OK ret=0 rpm=975 (hex=0x03cf)
14:37:59.497  INFO    -> rpm
14:37:59.502  INFO    <- OK ret=0 rpm=1025 (hex=0x0401)
14:37:59.697  INFO    -> rpm
14:37:59.702  INFO    <- OK ret=0 rpm=975 (hex=0x03cf)
14:37:59.703  INFO    -> speed 800
14:37:59.708  INFO    <- OK
14:37:59.958  INFO    -> speed 600
14:37:59.963  INFO    <- OK
14:38:00.214  INFO    -> speed 400
14:38:00.219  INFO    <- OK
14:38:00.470  INFO    -> speed 200
14:38:00.475  INFO    <- OK
14:38:00.726  INFO    -> speed 0
14:38:00.731  INFO    <- OK
