14:38:05.585  INFO    -> pi 0.03 0.06
14:38:05.589  INFO    <- OK
14:38:05.589  INFO    -> speed 0
14:38:05.593  INFO    <- OK
14:38:05.593  INFO    -> speed 1000
14:38:05.596  INFO    <- OK
14:38:05.598  INFO    -> rpm
14:38:05.605  INFO    <- OK ret=0 rpm=0 (hex=0x0000)
14:38:05.605  INFO    -> current
14:38:05.610  INFO    <- OK ret=0 val1=-0.10 val2=0.05
14:38:05.798  INFO    -> rpm
14:38:05.802  INFO    <- OK ret=0 rpm=500 (hex=0x01f4)
14:38:05.998  INFO    -> rpm
14:38:06.002  INFO    <- OK ret=0 rpm=875 (hex=0x036b)
14:38:06.198  INFO    -> rpm
14:38:06.203  INFO    <- OK ret=0 rpm=725 (hex=0x02d5)
14:38:06.398  INFO    -> rpm
14:38:06.403  INFO    <- OK ret=0 rpm=925 (hex=0x039d)
14:38:06.598  INFO    -> rpm
14:38:06.603  INFO    <- OK ret=0 rpm=925 (hex=0x039d)
14:38:06.604  INFO    -> current
14:38:06.609  INFO    <- OK ret=0 val1=-0.39 val2=-0.29
14:38:06.798  INFO    -> rpm
14:38:06.803  INFO    <- OK ret=0 rpm=950 (hex=0x03b6)
14:38:06.998  INFO    -> rpm
14:38:07.003  INFO    <- OK ret=0 rpm=1000 (hex=0x03e8)
14:38:07.198  INFO    -> rpm
14:38:07.207  INFO    <- OK ret=0 rpm=950 (hex=0x03b6)
14:38:07.398  INFO    -> rpm
14:38:07.403  INFO    <- OK ret=0 rpm=975 (hex=0x03cf)
14:38:07.598  INFO    -> rpm
14:38:07.603  INFO    <- OK ret=0 rpm=975 (hex=0x03cf)
14:38:07.604  INFO    -> current
14:38:07.610  INFO    <- OK ret=0 val1=-0.44 val2=-0.44
14:38:07.798  INFO    -> rpm
14:38:07.804  INFO    <- OK ret=0 rpm=1025 (hex=0x0401)
14:38:07.998  INFO    -> rpm
14:38:08.003  INFO    <- OK ret=0 rpm=975 (hex=0x03cf)
14:38:08.198  INFO    -> rpm
14:38:08.203  INFO    <- OK ret=0 rpm=1000 (hex=0x03e8)
14:38:08.398  INFO    -> rpm
14:38:08.403  INFO    <- OK ret=0 rpm=1000 (hex=0x03e8)
14:38:08.598  INFO    -> rpm
14:38:08.603  INFO    <- OK ret=0 rpm=1000 (hex=0x03e8)
14:38:08.604  INFO    -> current
14:38:08.610  INFO    <- OK ret=0 val1=-0.49 val2=-0.49
14:38:08.798  INFO    -> rpm
14:38:08.804  INFO    <- OK ret=0 rpm=975 (hex=0x03cf)
14:38:08.998  INFO    -> rpm
14:38:09.004  INFO    <- OK ret=0 rpm=1025 (hex=0x0401)
14:38:09.198  INFO    -> rpm
14:38:09.204  INFO    <- OK ret=0 rpm=975 (hex=0x03cf)
14:38:09.398  INFO    -> rpm
14:38:09.403  INFO    <- OK ret=0 rpm=1050 (hex=0x041a)
14:38:09.598  INFO    -> rpm
14:38:09.603  INFO    <- OK ret=0 rpm=1000 (hex=0x03e8)
14:38:09.604  INFO    -> current
14:38:09.610  INFO    <- OK ret=0 val1=-0.49 val2=-0.49
14:38:09.798  INFO    -> rpm
14:38:09.804  INFO    <- OK ret=0 rpm=1000 (hex=0x03e8)
14:38:09.998  INFO    -> rpm
14:38:10.004  INFO    <- OK ret=0 rpm=1025 (hex=0x0401)
14:38:10.198  INFO    -> rpm
14:38:10.204  INFO    <- OK ret=0 rpm=1025 (hex=0x0401)
14:38:10.398  INFO    -> rpm
14:38:10.403  INFO    <- OK ret=0 rpm=1025 (hex=0x0401)
14:38:10.598  INFO    -> rpm
14:38:10.604  INFO    <- OK ret=0 rpm=1000 (hex=0x03e8)
14:38:10.604  INFO    -> current
14:38:10.610  INFO    <- OK ret=0 val1=-0.44 val2=-0.44
14:38:10.798  INFO    -> rpm
14:38:10.803  INFO    <- OK ret=0 rpm=1000 (hex=0x03e8)
14:38:10.998  INFO    -> rpm
14:38:11.003  INFO    <- OK ret=0 rpm=1000 (hex=0x03e8)
14:38:11.198  INFO    -> rpm
14:38:11.203  INFO    <- OK ret=0 rpm=1000 (hex=0x03e8)
14:38:11.398  INFO    -> rpm
14:38:11.403  INFO    <- OK ret=0 rpm=975 (hex=0x03cf)
14:38:11.598  INFO    -> rpm
14:38:11.603  INFO    <- OK ret=0 rpm=1050 (hex=0x041a)
14:38:11.604  INFO    -> current
14:38:11.609  INFO    <- OK ret=0 val1=-0.49 val2=-0.54
14:38:11.798  INFO    -> rpm
14:38:11.803  INFO    <- OK ret=0 rpm=1000 (hex=0x03e8)
14:38:11.998  INFO    -> rpm
14:38:12.003  INFO    <- OK ret=0 rpm=975 (hex=0x03cf)
14:38:12.198  INFO    -> rpm
14:38:12.206  INFO    <- OK ret=0 rpm=1000 (hex=0x03e8)
14:38:12.398  INFO    -> rpm
14:38:12.403  INFO    <- OK ret=0 rpm=1000 (hex=0x03e8)
14:38:12.404  INFO    -> speed 800
14:38:12.409  INFO    <- OK
14:38:12.659  INFO    -> speed 600
14:38:12.665  INFO    <- OK
14:38:12.916  INFO    -> speed 400
14:38:12.921  INFO    <- OK
14:38:13.172  INFO    -> speed 200
14:38:13.177  INFO    <- OK
14:38:13.428  INFO    -> speed 0
14:38:13.433  INFO    <- OK
