15:45:50.256  INFO    -> pi -0.04 -0.02
15:45:50.260  INFO    <- OK
15:45:50.260  INFO    -> speed 0
15:45:50.264  INFO    <- OK
15:45:50.264  INFO    -> speed 1000
15:45:50.267  INFO    <- OK
15:45:50.267  INFO    -> rpm
15:45:50.271  INFO    <- OK ret=0 rpm=0 (hex=0x0000)
15:45:50.272  INFO    -> current
15:45:50.276  INFO    <- OK ret=0 val1=-0.10 val2=0.05
15:45:50.468  INFO    -> rpm
15:45:50.471  INFO    <- OK ret=0 rpm=0 (hex=0x0000)
15:45:50.668  INFO    -> rpm
15:45:50.672  INFO    <- OK ret=0 rpm=275 (hex=0x0113)
15:45:50.868  INFO    -> rpm
15:45:50.872  INFO    <- OK ret=0 rpm=1000 (hex=0x03e8)
15:45:51.068  INFO    -> rpm
15:45:51.073  INFO    <- OK ret=0 rpm=950 (hex=0x03b6)
15:45:51.268  INFO    -> rpm
15:45:51.273  INFO    <- OK ret=0 rpm=950 (hex=0x03b6)
15:45:51.273  INFO    -> current
15:45:51.279  INFO    <- OK ret=0 val1=-0.20 val2=0.05
15:45:51.468  INFO    -> rpm
15:45:51.473  INFO    <- OK ret=0 rpm=950 (hex=0x03b6)
15:45:51.668  INFO    -> rpm
15:45:51.673  INFO    <- OK ret=0 rpm=975 (hex=0x03cf)
15:45:51.868  INFO    -> rpm
15:45:51.873  INFO    <- OK ret=0 rpm=1000 (hex=0x03e8)
15:45:52.068  INFO    -> rpm
15:45:52.073  INFO    <- OK ret=0 rpm=1000 (hex=0x03e8)
15:45:52.268  INFO    -> rpm
15:45:52.273  INFO    <- OK ret=0 rpm=1000 (hex=0x03e8)
15:45:52.273  INFO    -> current
15:45:52.279  INFO    <- OK ret=0 val1=-0.49 val2=-0.49
15:45:52.468  INFO    -> rpm
15:45:52.473  INFO    <- OK ret=0 rpm=1000 (hex=0x03e8)
15:45:52.668  INFO    -> rpm
15:45:52.673  INFO    <- OK ret=0 rpm=975 (hex=0x03cf)
15:45:52.868  INFO    -> rpm
15:45:52.873  INFO    <- OK ret=0 rpm=1025 (hex=0x0401)
15:45:53.068  INFO    -> rpm
15:45:53.073  INFO    <- OK ret=0 rpm=1000 (hex=0x03e8)
15:45:53.268  INFO    -> rpm
15:45:53.273  INFO    <- OK ret=0 rpm=1000 (hex=0x03e8)
15:45:53.273  INFO    -> current
15:45:53.279  INFO    <- OK ret=0 val1=-0.44 val2=-0.49
15:45:53.468  INFO    -> rpm
15:45:53.473  INFO    <- OK ret=0 rpm=1000 (hex=0x03e8)
15:45:53.668  INFO    -> rpm
15:45:53.673  INFO    <- OK ret=0 rpm=1000 (hex=0x03e8)
15:45:53.868  INFO    -> rpm
15:45:53.873  INFO    <- OK ret=0 rpm=975 (hex=0x03cf)
15:45:54.068  INFO    -> rpm
15:45:54.073  INFO    <- OK ret=0 rpm=1000 (hex=0x03e8)
15:45:54.268  INFO    -> rpm
15:45:54.273  INFO    <- OK ret=0 rpm=1025 (hex=0x0401)
15:45:54.273  INFO    -> current
15:45:54.279  INFO    <- OK ret=0 val1=-0.49 val2=-0.49
15:45:54.468  INFO    -> rpm
15:45:54.473  INFO    <- OK ret=0 rpm=1000 (hex=0x03e8)
15:45:54.668  INFO    -> rpm
15:45:54.673  INFO    <- OK ret=0 rpm=1000 (hex=0x03e8)
15:45:54.868  INFO    -> rpm
15:45:54.873  INFO    <- OK ret=0 rpm=1000 (hex=0x03e8)
15:45:55.068  INFO    -> rpm
15:45:55.073  INFO    <- OK ret=0 rpm=975 (hex=0x03cf)
15:45:55.268  INFO    -> rpm
15:45:55.273  INFO    <- OK ret=0 rpm=1000 (hex=0x03e8)
15:45:55.273  INFO    -> current
15:45:55.279  INFO    <- OK ret=0 val1=-0.49 val2=-0.54
15:45:55.468  INFO    -> rpm
15:45:55.473  INFO    <- OK ret=0 rpm=1000 (hex=0x03e8)
15:45:55.668  INFO    -> rpm
15:45:55.673  INFO    <- OK ret=0 rpm=1000 (hex=0x03e8)
15:45:55.868  INFO    -> rpm
15:45:55.873  INFO    <- OK ret=0 rpm=1000 (hex=0x03e8)
15:45:56.068  INFO    -> rpm
15:45:56.073  INFO    <- OK ret=0 rpm=1000 (hex=0x03e8)
15:45:56.268  INFO    -> rpm
15:45:56.273  INFO    <- OK ret=0 rpm=1000 (hex=0x03e8)
15:45:56.273  INFO    -> current
15:45:56.279  INFO    <- OK ret=0 val1=-0.54 val2=-0.49
15:45:56.468  INFO    -> rpm
15:45:56.473  INFO    <- OK ret=0 rpm=1025 (hex=0x0401)
15:45:56.668  INFO    -> rpm
15:45:56.673  INFO    <- OK ret=0 rpm=1000 (hex=0x03e8)
15:45:56.868  INFO    -> rpm
15:45:56.873  INFO    <- OK ret=0 rpm=1000 (hex=0x03e8)
15:45:57.068  INFO    -> rpm
15:45:57.073  INFO    <- OK ret=0 rpm=1000 (hex=0x03e8)
15:45:57.073  INFO    -> speed 800
15:45:57.078  INFO    <- OK
15:45:57.329  INFO    -> speed 600
15:45:57.333  INFO    <- OK
15:45:57.584  INFO    -> speed 400
15:45:57.589  INFO    <- OK
15:45:57.840  INFO    -> speed 200
15:45:57.845  INFO    <- OK
15:45:58.095  INFO    -> speed 0
15:45:58.100  INFO    <- OK
