15:46:59.368  INFO    -> pi -0.04 0.08
15:46:59.372  INFO    <- OK
15:46:59.372  INFO    -> speed 0
15:46:59.375  INFO    <- OK
15:46:59.376  INFO    -> speed 1000
15:46:59.379  INFO    <- OK
15:46:59.379  INFO    -> rpm
15:46:59.383  INFO    <- OK ret=0 rpm=0 (hex=0x0000)
15:46:59.383  INFO    -> current
15:46:59.388  INFO    <- OK ret=0 val1=-0.10 val2=0.05
15:46:59.579  INFO    -> rpm
15:46:59.583  INFO    <- OK ret=0 rpm=0 (hex=0x0000)
15:46:59.779  INFO    -> rpm
15:46:59.783  INFO    <- OK ret=0 rpm=650 (hex=0x028a)
15:46:59.979  INFO    -> rpm
15:46:59.983  INFO    <- OK ret=0 rpm=1225 (hex=0x04c9)
15:47:00.179  INFO    -> rpm
15:47:00.184  INFO    <- OK ret=0 rpm=1025 (hex=0x0401)
15:47:00.379  INFO    -> rpm
15:47:00.384  INFO    <- OK ret=0 rpm=975 (hex=0x03cf)
15:47:00.385  INFO    -> current
15:47:00.390  INFO    <- OK ret=0 val1=-0.24 val2=-0.10
15:47:00.579  INFO    -> rpm
15:47:00.584  INFO    <- OK ret=0 rpm=1025 (hex=0x0401)
15:47:00.779  INFO    -> rpm
15:47:00.784  INFO    <- OK ret=0 rpm=975 (hex=0x03cf)
15:47:00.979  INFO    -> rpm
15:47:00.984  INFO    <- OK ret=0 rpm=1000 (hex=0x03e8)
15:47:01.179  INFO    -> rpm
15:47:01.184  INFO    <- OK ret=0 rpm=975 (hex=0x03cf)
15:47:01.379  INFO    -> rpm
15:47:01.384  INFO    <- OK ret=0 rpm=1000 (hex=0x03e8)
15:47:01.385  INFO    -> current
15:47:01.391  INFO    <- OK ret=0 val1=-0.44 val2=-0.54
15:47:01.579  INFO    -> rpm
15:47:01.584  INFO    <- OK ret=0 rpm=1000 (hex=0x03e8)
15:47:01.779  INFO    -> rpm
15:47:01.784  INFO    <- OK ret=0 rpm=1000 (hex=0x03e8)
15:47:01.980  INFO    -> rpm
15:47:01.984  INFO    <- OK ret=0 rpm=1000 (hex=0x03e8)
15:47:02.179  INFO    -> rpm
15:47:02.184  INFO    <- OK ret=0 rpm=1000 (hex=0x03e8)
15:47:02.379  INFO    -> rpm
15:47:02.384  INFO    <- OK ret=0 rpm=1025 (hex=0x0401)
15:47:02.385  INFO    -> current
15:47:02.390  INFO    <- OK ret=0 val1=-0.49 val2=-0.54
15:47:02.579  INFO    -> rpm
15:47:02.584  INFO    <- OK ret=0 rpm=975 (hex=0x03cf)
15:47:02.779  INFO    -> rpm
15:47:02.784  INFO    <- OK ret=0 rpm=1000 (hex=0x03e8)
15:47:02.979  INFO    -> rpm
15:47:02.984  INFO    <- OK ret=0 rpm=975 (hex=0x03cf)
15:47:03.179  INFO    -> rpm
15:47:03.184  INFO    <- OK ret=0 rpm=1000 (hex=0x03e8)
15:47:03.379  INFO    -> rpm
15:47:03.384  INFO    <- OK ret=0 rpm=975 (hex=0x03cf)
15:47:03.385  INFO    -> current
15:47:03.390  INFO    <- OK ret=0 val1=-0.54 val2=-0.49
15:47:03.579  INFO    -> rpm
15:47:03.584  INFO    <- OK ret=0 rpm=1000 (hex=0x03e8)
15:47:03.779  INFO    -> rpm
15:47:03.784  INFO    <- OK ret=0 rpm=1000 (hex=0x03e8)
15:47:03.979  INFO    -> rpm
15:47:03.984  INFO    <- OK ret=0 rpm=1025 (hex=0x0401)
15:47:04.179  INFO    -> rpm
15:47:04.184  INFO    <- OK ret=0 rpm=975 (hex=0x03cf)
15:47:04.379  INFO    -> rpm
15:47:04.384  INFO    <- OK ret=0 rpm=1000 (hex=0x03e8)
15:47:04.385  INFO    -> current
15:47:04.390  INFO    <- OK ret=0 val1=-0.59 val2=-0.44
15:47:04.579  INFO    -> rpm
15:47:04.584  INFO    <- OK ret=0 rpm=1000 (hex=0x03e8)
15:47:04.779  INFO    -> rpm
15:47:04.784  INFO    <- OK ret=0 rpm=975 (hex=0x03cf)
15:47:04.979  INFO    -> rpm
15:47:04.984  INFO    <- OK ret=0 rpm=1025 (hex=0x0401)
15:47:05.179  INFO    -> rpm
15:47:05.184  INFO    <- OK ret=0 rpm=975 (hex=0x03cf)
15:47:05.379  INFO    -> rpm
15:47:05.384  INFO    <- OK ret=0 rpm=1025 (hex=0x0401)
15:47:05.385  INFO    -> current
15:47:05.390  INFO    <- OK ret=0 val1=-0.59 val2=-0.44
15:47:05.579  INFO    -> rpm
15:47:05.584  INFO    <- OK ret=0 rpm=1000 (hex=0x03e8)
15:47:05.779  INFO    -> rpm
15:47:05.784  INFO    <- OK ret=0 rpm=1000 (hex=0x03e8)
15:47:05.979  INFO    -> rpm
15:47:05.984  INFO    <- OK ret=0 rpm=975 (hex=0x03cf)
15:47:06.179  INFO    -> rpm
15:47:06.184  INFO    <- OK ret=0 rpm=975 (hex=0x03cf)
15:47:06.185  INFO    -> speed 800
15:47:06.189  INFO    <- OK
15:47:06.440  INFO    -> speed 600
15:47:06.445  INFO    <- OK
15:47:06.696  INFO    -> speed 400
15:47:06.700  INFO    <- OK
15:47:06.951  INFO    -> speed 200
15:47:06.956  INFO    <- OK
15:47:07.207  INFO    -> speed 0
15:47:07.211  INFO    <- OK
