14:43:12.637  INFO    -> pi 0.08 0.0
14:43:12.641  INFO    <- OK
14:43:12.641  INFO    -> speed 0
14:43:12.645  INFO    <- OK
14:43:12.645  INFO    -> speed 1000
14:43:12.648  INFO    <- OK
14:43:12.648  INFO    -> rpm
14:43:12.652  INFO    <- OK ret=0 rpm=0 (hex=0x0000)
14:43:12.653  INFO    -> current
14:43:12.658  INFO    <- OK ret=0 val1=-0.10 val2=0.05
14:43:12.849  INFO    -> rpm
14:43:12.852  INFO    <- OK ret=0 rpm=500 (hex=0x01f4)
14:43:13.049  INFO    -> rpm
14:43:13.052  INFO    <- OK ret=0 rpm=925 (hex=0x039d)
14:43:13.249  INFO    -> rpm
14:43:13.259  INFO    <- OK ret=0 rpm=600 (hex=0x0258)
14:43:13.449  INFO    -> rpm
14:43:13.454  INFO    <- OK ret=0 rpm=925 (hex=0x039d)
14:43:13.649  INFO    -> rpm
14:43:13.654  INFO    <- OK ret=0 rpm=750 (hex=0x02ee)
14:43:13.654  INFO    -> current
14:43:13.660  INFO    <- OK ret=0 val1=-0.44 val2=-0.20
14:43:13.849  INFO    -> rpm
14:43:13.854  INFO    <- OK ret=0 rpm=975 (hex=0x03cf)
14:43:14.049  INFO    -> rpm
14:43:14.054  INFO    <- OK ret=0 rpm=875 (hex=0x036b)
14:43:14.249  INFO    -> rpm
14:43:14.254  INFO    <- OK ret=0 rpm=925 (hex=0x039d)
14:43:14.449  INFO    -> rpm
14:43:14.454  INFO    <- OK ret=0 rpm=975 (hex=0x03cf)
14:43:14.649  INFO    -> rpm
14:43:14.654  INFO    <- OK ret=0 rpm=975 (hex=0x03cf)
14:43:14.654  INFO    -> current
14:43:14.660  INFO    <- OK ret=0 val1=-0.54 val2=-0.39
14:43:14.849  INFO    -> rpm
14:43:14.854  INFO    <- OK ret=0 rpm=1000 (hex=0x03e8)
14:43:15.049  INFO    -> rpm
14:43:15.053  INFO    <- OK ret=0 rpm=975 (hex=0x03cf)
14:43:15.249  INFO    -> rpm
14:43:15.258  INFO    <- OK ret=0 rpm=1000 (hex=0x03e8)
14:43:15.449  INFO    -> rpm
14:43:15.454  INFO    <- OK ret=0 rpm=975 (hex=0x03cf)
14:43:15.649  INFO    -> rpm
14:43:15.654  INFO    <- OK ret=0 rpm=1000 (hex=0x03e8)
14:43:15.654  INFO    -> current
14:43:15.660  INFO    <- OK ret=0 val1=-0.44 val2=-0.44
14:43:15.849  INFO    -> rpm
14:43:15.854  INFO    <- OK ret=0 rpm=975 (hex=0x03cf)
14:43:16.049  INFO    -> rpm
14:43:16.054  INFO    <- OK ret=0 rpm=975 (hex=0x03cf)
14:43:16.249  INFO    -> rpm
14:43:16.254  INFO    <- OK ret=0 rpm=1000 (hex=0x03e8)
14:43:16.449  INFO    -> rpm
14:43:16.454  INFO    <- OK ret=0 rpm=1025 (hex=0x0401)
14:43:16.649  INFO    -> rpm
14:43:16.654  INFO    <- OK ret=0 rpm=975 (hex=0x03cf)
14:43:16.654  INFO    -> current
14:43:16.660  INFO    <- OK ret=0 val1=-0.54 val2=-0.39
14:43:16.849  INFO    -> rpm
14:43:16.854  INFO    <- OK ret=0 rpm=1000 (hex=0x03e8)
14:43:17.049  INFO    -> rpm
14:43:17.054  INFO    <- OK ret=0 rpm=975 (hex=0x03cf)
14:43:17.249  INFO    -> rpm
14:43:17.254  INFO    <- OK ret=0 rpm=1000 (hex=0x03e8)
14:43:17.449  INFO    -> rpm
14:43:17.454  INFO    <- OK ret=0 rpm=975 (hex=0x03cf)
14:43:17.649  INFO    -> rpm
14:43:17.654  INFO    <- OK ret=0 rpm=1000 (hex=0x03e8)
14:43:17.654  INFO    -> current
14:43:17.660  INFO    <- OK ret=0 val1=-0.49 val2=-0.44
14:43:17.849  INFO    -> rpm
14:43:17.854  INFO    <- OK ret=0 rpm=975 (hex=0x03cf)
14:43:18.049  INFO    -> rpm
14:43:18.054  INFO    <- OK ret=0 rpm=1025 (hex=0x0401)
14:43:18.249  INFO    -> rpm
14:43:18.254  INFO    <- OK ret=0 rpm=975 (hex=0x03cf)
14:43:18.449  INFO    -> rpm
14:43:18.454  INFO    <- OK ret=0 rpm=1025 (hex=0x0401)
14:43:18.649  INFO    -> rpm
14:43:18.654  INFO    <- OK ret=0 rpm=1000 (hex=0x03e8)
14:43:18.654  INFO    -> current
14:43:18.660  INFO    <- OK ret=0 val1=-0.39 val2=-0.34
14:43:18.849  INFO    -> rpm
14:43:18.854  INFO    <- OK ret=0 rpm=1000 (hex=0x03e8)
14:43:19.049  INFO    -> rpm
14:43:19.054  INFO    <- OK ret=0 rpm=1000 (hex=0x03e8)
14:43:19.249  INFO    -> rpm
14:43:19.254  INFO    <- OK ret=0 rpm=1000 (hex=0x03e8)
14:43:19.449  INFO    -> rpm
14:43:19.454  INFO    <- OK ret=0 rpm=975 (hex=0x03cf)
14:43:19.454  INFO    -> speed 800
14:43:19.459  INFO    <- OK
14:43:19.709  INFO    -> speed 600
14:43:19.714  INFO    <- OK
14:43:19.965  INFO    -> speed 400
14:43:19.970  INFO    <- OK
14:43:20.221  INFO    -> speed 200
14:43:20.225  INFO    <- OK
14:43:20.476  INFO    -> speed 0
14:43:20.481  INFO    <- OK
