14:57:04.240  INFO    -> pi 0.1 0.02
14:57:04.244  INFO    <- OK
14:57:04.244  INFO    -> speed 0
14:57:04.247  INFO    <- OK
14:57:04.248  INFO    -> speed 1000
14:57:04.251  INFO    <- OK
14:57:04.251  INFO    -> rpm
14:57:04.256  INFO    <- OK ret=0 rpm=0 (hex=0x0000)
14:57:04.256  INFO    -> current
14:57:04.261  INFO    <- OK ret=0 val1=-0.10 val2=0.05
14:57:04.451  INFO    -> rpm
14:57:04.455  INFO    <- OK ret=0 rpm=550 (hex=0x0226)
14:57:04.651  INFO    -> rpm
14:57:04.655  INFO    <- OK ret=0 rpm=825 (hex=0x0339)
14:57:04.851  INFO    -> rpm
14:57:04.856  INFO    <- OK ret=0 rpm=625 (hex=0x0271)
14:57:05.052  INFO    -> rpm
14:57:05.057  INFO    <- OK ret=0 rpm=925 (hex=0x039d)
14:57:05.252  INFO    -> rpm
14:57:05.256  INFO    <- OK ret=0 rpm=800 (hex=0x0320)
14:57:05.257  INFO    -> current
14:57:05.263  INFO    <- OK ret=0 val1=-0.29 val2=-0.34
14:57:05.451  INFO    -> rpm
14:57:05.456  INFO    <- OK ret=0 rpm=900 (hex=0x0384)
14:57:05.651  INFO    -> rpm
14:57:05.656  INFO    <- OK ret=0 rpm=900 (hex=0x0384)
14:57:05.852  INFO    -> rpm
14:57:05.856  INFO    <- OK ret=0 rpm=975 (hex=0x03cf)
14:57:06.052  INFO    -> rpm
14:57:06.056  INFO    <- OK ret=0 rpm=950 (hex=0x03b6)
14:57:06.252  INFO    -> rpm
14:57:06.256  INFO    <- OK ret=0 rpm=975 (hex=0x03cf)
14:57:06.257  INFO    -> current
14:57:06.262  INFO    <- OK ret=0 val1=-0.49 val2=-0.44
14:57:06.451  INFO    -> rpm
14:57:06.456  INFO    <- OK ret=0 rpm=975 (hex=0x03cf)
14:57:06.652  INFO    -> rpm
14:57:06.656  INFO    <- OK ret=0 rpm=975 (hex=0x03cf)
14:57:06.851  INFO    -> rpm
14:57:06.856  INFO    <- OK ret=0 rpm=1000 (hex=0x03e8)
14:57:07.051  INFO    -> rpm
14:57:07.057  INFO    <- OK ret=0 rpm=1000 (hex=0x03e8)
14:57:07.251  INFO    -> rpm
14:57:07.256  INFO    <- OK ret=0 rpm=975 (hex=0x03cf)
14:57:07.257  INFO    -> current
14:57:07.263  INFO    <- OK ret=0 val1=-0.54 val2=-0.44
14:57:07.451  INFO    -> rpm
14:57:07.457  INFO    <- OK ret=0 rpm=1025 (hex=0x0401)
14:57:07.651  INFO    -> rpm
14:57:07.657  INFO    <- OK ret=0 rpm=975 (hex=0x03cf)
14:57:07.851  INFO    -> rpm
14:57:07.857  INFO    <- OK ret=0 rpm=1000 (hex=0x03e8)
14:57:08.051  INFO    -> rpm
14:57:08.056  INFO    <- OK ret=0 rpm=1025 (hex=0x0401)
14:57:08.251  INFO    -> rpm
14:57:08.257  INFO    <- OK ret=0 rpm=975 (hex=0x03cf)
14:57:08.257  INFO    -> current
14:57:08.263  INFO    <- OK ret=0 val1=-0.44 val2=-0.49
14:57:08.451  INFO    -> rpm
14:57:08.457  INFO    <- OK ret=0 rpm=1025 (hex=0x0401)
14:57:08.651  INFO    -> rpm
14:57:08.657  INFO    <- OK ret=0 rpm=975 (hex=0x03cf)
14:57:08.851  INFO    -> rpm
14:57:08.857  INFO    <- OK ret=0 rpm=1025 (hex=0x0401)
14:57:09.051  INFO    -> rpm
14:57:09.057  INFO    <- OK ret=0 rpm=1000 (hex=0x03e8)
14:57:09.251  INFO    -> rpm
14:57:09.256  INFO    <- OK ret=0 rpm=1025 (hex=0x0401)
14:57:09.257  INFO    -> current
14:57:09.263  INFO    <- OK ret=0 val1=-0.54 val2=-0.34
14:57:09.451  INFO    -> rpm
14:57:09.457  INFO    <- OK ret=0 rpm=1000 (hex=0x03e8)
14:57:09.651  INFO    -> rpm
14:57:09.656  INFO    <- OK ret=0 rpm=1000 (hex=0x03e8)
14:57:09.851  INFO    -> rpm
14:57:09.857  INFO    <- OK ret=0 rpm=1000 (hex=0x03e8)
14:57:10.051  INFO    -> rpm
14:57:10.057  INFO    <- OK ret=0 rpm=1025 (hex=0x0401)
14:57:10.251  INFO    -> rpm
14:57:10.256  INFO    <- OK ret=0 rpm=975 (hex=0x03cf)
14:57:10.257  INFO    -> current
14:57:10.263  INFO    <- OK ret=0 val1=-0.54 val2=-0.49
14:57:10.451  INFO    -> rpm
14:57:10.456  INFO    <- OK ret=0 rpm=1025 (hex=0x0401)
14:57:10.651  INFO    -> rpm
14:57:10.656  INFO    <- OK ret=0 rpm=975 (hex=0x03cf)
14:57:10.851  INFO    -> rpm
14:57:10.856  INFO    <- OK ret=0 rpm=1050 (hex=0x041a)
14:57:11.051  INFO    -> rpm
14:57:11.056  INFO    <- OK ret=0 rpm=975 (hex=0x03cf)
14:57:11.057  INFO    -> speed 800
14:57:11.062  INFO    <- OK
14:57:11.312  INFO    -> speed 600
14:57:11.317  INFO    <- OK
14:57:11.568  INFO    -> speed 400
14:57:11.573  INFO    <- OK
14:57:11.824  INFO    -> speed 200
14:57:11.828  INFO    <- OK
14:57:12.079  INFO    -> speed 0
14:57:12.084  INFO    <- OK
