14:57:47.012  INFO    -> pi 0.1 0.08
14:57:47.015  INFO    <- OK
14:57:47.015  INFO    -> speed 0
14:57:47.019  INFO    <- OK
14:57:47.019  INFO    -> speed 1000
14:57:47.022  INFO    <- OK
14:57:47.022  INFO    -> rpm
14:57:47.026  INFO    <- OK ret=0 rpm=0 (hex=0x0000)
14:57:47.027  INFO    -> current
14:57:47.032  INFO    <- OK ret=0 val1=-0.10 val2=0.05
14:57:47.223  INFO    -> rpm
14:57:47.227  INFO    <- OK ret=0 rpm=1025 (hex=0x0401)
14:57:47.423  INFO    -> rpm
14:57:47.427  INFO    <- OK ret=0 rpm=925 (hex=0x039d)
14:57:47.623  INFO    -> rpm
14:57:47.627  INFO    <- OK ret=0 rpm=575 (hex=0x023f)
14:57:47.823  INFO    -> rpm
14:57:47.828  INFO    <- OK ret=0 rpm=975 (hex=0x03cf)
14:57:48.023  INFO    -> rpm
14:57:48.028  INFO    <- OK ret=0 rpm=775 (hex=0x0307)
14:57:48.028  INFO    -> current
14:57:48.034  INFO    <- OK ret=0 val1=-0.15 val2=0.05
14:57:48.223  INFO    -> rpm
14:57:48.228  INFO    <- OK ret=0 rpm=975 (hex=0x03cf)
14:57:48.423  INFO    -> rpm
14:57:48.428  INFO    <- OK ret=0 rpm=950 (hex=0x03b6)
14:57:48.623  INFO    -> rpm
14:57:48.628  INFO    <- OK ret=0 rpm=925 (hex=0x039d)
14:57:48.823  INFO    -> rpm
14:57:48.828  INFO    <- OK ret=0 rpm=1000 (hex=0x03e8)
14:57:49.023  INFO    -> rpm
14:57:49.028  INFO    <- OK ret=0 rpm=975 (hex=0x03cf)
14:57:49.028  INFO    -> current
14:57:49.034  INFO    <- OK ret=0 val1=-0.54 val2=-0.54
14:57:49.223  INFO    -> rpm
14:57:49.228  INFO    <- OK ret=0 rpm=1000 (hex=0x03e8)
14:57:49.423  INFO    -> rpm
14:57:49.428  INFO    <- OK ret=0 rpm=1000 (hex=0x03e8)
14:57:49.623  INFO    -> rpm
14:57:49.627  INFO    <- OK ret=0 rpm=950 (hex=0x03b6)
14:57:49.823  INFO    -> rpm
14:57:49.828  INFO    <- OK ret=0 rpm=1025 (hex=0x0401)
14:57:50.023  INFO    -> rpm
14:57:50.028  INFO    <- OK ret=0 rpm=1000 (hex=0x03e8)
14:57:50.028  INFO    -> current
14:57:50.034  INFO    <- OK ret=0 val1=-0.49 val2=-0.44
14:57:50.223  INFO    -> rpm
14:57:50.228  INFO    <- OK ret=0 rpm=975 (hex=0x03cf)
14:57:50.423  INFO    -> rpm
14:57:50.428  INFO    <- OK ret=0 rpm=1000 (hex=0x03e8)
14:57:50.623  INFO    -> rpm
14:57:50.628  INFO    <- OK ret=0 rpm=1025 (hex=0x0401)
14:57:50.823  INFO    -> rpm
14:57:50.828  INFO    <- OK ret=0 rpm=1000 (hex=0x03e8)
14:57:51.023  INFO    -> rpm
14:57:51.028  INFO    <- OK ret=0 rpm=1000 (hex=0x03e8)
14:57:51.028  INFO    -> current
14:57:51.034  INFO    <- OK ret=0 val1=-0.49 val2=-0.44
14:57:51.223  INFO    -> rpm
14:57:51.228  INFO    <- OK ret=0 rpm=1000 (hex=0x03e8)
14:57:51.423  INFO    -> rpm
14:57:51.428  INFO    <- OK ret=0 rpm=1000 (hex=0x03e8)
14:57:51.623  INFO    -> rpm
14:57:51.628  INFO    <- OK ret=0 rpm=975 (hex=0x03cf)
14:57:51.823  INFO    -> rpm
14:57:51.828  INFO    <- OK ret=0 rpm=1000 (hex=0x03e8)
14:57:52.023  INFO    -> rpm
14:57:52.030  INFO    <- OK ret=0 rpm=1000 (hex=0x03e8)
14:57:52.031  INFO    -> current
14:57:52.036  INFO    <- OK ret=0 val1=-0.49 val2=-0.49
14:57:52.223  INFO    -> rpm
14:57:52.228  INFO    <- OK ret=0 rpm=1025 (hex=0x0401)
14:57:52.423  INFO    -> rpm
14:57:52.428  INFO    <- OK ret=0 rpm=1000 (hex=0x03e8)
14:57:52.623  INFO    -> rpm
14:57:52.628  INFO    <- OK ret=0 rpm=975 (hex=0x03cf)
14:57:52.823  INFO    -> rpm
14:57:52.828  INFO    <- OK ret=0 rpm=1000 (hex=0x03e8)
14:57:53.023  INFO    -> rpm
14:57:53.029  INFO    <- OK ret=0 rpm=1000 (hex=0x03e8)
14:57:53.029  INFO    -> current
14:57:53.042  INFO    <- OK ret=0 val1=-0.49 val2=-0.44
14:57:53.223  INFO    -> rpm
14:57:53.228  INFO    <- OK ret=0 rpm=1000 (hex=0x03e8)
14:57:53.423  INFO    -> rpm
14:57:53.428  INFO    <- OK ret=0 rpm=1025 (hex=0x0401)
14:57:53.623  INFO    -> rpm
14:57:53.628  INFO    <- OK ret=0 rpm=950 (hex=0x03b6)
14:57:53.823  INFO    -> rpm
14:57:53.828  INFO    <- OK ret=0 rpm=1000 (hex=0x03e8)
14:57:53.828  INFO    -> speed 800
14:57:53.833  INFO    <- OK
14:57:54.084  INFO    -> speed 600
14:57:54.089  INFO    <- OK
14:57:54.340  INFO    -> speed 400
14:57:54.345  INFO    <- OK
14:57:54.596  INFO    -> speed 200
14:57:54.601  INFO    <- OK
14:57:54.851  INFO    -> speed 0
14:57:54.856  INFO    <- OK
