16:09:37.258  INFO    -> pi -0.08 0.06
16:09:37.262  INFO    <- OK
16:09:37.262  INFO    -> speed 0
16:09:37.266  INFO    <- OK
16:09:37.266  INFO    -> speed 1000
16:09:37.269  INFO    <- OK
16:09:37.269  INFO    -> rpm
16:09:37.273  INFO    <- OK ret=0 rpm=0 (hex=0x0000)
16:09:37.273  INFO    -> current
16:09:37.281  INFO    <- OK ret=0 val1=-0.10 val2=0.05
16:09:37.470  INFO    -> rpm
16:09:37.473  INFO    <- OK ret=0 rpm=0 (hex=0x0000)
16:09:37.669  INFO    -> rpm
16:09:37.673  INFO    <- OK ret=0 rpm=100 (hex=0x0064)
16:09:37.870  INFO    -> rpm
16:09:37.874  INFO    <- OK ret=0 rpm=1125 (hex=0x0465)
16:09:38.070  INFO    -> rpm
16:09:38.076  INFO    <- OK ret=0 rpm=1325 (hex=0x052d)
16:09:38.270  INFO    -> rpm
16:09:38.274  INFO    <- OK ret=0 rpm=1125 (hex=0x0465)
16:09:38.275  INFO    -> current
16:09:38.280  INFO    <- OK ret=0 val1=-0.54 val2=-0.49
16:09:38.470  INFO    -> rpm
16:09:38.474  INFO    <- OK ret=0 rpm=950 (hex=0x03b6)
16:09:38.670  INFO    -> rpm
16:09:38.674  INFO    <- OK ret=0 rpm=975 (hex=0x03cf)
16:09:38.870  INFO    -> rpm
16:09:38.874  INFO    <- OK ret=0 rpm=975 (hex=0x03cf)
16:09:39.070  INFO    -> rpm
16:09:39.075  INFO    <- OK ret=0 rpm=1000 (hex=0x03e8)
16:09:39.270  INFO    -> rpm
16:09:39.275  INFO    <- OK ret=0 rpm=1000 (hex=0x03e8)
16:09:39.275  INFO    -> current
16:09:39.281  INFO    <- OK ret=0 val1=-0.54 val2=-0.49
16:09:39.470  INFO    -> rpm
16:09:39.474  INFO    <- OK ret=0 rpm=1000 (hex=0x03e8)
16:09:39.670  INFO    -> rpm
16:09:39.674  INFO    <- OK ret=0 rpm=1000 (hex=0x03e8)
16:09:39.870  INFO    -> rpm
16:09:39.874  INFO    <- OK ret=0 rpm=1025 (hex=0x0401)
16:09:40.070  INFO    -> rpm
16:09:40.074  INFO    <- OK ret=0 rpm=1000 (hex=0x03e8)
16:09:40.270  INFO    -> rpm
16:09:40.274  INFO    <- OK ret=0 rpm=975 (hex=0x03cf)
16:09:40.275  INFO    -> current
16:09:40.280  INFO    <- OK ret=0 val1=-0.59 val2=-0.44
16:09:40.470  INFO    -> rpm
16:09:40.474  INFO    <- OK ret=0 rpm=1000 (hex=0x03e8)
16:09:40.670  INFO    -> rpm
16:09:40.674  INFO    <- OK ret=0 rpm=975 (hex=0x03cf)
16:09:40.870  INFO    -> rpm
16:09:40.875  INFO    <- OK ret=0 rpm=1000 (hex=0x03e8)
16:09:41.070  INFO    -> rpm
16:09:41.078  INFO    <- OK ret=0 rpm=1000 (hex=0x03e8)
16:09:41.270  INFO    -> rpm
16:09:41.274  INFO    <- OK ret=0 rpm=1000 (hex=0x03e8)
16:09:41.275  INFO    -> current
16:09:41.280  INFO    <- OK ret=0 val1=-0.59 val2=-0.49
16:09:41.470  INFO    -> rpm
16:09:41.474  INFO    <- OK ret=0 rpm=1025 (hex=0x0401)
16:09:41.670  INFO    -> rpm
16:09:41.674  INFO    <- OK ret=0 rpm=1025 (hex=0x0401)
16:09:41.870  INFO    -> rpm
16:09:41.874  INFO    <- OK ret=0 rpm=975 (hex=0x03cf)
16:09:42.070  INFO    -> rpm
16:09:42.075  INFO    <- OK ret=0 rpm=1025 (hex=0x0401)
16:09:42.270  INFO    -> rpm
16:09:42.274  INFO    <- OK ret=0 rpm=975 (hex=0x03cf)
16:09:42.275  INFO    -> current
16:09:42.281  INFO    <- OK ret=0 val1=-0.49 val2=-0.59
16:09:42.470  INFO    -> rpm
16:09:42.475  INFO    <- OK ret=0 rpm=1025 (hex=0x0401)
16:09:42.670  INFO    -> rpm
16:09:42.674  INFO    <- OK ret=0 rpm=975 (hex=0x03cf)
16:09:42.870  INFO    -> rpm
16:09:42.874  INFO    <- OK ret=0 rpm=1025 (hex=0x0401)
16:09:43.070  INFO    -> rpm
16:09:43.074  INFO    <- OK ret=0 rpm=975 (hex=0x03cf)
16:09:43.270  INFO    -> rpm
16:09:43.274  INFO    <- OK ret=0 rpm=1025 (hex=0x0401)
16:09:43.275  INFO    -> current
16:09:43.280  INFO    <- OK ret=0 val1=-0.54 val2=-0.59
16:09:43.470  INFO    -> rpm
16:09:43.474  INFO    <- OK ret=0 rpm=1025 (hex=0x0401)
16:09:43.670  INFO    -> rpm
16:09:43.675  INFO    <- OK ret=0 rpm=1000 (hex=0x03e8)
16:09:43.870  INFO    -> rpm
16:09:43.875  INFO    <- OK ret=0 rpm=1025 (hex=0x0401)
16:09:44.070  INFO    -> rpm
16:09:44.075  INFO    <- OK ret=0 rpm=975 (hex=0x03cf)
16:09:44.075  INFO    -> speed 800
16:09:44.080  INFO    <- OK
16:09:44.330  INFO    -> speed 600
16:09:44.335  INFO    <- OK
16:09:44.586  INFO    -> speed 400
16:09:44.591  INFO    <- OK
16:09:44.841  INFO    -> speed 200
16:09:44.846  INFO    <- OK
16:09:45.097  INFO    -> speed 0
16:09:45.102  INFO    <- OK
