16:08:17.559  INFO    -> pi -0.08 -0.06
16:08:17.563  INFO    <- OK
16:08:17.563  INFO    -> speed 0
16:08:17.566  INFO    <- OK
16:08:17.567  INFO    -> speed 1000
16:08:17.570  INFO    <- OK
16:08:17.570  INFO    -> rpm
16:08:17.574  INFO    <- OK ret=0 rpm=0 (hex=0x0000)
16:08:17.574  INFO    -> current
16:08:17.584  INFO    <- OK ret=0 val1=-0.10 val2=0.05
16:08:17.770  INFO    -> rpm
16:08:17.774  INFO    <- OK ret=0 rpm=0 (hex=0x0000)
16:08:17.970  INFO    -> rpm
16:08:17.974  INFO    <- OK ret=0 rpm=0 (hex=0x0000)
16:08:18.170  INFO    -> rpm
16:08:18.174  INFO    <- OK ret=0 rpm=425 (hex=0x01a9)
16:08:18.370  INFO    -> rpm
16:08:18.375  INFO    <- OK ret=0 rpm=1175 (hex=0x0497)
16:08:18.570  INFO    -> rpm
16:08:18.575  INFO    <- OK ret=0 rpm=1175 (hex=0x0497)
16:08:18.576  INFO    -> current
16:08:18.581  INFO    <- OK ret=0 val1=-0.10 val2=0.00
16:08:18.770  INFO    -> rpm
16:08:18.775  INFO    <- OK ret=0 rpm=1050 (hex=0x041a)
16:08:18.970  INFO    -> rpm
16:08:18.975  INFO    <- OK ret=0 rpm=1025 (hex=0x0401)
16:08:19.170  INFO    -> rpm
16:08:19.175  INFO    <- OK ret=0 rpm=975 (hex=0x03cf)
16:08:19.370  INFO    -> rpm
16:08:19.375  INFO    <- OK ret=0 rpm=975 (hex=0x03cf)
16:08:19.570  INFO    -> rpm
16:08:19.575  INFO    <- OK ret=0 rpm=975 (hex=0x03cf)
16:08:19.576  INFO    -> current
16:08:19.581  INFO    <- OK ret=0 val1=-0.59 val2=-0.49
16:08:19.770  INFO    -> rpm
16:08:19.775  INFO    <- OK ret=0 rpm=1000 (hex=0x03e8)
16:08:19.970  INFO    -> rpm
16:08:19.975  INFO    <- OK ret=0 rpm=1000 (hex=0x03e8)
16:08:20.170  INFO    -> rpm
16:08:20.175  INFO    <- OK ret=0 rpm=1000 (hex=0x03e8)
16:08:20.370  INFO    -> rpm
16:08:20.375  INFO    <- OK ret=0 rpm=1000 (hex=0x03e8)
16:08:20.570  INFO    -> rpm
16:08:20.575  INFO    <- OK ret=0 rpm=1000 (hex=0x03e8)
16:08:20.575  INFO    -> current
16:08:20.581  INFO    <- OK ret=0 val1=-0.49 val2=-0.44
16:08:20.770  INFO    -> rpm
16:08:20.775  INFO    <- OK ret=0 rpm=1000 (hex=0x03e8)
16:08:20.970  INFO    -> rpm
16:08:20.975  INFO    <- OK ret=0 rpm=1000 (hex=0x03e8)
16:08:21.170  INFO    -> rpm
16:08:21.175  INFO    <- OK ret=0 rpm=1000 (hex=0x03e8)
16:08:21.370  INFO    -> rpm
16:08:21.375  INFO    <- OK ret=0 rpm=975 (hex=0x03cf)
16:08:21.570  INFO    -> rpm
16:08:21.575  INFO    <- OK ret=0 rpm=1000 (hex=0x03e8)
16:08:21.576  INFO    -> current
16:08:21.581  INFO    <- OK ret=0 val1=-0.54 val2=-0.44
16:08:21.770  INFO    -> rpm
16:08:21.775  INFO    <- OK ret=0 rpm=1000 (hex=0x03e8)
16:08:21.970  INFO    -> rpm
16:08:21.975  INFO    <- OK ret=0 rpm=1000 (hex=0x03e8)
16:08:22.170  INFO    -> rpm
16:08:22.175  INFO    <- OK ret=0 rpm=1000 (hex=0x03e8)
16:08:22.370  INFO    -> rpm
16:08:22.375  INFO    <- OK ret=0 rpm=1000 (hex=0x03e8)
16:08:22.570  INFO    -> rpm
16:08:22.575  INFO    <- OK ret=0 rpm=1000 (hex=0x03e8)
16:08:22.576  INFO    -> current
16:08:22.581  INFO    <- OK ret=0 val1=-0.59 val2=-0.49
16:08:22.770  INFO    -> rpm
16:08:22.775  INFO    <- OK ret=0 rpm=1000 (hex=0x03e8)
16:08:22.970  INFO    -> rpm
16:08:22.975  INFO    <- OK ret=0 rpm=1000 (hex=0x03e8)
16:08:23.170  INFO    -> rpm
16:08:23.175  INFO    <- OK ret=0 rpm=1025 (hex=0x0401)
16:08:23.370  INFO    -> rpm
16:08:23.375  INFO    <- OK ret=0 rpm=1000 (hex=0x03e8)
16:08:23.570  INFO    -> rpm
16:08:23.575  INFO    <- OK ret=0 rpm=1000 (hex=0x03e8)
16:08:23.576  INFO    -> current
16:08:23.581  INFO    <- OK ret=0 val1=-0.54 val2=-0.54
16:08:23.770  INFO    -> rpm
16:08:23.775  INFO    <- OK ret=0 rpm=1000 (hex=0x03e8)
16:08:23.970  INFO    -> rpm
16:08:23.975  INFO    <- OK ret=0 rpm=975 (hex=0x03cf)
16:08:24.170  INFO    -> rpm
16:08:24.175  INFO    <- OK ret=0 rpm=1025 (hex=0x0401)
16:08:24.370  INFO    -> rpm
16:08:24.375  INFO    <- OK ret=0 rpm=1025 (hex=0x0401)
16:08:24.376  INFO    -> speed 800
16:08:24.380  INFO    <- OK
16:08:24.631  INFO    -> speed 600
16:08:24.636  INFO    <- OK
16:08:24.887  INFO    -> speed 400
16:08:24.891  INFO    <- OK
16:08:25.142  INFO    -> speed 200
16:08:25.147  INFO    <- OK
16:08:25.398  INFO    -> speed 0
16:08:25.402  INFO    <- OK
