16:08:04.787  INFO    -> pi -0.08 -0.08
16:08:04.791  INFO    <- OK
16:08:04.791  INFO    -> speed 0
16:08:04.795  INFO    <- OK
16:08:04.795  INFO    -> speed 1000
16:08:04.798  INFO    <- OK
16:08:04.801  INFO    -> rpm
16:08:04.805  INFO    <- OK ret=0 rpm=0 (hex=0x0000)
16:08:04.805  INFO    -> current
16:08:04.810  INFO    <- OK ret=0 val1=-0.10 val2=0.05
16:08:05.001  INFO    -> rpm
16:08:05.005  INFO    <- OK ret=0 rpm=0 (hex=0x0000)
16:08:05.201  INFO    -> rpm
16:08:05.205  INFO    <- OK ret=0 rpm=25 (hex=0x0019)
16:08:05.401  INFO    -> rpm
16:08:05.406  INFO    <- OK ret=0 rpm=775 (hex=0x0307)
16:08:05.601  INFO    -> rpm
16:08:05.606  INFO    <- OK ret=0 rpm=1050 (hex=0x041a)
16:08:05.801  INFO    -> rpm
16:08:05.806  INFO    <- OK ret=0 rpm=1050 (hex=0x041a)
16:08:05.806  INFO    -> current
16:08:05.812  INFO    <- OK ret=0 val1=-0.10 val2=0.05
16:08:06.001  INFO    -> rpm
16:08:06.006  INFO    <- OK ret=0 rpm=1050 (hex=0x041a)
16:08:06.201  INFO    -> rpm
16:08:06.206  INFO    <- OK ret=0 rpm=1000 (hex=0x03e8)
16:08:06.401  INFO    -> rpm
16:08:06.406  INFO    <- OK ret=0 rpm=1025 (hex=0x0401)
16:08:06.601  INFO    -> rpm
16:08:06.606  INFO    <- OK ret=0 rpm=1000 (hex=0x03e8)
16:08:06.801  INFO    -> rpm
16:08:06.806  INFO    <- OK ret=0 rpm=1000 (hex=0x03e8)
16:08:06.806  INFO    -> current
16:08:06.812  INFO    <- OK ret=0 val1=-0.54 val2=-0.54
16:08:07.001  INFO    -> rpm
16:08:07.006  INFO    <- OK ret=0 rpm=1000 (hex=0x03e8)
16:08:07.201  INFO    -> rpm
16:08:07.206  INFO    <- OK ret=0 rpm=1000 (hex=0x03e8)
16:08:07.401  INFO    -> rpm
16:08:07.406  INFO    <- OK ret=0 rpm=1000 (hex=0x03e8)
16:08:07.601  INFO    -> rpm
16:08:07.606  INFO    <- OK ret=0 rpm=1000 (hex=0x03e8)
16:08:07.801  INFO    -> rpm
16:08:07.806  INFO    <- OK ret=0 rpm=1025 (hex=0x0401)
16:08:07.806  INFO    -> current
16:08:07.812  INFO    <- OK ret=0 val1=-0.54 val2=-0.44
16:08:08.001  INFO    -> rpm
16:08:08.006  INFO    <- OK ret=0 rpm=1000 (hex=0x03e8)
16:08:08.201  INFO    -> rpm
16:08:08.214  INFO    <- OK ret=0 rpm=1025 (hex=0x0401)
16:08:08.401  INFO    -> rpm
16:08:08.406  INFO    <- OK ret=0 rpm=1000 (hex=0x03e8)
16:08:08.601  INFO    -> rpm
16:08:08.606  INFO    <- OK ret=0 rpm=1000 (hex=0x03e8)
16:08:08.801  INFO    -> rpm
16:08:08.806  INFO    <- OK ret=0 rpm=1000 (hex=0x03e8)
16:08:08.806  INFO    -> current
16:08:08.812  INFO    <- OK ret=0 val1=-0.49 val2=-0.49
16:08:09.001  INFO    -> rpm
16:08:09.006  INFO    <- OK ret=0 rpm=1025 (hex=0x0401)
16:08:09.201  INFO    -> rpm
16:08:09.206  INFO    <- OK ret=0 rpm=1000 (hex=0x03e8)
16:08:09.401  INFO    -> rpm
16:08:09.406  INFO    <- OK ret=0 rpm=1000 (hex=0x03e8)
16:08:09.601  INFO    -> rpm
16:08:09.606  INFO    <- OK ret=0 rpm=1025 (hex=0x0401)
16:08:09.801  INFO    -> rpm
16:08:09.806  INFO    <- OK ret=0 rpm=1000 (hex=0x03e8)
16:08:09.806  INFO    -> current
16:08:09.812  INFO    <- OK ret=0 val1=-0.49 val2=-0.44
16:08:10.001  INFO    -> rpm
16:08:10.006  INFO    <- OK ret=0 rpm=1000 (hex=0x03e8)
16:08:10.201  INFO    -> rpm
16:08:10.209  INFO    <- OK ret=0 rpm=1000 (hex=0x03e8)
16:08:10.401  INFO    -> rpm
16:08:10.406  INFO    <- OK ret=0 rpm=1000 (hex=0x03e8)
16:08:10.601  INFO    -> rpm
16:08:10.606  INFO    <- OK ret=0 rpm=1000 (hex=0x03e8)
16:08:10.801  INFO    -> rpm
16:08:10.806  INFO    <- OK ret=0 rpm=1000 (hex=0x03e8)
16:08:10.806  INFO    -> current
16:08:10.812  INFO    <- OK ret=0 val1=-0.49 val2=-0.44
16:08:11.001  INFO    -> rpm
16:08:11.006  INFO    <- OK ret=0 rpm=975 (hex=0x03cf)
16:08:11.201  INFO    -> rpm
16:08:11.206  INFO    <- OK ret=0 rpm=1000 (hex=0x03e8)
16:08:11.401  INFO    -> rpm
16:08:11.406  INFO    <- OK ret=0 rpm=1025 (hex=0x0401)
16:08:11.601  INFO    -> rpm
16:08:11.606  INFO    <- OK ret=0 rpm=975 (hex=0x03cf)
16:08:11.606  INFO    -> speed 800
16:08:11.611  INFO    <- OK
16:08:11.862  INFO    -> speed 600
16:08:11.867  INFO    <- OK
16:08:12.117  INFO    -> speed 400
16:08:12.122  INFO    <- OK
16:08:12.373  INFO    -> speed 200
16:08:12.378  INFO    <- OK
16:08:12.628  INFO    -> speed 0
16:08:12.633  INFO    <- OK
