17:34:46.001  INFO    -> pi -0.05 -0.03
17:34:46.004  INFO    <- OK
17:34:46.005  INFO    -> speed 0
17:34:46.008  INFO    <- OK
17:34:46.008  INFO    -> speed 1000
17:34:46.012  INFO    <- OK
17:34:46.012  INFO    -> rpm
17:34:46.016  INFO    <- OK ret=0 rpm=0 (hex=0x0000)
17:34:46.016  INFO    -> current
17:34:46.022  INFO    <- OK ret=0 val1=-0.15 val2=0.05
17:34:46.212  INFO    -> rpm
17:34:46.216  INFO    <- OK ret=0 rpm=0 (hex=0x0000)
17:34:46.412  INFO    -> rpm
17:34:46.416  INFO    <- OK ret=0 rpm=400 (hex=0x0190)
17:34:46.612  INFO    -> rpm
17:34:46.616  INFO    <- OK ret=0 rpm=1000 (hex=0x03e8)
17:34:46.812  INFO    -> rpm
17:34:46.817  INFO    <- OK ret=0 rpm=1000 (hex=0x03e8)
17:34:47.012  INFO    -> rpm
17:34:47.017  INFO    <- OK ret=0 rpm=950 (hex=0x03b6)
17:34:47.017  INFO    -> current
17:34:47.023  INFO    <- OK ret=0 val1=-0.34 val2=-0.34
17:34:47.212  INFO    -> rpm
17:34:47.217  INFO    <- OK ret=0 rpm=975 (hex=0x03cf)
17:34:47.412  INFO    -> rpm
17:34:47.417  INFO    <- OK ret=0 rpm=1000 (hex=0x03e8)
17:34:47.612  INFO    -> rpm
17:34:47.617  INFO    <- OK ret=0 rpm=1000 (hex=0x03e8)
17:34:47.812  INFO    -> rpm
17:34:47.817  INFO    <- OK ret=0 rpm=1000 (hex=0x03e8)
17:34:48.012  INFO    -> rpm
17:34:48.017  INFO    <- OK ret=0 rpm=1000 (hex=0x03e8)
17:34:48.017  INFO    -> current
17:34:48.023  INFO    <- OK ret=0 val1=-0.49 val2=-0.59
17:34:48.212  INFO    -> rpm
17:34:48.217  INFO    <- OK ret=0 rpm=1000 (hex=0x03e8)
17:34:48.412  INFO    -> rpm
17:34:48.417  INFO    <- OK ret=0 rpm=1000 (hex=0x03e8)
17:34:48.612  INFO    -> rpm
17:34:48.617  INFO    <- OK ret=0 rpm=1025 (hex=0x0401)
17:34:48.812  INFO    -> rpm
17:34:48.817  INFO    <- OK ret=0 rpm=1000 (hex=0x03e8)
17:34:49.012  INFO    -> rpm
17:34:49.017  INFO    <- OK ret=0 rpm=1000 (hex=0x03e8)
17:34:49.017  INFO    -> current
17:34:49.023  INFO    <- OK ret=0 val1=-0.49 val2=-0.63
17:34:49.212  INFO    -> rpm
17:34:49.217  INFO    <- OK ret=0 rpm=1000 (hex=0x03e8)
17:34:49.412  INFO    -> rpm
17:34:49.417  INFO    <- OK ret=0 rpm=1000 (hex=0x03e8)
17:34:49.612  INFO    -> rpm
17:34:49.617  INFO    <- OK ret=0 rpm=1000 (hex=0x03e8)
17:34:49.812  INFO    -> rpm
17:34:49.817  INFO    <- OK ret=0 rpm=1000 (hex=0x03e8)
17:34:50.012  INFO    -> rpm
17:34:50.017  INFO    <- OK ret=0 rpm=1025 (hex=0x0401)
17:34:50.017  INFO    -> current
17:34:50.023  INFO    <- OK ret=0 val1=-0.54 val2=-0.44
17:34:50.212  INFO    -> rpm
17:34:50.217  INFO    <- OK ret=0 rpm=975 (hex=0x03cf)
17:34:50.412  INFO    -> rpm
17:34:50.417  INFO    <- OK ret=0 rpm=1025 (hex=0x0401)
17:34:50.612  INFO    -> rpm
17:34:50.617  INFO    <- OK ret=0 rpm=975 (hex=0x03cf)
17:34:50.812  INFO    -> rpm
17:34:50.817  INFO    <- OK ret=0 rpm=1025 (hex=0x0401)
17:34:51.012  INFO    -> rpm
17:34:51.017  INFO    <- OK ret=0 rpm=975 (hex=0x03cf)
17:34:51.017  INFO    -> current
17:34:51.023  INFO    <- OK ret=0 val1=-0.54 val2=-0.49
17:34:51.212  INFO    -> rpm
17:34:51.217  INFO    <- OK ret=0 rpm=1000 (hex=0x03e8)
17:34:51.412  INFO    -> rpm
17:34:51.417  INFO    <- OK ret=0 rpm=975 (hex=0x03cf)
17:34:51.612  INFO    -> rpm
17:34:51.617  INFO    <- OK ret=0 rpm=1025 (hex=0x0401)
17:34:51.812  INFO    -> rpm
17:34:51.817  INFO    <- OK ret=0 rpm=1000 (hex=0x03e8)
17:34:52.012  INFO    -> rpm
17:34:52.017  INFO    <- OK ret=0 rpm=1025 (hex=0x0401)
17:34:52.017  INFO    -> current
17:34:52.023  INFO    <- OK ret=0 val1=-0.59 val2=-0.59
17:34:52.212  INFO    -> rpm
17:34:52.217  INFO    <- OK ret=0 rpm=1000 (hex=0x03e8)
17:34:52.412  INFO    -> rpm
17:34:52.417  INFO    <- OK ret=0 rpm=1025 (hex=0x0401)
17:34:52.612  INFO    -> rpm
17:34:52.617  INFO    <- OK ret=0 rpm=975 (hex=0x03cf)
17:34:52.812  INFO    -> rpm
17:34:52.817  INFO    <- OK ret=0 rpm=1025 (hex=0x0401)
17:34:52.817  INFO    -> speed 800
17:34:52.822  INFO    <- OK
17:34:53.073  INFO    -> speed 600
17:34:53.078  INFO    <- OK
17:34:53.328  INFO    -> speed 400
17:34:53.333  INFO    <- OK
17:34:53.584  INFO    -> speed 200
17:34:53.589  INFO    <- OK
17:34:53.839  INFO    -> speed 0
17:34:53.844  INFO    <- OK
