14:45:47.590  INFO    -> pi -0.1 -0.02
14:45:47.594  INFO    <- OK
14:45:47.595  INFO    -> speed 0
14:45:47.598  INFO    <- OK
14:45:47.598  INFO    -> speed 1000
14:45:47.601  INFO    <- OK
14:45:47.604  INFO    -> rpm
14:45:47.608  INFO    <- OK ret=0 rpm=0 (hex=0x0000)
14:45:47.608  INFO    -> current
14:45:47.612  INFO    <- OK ret=0 val1=-0.10 val2=0.05
14:45:47.804  INFO    -> rpm
14:45:47.809  INFO    <- OK ret=0 rpm=0 (hex=0x0000)
14:45:48.004  INFO    -> rpm
14:45:48.009  INFO    <- OK ret=0 rpm=0 (hex=0x0000)
14:45:48.204  INFO    -> rpm
14:45:48.209  INFO    <- OK ret=0 rpm=0 (hex=0x0000)
14:45:48.404  INFO    -> rpm
14:45:48.409  INFO    <- OK ret=0 rpm=0 (hex=0x0000)
14:45:48.604  INFO    -> rpm
14:45:48.609  INFO    <- OK ret=0 rpm=0 (hex=0x0000)
14:45:48.609  INFO    -> current
14:45:48.615  INFO    <- OK ret=0 val1=-0.34 val2=-0.15
14:45:48.804  INFO    -> rpm
14:45:48.809  INFO    <- OK ret=0 rpm=0 (hex=0x0000)
14:45:49.004  INFO    -> rpm
14:45:49.009  INFO    <- OK ret=0 rpm=0 (hex=0x0000)
14:45:49.204  INFO    -> rpm
14:45:49.209  INFO    <- OK ret=0 rpm=0 (hex=0x0000)
14:45:49.404  INFO    -> rpm
14:45:49.409  INFO    <- OK ret=0 rpm=1050 (hex=0x041a)
14:45:49.604  INFO    -> rpm
14:45:49.609  INFO    <- OK ret=0 rpm=2725 (hex=0x0aa5)
14:45:49.609  INFO    -> current
14:45:49.615  INFO    <- OK ret=0 val1=-2.29 val2=-2.34
14:45:49.804  INFO    -> rpm
14:45:49.809  INFO    <- OK ret=0 rpm=2550 (hex=0x09f6)
14:45:50.004  INFO    -> rpm
14:45:50.009  INFO    <- OK ret=0 rpm=2225 (hex=0x08b1)
14:45:50.204  INFO    -> rpm
14:45:50.209  INFO    <- OK ret=0 rpm=1775 (hex=0x06ef)
14:45:50.404  INFO    -> rpm
14:45:50.409  INFO    <- OK ret=0 rpm=1350 (hex=0x0546)
14:45:50.604  INFO    -> rpm
14:45:50.609  INFO    <- OK ret=0 rpm=1050 (hex=0x041a)
14:45:50.609  INFO    -> current
14:45:50.615  INFO    <- OK ret=0 val1=-1.17 val2=-0.93
14:45:50.804  INFO    -> rpm
14:45:50.809  INFO    <- OK ret=0 rpm=950 (hex=0x03b6)
14:45:51.004  INFO    -> rpm
14:45:51.009  INFO    <- OK ret=0 rpm=950 (hex=0x03b6)
14:45:51.204  INFO    -> rpm
14:45:51.209  INFO    <- OK ret=0 rpm=975 (hex=0x03cf)
14:45:51.404  INFO    -> rpm
14:45:51.409  INFO    <- OK ret=0 rpm=1025 (hex=0x0401)
14:45:51.604  INFO    -> rpm
14:45:51.609  INFO    <- OK ret=0 rpm=1000 (hex=0x03e8)
14:45:51.609  INFO    -> current
14:45:51.615  INFO    <- OK ret=0 val1=-0.49 val2=-0.49
14:45:51.804  INFO    -> rpm
14:45:51.809  INFO    <- OK ret=0 rpm=1000 (hex=0x03e8)
14:45:52.004  INFO    -> rpm
14:45:52.009  INFO    <- OK ret=0 rpm=1025 (hex=0x0401)
14:45:52.204  INFO    -> rpm
14:45:52.209  INFO    <- OK ret=0 rpm=1000 (hex=0x03e8)
14:45:52.404  INFO    -> rpm
14:45:52.409  INFO    <- OK ret=0 rpm=1000 (hex=0x03e8)
14:45:52.604  INFO    -> rpm
14:45:52.609  INFO    <- OK ret=0 rpm=975 (hex=0x03cf)
14:45:52.609  INFO    -> current
14:45:52.615  INFO    <- OK ret=0 val1=-0.49 val2=-0.44
14:45:52.804  INFO    -> rpm
14:45:52.809  INFO    <- OK ret=0 rpm=1025 (hex=0x0401)
14:45:53.004  INFO    -> rpm
14:45:53.009  INFO    <- OK ret=0 rpm=1000 (hex=0x03e8)
14:45:53.204  INFO    -> rpm
14:45:53.209  INFO    <- OK ret=0 rpm=1000 (hex=0x03e8)
14:45:53.404  INFO    -> rpm
14:45:53.409  INFO    <- OK ret=0 rpm=1000 (hex=0x03e8)
14:45:53.604  INFO    -> rpm
14:45:53.609  INFO    <- OK ret=0 rpm=1000 (hex=0x03e8)
14:45:53.609  INFO    -> current
14:45:53.615  INFO    <- OK ret=0 val1=-0.49 val2=-0.44
14:45:53.804  INFO    -> rpm
14:45:53.809  INFO    <- OK ret=0 rpm=975 (hex=0x03cf)
14:45:54.004  INFO    -> rpm
14:45:54.015  INFO    <- OK ret=0 rpm=1000 (hex=0x03e8)
14:45:54.204  INFO    -> rpm
14:45:54.209  INFO    <- OK ret=0 rpm=1000 (hex=0x03e8)
14:45:54.404  INFO    -> rpm
14:45:54.409  INFO    <- OK ret=0 rpm=1000 (hex=0x03e8)
14:45:54.409  INFO    -> speed 800
14:45:54.414  INFO    <- OK
14:45:54.665  INFO    -> speed 600
14:45:54.670  INFO    <- OK
14:45:54.920  INFO    -> speed 400
14:45:54.925  INFO    <- OK
14:45:55.176  INFO    -> speed 200
14:45:55.181  INFO    <- OK
14:45:55.432  INFO    -> speed 0
14:45:55.436  INFO    <- OK
