14:47:17.912  INFO    -> pi -0.1 0.08
14:47:17.915  INFO    <- OK
14:47:17.916  INFO    -> speed 0
14:47:17.919  INFO    <- OK
14:47:17.919  INFO    -> speed 1000
14:47:17.925  INFO    <- OK
14:47:17.925  INFO    -> rpm
14:47:17.930  INFO    <- OK ret=0 rpm=0 (hex=0x0000)
14:47:17.930  INFO    -> current
14:47:17.934  INFO    <- OK ret=0 val1=-0.15 val2=0.05
14:47:18.125  INFO    -> rpm
14:47:18.129  INFO    <- OK ret=0 rpm=25 (hex=0x0019)
14:47:18.325  INFO    -> rpm
14:47:18.330  INFO    <- OK ret=0 rpm=0 (hex=0x0000)
14:47:18.525  INFO    -> rpm
14:47:18.530  INFO    <- OK ret=0 rpm=175 (hex=0x00af)
14:47:18.725  INFO    -> rpm
14:47:18.730  INFO    <- OK ret=0 rpm=1575 (hex=0x0627)
14:47:18.925  INFO    -> rpm
14:47:18.930  INFO    <- OK ret=0 rpm=1625 (hex=0x0659)
14:47:18.930  INFO    -> current
14:47:18.936  INFO    <- OK ret=0 val1=-0.49 val2=-0.24
14:47:19.125  INFO    -> rpm
14:47:19.130  INFO    <- OK ret=0 rpm=1250 (hex=0x04e2)
14:47:19.325  INFO    -> rpm
14:47:19.330  INFO    <- OK ret=0 rpm=975 (hex=0x03cf)
14:47:19.525  INFO    -> rpm
14:47:19.530  INFO    <- OK ret=0 rpm=825 (hex=0x0339)
14:47:19.725  INFO    -> rpm
14:47:19.730  INFO    <- OK ret=0 rpm=900 (hex=0x0384)
14:47:19.925  INFO    -> rpm
14:47:19.930  INFO    <- OK ret=0 rpm=975 (hex=0x03cf)
14:47:19.931  INFO    -> current
14:47:19.936  INFO    <- OK ret=0 val1=-0.54 val2=-0.49
14:47:20.125  INFO    -> rpm
14:47:20.130  INFO    <- OK ret=0 rpm=1075 (hex=0x0433)
14:47:20.325  INFO    -> rpm
14:47:20.330  INFO    <- OK ret=0 rpm=1025 (hex=0x0401)
14:47:20.525  INFO    -> rpm
14:47:20.530  INFO    <- OK ret=0 rpm=975 (hex=0x03cf)
14:47:20.725  INFO    -> rpm
14:47:20.730  INFO    <- OK ret=0 rpm=1025 (hex=0x0401)
14:47:20.925  INFO    -> rpm
14:47:20.930  INFO    <- OK ret=0 rpm=1000 (hex=0x03e8)
14:47:20.931  INFO    -> current
14:47:20.936  INFO    <- OK ret=0 val1=-0.54 val2=-0.54
14:47:21.125  INFO    -> rpm
14:47:21.130  INFO    <- OK ret=0 rpm=1000 (hex=0x03e8)
14:47:21.325  INFO    -> rpm
14:47:21.330  INFO    <- OK ret=0 rpm=1025 (hex=0x0401)
14:47:21.525  INFO    -> rpm
14:47:21.530  INFO    <- OK ret=0 rpm=1000 (hex=0x03e8)
14:47:21.725  INFO    -> rpm
14:47:21.730  INFO    <- OK ret=0 rpm=1000 (hex=0x03e8)
14:47:21.925  INFO    -> rpm
14:47:21.930  INFO    <- OK ret=0 rpm=975 (hex=0x03cf)
14:47:21.931  INFO    -> current
14:47:21.936  INFO    <- OK ret=0 val1=-0.49 val2=-0.44
14:47:22.125  INFO    -> rpm
14:47:22.130  INFO    <- OK ret=0 rpm=1000 (hex=0x03e8)
14:47:22.325  INFO    -> rpm
14:47:22.330  INFO    <- OK ret=0 rpm=1000 (hex=0x03e8)
14:47:22.525  INFO    -> rpm
14:47:22.530  INFO    <- OK ret=0 rpm=1000 (hex=0x03e8)
14:47:22.725  INFO    -> rpm
14:47:22.730  INFO    <- OK ret=0 rpm=1000 (hex=0x03e8)
14:47:22.925  INFO    -> rpm
14:47:22.930  INFO    <- OK ret=0 rpm=1000 (hex=0x03e8)
14:47:22.931  INFO    -> current
14:47:22.936  INFO    <- OK ret=0 val1=-0.44 val2=-0.39
14:47:23.125  INFO    -> rpm
14:47:23.130  INFO    <- OK ret=0 rpm=1025 (hex=0x0401)
14:47:23.325  INFO    -> rpm
14:47:23.330  INFO    <- OK ret=0 rpm=1000 (hex=0x03e8)
14:47:23.525  INFO    -> rpm
14:47:23.530  INFO    <- OK ret=0 rpm=1000 (hex=0x03e8)
14:47:23.725  INFO    -> rpm
14:47:23.730  INFO    <- OK ret=0 rpm=1000 (hex=0x03e8)
14:47:23.925  INFO    -> rpm
14:47:23.930  INFO    <- OK ret=0 rpm=1000 (hex=0x03e8)
14:47:23.931  INFO    -> current
14:47:23.936  INFO    <- OK ret=0 val1=-0.49 val2=-0.49
14:47:24.125  INFO    -> rpm
14:47:24.130  INFO    <- OK ret=0 rpm=1025 (hex=0x0401)
14:47:24.325  INFO    -> rpm
14:47:24.330  INFO    <- OK ret=0 rpm=975 (hex=0x03cf)
14:47:24.525  INFO    -> rpm
14:47:24.530  INFO    <- OK ret=0 rpm=1000 (hex=0x03e8)
14:47:24.725  INFO    -> rpm
14:47:24.730  INFO    <- OK ret=0 rpm=1000 (hex=0x03e8)
14:47:24.731  INFO    -> speed 800
14:47:24.735  INFO    <- OK
14:47:24.986  INFO    -> speed 600
14:47:24.991  INFO    <- OK
14:47:25.242  INFO    -> speed 400
14:47:25.247  INFO    <- OK
14:47:25.497  INFO    -> speed 200
14:47:25.502  INFO    <- OK
14:47:25.753  INFO    -> speed 0
14:47:25.758  INFO    <- OK
