14:45:13.381  INFO    -> pi -0.1 -0.06
14:45:13.385  INFO    <- OK
14:45:13.385  INFO    -> speed 0
14:45:13.388  INFO    <- OK
14:45:13.388  INFO    -> speed 1000
14:45:13.392  INFO    <- OK
14:45:13.392  INFO    -> rpm
14:45:13.396  INFO    <- OK ret=0 rpm=0 (hex=0x0000)
14:45:13.396  INFO    -> current
14:45:13.401  INFO    <- OK ret=0 val1=-0.10 val2=0.05
14:45:13.592  INFO    -> rpm
14:45:13.596  INFO    <- OK ret=0 rpm=0 (hex=0x0000)
14:45:13.792  INFO    -> rpm
14:45:13.797  INFO    <- OK ret=0 rpm=0 (hex=0x0000)
14:45:13.992  INFO    -> rpm
14:45:13.997  INFO    <- OK ret=0 rpm=175 (hex=0x00af)
14:45:14.192  INFO    -> rpm
14:45:14.197  INFO    <- OK ret=0 rpm=1150 (hex=0x047e)
14:45:14.392  INFO    -> rpm
14:45:14.397  INFO    <- OK ret=0 rpm=1325 (hex=0x052d)
14:45:14.398  INFO    -> current
14:45:14.403  INFO    <- OK ret=0 val1=-0.39 val2=-0.29
14:45:14.592  INFO    -> rpm
14:45:14.597  INFO    <- OK ret=0 rpm=1225 (hex=0x04c9)
14:45:14.792  INFO    -> rpm
14:45:14.797  INFO    <- OK ret=0 rpm=1075 (hex=0x0433)
14:45:14.992  INFO    -> rpm
14:45:14.997  INFO    <- OK ret=0 rpm=1000 (hex=0x03e8)
14:45:15.192  INFO    -> rpm
14:45:15.197  INFO    <- OK ret=0 rpm=975 (hex=0x03cf)
14:45:15.392  INFO    -> rpm
14:45:15.397  INFO    <- OK ret=0 rpm=1000 (hex=0x03e8)
14:45:15.398  INFO    -> current
14:45:15.403  INFO    <- OK ret=0 val1=-0.54 val2=-0.49
14:45:15.592  INFO    -> rpm
14:45:15.597  INFO    <- OK ret=0 rpm=1000 (hex=0x03e8)
14:45:15.792  INFO    -> rpm
14:45:15.797  INFO    <- OK ret=0 rpm=1000 (hex=0x03e8)
14:45:15.992  INFO    -> rpm
14:45:15.997  INFO    <- OK ret=0 rpm=975 (hex=0x03cf)
14:45:16.192  INFO    -> rpm
14:45:16.197  INFO    <- OK ret=0 rpm=1025 (hex=0x0401)
14:45:16.392  INFO    -> rpm
14:45:16.397  INFO    <- OK ret=0 rpm=1025 (hex=0x0401)
14:45:16.398  INFO    -> current
14:45:16.403  INFO    <- OK ret=0 val1=-0.54 val2=-0.39
14:45:16.592  INFO    -> rpm
14:45:16.597  INFO    <- OK ret=0 rpm=1000 (hex=0x03e8)
14:45:16.792  INFO    -> rpm
14:45:16.797  INFO    <- OK ret=0 rpm=1000 (hex=0x03e8)
14:45:16.992  INFO    -> rpm
14:45:16.997  INFO    <- OK ret=0 rpm=1000 (hex=0x03e8)
14:45:17.192  INFO    -> rpm
14:45:17.197  INFO    <- OK ret=0 rpm=1000 (hex=0x03e8)
14:45:17.392  INFO    -> rpm
14:45:17.398  INFO    <- OK ret=0 rpm=1025 (hex=0x0401)
14:45:17.398  INFO    -> current
14:45:17.404  INFO    <- OK ret=0 val1=-0.44 val2=-0.44
14:45:17.592  INFO    -> rpm
14:45:17.601  INFO    <- OK ret=0 rpm=1000 (hex=0x03e8)
14:45:17.792  INFO    -> rpm
14:45:17.797  INFO    <- OK ret=0 rpm=1025 (hex=0x0401)
14:45:17.992  INFO    -> rpm
14:45:17.997  INFO    <- OK ret=0 rpm=1000 (hex=0x03e8)
14:45:18.192  INFO    -> rpm
14:45:18.197  INFO    <- OK ret=0 rpm=1000 (hex=0x03e8)
14:45:18.392  INFO    -> rpm
14:45:18.397  INFO    <- OK ret=0 rpm=1000 (hex=0x03e8)
14:45:18.398  INFO    -> current
14:45:18.403  INFO    <- OK ret=0 val1=-0.44 val2=-0.39
14:45:18.592  INFO    -> rpm
14:45:18.597  INFO    <- OK ret=0 rpm=1000 (hex=0x03e8)
14:45:18.792  INFO    -> rpm
14:45:18.797  INFO    <- OK ret=0 rpm=975 (hex=0x03cf)
14:45:18.992  INFO    -> rpm
14:45:18.997  INFO    <- OK ret=0 rpm=1025 (hex=0x0401)
14:45:19.192  INFO    -> rpm
14:45:19.197  INFO    <- OK ret=0 rpm=1000 (hex=0x03e8)
14:45:19.392  INFO    -> rpm
14:45:19.397  INFO    <- OK ret=0 rpm=1000 (hex=0x03e8)
14:45:19.398  INFO    -> current
14:45:19.403  INFO    <- OK ret=0 val1=-0.49 val2=-0.34
14:45:19.592  INFO    -> rpm
14:45:19.597  INFO    <- OK ret=0 rpm=1000 (hex=0x03e8)
14:45:19.792  INFO    -> rpm
14:45:19.797  INFO    <- OK ret=0 rpm=975 (hex=0x03cf)
14:45:19.992  INFO    -> rpm
14:45:19.997  INFO    <- OK ret=0 rpm=1000 (hex=0x03e8)
14:45:20.192  INFO    -> rpm
14:45:20.197  INFO    <- OK ret=0 rpm=1000 (hex=0x03e8)
14:45:20.198  INFO    -> speed 800
14:45:20.202  INFO    <- OK
14:45:20.453  INFO    -> speed 600
14:45:20.458  INFO    <- OK
14:45:20.709  INFO    -> speed 400
14:45:20.714  INFO    <- OK
14:45:20.964  INFO    -> speed 200
14:45:20.969  INFO    <- OK
14:45:21.220  INFO    -> speed 0
14:45:21.225  INFO    <- OK
