14:46:04.624  INFO    -> pi -0.1 0.0
14:46:04.628  INFO    <- OK
14:46:04.628  INFO    -> speed 0
14:46:04.632  INFO    <- OK
14:46:04.632  INFO    -> speed 1000
14:46:04.635  INFO    <- OK
14:46:04.635  INFO    -> rpm
14:46:04.642  INFO    <- OK ret=0 rpm=0 (hex=0x0000)
14:46:04.642  INFO    -> current
14:46:04.647  INFO    <- OK ret=0 val1=-0.10 val2=0.10
14:46:04.836  INFO    -> rpm
14:46:04.840  INFO    <- OK ret=0 rpm=0 (hex=0x0000)
14:46:05.036  INFO    -> rpm
14:46:05.041  INFO    <- OK ret=0 rpm=0 (hex=0x0000)
14:46:05.236  INFO    -> rpm
14:46:05.241  INFO    <- OK ret=0 rpm=550 (hex=0x0226)
14:46:05.436  INFO    -> rpm
14:46:05.441  INFO    <- OK ret=0 rpm=1275 (hex=0x04fb)
14:46:05.636  INFO    -> rpm
14:46:05.641  INFO    <- OK ret=0 rpm=1300 (hex=0x0514)
14:46:05.641  INFO    -> current
14:46:05.647  INFO    <- OK ret=0 val1=-0.34 val2=-0.20
14:46:05.836  INFO    -> rpm
14:46:05.841  INFO    <- OK ret=0 rpm=1125 (hex=0x0465)
14:46:06.036  INFO    -> rpm
14:46:06.041  INFO    <- OK ret=0 rpm=1000 (hex=0x03e8)
14:46:06.236  INFO    -> rpm
14:46:06.241  INFO    <- OK ret=0 rpm=950 (hex=0x03b6)
14:46:06.436  INFO    -> rpm
14:46:06.441  INFO    <- OK ret=0 rpm=950 (hex=0x03b6)
14:46:06.636  INFO    -> rpm
14:46:06.641  INFO    <- OK ret=0 rpm=975 (hex=0x03cf)
14:46:06.641  INFO    -> current
14:46:06.647  INFO    <- OK ret=0 val1=-0.39 val2=-0.44
14:46:06.836  INFO    -> rpm
14:46:06.841  INFO    <- OK ret=0 rpm=1025 (hex=0x0401)
14:46:07.036  INFO    -> rpm
14:46:07.041  INFO    <- OK ret=0 rpm=1000 (hex=0x03e8)
14:46:07.236  INFO    -> rpm
14:46:07.241  INFO    <- OK ret=0 rpm=1000 (hex=0x03e8)
14:46:07.436  INFO    -> rpm
14:46:07.441  INFO    <- OK ret=0 rpm=1025 (hex=0x0401)
14:46:07.636  INFO    -> rpm
14:46:07.641  INFO    <- OK ret=0 rpm=1000 (hex=0x03e8)
14:46:07.641  INFO    -> current
14:46:07.647  INFO    <- OK ret=0 val1=-0.49 val2=-0.54
14:46:07.836  INFO    -> rpm
14:46:07.841  INFO    <- OK ret=0 rpm=975 (hex=0x03cf)
14:46:08.036  INFO    -> rpm
14:46:08.041  INFO    <- OK ret=0 rpm=975 (hex=0x03cf)
14:46:08.236  INFO    -> rpm
14:46:08.240  INFO    <- OK ret=0 rpm=1000 (hex=0x03e8)
14:46:08.436  INFO    -> rpm
14:46:08.441  INFO    <- OK ret=0 rpm=1000 (hex=0x03e8)
14:46:08.636  INFO    -> rpm
14:46:08.641  INFO    <- OK ret=0 rpm=1000 (hex=0x03e8)
14:46:08.641  INFO    -> current
14:46:08.647  INFO    <- OK ret=0 val1=-0.49 val2=-0.54
14:46:08.836  INFO    -> rpm
14:46:08.841  INFO    <- OK ret=0 rpm=1000 (hex=0x03e8)
14:46:09.036  INFO    -> rpm
14:46:09.041  INFO    <- OK ret=0 rpm=1000 (hex=0x03e8)
14:46:09.236  INFO    -> rpm
14:46:09.241  INFO    <- OK ret=0 rpm=1000 (hex=0x03e8)
14:46:09.436  INFO    -> rpm
14:46:09.441  INFO    <- OK ret=0 rpm=975 (hex=0x03cf)
14:46:09.636  INFO    -> rpm
14:46:09.641  INFO    <- OK ret=0 rpm=1000 (hex=0x03e8)
14:46:09.641  INFO    -> current
14:46:09.647  INFO    <- OK ret=0 val1=-0.44 val2=-0.44
14:46:09.836  INFO    -> rpm
14:46:09.841  INFO    <- OK ret=0 rpm=1025 (hex=0x0401)
14:46:10.036  INFO    -> rpm
14:46:10.041  INFO    <- OK ret=0 rpm=1000 (hex=0x03e8)
14:46:10.236  INFO    -> rpm
14:46:10.240  INFO    <- OK ret=0 rpm=975 (hex=0x03cf)
14:46:10.436  INFO    -> rpm
14:46:10.441  INFO    <- OK ret=0 rpm=1000 (hex=0x03e8)
14:46:10.636  INFO    -> rpm
14:46:10.641  INFO    <- OK ret=0 rpm=1000 (hex=0x03e8)
14:46:10.641  INFO    -> current
14:46:10.647  INFO    <- OK ret=0 val1=-0.49 val2=-0.49
14:46:10.836  INFO    -> rpm
14:46:10.841  INFO    <- OK ret=0 rpm=1000 (hex=0x03e8)
14:46:11.036  INFO    -> rpm
14:46:11.041  INFO    <- OK ret=0 rpm=1025 (hex=0x0401)
14:46:11.236  INFO    -> rpm
14:46:11.240  INFO    <- OK ret=0 rpm=1000 (hex=0x03e8)
14:46:11.436  INFO    -> rpm
14:46:11.441  INFO    <- OK ret=0 rpm=1000 (hex=0x03e8)
14:46:11.441  INFO    -> speed 800
14:46:11.446  INFO    <- OK
14:46:11.696  INFO    -> speed 600
14:46:11.701  INFO    <- OK
14:46:11.952  INFO    -> speed 400
14:46:11.957  INFO    <- OK
14:46:12.208  INFO    -> speed 200
14:46:12.212  INFO    <- OK
14:46:12.463  INFO    -> speed 0
14:46:12.468  INFO    <- OK
