14:47:00.994  INFO    -> pi -0.1 0.06
14:47:00.998  INFO    <- OK
14:47:00.998  INFO    -> speed 0
14:47:01.002  INFO    <- OK
14:47:01.002  INFO    -> speed 1000
14:47:01.006  INFO    <- OK
14:47:01.007  INFO    -> rpm
14:47:01.012  INFO    <- OK ret=0 rpm=0 (hex=0x0000)
14:47:01.012  INFO    -> current
14:47:01.018  INFO    <- OK ret=0 val1=-0.15 val2=0.05
14:47:01.207  INFO    -> rpm
14:47:01.212  INFO    <- OK ret=0 rpm=0 (hex=0x0000)
14:47:01.407  INFO    -> rpm
14:47:01.412  INFO    <- OK ret=0 rpm=150 (hex=0x0096)
14:47:01.607  INFO    -> rpm
14:47:01.612  INFO    <- OK ret=0 rpm=1125 (hex=0x0465)
14:47:01.807  INFO    -> rpm
14:47:01.812  INFO    <- OK ret=0 rpm=1400 (hex=0x0578)
14:47:02.007  INFO    -> rpm
14:47:02.012  INFO    <- OK ret=0 rpm=1225 (hex=0x04c9)
14:47:02.012  INFO    -> current
14:47:02.018  INFO    <- OK ret=0 val1=-0.24 val2=-0.10
14:47:02.207  INFO    -> rpm
14:47:02.212  INFO    <- OK ret=0 rpm=1000 (hex=0x03e8)
14:47:02.407  INFO    -> rpm
14:47:02.412  INFO    <- OK ret=0 rpm=925 (hex=0x039d)
14:47:02.607  INFO    -> rpm
14:47:02.612  INFO    <- OK ret=0 rpm=950 (hex=0x03b6)
14:47:02.807  INFO    -> rpm
14:47:02.812  INFO    <- OK ret=0 rpm=950 (hex=0x03b6)
14:47:03.007  INFO    -> rpm
14:47:03.012  INFO    <- OK ret=0 rpm=1000 (hex=0x03e8)
14:47:03.012  INFO    -> current
14:47:03.018  INFO    <- OK ret=0 val1=-0.54 val2=-0.59
14:47:03.207  INFO    -> rpm
14:47:03.212  INFO    <- OK ret=0 rpm=1000 (hex=0x03e8)
14:47:03.407  INFO    -> rpm
14:47:03.412  INFO    <- OK ret=0 rpm=1025 (hex=0x0401)
14:47:03.607  INFO    -> rpm
14:47:03.612  INFO    <- OK ret=0 rpm=1000 (hex=0x03e8)
14:47:03.807  INFO    -> rpm
14:47:03.812  INFO    <- OK ret=0 rpm=1000 (hex=0x03e8)
14:47:04.007  INFO    -> rpm
14:47:04.012  INFO    <- OK ret=0 rpm=1000 (hex=0x03e8)
14:47:04.012  INFO    -> current
14:47:04.018  INFO    <- OK ret=0 val1=-0.49 val2=-0.39
14:47:04.207  INFO    -> rpm
14:47:04.212  INFO    <- OK ret=0 rpm=1000 (hex=0x03e8)
14:47:04.407  INFO    -> rpm
14:47:04.412  INFO    <- OK ret=0 rpm=1025 (hex=0x0401)
14:47:04.607  INFO    -> rpm
14:47:04.612  INFO    <- OK ret=0 rpm=975 (hex=0x03cf)
14:47:04.807  INFO    -> rpm
14:47:04.812  INFO    <- OK ret=0 rpm=1000 (hex=0x03e8)
14:47:05.007  INFO    -> rpm
14:47:05.012  INFO    <- OK ret=0 rpm=1000 (hex=0x03e8)
14:47:05.012  INFO    -> current
14:47:05.018  INFO    <- OK ret=0 val1=-0.49 val2=-0.49
14:47:05.207  INFO    -> rpm
14:47:05.212  INFO    <- OK ret=0 rpm=975 (hex=0x03cf)
14:47:05.407  INFO    -> rpm
14:47:05.412  INFO    <- OK ret=0 rpm=1000 (hex=0x03e8)
14:47:05.607  INFO    -> rpm
14:47:05.612  INFO    <- OK ret=0 rpm=1000 (hex=0x03e8)
14:47:05.807  INFO    -> rpm
14:47:05.812  INFO    <- OK ret=0 rpm=1000 (hex=0x03e8)
14:47:06.007  INFO    -> rpm
14:47:06.012  INFO    <- OK ret=0 rpm=1000 (hex=0x03e8)
14:47:06.012  INFO    -> current
14:47:06.018  INFO    <- OK ret=0 val1=-0.49 val2=-0.39
14:47:06.207  INFO    -> rpm
14:47:06.212  INFO    <- OK ret=0 rpm=1000 (hex=0x03e8)
14:47:06.407  INFO    -> rpm
14:47:06.412  INFO    <- OK ret=0 rpm=975 (hex=0x03cf)
14:47:06.607  INFO    -> rpm
14:47:06.612  INFO    <- OK ret=0 rpm=1025 (hex=0x0401)
14:47:06.807  INFO    -> rpm
14:47:06.812  INFO    <- OK ret=0 rpm=1000 (hex=0x03e8)
14:47:07.007  INFO    -> rpm
14:47:07.012  INFO    <- OK ret=0 rpm=1000 (hex=0x03e8)
14:47:07.012  INFO    -> current
14:47:07.018  INFO    <- OK ret=0 val1=-0.49 val2=-0.44
14:47:07.207  INFO    -> rpm
14:47:07.212  INFO    <- OK ret=0 rpm=1000 (hex=0x03e8)
14:47:07.407  INFO    -> rpm
14:47:07.412  INFO    <- OK ret=0 rpm=1000 (hex=0x03e8)
14:47:07.607  INFO    -> rpm
14:47:07.612  INFO    <- OK ret=0 rpm=1000 (hex=0x03e8)
14:47:07.807  INFO    -> rpm
14:47:07.812  INFO    <- OK ret=0 rpm=1000 (hex=0x03e8)
14:47:07.812  INFO    -> speed 800
14:47:07.817  INFO    <- OK
14:47:08.068  INFO    -> speed 600
14:47:08.072  INFO    <- OK
14:47:08.323  INFO    -> speed 400
14:47:08.328  INFO    <- OK
14:47:08.579  INFO    -> speed 200
14:47:08.586  INFO    <- OK
14:47:08.837  INFO    -> speed 0
14:47:08.842  INFO    <- OK
