15:50:29.771  INFO    -> pi -0.04 0.0
15:50:29.775  INFO    <- OK
15:50:29.775  INFO    -> speed 0
15:50:29.779  INFO    <- OK
15:50:29.779  INFO    -> speed 1000
15:50:29.782  INFO    <- OK
15:50:29.782  INFO    -> rpm
15:50:29.788  INFO    <- OK ret=0 rpm=0 (hex=0x0000)
15:50:29.788  INFO    -> current
15:50:29.793  INFO    <- OK ret=0 val1=-0.10 val2=0.05
15:50:29.983  INFO    -> rpm
15:50:29.986  INFO    <- OK ret=0 rpm=0 (hex=0x0000)
15:50:30.183  INFO    -> rpm
15:50:30.186  INFO    <- OK ret=0 rpm=475 (hex=0x01db)
15:50:30.383  INFO    -> rpm
15:50:30.388  INFO    <- OK ret=0 rpm=1075 (hex=0x0433)
15:50:30.583  INFO    -> rpm
15:50:30.588  INFO    <- OK ret=0 rpm=925 (hex=0x039d)
15:50:30.783  INFO    -> rpm
15:50:30.788  INFO    <- OK ret=0 rpm=950 (hex=0x03b6)
15:50:30.788  INFO    -> current
15:50:30.794  INFO    <- OK ret=0 val1=-0.39 val2=-0.39
15:50:30.983  INFO    -> rpm
15:50:30.988  INFO    <- OK ret=0 rpm=1000 (hex=0x03e8)
15:50:31.183  INFO    -> rpm
15:50:31.188  INFO    <- OK ret=0 rpm=1000 (hex=0x03e8)
15:50:31.383  INFO    -> rpm
15:50:31.388  INFO    <- OK ret=0 rpm=975 (hex=0x03cf)
15:50:31.583  INFO    -> rpm
15:50:31.588  INFO    <- OK ret=0 rpm=1000 (hex=0x03e8)
15:50:31.783  INFO    -> rpm
15:50:31.788  INFO    <- OK ret=0 rpm=1025 (hex=0x0401)
15:50:31.788  INFO    -> current
15:50:31.794  INFO    <- OK ret=0 val1=-0.54 val2=-0.44
15:50:31.983  INFO    -> rpm
15:50:31.988  INFO    <- OK ret=0 rpm=975 (hex=0x03cf)
15:50:32.183  INFO    -> rpm
15:50:32.188  INFO    <- OK ret=0 rpm=1000 (hex=0x03e8)
15:50:32.383  INFO    -> rpm
15:50:32.388  INFO    <- OK ret=0 rpm=1000 (hex=0x03e8)
15:50:32.583  INFO    -> rpm
15:50:32.588  INFO    <- OK ret=0 rpm=1000 (hex=0x03e8)
15:50:32.783  INFO    -> rpm
15:50:32.788  INFO    <- OK ret=0 rpm=975 (hex=0x03cf)
15:50:32.788  INFO    -> current
15:50:32.794  INFO    <- OK ret=0 val1=-0.54 val2=-0.44
15:50:32.983  INFO    -> rpm
15:50:32.988  INFO    <- OK ret=0 rpm=1000 (hex=0x03e8)
15:50:33.183  INFO    -> rpm
15:50:33.187  INFO    <- OK ret=0 rpm=975 (hex=0x03cf)
15:50:33.383  INFO    -> rpm
15:50:33.388  INFO    <- OK ret=0 rpm=1000 (hex=0x03e8)
15:50:33.583  INFO    -> rpm
15:50:33.588  INFO    <- OK ret=0 rpm=1000 (hex=0x03e8)
15:50:33.783  INFO    -> rpm
15:50:33.788  INFO    <- OK ret=0 rpm=975 (hex=0x03cf)
15:50:33.788  INFO    -> current
15:50:33.794  INFO    <- OK ret=0 val1=-0.49 val2=-0.54
15:50:33.983  INFO    -> rpm
15:50:33.988  INFO    <- OK ret=0 rpm=1000 (hex=0x03e8)
15:50:34.183  INFO    -> rpm
15:50:34.188  INFO    <- OK ret=0 rpm=1000 (hex=0x03e8)
15:50:34.383  INFO    -> rpm
15:50:34.388  INFO    <- OK ret=0 rpm=1000 (hex=0x03e8)
15:50:34.583  INFO    -> rpm
15:50:34.588  INFO    <- OK ret=0 rpm=1000 (hex=0x03e8)
15:50:34.783  INFO    -> rpm
15:50:34.788  INFO    <- OK ret=0 rpm=1025 (hex=0x0401)
15:50:34.788  INFO    -> current
15:50:34.794  INFO    <- OK ret=0 val1=-0.49 val2=-0.59
15:50:34.983  INFO    -> rpm
15:50:34.988  INFO    <- OK ret=0 rpm=975 (hex=0x03cf)
15:50:35.183  INFO    -> rpm
15:50:35.188  INFO    <- OK ret=0 rpm=1025 (hex=0x0401)
15:50:35.383  INFO    -> rpm
15:50:35.388  INFO    <- OK ret=0 rpm=975 (hex=0x03cf)
15:50:35.583  INFO    -> rpm
15:50:35.588  INFO    <- OK ret=0 rpm=1000 (hex=0x03e8)
15:50:35.783  INFO    -> rpm
15:50:35.788  INFO    <- OK ret=0 rpm=950 (hex=0x03b6)
15:50:35.788  INFO    -> current
15:50:35.794  INFO    <- OK ret=0 val1=-0.54 val2=-0.54
15:50:35.983  INFO    -> rpm
15:50:35.988  INFO    <- OK ret=0 rpm=1025 (hex=0x0401)
15:50:36.183  INFO    -> rpm
15:50:36.192  INFO    <- OK ret=0 rpm=1000 (hex=0x03e8)
15:50:36.383  INFO    -> rpm
15:50:36.388  INFO    <- OK ret=0 rpm=1025 (hex=0x0401)
15:50:36.583  INFO    -> rpm
15:50:36.588  INFO    <- OK ret=0 rpm=1000 (hex=0x03e8)
15:50:36.588  INFO    -> speed 800
15:50:36.593  INFO    <- OK
15:50:36.843  INFO    -> speed 600
15:50:36.848  INFO    <- OK
15:50:37.099  INFO    -> speed 400
15:50:37.104  INFO    <- OK
15:50:37.355  INFO    -> speed 200
15:50:37.360  INFO    <- OK
15:50:37.610  INFO    -> speed 0
15:50:37.615  INFO    <- OK
