15:49:38.944  INFO    -> pi -0.04 -0.08
15:49:38.948  INFO    <- OK
15:49:38.948  INFO    -> speed 0
15:49:38.951  INFO    <- OK
15:49:38.951  INFO    -> speed 1000
15:49:38.955  INFO    <- OK
15:49:38.955  INFO    -> rpm
15:49:38.959  INFO    <- OK ret=0 rpm=0 (hex=0x0000)
15:49:38.959  INFO    -> current
15:49:38.964  INFO    <- OK ret=0 val1=-0.10 val2=0.05
15:49:39.155  INFO    -> rpm
15:49:39.159  INFO    <- OK ret=0 rpm=125 (hex=0x007d)
15:49:39.355  INFO    -> rpm
15:49:39.359  INFO    <- OK ret=0 rpm=550 (hex=0x0226)
15:49:39.555  INFO    -> rpm
15:49:39.559  INFO    <- OK ret=0 rpm=750 (hex=0x02ee)
15:49:39.755  INFO    -> rpm
15:49:39.760  INFO    <- OK ret=0 rpm=825 (hex=0x0339)
15:49:39.955  INFO    -> rpm
15:49:39.960  INFO    <- OK ret=0 rpm=875 (hex=0x036b)
15:49:39.961  INFO    -> current
15:49:39.966  INFO    <- OK ret=0 val1=-0.15 val2=-0.05
15:49:40.155  INFO    -> rpm
15:49:40.160  INFO    <- OK ret=0 rpm=950 (hex=0x03b6)
15:49:40.355  INFO    -> rpm
15:49:40.360  INFO    <- OK ret=0 rpm=950 (hex=0x03b6)
15:49:40.555  INFO    -> rpm
15:49:40.560  INFO    <- OK ret=0 rpm=975 (hex=0x03cf)
15:49:40.755  INFO    -> rpm
15:49:40.760  INFO    <- OK ret=0 rpm=975 (hex=0x03cf)
15:49:40.955  INFO    -> rpm
15:49:40.960  INFO    <- OK ret=0 rpm=975 (hex=0x03cf)
15:49:40.961  INFO    -> current
15:49:40.966  INFO    <- OK ret=0 val1=-0.54 val2=-0.39
15:49:41.155  INFO    -> rpm
15:49:41.160  INFO    <- OK ret=0 rpm=975 (hex=0x03cf)
15:49:41.355  INFO    -> rpm
15:49:41.360  INFO    <- OK ret=0 rpm=1025 (hex=0x0401)
15:49:41.555  INFO    -> rpm
15:49:41.560  INFO    <- OK ret=0 rpm=1000 (hex=0x03e8)
15:49:41.755  INFO    -> rpm
15:49:41.760  INFO    <- OK ret=0 rpm=1000 (hex=0x03e8)
15:49:41.955  INFO    -> rpm
15:49:41.960  INFO    <- OK ret=0 rpm=1000 (hex=0x03e8)
15:49:41.961  INFO    -> current
15:49:41.966  INFO    <- OK ret=0 val1=-0.54 val2=-0.49
15:49:42.155  INFO    -> rpm
15:49:42.160  INFO    <- OK ret=0 rpm=975 (hex=0x03cf)
15:49:42.355  INFO    -> rpm
15:49:42.360  INFO    <- OK ret=0 rpm=1000 (hex=0x03e8)
15:49:42.555  INFO    -> rpm
15:49:42.560  INFO    <- OK ret=0 rpm=1000 (hex=0x03e8)
15:49:42.755  INFO    -> rpm
15:49:42.760  INFO    <- OK ret=0 rpm=975 (hex=0x03cf)
15:49:42.955  INFO    -> rpm
15:49:42.960  INFO    <- OK ret=0 rpm=1000 (hex=0x03e8)
15:49:42.961  INFO    -> current
15:49:42.966  INFO    <- OK ret=0 val1=-0.49 val2=-0.49
15:49:43.155  INFO    -> rpm
15:49:43.160  INFO    <- OK ret=0 rpm=1000 (hex=0x03e8)
15:49:43.355  INFO    -> rpm
15:49:43.360  INFO    <- OK ret=0 rpm=1025 (hex=0x0401)
15:49:43.555  INFO    -> rpm
15:49:43.560  INFO    <- OK ret=0 rpm=1000 (hex=0x03e8)
15:49:43.755  INFO    -> rpm
15:49:43.760  INFO    <- OK ret=0 rpm=975 (hex=0x03cf)
15:49:43.955  INFO    -> rpm
15:49:43.960  INFO    <- OK ret=0 rpm=1000 (hex=0x03e8)
15:49:43.961  INFO    -> current
15:49:43.966  INFO    <- OK ret=0 val1=-0.54 val2=-0.44
15:49:44.155  INFO    -> rpm
15:49:44.160  INFO    <- OK ret=0 rpm=1000 (hex=0x03e8)
15:49:44.355  INFO    -> rpm
15:49:44.360  INFO    <- OK ret=0 rpm=1000 (hex=0x03e8)
15:49:44.555  INFO    -> rpm
15:49:44.560  INFO    <- OK ret=0 rpm=1000 (hex=0x03e8)
15:49:44.755  INFO    -> rpm
15:49:44.760  INFO    <- OK ret=0 rpm=1000 (hex=0x03e8)
15:49:44.955  INFO    -> rpm
15:49:44.960  INFO    <- OK ret=0 rpm=1000 (hex=0x03e8)
15:49:44.961  INFO    -> current
15:49:44.966  INFO    <- OK ret=0 val1=-0.49 val2=-0.49
15:49:45.155  INFO    -> rpm
15:49:45.160  INFO    <- OK ret=0 rpm=1000 (hex=0x03e8)
15:49:45.355  INFO    -> rpm
15:49:45.360  INFO    <- OK ret=0 rpm=1000 (hex=0x03e8)
15:49:45.555  INFO    -> rpm
15:49:45.560  INFO    <- OK ret=0 rpm=1000 (hex=0x03e8)
15:49:45.755  INFO    -> rpm
15:49:45.760  INFO    <- OK ret=0 rpm=1000 (hex=0x03e8)
15:49:45.761  INFO    -> speed 800
15:49:45.765  INFO    <- OK
15:49:46.016  INFO    -> speed 600
15:49:46.021  INFO    <- OK
15:49:46.272  INFO    -> speed 400
15:49:46.277  INFO    <- OK
15:49:46.527  INFO    -> speed 200
15:49:46.532  INFO    <- OK
15:49:46.783  INFO    -> speed 0
15:49:46.788  INFO    <- OK
