15:50:04.326  INFO    -> pi -0.04 -0.04
15:50:04.330  INFO    <- OK
15:50:04.330  INFO    -> speed 0
15:50:04.334  INFO    <- OK
15:50:04.334  INFO    -> speed 1000
15:50:04.337  INFO    <- OK
15:50:04.338  INFO    -> rpm
15:50:04.341  INFO    <- OK ret=0 rpm=0 (hex=0x0000)
15:50:04.342  INFO    -> current
15:50:04.347  INFO    <- OK ret=0 val1=-0.15 val2=0.05
15:50:04.538  INFO    -> rpm
15:50:04.542  INFO    <- OK ret=0 rpm=0 (hex=0x0000)
15:50:04.738  INFO    -> rpm
15:50:04.742  INFO    <- OK ret=0 rpm=100 (hex=0x0064)
15:50:04.938  INFO    -> rpm
15:50:04.943  INFO    <- OK ret=0 rpm=950 (hex=0x03b6)
15:50:05.138  INFO    -> rpm
15:50:05.143  INFO    <- OK ret=0 rpm=950 (hex=0x03b6)
15:50:05.338  INFO    -> rpm
15:50:05.343  INFO    <- OK ret=0 rpm=925 (hex=0x039d)
15:50:05.343  INFO    -> current
15:50:05.349  INFO    <- OK ret=0 val1=-0.44 val2=-0.49
15:50:05.538  INFO    -> rpm
15:50:05.543  INFO    <- OK ret=0 rpm=975 (hex=0x03cf)
15:50:05.738  INFO    -> rpm
15:50:05.743  INFO    <- OK ret=0 rpm=975 (hex=0x03cf)
15:50:05.938  INFO    -> rpm
15:50:05.943  INFO    <- OK ret=0 rpm=975 (hex=0x03cf)
15:50:06.138  INFO    -> rpm
15:50:06.143  INFO    <- OK ret=0 rpm=1000 (hex=0x03e8)
15:50:06.338  INFO    -> rpm
15:50:06.343  INFO    <- OK ret=0 rpm=1025 (hex=0x0401)
15:50:06.343  INFO    -> current
15:50:06.349  INFO    <- OK ret=0 val1=-0.49 val2=-0.54
15:50:06.538  INFO    -> rpm
15:50:06.543  INFO    <- OK ret=0 rpm=975 (hex=0x03cf)
15:50:06.738  INFO    -> rpm
15:50:06.743  INFO    <- OK ret=0 rpm=1025 (hex=0x0401)
15:50:06.938  INFO    -> rpm
15:50:06.943  INFO    <- OK ret=0 rpm=950 (hex=0x03b6)
15:50:07.138  INFO    -> rpm
15:50:07.143  INFO    <- OK ret=0 rpm=1000 (hex=0x03e8)
15:50:07.338  INFO    -> rpm
15:50:07.343  INFO    <- OK ret=0 rpm=1025 (hex=0x0401)
15:50:07.343  INFO    -> current
15:50:07.349  INFO    <- OK ret=0 val1=-0.54 val2=-0.34
15:50:07.538  INFO    -> rpm
15:50:07.543  INFO    <- OK ret=0 rpm=1000 (hex=0x03e8)
15:50:07.738  INFO    -> rpm
15:50:07.743  INFO    <- OK ret=0 rpm=1000 (hex=0x03e8)
15:50:07.938  INFO    -> rpm
15:50:07.943  INFO    <- OK ret=0 rpm=1000 (hex=0x03e8)
15:50:08.138  INFO    -> rpm
15:50:08.143  INFO    <- OK ret=0 rpm=1000 (hex=0x03e8)
15:50:08.338  INFO    -> rpm
15:50:08.343  INFO    <- OK ret=0 rpm=1000 (hex=0x03e8)
15:50:08.343  INFO    -> current
15:50:08.349  INFO    <- OK ret=0 val1=-0.49 val2=-0.54
15:50:08.538  INFO    -> rpm
15:50:08.543  INFO    <- OK ret=0 rpm=975 (hex=0x03cf)
15:50:08.738  INFO    -> rpm
15:50:08.743  INFO    <- OK ret=0 rpm=1000 (hex=0x03e8)
15:50:08.938  INFO    -> rpm
15:50:08.946  INFO    <- OK ret=0 rpm=975 (hex=0x03cf)
15:50:09.138  INFO    -> rpm
15:50:09.143  INFO    <- OK ret=0 rpm=1025 (hex=0x0401)
15:50:09.338  INFO    -> rpm
15:50:09.343  INFO    <- OK ret=0 rpm=1000 (hex=0x03e8)
15:50:09.344  INFO    -> current
15:50:09.349  INFO    <- OK ret=0 val1=-0.49 val2=-0.49
15:50:09.538  INFO    -> rpm
15:50:09.543  INFO    <- OK ret=0 rpm=1000 (hex=0x03e8)
15:50:09.738  INFO    -> rpm
15:50:09.743  INFO    <- OK ret=0 rpm=1000 (hex=0x03e8)
15:50:09.938  INFO    -> rpm
15:50:09.943  INFO    <- OK ret=0 rpm=1000 (hex=0x03e8)
15:50:10.138  INFO    -> rpm
15:50:10.143  INFO    <- OK ret=0 rpm=1000 (hex=0x03e8)
15:50:10.338  INFO    -> rpm
15:50:10.343  INFO    <- OK ret=0 rpm=1000 (hex=0x03e8)
15:50:10.343  INFO    -> current
15:50:10.349  INFO    <- OK ret=0 val1=-0.59 val2=-0.44
15:50:10.538  INFO    -> rpm
15:50:10.543  INFO    <- OK ret=0 rpm=1000 (hex=0x03e8)
15:50:10.738  INFO    -> rpm
15:50:10.743  INFO    <- OK ret=0 rpm=1000 (hex=0x03e8)
15:50:10.938  INFO    -> rpm
15:50:10.951  INFO    <- OK ret=0 rpm=1000 (hex=0x03e8)
15:50:11.138  INFO    -> rpm
15:50:11.143  INFO    <- OK ret=0 rpm=1000 (hex=0x03e8)
15:50:11.143  INFO    -> speed 800
15:50:11.148  INFO    <- OK
15:50:11.399  INFO    -> speed 600
15:50:11.404  INFO    <- OK
15:50:11.654  INFO    -> speed 400
15:50:11.659  INFO    <- OK
15:50:11.910  INFO    -> speed 200
15:50:11.915  INFO    <- OK
15:50:12.166  INFO    -> speed 0
15:50:12.171  INFO    <- OK
