15:50:55.114  INFO    -> pi -0.04 0.04
15:50:55.118  INFO    <- OK
15:50:55.118  INFO    -> speed 0
15:50:55.121  INFO    <- OK
15:50:55.121  INFO    -> speed 1000
15:50:55.125  INFO    <- OK
15:50:55.125  INFO    -> rpm
15:50:55.129  INFO    <- OK ret=0 rpm=0 (hex=0x0000)
15:50:55.129  INFO    -> current
15:50:55.134  INFO    <- OK ret=0 val1=-0.10 val2=0.05
15:50:55.325  INFO    -> rpm
15:50:55.329  INFO    <- OK ret=0 rpm=0 (hex=0x0000)
15:50:55.525  INFO    -> rpm
15:50:55.529  INFO    <- OK ret=0 rpm=225 (hex=0x00e1)
15:50:55.725  INFO    -> rpm
15:50:55.730  INFO    <- OK ret=0 rpm=1150 (hex=0x047e)
15:50:55.925  INFO    -> rpm
15:50:55.930  INFO    <- OK ret=0 rpm=1025 (hex=0x0401)
15:50:56.125  INFO    -> rpm
15:50:56.130  INFO    <- OK ret=0 rpm=975 (hex=0x03cf)
15:50:56.131  INFO    -> current
15:50:56.136  INFO    <- OK ret=0 val1=-0.24 val2=-0.15
15:50:56.325  INFO    -> rpm
15:50:56.330  INFO    <- OK ret=0 rpm=1000 (hex=0x03e8)
15:50:56.525  INFO    -> rpm
15:50:56.530  INFO    <- OK ret=0 rpm=1025 (hex=0x0401)
15:50:56.725  INFO    -> rpm
15:50:56.730  INFO    <- OK ret=0 rpm=1000 (hex=0x03e8)
15:50:56.925  INFO    -> rpm
15:50:56.930  INFO    <- OK ret=0 rpm=1025 (hex=0x0401)
15:50:57.125  INFO    -> rpm
15:50:57.130  INFO    <- OK ret=0 rpm=975 (hex=0x03cf)
15:50:57.131  INFO    -> current
15:50:57.136  INFO    <- OK ret=0 val1=-0.54 val2=-0.49
15:50:57.325  INFO    -> rpm
15:50:57.330  INFO    <- OK ret=0 rpm=1000 (hex=0x03e8)
15:50:57.525  INFO    -> rpm
15:50:57.530  INFO    <- OK ret=0 rpm=1000 (hex=0x03e8)
15:50:57.725  INFO    -> rpm
15:50:57.730  INFO    <- OK ret=0 rpm=1000 (hex=0x03e8)
15:50:57.925  INFO    -> rpm
15:50:57.930  INFO    <- OK ret=0 rpm=1000 (hex=0x03e8)
15:50:58.125  INFO    -> rpm
15:50:58.130  INFO    <- OK ret=0 rpm=1000 (hex=0x03e8)
15:50:58.131  INFO    -> current
15:50:58.136  INFO    <- OK ret=0 val1=-0.54 val2=-0.39
15:50:58.325  INFO    -> rpm
15:50:58.330  INFO    <- OK ret=0 rpm=1000 (hex=0x03e8)
15:50:58.525  INFO    -> rpm
15:50:58.530  INFO    <- OK ret=0 rpm=975 (hex=0x03cf)
15:50:58.725  INFO    -> rpm
15:50:58.730  INFO    <- OK ret=0 rpm=1000 (hex=0x03e8)
15:50:58.925  INFO    -> rpm
15:50:58.930  INFO    <- OK ret=0 rpm=975 (hex=0x03cf)
15:50:59.125  INFO    -> rpm
15:50:59.130  INFO    <- OK ret=0 rpm=1000 (hex=0x03e8)
15:50:59.131  INFO    -> current
15:50:59.136  INFO    <- OK ret=0 val1=-0.49 val2=-0.49
15:50:59.325  INFO    -> rpm
15:50:59.330  INFO    <- OK ret=0 rpm=1000 (hex=0x03e8)
15:50:59.525  INFO    -> rpm
15:50:59.530  INFO    <- OK ret=0 rpm=1000 (hex=0x03e8)
15:50:59.725  INFO    -> rpm
15:50:59.730  INFO    <- OK ret=0 rpm=1000 (hex=0x03e8)
15:50:59.925  INFO    -> rpm
15:50:59.930  INFO    <- OK ret=0 rpm=975 (hex=0x03cf)
15:51:00.125  INFO    -> rpm
15:51:00.130  INFO    <- OK ret=0 rpm=1025 (hex=0x0401)
15:51:00.131  INFO    -> current
15:51:00.136  INFO    <- OK ret=0 val1=-0.49 val2=-0.44
15:51:00.325  INFO    -> rpm
15:51:00.330  INFO    <- OK ret=0 rpm=975 (hex=0x03cf)
15:51:00.525  INFO    -> rpm
15:51:00.530  INFO    <- OK ret=0 rpm=1025 (hex=0x0401)
15:51:00.725  INFO    -> rpm
15:51:00.730  INFO    <- OK ret=0 rpm=975 (hex=0x03cf)
15:51:00.925  INFO    -> rpm
15:51:00.930  INFO    <- OK ret=0 rpm=1025 (hex=0x0401)
15:51:01.125  INFO    -> rpm
15:51:01.130  INFO    <- OK ret=0 rpm=1000 (hex=0x03e8)
15:51:01.130  INFO    -> current
15:51:01.136  INFO    <- OK ret=0 val1=-0.49 val2=-0.44
15:51:01.325  INFO    -> rpm
15:51:01.330  INFO    <- OK ret=0 rpm=1025 (hex=0x0401)
15:51:01.525  INFO    -> rpm
15:51:01.530  INFO    <- OK ret=0 rpm=975 (hex=0x03cf)
15:51:01.725  INFO    -> rpm
15:51:01.730  INFO    <- OK ret=0 rpm=1025 (hex=0x0401)
15:51:01.925  INFO    -> rpm
15:51:01.930  INFO    <- OK ret=0 rpm=975 (hex=0x03cf)
15:51:01.931  INFO    -> speed 800
15:51:01.935  INFO    <- OK
15:51:02.186  INFO    -> speed 600
15:51:02.191  INFO    <- OK
15:51:02.442  INFO    -> speed 400
15:51:02.447  INFO    <- OK
15:51:02.697  INFO    -> speed 200
15:51:02.702  INFO    <- OK
15:51:02.953  INFO    -> speed 0
15:51:02.958  INFO    <- OK
