13:41:40.393  INFO    -> pi -0.1 -0.06
13:41:40.397  INFO    <- OK
13:41:40.397  INFO    -> speed 0
13:41:40.401  INFO    <- OK
13:41:40.401  INFO    -> speed 1000
13:41:40.404  INFO    <- OK
13:41:40.404  INFO    -> rpm
13:41:40.409  INFO    <- OK ret=0 rpm=0 (hex=0x0000)
13:41:40.409  INFO    -> current
13:41:40.414  INFO    <- OK ret=0 val1=-0.10 val2=0.05
13:41:40.605  INFO    -> rpm
13:41:40.609  INFO    <- OK ret=0 rpm=0 (hex=0x0000)
13:41:40.805  INFO    -> rpm
13:41:40.809  INFO    <- OK ret=0 rpm=0 (hex=0x0000)
13:41:41.005  INFO    -> rpm
13:41:41.010  INFO    <- OK ret=0 rpm=175 (hex=0x00af)
13:41:41.205  INFO    -> rpm
13:41:41.210  INFO    <- OK ret=0 rpm=1100 (hex=0x044c)
13:41:41.405  INFO    -> rpm
13:41:41.410  INFO    <- OK ret=0 rpm=1300 (hex=0x0514)
13:41:41.410  INFO    -> current
13:41:41.416  INFO    <- OK ret=0 val1=-0.24 val2=-0.05
13:41:41.605  INFO    -> rpm
13:41:41.610  INFO    <- OK ret=0 rpm=1225 (hex=0x04c9)
13:41:41.805  INFO    -> rpm
13:41:41.810  INFO    <- OK ret=0 rpm=1100 (hex=0x044c)
13:41:42.005  INFO    -> rpm
13:41:42.010  INFO    <- OK ret=0 rpm=1000 (hex=0x03e8)
13:41:42.205  INFO    -> rpm
13:41:42.210  INFO    <- OK ret=0 rpm=1000 (hex=0x03e8)
13:41:42.405  INFO    -> rpm
13:41:42.410  INFO    <- OK ret=0 rpm=975 (hex=0x03cf)
13:41:42.410  INFO    -> current
13:41:42.416  INFO    <- OK ret=0 val1=-0.54 val2=-0.59
13:41:42.605  INFO    -> rpm
13:41:42.610  INFO    <- OK ret=0 rpm=1000 (hex=0x03e8)
13:41:42.805  INFO    -> rpm
13:41:42.810  INFO    <- OK ret=0 rpm=1000 (hex=0x03e8)
13:41:43.005  INFO    -> rpm
13:41:43.010  INFO    <- OK ret=0 rpm=1000 (hex=0x03e8)
13:41:43.205  INFO    -> rpm
13:41:43.210  INFO    <- OK ret=0 rpm=1000 (hex=0x03e8)
13:41:43.405  INFO    -> rpm
13:41:43.410  INFO    <- OK ret=0 rpm=1000 (hex=0x03e8)
13:41:43.410  INFO    -> current
13:41:43.416  INFO    <- OK ret=0 val1=-0.49 val2=-0.44
13:41:43.605  INFO    -> rpm
13:41:43.610  INFO    <- OK ret=0 rpm=1000 (hex=0x03e8)
13:41:43.805  INFO    -> rpm
13:41:43.810  INFO    <- OK ret=0 rpm=1000 (hex=0x03e8)
13:41:44.005  INFO    -> rpm
13:41:44.010  INFO    <- OK ret=0 rpm=1000 (hex=0x03e8)
13:41:44.205  INFO    -> rpm
13:41:44.210  INFO    <- OK ret=0 rpm=1000 (hex=0x03e8)
13:41:44.405  INFO    -> rpm
13:41:44.410  INFO    <- OK ret=0 rpm=1000 (hex=0x03e8)
13:41:44.410  INFO    -> current
13:41:44.416  INFO    <- OK ret=0 val1=-0.54 val2=-0.44
13:41:44.605  INFO    -> rpm
13:41:44.610  INFO    <- OK ret=0 rpm=975 (hex=0x03cf)
13:41:44.805  INFO    -> rpm
13:41:44.810  INFO    <- OK ret=0 rpm=1000 (hex=0x03e8)
13:41:45.005  INFO    -> rpm
13:41:45.010  INFO    <- OK ret=0 rpm=1000 (hex=0x03e8)
13:41:45.205  INFO    -> rpm
13:41:45.210  INFO    <- OK ret=0 rpm=1000 (hex=0x03e8)
13:41:45.405  INFO    -> rpm
13:41:45.410  INFO    <- OK ret=0 rpm=1000 (hex=0x03e8)
13:41:45.410  INFO    -> current
13:41:45.416  INFO    <- OK ret=0 val1=-0.49 val2=-0.44
13:41:45.605  INFO    -> rpm
13:41:45.610  INFO    <- OK ret=0 rpm=1025 (hex=0x0401)
13:41:45.805  INFO    -> rpm
13:41:45.810  INFO    <- OK ret=0 rpm=975 (hex=0x03cf)
13:41:46.005  INFO    -> rpm
13:41:46.010  INFO    <- OK ret=0 rpm=975 (hex=0x03cf)
13:41:46.205  INFO    -> rpm
13:41:46.210  INFO    <- OK ret=0 rpm=1025 (hex=0x0401)
13:41:46.405  INFO    -> rpm
13:41:46.410  INFO    <- OK ret=0 rpm=975 (hex=0x03cf)
13:41:46.410  INFO    -> current
13:41:46.415  INFO    <- OK ret=0 val1=-0.49 val2=-0.49
13:41:46.605  INFO    -> rpm
13:41:46.610  INFO    <- OK ret=0 rpm=1000 (hex=0x03e8)
13:41:46.805  INFO    -> rpm
13:41:46.810  INFO    <- OK ret=0 rpm=1025 (hex=0x0401)
13:41:47.005  INFO    -> rpm
13:41:47.010  INFO    <- OK ret=0 rpm=1000 (hex=0x03e8)
13:41:47.205  INFO    -> rpm
13:41:47.210  INFO    <- OK ret=0 rpm=1000 (hex=0x03e8)
13:41:47.210  INFO    -> speed 800
13:41:47.215  INFO    <- OK
13:41:47.465  INFO    -> speed 600
13:41:47.470  INFO    <- OK
13:41:47.721  INFO    -> speed 400
13:41:47.726  INFO    <- OK
13:41:47.977  INFO    -> speed 200
13:41:47.982  INFO    <- OK
13:41:48.232  INFO    -> speed 0
13:41:48.238  INFO    <- OK
