15:24:45.325  INFO    -> pi 0.02 0.02
15:24:45.329  INFO    <- OK
15:24:45.329  INFO    -> speed 0
15:24:45.332  INFO    <- OK
15:24:45.332  INFO    -> speed 1000
15:24:45.336  INFO    <- OK
15:24:45.336  INFO    -> rpm
15:24:45.340  INFO    <- OK ret=0 rpm=0 (hex=0x0000)
15:24:45.340  INFO    -> current
15:24:45.345  INFO    <- OK ret=0 val1=-0.10 val2=0.05
15:24:45.536  INFO    -> rpm
15:24:45.540  INFO    <- OK ret=0 rpm=275 (hex=0x0113)
15:24:45.736  INFO    -> rpm
15:24:45.741  INFO    <- OK ret=0 rpm=750 (hex=0x02ee)
15:24:45.936  INFO    -> rpm
15:24:45.941  INFO    <- OK ret=0 rpm=675 (hex=0x02a3)
15:24:46.136  INFO    -> rpm
15:24:46.141  INFO    <- OK ret=0 rpm=875 (hex=0x036b)
15:24:46.336  INFO    -> rpm
15:24:46.341  INFO    <- OK ret=0 rpm=900 (hex=0x0384)
15:24:46.342  INFO    -> current
15:24:46.347  INFO    <- OK ret=0 val1=-0.49 val2=0.05
15:24:46.536  INFO    -> rpm
15:24:46.541  INFO    <- OK ret=0 rpm=925 (hex=0x039d)
15:24:46.736  INFO    -> rpm
15:24:46.741  INFO    <- OK ret=0 rpm=975 (hex=0x03cf)
15:24:46.936  INFO    -> rpm
15:24:46.941  INFO    <- OK ret=0 rpm=950 (hex=0x03b6)
15:24:47.136  INFO    -> rpm
15:24:47.141  INFO    <- OK ret=0 rpm=1000 (hex=0x03e8)
15:24:47.336  INFO    -> rpm
15:24:47.341  INFO    <- OK ret=0 rpm=950 (hex=0x03b6)
15:24:47.342  INFO    -> current
15:24:47.347  INFO    <- OK ret=0 val1=-0.49 val2=-0.44
15:24:47.536  INFO    -> rpm
15:24:47.541  INFO    <- OK ret=0 rpm=1000 (hex=0x03e8)
15:24:47.736  INFO    -> rpm
15:24:47.741  INFO    <- OK ret=0 rpm=1000 (hex=0x03e8)
15:24:47.936  INFO    -> rpm
15:24:47.941  INFO    <- OK ret=0 rpm=975 (hex=0x03cf)
15:24:48.136  INFO    -> rpm
15:24:48.141  INFO    <- OK ret=0 rpm=1025 (hex=0x0401)
15:24:48.336  INFO    -> rpm
15:24:48.341  INFO    <- OK ret=0 rpm=975 (hex=0x03cf)
15:24:48.342  INFO    -> current
15:24:48.347  INFO    <- OK ret=0 val1=-0.54 val2=-0.54
15:24:48.536  INFO    -> rpm
15:24:48.541  INFO    <- OK ret=0 rpm=1000 (hex=0x03e8)
15:24:48.736  INFO    -> rpm
15:24:48.741  INFO    <- OK ret=0 rpm=975 (hex=0x03cf)
15:24:48.936  INFO    -> rpm
15:24:48.941  INFO    <- OK ret=0 rpm=1025 (hex=0x0401)
15:24:49.136  INFO    -> rpm
15:24:49.141  INFO    <- OK ret=0 rpm=1000 (hex=0x03e8)
15:24:49.336  INFO    -> rpm
15:24:49.341  INFO    <- OK ret=0 rpm=975 (hex=0x03cf)
15:24:49.342  INFO    -> current
15:24:49.347  INFO    <- OK ret=0 val1=-0.49 val2=-0.49
15:24:49.536  INFO    -> rpm
15:24:49.541  INFO    <- OK ret=0 rpm=1025 (hex=0x0401)
15:24:49.736  INFO    -> rpm
15:24:49.741  INFO    <- OK ret=0 rpm=975 (hex=0x03cf)
15:24:49.936  INFO    -> rpm
15:24:49.941  INFO    <- OK ret=0 rpm=975 (hex=0x03cf)
15:24:50.136  INFO    -> rpm
15:24:50.141  INFO    <- OK ret=0 rpm=1000 (hex=0x03e8)
15:24:50.336  INFO    -> rpm
15:24:50.341  INFO    <- OK ret=0 rpm=1025 (hex=0x0401)
15:24:50.342  INFO    -> current
15:24:50.347  INFO    <- OK ret=0 val1=-0.49 val2=-0.54
15:24:50.536  INFO    -> rpm
15:24:50.541  INFO    <- OK ret=0 rpm=1000 (hex=0x03e8)
15:24:50.736  INFO    -> rpm
15:24:50.741  INFO    <- OK ret=0 rpm=1025 (hex=0x0401)
15:24:50.936  INFO    -> rpm
15:24:50.941  INFO    <- OK ret=0 rpm=950 (hex=0x03b6)
15:24:51.136  INFO    -> rpm
15:24:51.145  INFO    <- OK ret=0 rpm=1025 (hex=0x0401)
15:24:51.336  INFO    -> rpm
15:24:51.341  INFO    <- OK ret=0 rpm=975 (hex=0x03cf)
15:24:51.342  INFO    -> current
15:24:51.347  INFO    <- OK ret=0 val1=-0.54 val2=-0.44
15:24:51.536  INFO    -> rpm
15:24:51.541  INFO    <- OK ret=0 rpm=1025 (hex=0x0401)
15:24:51.736  INFO    -> rpm
15:24:51.741  INFO    <- OK ret=0 rpm=975 (hex=0x03cf)
15:24:51.936  INFO    -> rpm
15:24:51.941  INFO    <- OK ret=0 rpm=1050 (hex=0x041a)
15:24:52.136  INFO    -> rpm
15:24:52.141  INFO    <- OK ret=0 rpm=950 (hex=0x03b6)
15:24:52.142  INFO    -> speed 800
15:24:52.147  INFO    <- OK
15:24:52.398  INFO    -> speed 600
15:24:52.403  INFO    <- OK
15:24:52.654  INFO    -> speed 400
15:24:52.658  INFO    <- OK
15:24:52.909  INFO    -> speed 200
15:24:52.914  INFO    <- OK
15:24:53.165  INFO    -> speed 0
15:24:53.170  INFO    <- OK
