15:05:48.353  INFO    -> pi -0.1 -0.02
15:05:48.357  INFO    <- OK
15:05:48.357  INFO    -> speed 0
15:05:48.361  INFO    <- OK
15:05:48.361  INFO    -> speed 1000
15:05:48.364  INFO    <- OK
15:05:48.364  INFO    -> rpm
15:05:48.368  INFO    <- OK ret=0 rpm=0 (hex=0x0000)
15:05:48.368  INFO    -> current
15:05:48.374  INFO    <- OK ret=0 val1=-0.15 val2=0.05
15:05:48.565  INFO    -> rpm
15:05:48.569  INFO    <- OK ret=0 rpm=0 (hex=0x0000)
15:05:48.765  INFO    -> rpm
15:05:48.768  INFO    <- OK ret=0 rpm=0 (hex=0x0000)
15:05:48.965  INFO    -> rpm
15:05:48.969  INFO    <- OK ret=0 rpm=225 (hex=0x00e1)
15:05:49.165  INFO    -> rpm
15:05:49.170  INFO    <- OK ret=0 rpm=1275 (hex=0x04fb)
15:05:49.365  INFO    -> rpm
15:05:49.370  INFO    <- OK ret=0 rpm=1425 (hex=0x0591)
15:05:49.370  INFO    -> current
15:05:49.376  INFO    <- OK ret=0 val1=-0.49 val2=-0.44
15:05:49.565  INFO    -> rpm
15:05:49.570  INFO    <- OK ret=0 rpm=1225 (hex=0x04c9)
15:05:49.765  INFO    -> rpm
15:05:49.770  INFO    <- OK ret=0 rpm=1050 (hex=0x041a)
15:05:49.965  INFO    -> rpm
15:05:49.969  INFO    <- OK ret=0 rpm=975 (hex=0x03cf)
15:05:50.165  INFO    -> rpm
15:05:50.170  INFO    <- OK ret=0 rpm=975 (hex=0x03cf)
15:05:50.365  INFO    -> rpm
15:05:50.370  INFO    <- OK ret=0 rpm=975 (hex=0x03cf)
15:05:50.370  INFO    -> current
15:05:50.376  INFO    <- OK ret=0 val1=-0.49 val2=-0.39
15:05:50.565  INFO    -> rpm
15:05:50.570  INFO    <- OK ret=0 rpm=1000 (hex=0x03e8)
15:05:50.765  INFO    -> rpm
15:05:50.770  INFO    <- OK ret=0 rpm=1000 (hex=0x03e8)
15:05:50.965  INFO    -> rpm
15:05:50.969  INFO    <- OK ret=0 rpm=1025 (hex=0x0401)
15:05:51.165  INFO    -> rpm
15:05:51.170  INFO    <- OK ret=0 rpm=1000 (hex=0x03e8)
15:05:51.365  INFO    -> rpm
15:05:51.370  INFO    <- OK ret=0 rpm=1025 (hex=0x0401)
15:05:51.370  INFO    -> current
15:05:51.376  INFO    <- OK ret=0 val1=-0.49 val2=-0.39
15:05:51.565  INFO    -> rpm
15:05:51.570  INFO    <- OK ret=0 rpm=1000 (hex=0x03e8)
15:05:51.765  INFO    -> rpm
15:05:51.770  INFO    <- OK ret=0 rpm=975 (hex=0x03cf)
15:05:51.965  INFO    -> rpm
15:05:51.969  INFO    <- OK ret=0 rpm=1025 (hex=0x0401)
15:05:52.165  INFO    -> rpm
15:05:52.170  INFO    <- OK ret=0 rpm=975 (hex=0x03cf)
15:05:52.365  INFO    -> rpm
15:05:52.370  INFO    <- OK ret=0 rpm=1025 (hex=0x0401)
15:05:52.370  INFO    -> current
15:05:52.376  INFO    <- OK ret=0 val1=-0.54 val2=-0.39
15:05:52.565  INFO    -> rpm
15:05:52.570  INFO    <- OK ret=0 rpm=1000 (hex=0x03e8)
15:05:52.765  INFO    -> rpm
15:05:52.770  INFO    <- OK ret=0 rpm=1000 (hex=0x03e8)
15:05:52.965  INFO    -> rpm
15:05:52.970  INFO    <- OK ret=0 rpm=1000 (hex=0x03e8)
15:05:53.165  INFO    -> rpm
15:05:53.170  INFO    <- OK ret=0 rpm=1000 (hex=0x03e8)
15:05:53.365  INFO    -> rpm
15:05:53.370  INFO    <- OK ret=0 rpm=1000 (hex=0x03e8)
15:05:53.370  INFO    -> current
15:05:53.376  INFO    <- OK ret=0 val1=-0.44 val2=-0.44
15:05:53.565  INFO    -> rpm
15:05:53.570  INFO    <- OK ret=0 rpm=1000 (hex=0x03e8)
15:05:53.765  INFO    -> rpm
15:05:53.770  INFO    <- OK ret=0 rpm=1025 (hex=0x0401)
15:05:53.965  INFO    -> rpm
15:05:53.970  INFO    <- OK ret=0 rpm=1000 (hex=0x03e8)
15:05:54.165  INFO    -> rpm
15:05:54.170  INFO    <- OK ret=0 rpm=1000 (hex=0x03e8)
15:05:54.365  INFO    -> rpm
15:05:54.370  INFO    <- OK ret=0 rpm=1000 (hex=0x03e8)
15:05:54.370  INFO    -> current
15:05:54.376  INFO    <- OK ret=0 val1=-0.49 val2=-0.44
15:05:54.565  INFO    -> rpm
15:05:54.570  INFO    <- OK ret=0 rpm=975 (hex=0x03cf)
15:05:54.765  INFO    -> rpm
15:05:54.770  INFO    <- OK ret=0 rpm=1025 (hex=0x0401)
15:05:54.965  INFO    -> rpm
15:05:54.969  INFO    <- OK ret=0 rpm=1000 (hex=0x03e8)
15:05:55.165  INFO    -> rpm
15:05:55.170  INFO    <- OK ret=0 rpm=1000 (hex=0x03e8)
15:05:55.170  INFO    -> speed 800
15:05:55.175  INFO    <- OK
15:05:55.425  INFO    -> speed 600
15:05:55.430  INFO    <- OK
15:05:55.681  INFO    -> speed 400
15:05:55.686  INFO    <- OK
15:05:55.936  INFO    -> speed 200
15:05:55.941  INFO    <- OK
15:05:56.192  INFO    -> speed 0
15:05:56.197  INFO    <- OK
