13:18:13.052  INFO    -> pi -0.1 -0.06
13:18:13.056  INFO    <- OK
13:18:13.056  INFO    -> speed 0
13:18:13.059  INFO    <- OK
13:18:13.060  INFO    -> speed 1000
13:18:13.063  INFO    <- OK
13:18:13.063  INFO    -> rpm
13:18:13.068  INFO    <- OK ret=0 rpm=0 (hex=0x0000)
13:18:13.069  INFO    -> current
13:18:13.075  INFO    <- OK ret=0 val1=-0.10 val2=0.05
13:18:13.264  INFO    -> rpm
13:18:13.267  INFO    <- OK ret=0 rpm=25 (hex=0x0019)
13:18:13.464  INFO    -> rpm
13:18:13.467  INFO    <- OK ret=0 rpm=0 (hex=0x0000)
13:18:13.664  INFO    -> rpm
13:18:13.668  INFO    <- OK ret=0 rpm=0 (hex=0x0000)
13:18:13.864  INFO    -> rpm
13:18:13.869  INFO    <- OK ret=0 rpm=0 (hex=0x0000)
13:18:14.064  INFO    -> rpm
13:18:14.068  INFO    <- OK ret=0 rpm=1550 (hex=0x060e)
13:18:14.069  INFO    -> current
13:18:14.074  INFO    <- OK ret=0 val1=-0.68 val2=-0.24
13:18:14.264  INFO    -> rpm
13:18:14.269  INFO    <- OK ret=0 rpm=1800 (hex=0x0708)
13:18:14.464  INFO    -> rpm
13:18:14.469  INFO    <- OK ret=0 rpm=1700 (hex=0x06a4)
13:18:14.664  INFO    -> rpm
13:18:14.669  INFO    <- OK ret=0 rpm=1400 (hex=0x0578)
13:18:14.864  INFO    -> rpm
13:18:14.869  INFO    <- OK ret=0 rpm=1150 (hex=0x047e)
13:18:15.064  INFO    -> rpm
13:18:15.068  INFO    <- OK ret=0 rpm=1025 (hex=0x0401)
13:18:15.069  INFO    -> current
13:18:15.074  INFO    <- OK ret=0 val1=-0.54 val2=-0.83
13:18:15.264  INFO    -> rpm
13:18:15.269  INFO    <- OK ret=0 rpm=975 (hex=0x03cf)
13:18:15.464  INFO    -> rpm
13:18:15.468  INFO    <- OK ret=0 rpm=950 (hex=0x03b6)
13:18:15.664  INFO    -> rpm
13:18:15.669  INFO    <- OK ret=0 rpm=1000 (hex=0x03e8)
13:18:15.864  INFO    -> rpm
13:18:15.869  INFO    <- OK ret=0 rpm=1000 (hex=0x03e8)
13:18:16.064  INFO    -> rpm
13:18:16.068  INFO    <- OK ret=0 rpm=1025 (hex=0x0401)
13:18:16.069  INFO    -> current
13:18:16.074  INFO    <- OK ret=0 val1=-0.49 val2=-0.39
13:18:16.264  INFO    -> rpm
13:18:16.269  INFO    <- OK ret=0 rpm=1000 (hex=0x03e8)
13:18:16.464  INFO    -> rpm
13:18:16.469  INFO    <- OK ret=0 rpm=1000 (hex=0x03e8)
13:18:16.664  INFO    -> rpm
13:18:16.669  INFO    <- OK ret=0 rpm=1025 (hex=0x0401)
13:18:16.864  INFO    -> rpm
13:18:16.869  INFO    <- OK ret=0 rpm=1000 (hex=0x03e8)
13:18:17.064  INFO    -> rpm
13:18:17.068  INFO    <- OK ret=0 rpm=1000 (hex=0x03e8)
13:18:17.069  INFO    -> current
13:18:17.074  INFO    <- OK ret=0 val1=-0.49 val2=-0.39
13:18:17.264  INFO    -> rpm
13:18:17.269  INFO    <- OK ret=0 rpm=1000 (hex=0x03e8)
13:18:17.464  INFO    -> rpm
13:18:17.469  INFO    <- OK ret=0 rpm=1000 (hex=0x03e8)
13:18:17.664  INFO    -> rpm
13:18:17.669  INFO    <- OK ret=0 rpm=1000 (hex=0x03e8)
13:18:17.864  INFO    -> rpm
13:18:17.869  INFO    <- OK ret=0 rpm=1000 (hex=0x03e8)
13:18:18.064  INFO    -> rpm
13:18:18.068  INFO    <- OK ret=0 rpm=1000 (hex=0x03e8)
13:18:18.069  INFO    -> current
13:18:18.074  INFO    <- OK ret=0 val1=-0.49 val2=-0.44
13:18:18.264  INFO    -> rpm
13:18:18.269  INFO    <- OK ret=0 rpm=1025 (hex=0x0401)
13:18:18.464  INFO    -> rpm
13:18:18.469  INFO    <- OK ret=0 rpm=1000 (hex=0x03e8)
13:18:18.664  INFO    -> rpm
13:18:18.669  INFO    <- OK ret=0 rpm=1000 (hex=0x03e8)
13:18:18.864  INFO    -> rpm
13:18:18.869  INFO    <- OK ret=0 rpm=1000 (hex=0x03e8)
13:18:19.064  INFO    -> rpm
13:18:19.068  INFO    <- OK ret=0 rpm=1000 (hex=0x03e8)
13:18:19.069  INFO    -> current
13:18:19.074  INFO    <- OK ret=0 val1=-0.54 val2=-0.49
13:18:19.264  INFO    -> rpm
13:18:19.269  INFO    <- OK ret=0 rpm=1000 (hex=0x03e8)
13:18:19.464  INFO    -> rpm
13:18:19.468  INFO    <- OK ret=0 rpm=1000 (hex=0x03e8)
13:18:19.664  INFO    -> rpm
13:18:19.669  INFO    <- OK ret=0 rpm=1000 (hex=0x03e8)
13:18:19.864  INFO    -> rpm
13:18:19.869  INFO    <- OK ret=0 rpm=1000 (hex=0x03e8)
13:18:19.869  INFO    -> speed 800
13:18:19.874  INFO    <- OK
13:18:20.124  INFO    -> speed 600
13:18:20.129  INFO    <- OK
13:18:20.380  INFO    -> speed 400
13:18:20.384  INFO    <- OK
13:18:20.635  INFO    -> speed 200
13:18:20.640  INFO    <- OK
13:18:20.891  INFO    -> speed 0
13:18:20.896  INFO    <- OK
