16:13:20.144  INFO    -> pi -0.1 0.0
16:13:20.148  INFO    <- OK
16:13:20.148  INFO    -> speed 0
16:13:20.151  INFO    <- OK
16:13:20.151  INFO    -> speed 1000
16:13:20.155  INFO    <- OK
16:13:20.155  INFO    -> rpm
16:13:20.162  INFO    <- OK ret=0 rpm=0 (hex=0x0000)
16:13:20.162  INFO    -> current
16:13:20.167  INFO    <- OK ret=0 val1=-0.15 val2=0.00
16:13:20.355  INFO    -> rpm
16:13:20.359  INFO    <- OK ret=0 rpm=0 (hex=0x0000)
16:13:20.555  INFO    -> rpm
16:13:20.559  INFO    <- OK ret=0 rpm=0 (hex=0x0000)
16:13:20.755  INFO    -> rpm
16:13:20.760  INFO    <- OK ret=0 rpm=25 (hex=0x0019)
16:13:20.955  INFO    -> rpm
16:13:20.960  INFO    <- OK ret=0 rpm=1300 (hex=0x0514)
16:13:21.155  INFO    -> rpm
16:13:21.160  INFO    <- OK ret=0 rpm=1500 (hex=0x05dc)
16:13:21.161  INFO    -> current
16:13:21.167  INFO    <- OK ret=0 val1=-0.44 val2=-0.39
16:13:21.355  INFO    -> rpm
16:13:21.360  INFO    <- OK ret=0 rpm=1300 (hex=0x0514)
16:13:21.555  INFO    -> rpm
16:13:21.560  INFO    <- OK ret=0 rpm=1075 (hex=0x0433)
16:13:21.755  INFO    -> rpm
16:13:21.760  INFO    <- OK ret=0 rpm=950 (hex=0x03b6)
16:13:21.955  INFO    -> rpm
16:13:21.960  INFO    <- OK ret=0 rpm=950 (hex=0x03b6)
16:13:22.155  INFO    -> rpm
16:13:22.160  INFO    <- OK ret=0 rpm=975 (hex=0x03cf)
16:13:22.161  INFO    -> current
16:13:22.166  INFO    <- OK ret=0 val1=-0.54 val2=-0.54
16:13:22.355  INFO    -> rpm
16:13:22.360  INFO    <- OK ret=0 rpm=975 (hex=0x03cf)
16:13:22.555  INFO    -> rpm
16:13:22.560  INFO    <- OK ret=0 rpm=1000 (hex=0x03e8)
16:13:22.755  INFO    -> rpm
16:13:22.760  INFO    <- OK ret=0 rpm=1025 (hex=0x0401)
16:13:22.955  INFO    -> rpm
16:13:22.960  INFO    <- OK ret=0 rpm=1000 (hex=0x03e8)
16:13:23.155  INFO    -> rpm
16:13:23.160  INFO    <- OK ret=0 rpm=1000 (hex=0x03e8)
16:13:23.161  INFO    -> current
16:13:23.168  INFO    <- OK ret=0 val1=-0.59 val2=-0.44
16:13:23.355  INFO    -> rpm
16:13:23.360  INFO    <- OK ret=0 rpm=1025 (hex=0x0401)
16:13:23.555  INFO    -> rpm
16:13:23.560  INFO    <- OK ret=0 rpm=975 (hex=0x03cf)
16:13:23.755  INFO    -> rpm
16:13:23.760  INFO    <- OK ret=0 rpm=1025 (hex=0x0401)
16:13:23.955  INFO    -> rpm
16:13:23.960  INFO    <- OK ret=0 rpm=975 (hex=0x03cf)
16:13:24.155  INFO    -> rpm
16:13:24.160  INFO    <- OK ret=0 rpm=1000 (hex=0x03e8)
16:13:24.161  INFO    -> current
16:13:24.167  INFO    <- OK ret=0 val1=-0.49 val2=-0.44
16:13:24.355  INFO    -> rpm
16:13:24.360  INFO    <- OK ret=0 rpm=1000 (hex=0x03e8)
16:13:24.555  INFO    -> rpm
16:13:24.560  INFO    <- OK ret=0 rpm=1000 (hex=0x03e8)
16:13:24.755  INFO    -> rpm
16:13:24.760  INFO    <- OK ret=0 rpm=1000 (hex=0x03e8)
16:13:24.955  INFO    -> rpm
16:13:24.960  INFO    <- OK ret=0 rpm=1000 (hex=0x03e8)
16:13:25.155  INFO    -> rpm
16:13:25.160  INFO    <- OK ret=0 rpm=1025 (hex=0x0401)
16:13:25.161  INFO    -> current
16:13:25.166  INFO    <- OK ret=0 val1=-0.49 val2=-0.49
16:13:25.355  INFO    -> rpm
16:13:25.360  INFO    <- OK ret=0 rpm=975 (hex=0x03cf)
16:13:25.555  INFO    -> rpm
16:13:25.560  INFO    <- OK ret=0 rpm=1000 (hex=0x03e8)
16:13:25.755  INFO    -> rpm
16:13:25.760  INFO    <- OK ret=0 rpm=1000 (hex=0x03e8)
16:13:25.955  INFO    -> rpm
16:13:25.960  INFO    <- OK ret=0 rpm=1000 (hex=0x03e8)
16:13:26.155  INFO    -> rpm
16:13:26.160  INFO    <- OK ret=0 rpm=1000 (hex=0x03e8)
16:13:26.161  INFO    -> current
16:13:26.166  INFO    <- OK ret=0 val1=-0.49 val2=-0.54
16:13:26.355  INFO    -> rpm
16:13:26.360  INFO    <- OK ret=0 rpm=1000 (hex=0x03e8)
16:13:26.555  INFO    -> rpm
16:13:26.560  INFO    <- OK ret=0 rpm=1000 (hex=0x03e8)
16:13:26.755  INFO    -> rpm
16:13:26.760  INFO    <- OK ret=0 rpm=1000 (hex=0x03e8)
16:13:26.955  INFO    -> rpm
16:13:26.960  INFO    <- OK ret=0 rpm=1000 (hex=0x03e8)
16:13:26.961  INFO    -> speed 800
16:13:26.965  INFO    <- OK
16:13:27.216  INFO    -> speed 600
16:13:27.221  INFO    <- OK
16:13:27.472  INFO    -> speed 400
16:13:27.476  INFO    <- OK
16:13:27.727  INFO    -> speed 200
16:13:27.732  INFO    <- OK
16:13:27.983  INFO    -> speed 0
16:13:27.988  INFO    <- OK
