16:12:52.408  INFO    -> pi -0.1 -0.04
16:12:52.412  INFO    <- OK
16:12:52.412  INFO    -> speed 0
16:12:52.415  INFO    <- OK
16:12:52.415  INFO    -> speed 1000
16:12:52.419  INFO    <- OK
16:12:52.419  INFO    -> rpm
16:12:52.428  INFO    <- OK ret=0 rpm=0 (hex=0x0000)
16:12:52.428  INFO    -> current
16:12:52.433  INFO    <- OK ret=0 val1=-0.10 val2=0.05
16:12:52.619  INFO    -> rpm
16:12:52.623  INFO    <- OK ret=0 rpm=0 (hex=0x0000)
16:12:52.819  INFO    -> rpm
16:12:52.823  INFO    <- OK ret=0 rpm=0 (hex=0x0000)
16:12:53.019  INFO    -> rpm
16:12:53.024  INFO    <- OK ret=0 rpm=125 (hex=0x007d)
16:12:53.219  INFO    -> rpm
16:12:53.224  INFO    <- OK ret=0 rpm=1150 (hex=0x047e)
16:12:53.419  INFO    -> rpm
16:12:53.424  INFO    <- OK ret=0 rpm=1375 (hex=0x055f)
16:12:53.425  INFO    -> current
16:12:53.430  INFO    <- OK ret=0 val1=-0.15 val2=0.00
16:12:53.619  INFO    -> rpm
16:12:53.624  INFO    <- OK ret=0 rpm=1275 (hex=0x04fb)
16:12:53.819  INFO    -> rpm
16:12:53.824  INFO    <- OK ret=0 rpm=1075 (hex=0x0433)
16:12:54.019  INFO    -> rpm
16:12:54.025  INFO    <- OK ret=0 rpm=1000 (hex=0x03e8)
16:12:54.219  INFO    -> rpm
16:12:54.224  INFO    <- OK ret=0 rpm=975 (hex=0x03cf)
16:12:54.419  INFO    -> rpm
16:12:54.424  INFO    <- OK ret=0 rpm=1000 (hex=0x03e8)
16:12:54.425  INFO    -> current
16:12:54.430  INFO    <- OK ret=0 val1=-0.59 val2=-0.59
16:12:54.619  INFO    -> rpm
16:12:54.624  INFO    <- OK ret=0 rpm=1000 (hex=0x03e8)
16:12:54.819  INFO    -> rpm
16:12:54.824  INFO    <- OK ret=0 rpm=1000 (hex=0x03e8)
16:12:55.019  INFO    -> rpm
16:12:55.025  INFO    <- OK ret=0 rpm=1000 (hex=0x03e8)
16:12:55.219  INFO    -> rpm
16:12:55.224  INFO    <- OK ret=0 rpm=1025 (hex=0x0401)
16:12:55.419  INFO    -> rpm
16:12:55.424  INFO    <- OK ret=0 rpm=1025 (hex=0x0401)
16:12:55.425  INFO    -> current
16:12:55.430  INFO    <- OK ret=0 val1=-0.49 val2=-0.49
16:12:55.619  INFO    -> rpm
16:12:55.624  INFO    <- OK ret=0 rpm=1000 (hex=0x03e8)
16:12:55.819  INFO    -> rpm
16:12:55.824  INFO    <- OK ret=0 rpm=1000 (hex=0x03e8)
16:12:56.019  INFO    -> rpm
16:12:56.024  INFO    <- OK ret=0 rpm=1025 (hex=0x0401)
16:12:56.219  INFO    -> rpm
16:12:56.224  INFO    <- OK ret=0 rpm=1025 (hex=0x0401)
16:12:56.419  INFO    -> rpm
16:12:56.424  INFO    <- OK ret=0 rpm=1000 (hex=0x03e8)
16:12:56.425  INFO    -> current
16:12:56.431  INFO    <- OK ret=0 val1=-0.49 val2=-0.44
16:12:56.619  INFO    -> rpm
16:12:56.624  INFO    <- OK ret=0 rpm=1000 (hex=0x03e8)
16:12:56.819  INFO    -> rpm
16:12:56.824  INFO    <- OK ret=0 rpm=1025 (hex=0x0401)
16:12:57.019  INFO    -> rpm
16:12:57.024  INFO    <- OK ret=0 rpm=1000 (hex=0x03e8)
16:12:57.219  INFO    -> rpm
16:12:57.224  INFO    <- OK ret=0 rpm=1000 (hex=0x03e8)
16:12:57.419  INFO    -> rpm
16:12:57.424  INFO    <- OK ret=0 rpm=1000 (hex=0x03e8)
16:12:57.425  INFO    -> current
16:12:57.430  INFO    <- OK ret=0 val1=-0.49 val2=-0.39
16:12:57.619  INFO    -> rpm
16:12:57.624  INFO    <- OK ret=0 rpm=975 (hex=0x03cf)
16:12:57.819  INFO    -> rpm
16:12:57.824  INFO    <- OK ret=0 rpm=1025 (hex=0x0401)
16:12:58.019  INFO    -> rpm
16:12:58.027  INFO    <- OK ret=0 rpm=1000 (hex=0x03e8)
16:12:58.219  INFO    -> rpm
16:12:58.224  INFO    <- OK ret=0 rpm=975 (hex=0x03cf)
16:12:58.419  INFO    -> rpm
16:12:58.424  INFO    <- OK ret=0 rpm=975 (hex=0x03cf)
16:12:58.425  INFO    -> current
16:12:58.430  INFO    <- OK ret=0 val1=-0.49 val2=-0.49
16:12:58.619  INFO    -> rpm
16:12:58.624  INFO    <- OK ret=0 rpm=1025 (hex=0x0401)
16:12:58.819  INFO    -> rpm
16:12:58.824  INFO    <- OK ret=0 rpm=975 (hex=0x03cf)
16:12:59.019  INFO    -> rpm
16:12:59.024  INFO    <- OK ret=0 rpm=1025 (hex=0x0401)
16:12:59.219  INFO    -> rpm
16:12:59.224  INFO    <- OK ret=0 rpm=1000 (hex=0x03e8)
16:12:59.225  INFO    -> speed 800
16:12:59.229  INFO    <- OK
16:12:59.480  INFO    -> speed 600
16:12:59.485  INFO    <- OK
16:12:59.736  INFO    -> speed 400
16:12:59.741  INFO    <- OK
16:12:59.991  INFO    -> speed 200
16:12:59.996  INFO    <- OK
16:13:00.247  INFO    -> speed 0
16:13:00.252  INFO    <- OK
