13:16:31.073  INFO    -> pi -0.1 -0.1
13:16:31.077  INFO    <- OK
13:16:31.077  INFO    -> speed 0
13:16:31.080  INFO    <- OK
13:16:31.081  INFO    -> speed 1000
13:16:31.085  INFO    <- OK
13:16:31.085  INFO    -> rpm
13:16:31.091  INFO    <- OK ret=0 rpm=0 (hex=0x0000)
13:16:31.092  INFO    -> current
13:16:31.097  INFO    <- OK ret=0 val1=-0.10 val2=0.05
13:16:31.285  INFO    -> rpm
13:16:31.289  INFO    <- OK ret=0 rpm=0 (hex=0x0000)
13:16:31.485  INFO    -> rpm
13:16:31.489  INFO    <- OK ret=0 rpm=0 (hex=0x0000)
13:16:31.685  INFO    -> rpm
13:16:31.690  INFO    <- OK ret=0 rpm=200 (hex=0x00c8)
13:16:31.885  INFO    -> rpm
13:16:31.891  INFO    <- OK ret=0 rpm=1050 (hex=0x041a)
13:16:32.085  INFO    -> rpm
13:16:32.090  INFO    <- OK ret=0 rpm=1250 (hex=0x04e2)
13:16:32.091  INFO    -> current
13:16:32.097  INFO    <- OK ret=0 val1=-0.20 val2=-0.05
13:16:32.285  INFO    -> rpm
13:16:32.290  INFO    <- OK ret=0 rpm=1200 (hex=0x04b0)
13:16:32.486  INFO    -> rpm
13:16:32.491  INFO    <- OK ret=0 rpm=1125 (hex=0x0465)
13:16:32.685  INFO    -> rpm
13:16:32.690  INFO    <- OK ret=0 rpm=1050 (hex=0x041a)
13:16:32.885  INFO    -> rpm
13:16:32.890  INFO    <- OK ret=0 rpm=1000 (hex=0x03e8)
13:16:33.085  INFO    -> rpm
13:16:33.090  INFO    <- OK ret=0 rpm=1025 (hex=0x0401)
13:16:33.091  INFO    -> current
13:16:33.096  INFO    <- OK ret=0 val1=-0.59 val2=-0.54
13:16:33.285  INFO    -> rpm
13:16:33.290  INFO    <- OK ret=0 rpm=1000 (hex=0x03e8)
13:16:33.485  INFO    -> rpm
13:16:33.490  INFO    <- OK ret=0 rpm=975 (hex=0x03cf)
13:16:33.685  INFO    -> rpm
13:16:33.690  INFO    <- OK ret=0 rpm=1025 (hex=0x0401)
13:16:33.885  INFO    -> rpm
13:16:33.890  INFO    <- OK ret=0 rpm=1000 (hex=0x03e8)
13:16:34.085  INFO    -> rpm
13:16:34.090  INFO    <- OK ret=0 rpm=1000 (hex=0x03e8)
13:16:34.091  INFO    -> current
13:16:34.096  INFO    <- OK ret=0 val1=-0.49 val2=-0.49
13:16:34.285  INFO    -> rpm
13:16:34.290  INFO    <- OK ret=0 rpm=1000 (hex=0x03e8)
13:16:34.485  INFO    -> rpm
13:16:34.490  INFO    <- OK ret=0 rpm=1000 (hex=0x03e8)
13:16:34.685  INFO    -> rpm
13:16:34.690  INFO    <- OK ret=0 rpm=1000 (hex=0x03e8)
13:16:34.885  INFO    -> rpm
13:16:34.890  INFO    <- OK ret=0 rpm=1000 (hex=0x03e8)
13:16:35.085  INFO    -> rpm
13:16:35.090  INFO    <- OK ret=0 rpm=1000 (hex=0x03e8)
13:16:35.091  INFO    -> current
13:16:35.096  INFO    <- OK ret=0 val1=-0.49 val2=-0.49
13:16:35.285  INFO    -> rpm
13:16:35.290  INFO    <- OK ret=0 rpm=1000 (hex=0x03e8)
13:16:35.485  INFO    -> rpm
13:16:35.490  INFO    <- OK ret=0 rpm=1025 (hex=0x0401)
13:16:35.685  INFO    -> rpm
13:16:35.690  INFO    <- OK ret=0 rpm=1000 (hex=0x03e8)
13:16:35.885  INFO    -> rpm
13:16:35.890  INFO    <- OK ret=0 rpm=1000 (hex=0x03e8)
13:16:36.085  INFO    -> rpm
13:16:36.090  INFO    <- OK ret=0 rpm=1025 (hex=0x0401)
13:16:36.091  INFO    -> current
13:16:36.096  INFO    <- OK ret=0 val1=-0.59 val2=-0.39
13:16:36.285  INFO    -> rpm
13:16:36.290  INFO    <- OK ret=0 rpm=975 (hex=0x03cf)
13:16:36.485  INFO    -> rpm
13:16:36.490  INFO    <- OK ret=0 rpm=1000 (hex=0x03e8)
13:16:36.685  INFO    -> rpm
13:16:36.690  INFO    <- OK ret=0 rpm=1000 (hex=0x03e8)
13:16:36.885  INFO    -> rpm
13:16:36.890  INFO    <- OK ret=0 rpm=1000 (hex=0x03e8)
13:16:37.085  INFO    -> rpm
13:16:37.090  INFO    <- OK ret=0 rpm=975 (hex=0x03cf)
13:16:37.091  INFO    -> current
13:16:37.096  INFO    <- OK ret=0 val1=-0.49 val2=-0.44
13:16:37.285  INFO    -> rpm
13:16:37.291  INFO    <- OK ret=0 rpm=1000 (hex=0x03e8)
13:16:37.486  INFO    -> rpm
13:16:37.490  INFO    <- OK ret=0 rpm=1000 (hex=0x03e8)
13:16:37.685  INFO    -> rpm
13:16:37.691  INFO    <- OK ret=0 rpm=1025 (hex=0x0401)
13:16:37.885  INFO    -> rpm
13:16:37.890  INFO    <- OK ret=0 rpm=975 (hex=0x03cf)
13:16:37.891  INFO    -> speed 800
13:16:37.896  INFO    <- OK
13:16:38.146  INFO    -> speed 600
13:16:38.151  INFO    <- OK
13:16:38.402  INFO    -> speed 400
13:16:38.407  INFO    <- OK
13:16:38.658  INFO    -> speed 200
13:16:38.663  INFO    <- OK
13:16:38.914  INFO    -> speed 0
13:16:38.918  INFO    <- OK
