14:29:59.404  INFO    -> pi -0.1 -0.08
14:29:59.407  INFO    <- OK
14:29:59.408  INFO    -> speed 0
14:29:59.411  INFO    <- OK
14:29:59.411  INFO    -> speed 1000
14:29:59.414  INFO    <- OK
14:29:59.415  INFO    -> rpm
14:29:59.419  INFO    <- OK ret=0 rpm=0 (hex=0x0000)
14:29:59.419  INFO    -> current
14:29:59.424  INFO    <- OK ret=0 val1=-0.10 val2=0.05
14:29:59.615  INFO    -> rpm
14:29:59.619  INFO    <- OK ret=0 rpm=0 (hex=0x0000)
14:29:59.815  INFO    -> rpm
14:29:59.819  INFO    <- OK ret=0 rpm=0 (hex=0x0000)
14:30:00.015  INFO    -> rpm
14:30:00.019  INFO    <- OK ret=0 rpm=150 (hex=0x0096)
14:30:00.215  INFO    -> rpm
14:30:00.220  INFO    <- OK ret=0 rpm=950 (hex=0x03b6)
14:30:00.415  INFO    -> rpm
14:30:00.420  INFO    <- OK ret=0 rpm=1200 (hex=0x04b0)
14:30:00.420  INFO    -> current
14:30:00.426  INFO    <- OK ret=0 val1=-0.44 val2=-0.29
14:30:00.615  INFO    -> rpm
14:30:00.620  INFO    <- OK ret=0 rpm=1175 (hex=0x0497)
14:30:00.815  INFO    -> rpm
14:30:00.820  INFO    <- OK ret=0 rpm=1075 (hex=0x0433)
14:30:01.015  INFO    -> rpm
14:30:01.020  INFO    <- OK ret=0 rpm=1050 (hex=0x041a)
14:30:01.215  INFO    -> rpm
14:30:01.220  INFO    <- OK ret=0 rpm=1000 (hex=0x03e8)
14:30:01.415  INFO    -> rpm
14:30:01.420  INFO    <- OK ret=0 rpm=1000 (hex=0x03e8)
14:30:01.420  INFO    -> current
14:30:01.426  INFO    <- OK ret=0 val1=-0.49 val2=-0.39
14:30:01.615  INFO    -> rpm
14:30:01.620  INFO    <- OK ret=0 rpm=1000 (hex=0x03e8)
14:30:01.815  INFO    -> rpm
14:30:01.820  INFO    <- OK ret=0 rpm=1000 (hex=0x03e8)
14:30:02.015  INFO    -> rpm
14:30:02.020  INFO    <- OK ret=0 rpm=1025 (hex=0x0401)
14:30:02.215  INFO    -> rpm
14:30:02.220  INFO    <- OK ret=0 rpm=1000 (hex=0x03e8)
14:30:02.415  INFO    -> rpm
14:30:02.420  INFO    <- OK ret=0 rpm=1025 (hex=0x0401)
14:30:02.420  INFO    -> current
14:30:02.426  INFO    <- OK ret=0 val1=-0.49 val2=-0.44
14:30:02.615  INFO    -> rpm
14:30:02.620  INFO    <- OK ret=0 rpm=975 (hex=0x03cf)
14:30:02.815  INFO    -> rpm
14:30:02.820  INFO    <- OK ret=0 rpm=1025 (hex=0x0401)
14:30:03.015  INFO    -> rpm
14:30:03.020  INFO    <- OK ret=0 rpm=1025 (hex=0x0401)
14:30:03.215  INFO    -> rpm
14:30:03.220  INFO    <- OK ret=0 rpm=975 (hex=0x03cf)
14:30:03.415  INFO    -> rpm
14:30:03.420  INFO    <- OK ret=0 rpm=1025 (hex=0x0401)
14:30:03.420  INFO    -> current
14:30:03.426  INFO    <- OK ret=0 val1=-0.59 val2=-0.44
14:30:03.615  INFO    -> rpm
14:30:03.620  INFO    <- OK ret=0 rpm=975 (hex=0x03cf)
14:30:03.815  INFO    -> rpm
14:30:03.820  INFO    <- OK ret=0 rpm=1000 (hex=0x03e8)
14:30:04.015  INFO    -> rpm
14:30:04.020  INFO    <- OK ret=0 rpm=1000 (hex=0x03e8)
14:30:04.215  INFO    -> rpm
14:30:04.220  INFO    <- OK ret=0 rpm=1000 (hex=0x03e8)
14:30:04.415  INFO    -> rpm
14:30:04.420  INFO    <- OK ret=0 rpm=975 (hex=0x03cf)
14:30:04.420  INFO    -> current
14:30:04.426  INFO    <- OK ret=0 val1=-0.54 val2=-0.49
14:30:04.615  INFO    -> rpm
14:30:04.620  INFO    <- OK ret=0 rpm=1000 (hex=0x03e8)
14:30:04.815  INFO    -> rpm
14:30:04.820  INFO    <- OK ret=0 rpm=1025 (hex=0x0401)
14:30:05.015  INFO    -> rpm
14:30:05.020  INFO    <- OK ret=0 rpm=1000 (hex=0x03e8)
14:30:05.215  INFO    -> rpm
14:30:05.220  INFO    <- OK ret=0 rpm=1000 (hex=0x03e8)
14:30:05.415  INFO    -> rpm
14:30:05.420  INFO    <- OK ret=0 rpm=1025 (hex=0x0401)
14:30:05.420  INFO    -> current
14:30:05.426  INFO    <- OK ret=0 val1=-0.49 val2=-0.54
14:30:05.615  INFO    -> rpm
14:30:05.620  INFO    <- OK ret=0 rpm=1000 (hex=0x03e8)
14:30:05.815  INFO    -> rpm
14:30:05.820  INFO    <- OK ret=0 rpm=1000 (hex=0x03e8)
14:30:06.015  INFO    -> rpm
14:30:06.020  INFO    <- OK ret=0 rpm=1000 (hex=0x03e8)
14:30:06.215  INFO    -> rpm
14:30:06.220  INFO    <- OK ret=0 rpm=1000 (hex=0x03e8)
14:30:06.221  INFO    -> speed 800
14:30:06.225  INFO    <- OK
14:30:06.476  INFO    -> speed 600
14:30:06.481  INFO    <- OK
14:30:06.732  INFO    -> speed 400
14:30:06.736  INFO    <- OK
14:30:06.987  INFO    -> speed 200
14:30:06.992  INFO    <- OK
14:30:07.243  INFO    -> speed 0
14:30:07.248  INFO    <- OK
