17:42:27.424  INFO    -> pi -0.08 -0.03
17:42:27.428  INFO    <- OK
17:42:27.428  INFO    -> speed 0
17:42:27.431  INFO    <- OK
17:42:27.432  INFO    -> speed 1000
17:42:27.435  INFO    <- OK
17:42:27.435  INFO    -> rpm
17:42:27.439  INFO    <- OK ret=0 rpm=0 (hex=0x0000)
17:42:27.439  INFO    -> current
17:42:27.444  INFO    <- OK ret=0 val1=-0.15 val2=0.05
17:42:27.635  INFO    -> rpm
17:42:27.639  INFO    <- OK ret=0 rpm=0 (hex=0x0000)
17:42:27.835  INFO    -> rpm
17:42:27.839  INFO    <- OK ret=0 rpm=0 (hex=0x0000)
17:42:28.035  INFO    -> rpm
17:42:28.040  INFO    <- OK ret=0 rpm=475 (hex=0x01db)
17:42:28.235  INFO    -> rpm
17:42:28.240  INFO    <- OK ret=0 rpm=1350 (hex=0x0546)
17:42:28.435  INFO    -> rpm
17:42:28.441  INFO    <- OK ret=0 rpm=1250 (hex=0x04e2)
17:42:28.441  INFO    -> current
17:42:28.447  INFO    <- OK ret=0 val1=-0.59 val2=-0.44
17:42:28.635  INFO    -> rpm
17:42:28.641  INFO    <- OK ret=0 rpm=1100 (hex=0x044c)
17:42:28.835  INFO    -> rpm
17:42:28.844  INFO    <- OK ret=0 rpm=1050 (hex=0x041a)
17:42:29.035  INFO    -> rpm
17:42:29.041  INFO    <- OK ret=0 rpm=975 (hex=0x03cf)
17:42:29.235  INFO    -> rpm
17:42:29.240  INFO    <- OK ret=0 rpm=1025 (hex=0x0401)
17:42:29.435  INFO    -> rpm
17:42:29.440  INFO    <- OK ret=0 rpm=1000 (hex=0x03e8)
17:42:29.441  INFO    -> current
17:42:29.446  INFO    <- OK ret=0 val1=-0.59 val2=-0.44
17:42:29.635  INFO    -> rpm
17:42:29.640  INFO    <- OK ret=0 rpm=975 (hex=0x03cf)
17:42:29.835  INFO    -> rpm
17:42:29.841  INFO    <- OK ret=0 rpm=1000 (hex=0x03e8)
17:42:30.035  INFO    -> rpm
17:42:30.040  INFO    <- OK ret=0 rpm=1000 (hex=0x03e8)
17:42:30.235  INFO    -> rpm
17:42:30.240  INFO    <- OK ret=0 rpm=1000 (hex=0x03e8)
17:42:30.435  INFO    -> rpm
17:42:30.440  INFO    <- OK ret=0 rpm=1000 (hex=0x03e8)
17:42:30.441  INFO    -> current
17:42:30.446  INFO    <- OK ret=0 val1=-0.54 val2=-0.54
17:42:30.635  INFO    -> rpm
17:42:30.640  INFO    <- OK ret=0 rpm=1000 (hex=0x03e8)
17:42:30.835  INFO    -> rpm
17:42:30.840  INFO    <- OK ret=0 rpm=1000 (hex=0x03e8)
17:42:31.035  INFO    -> rpm
17:42:31.040  INFO    <- OK ret=0 rpm=1000 (hex=0x03e8)
17:42:31.235  INFO    -> rpm
17:42:31.240  INFO    <- OK ret=0 rpm=1000 (hex=0x03e8)
17:42:31.435  INFO    -> rpm
17:42:31.440  INFO    <- OK ret=0 rpm=1000 (hex=0x03e8)
17:42:31.441  INFO    -> current
17:42:31.446  INFO    <- OK ret=0 val1=-0.44 val2=-0.49
17:42:31.635  INFO    -> rpm
17:42:31.640  INFO    <- OK ret=0 rpm=1000 (hex=0x03e8)
17:42:31.835  INFO    -> rpm
17:42:31.840  INFO    <- OK ret=0 rpm=1000 (hex=0x03e8)
17:42:32.035  INFO    -> rpm
17:42:32.040  INFO    <- OK ret=0 rpm=975 (hex=0x03cf)
17:42:32.235  INFO    -> rpm
17:42:32.240  INFO    <- OK ret=0 rpm=1025 (hex=0x0401)
17:42:32.435  INFO    -> rpm
17:42:32.440  INFO    <- OK ret=0 rpm=1025 (hex=0x0401)
17:42:32.441  INFO    -> current
17:42:32.446  INFO    <- OK ret=0 val1=-0.49 val2=-0.49
17:42:32.635  INFO    -> rpm
17:42:32.640  INFO    <- OK ret=0 rpm=1000 (hex=0x03e8)
17:42:32.835  INFO    -> rpm
17:42:32.840  INFO    <- OK ret=0 rpm=1000 (hex=0x03e8)
17:42:33.035  INFO    -> rpm
17:42:33.040  INFO    <- OK ret=0 rpm=1000 (hex=0x03e8)
17:42:33.235  INFO    -> rpm
17:42:33.240  INFO    <- OK ret=0 rpm=1025 (hex=0x0401)
17:42:33.435  INFO    -> rpm
17:42:33.440  INFO    <- OK ret=0 rpm=1025 (hex=0x0401)
17:42:33.441  INFO    -> current
17:42:33.446  INFO    <- OK ret=0 val1=-0.54 val2=-0.44
17:42:33.635  INFO    -> rpm
17:42:33.641  INFO    <- OK ret=0 rpm=1025 (hex=0x0401)
17:42:33.835  INFO    -> rpm
17:42:33.844  INFO    <- OK ret=0 rpm=1000 (hex=0x03e8)
17:42:34.035  INFO    -> rpm
17:42:34.040  INFO    <- OK ret=0 rpm=1000 (hex=0x03e8)
17:42:34.235  INFO    -> rpm
17:42:34.240  INFO    <- OK ret=0 rpm=1000 (hex=0x03e8)
17:42:34.241  INFO    -> speed 800
17:42:34.245  INFO    <- OK
17:42:34.496  INFO    -> speed 600
17:42:34.501  INFO    <- OK
17:42:34.752  INFO    -> speed 400
17:42:34.757  INFO    <- OK
17:42:35.007  INFO    -> speed 200
17:42:35.012  INFO    <- OK
17:42:35.263  INFO    -> speed 0
17:42:35.268  INFO    <- OK
