17:43:20.617  INFO    -> pi 0.0 0.0
17:43:20.621  INFO    <- OK
17:43:20.621  INFO    -> speed 0
17:43:20.625  INFO    <- OK
17:43:20.625  INFO    -> speed 1000
17:43:20.628  INFO    <- OK
17:43:20.628  INFO    -> rpm
17:43:20.632  INFO    <- OK ret=0 rpm=0 (hex=0x0000)
17:43:20.632  INFO    -> current
17:43:20.637  INFO    <- OK ret=0 val1=-0.10 val2=0.05
17:43:20.828  INFO    -> rpm
17:43:20.832  INFO    <- OK ret=0 rpm=0 (hex=0x0000)
17:43:21.028  INFO    -> rpm
17:43:21.032  INFO    <- OK ret=0 rpm=550 (hex=0x0226)
17:43:21.228  INFO    -> rpm
17:43:21.233  INFO    <- OK ret=0 rpm=1000 (hex=0x03e8)
17:43:21.428  INFO    -> rpm
17:43:21.433  INFO    <- OK ret=0 rpm=825 (hex=0x0339)
17:43:21.628  INFO    -> rpm
17:43:21.633  INFO    <- OK ret=0 rpm=925 (hex=0x039d)
17:43:21.634  INFO    -> current
17:43:21.639  INFO    <- OK ret=0 val1=-0.44 val2=-0.39
17:43:21.828  INFO    -> rpm
17:43:21.833  INFO    <- OK ret=0 rpm=975 (hex=0x03cf)
17:43:22.028  INFO    -> rpm
17:43:22.033  INFO    <- OK ret=0 rpm=950 (hex=0x03b6)
17:43:22.228  INFO    -> rpm
17:43:22.233  INFO    <- OK ret=0 rpm=975 (hex=0x03cf)
17:43:22.428  INFO    -> rpm
17:43:22.433  INFO    <- OK ret=0 rpm=975 (hex=0x03cf)
17:43:22.628  INFO    -> rpm
17:43:22.633  INFO    <- OK ret=0 rpm=975 (hex=0x03cf)
17:43:22.634  INFO    -> current
17:43:22.639  INFO    <- OK ret=0 val1=-0.54 val2=-0.44
17:43:22.828  INFO    -> rpm
17:43:22.833  INFO    <- OK ret=0 rpm=1000 (hex=0x03e8)
17:43:23.028  INFO    -> rpm
17:43:23.033  INFO    <- OK ret=0 rpm=1000 (hex=0x03e8)
17:43:23.228  INFO    -> rpm
17:43:23.233  INFO    <- OK ret=0 rpm=1000 (hex=0x03e8)
17:43:23.428  INFO    -> rpm
17:43:23.433  INFO    <- OK ret=0 rpm=1025 (hex=0x0401)
17:43:23.628  INFO    -> rpm
17:43:23.633  INFO    <- OK ret=0 rpm=1025 (hex=0x0401)
17:43:23.634  INFO    -> current
17:43:23.639  INFO    <- OK ret=0 val1=-0.49 val2=-0.49
17:43:23.828  INFO    -> rpm
17:43:23.833  INFO    <- OK ret=0 rpm=1000 (hex=0x03e8)
17:43:24.028  INFO    -> rpm
17:43:24.033  INFO    <- OK ret=0 rpm=975 (hex=0x03cf)
17:43:24.228  INFO    -> rpm
17:43:24.233  INFO    <- OK ret=0 rpm=1025 (hex=0x0401)
17:43:24.428  INFO    -> rpm
17:43:24.433  INFO    <- OK ret=0 rpm=975 (hex=0x03cf)
17:43:24.628  INFO    -> rpm
17:43:24.633  INFO    <- OK ret=0 rpm=1025 (hex=0x0401)
17:43:24.634  INFO    -> current
17:43:24.639  INFO    <- OK ret=0 val1=-0.49 val2=-0.54
17:43:24.828  INFO    -> rpm
17:43:24.833  INFO    <- OK ret=0 rpm=1000 (hex=0x03e8)
17:43:25.028  INFO    -> rpm
17:43:25.033  INFO    <- OK ret=0 rpm=1000 (hex=0x03e8)
17:43:25.228  INFO    -> rpm
17:43:25.233  INFO    <- OK ret=0 rpm=1000 (hex=0x03e8)
17:43:25.428  INFO    -> rpm
17:43:25.433  INFO    <- OK ret=0 rpm=1000 (hex=0x03e8)
17:43:25.629  INFO    -> rpm
17:43:25.633  INFO    <- OK ret=0 rpm=975 (hex=0x03cf)
17:43:25.634  INFO    -> current
17:43:25.639  INFO    <- OK ret=0 val1=-0.54 val2=-0.44
17:43:25.828  INFO    -> rpm
17:43:25.833  INFO    <- OK ret=0 rpm=1025 (hex=0x0401)
17:43:26.028  INFO    -> rpm
17:43:26.033  INFO    <- OK ret=0 rpm=1025 (hex=0x0401)
17:43:26.228  INFO    -> rpm
17:43:26.233  INFO    <- OK ret=0 rpm=1025 (hex=0x0401)
17:43:26.428  INFO    -> rpm
17:43:26.433  INFO    <- OK ret=0 rpm=975 (hex=0x03cf)
17:43:26.629  INFO    -> rpm
17:43:26.633  INFO    <- OK ret=0 rpm=1000 (hex=0x03e8)
17:43:26.634  INFO    -> current
17:43:26.639  INFO    <- OK ret=0 val1=-0.54 val2=-0.44
17:43:26.828  INFO    -> rpm
17:43:26.833  INFO    <- OK ret=0 rpm=975 (hex=0x03cf)
17:43:27.028  INFO    -> rpm
17:43:27.034  INFO    <- OK ret=0 rpm=1025 (hex=0x0401)
17:43:27.228  INFO    -> rpm
17:43:27.234  INFO    <- OK ret=0 rpm=975 (hex=0x03cf)
17:43:27.428  INFO    -> rpm
17:43:27.441  INFO    <- OK ret=0 rpm=1000 (hex=0x03e8)
17:43:27.441  INFO    -> speed 800
17:43:27.446  INFO    <- OK
17:43:27.696  INFO    -> speed 600
17:43:27.701  INFO    <- OK
17:43:27.952  INFO    -> speed 400
17:43:27.957  INFO    <- OK
17:43:28.208  INFO    -> speed 200
17:43:28.213  INFO    <- OK
17:43:28.464  INFO    -> speed 0
17:43:28.468  INFO    <- OK
