17:43:48.309  INFO    -> pi -0.08 0.03
17:43:48.313  INFO    <- OK
17:43:48.313  INFO    -> speed 0
17:43:48.317  INFO    <- OK
17:43:48.317  INFO    -> speed 1000
17:43:48.320  INFO    <- OK
17:43:48.321  INFO    -> rpm
17:43:48.328  INFO    <- OK ret=0 rpm=0 (hex=0x0000)
17:43:48.328  INFO    -> current
17:43:48.333  INFO    <- OK ret=0 val1=-0.10 val2=0.05
17:43:48.521  INFO    -> rpm
17:43:48.525  INFO    <- OK ret=0 rpm=0 (hex=0x0000)
17:43:48.721  INFO    -> rpm
17:43:48.725  INFO    <- OK ret=0 rpm=125 (hex=0x007d)
17:43:48.921  INFO    -> rpm
17:43:48.926  INFO    <- OK ret=0 rpm=975 (hex=0x03cf)
17:43:49.121  INFO    -> rpm
17:43:49.126  INFO    <- OK ret=0 rpm=1175 (hex=0x0497)
17:43:49.321  INFO    -> rpm
17:43:49.326  INFO    <- OK ret=0 rpm=1050 (hex=0x041a)
17:43:49.326  INFO    -> current
17:43:49.332  INFO    <- OK ret=0 val1=-0.15 val2=0.00
17:43:49.521  INFO    -> rpm
17:43:49.526  INFO    <- OK ret=0 rpm=1050 (hex=0x041a)
17:43:49.721  INFO    -> rpm
17:43:49.726  INFO    <- OK ret=0 rpm=975 (hex=0x03cf)
17:43:49.921  INFO    -> rpm
17:43:49.926  INFO    <- OK ret=0 rpm=1000 (hex=0x03e8)
17:43:50.121  INFO    -> rpm
17:43:50.126  INFO    <- OK ret=0 rpm=1025 (hex=0x0401)
17:43:50.321  INFO    -> rpm
17:43:50.326  INFO    <- OK ret=0 rpm=1000 (hex=0x03e8)
17:43:50.326  INFO    -> current
17:43:50.332  INFO    <- OK ret=0 val1=-0.59 val2=-0.59
17:43:50.521  INFO    -> rpm
17:43:50.526  INFO    <- OK ret=0 rpm=1000 (hex=0x03e8)
17:43:50.721  INFO    -> rpm
17:43:50.726  INFO    <- OK ret=0 rpm=975 (hex=0x03cf)
17:43:50.921  INFO    -> rpm
17:43:50.926  INFO    <- OK ret=0 rpm=1025 (hex=0x0401)
17:43:51.121  INFO    -> rpm
17:43:51.126  INFO    <- OK ret=0 rpm=975 (hex=0x03cf)
17:43:51.321  INFO    -> rpm
17:43:51.326  INFO    <- OK ret=0 rpm=1025 (hex=0x0401)
17:43:51.326  INFO    -> current
17:43:51.332  INFO    <- OK ret=0 val1=-0.54 val2=-0.59
17:43:51.521  INFO    -> rpm
17:43:51.526  INFO    <- OK ret=0 rpm=975 (hex=0x03cf)
17:43:51.721  INFO    -> rpm
17:43:51.726  INFO    <- OK ret=0 rpm=1000 (hex=0x03e8)
17:43:51.921  INFO    -> rpm
17:43:51.926  INFO    <- OK ret=0 rpm=975 (hex=0x03cf)
17:43:52.121  INFO    -> rpm
17:43:52.126  INFO    <- OK ret=0 rpm=1000 (hex=0x03e8)
17:43:52.321  INFO    -> rpm
17:43:52.326  INFO    <- OK ret=0 rpm=975 (hex=0x03cf)
17:43:52.326  INFO    -> current
17:43:52.332  INFO    <- OK ret=0 val1=-0.54 val2=-0.49
17:43:52.521  INFO    -> rpm
17:43:52.526  INFO    <- OK ret=0 rpm=1000 (hex=0x03e8)
17:43:52.721  INFO    -> rpm
17:43:52.726  INFO    <- OK ret=0 rpm=1000 (hex=0x03e8)
17:43:52.921  INFO    -> rpm
17:43:52.926  INFO    <- OK ret=0 rpm=1025 (hex=0x0401)
17:43:53.121  INFO    -> rpm
17:43:53.126  INFO    <- OK ret=0 rpm=975 (hex=0x03cf)
17:43:53.321  INFO    -> rpm
17:43:53.326  INFO    <- OK ret=0 rpm=975 (hex=0x03cf)
17:43:53.326  INFO    -> current
17:43:53.332  INFO    <- OK ret=0 val1=-0.54 val2=-0.54
17:43:53.521  INFO    -> rpm
17:43:53.526  INFO    <- OK ret=0 rpm=1000 (hex=0x03e8)
17:43:53.721  INFO    -> rpm
17:43:53.734  INFO    <- OK ret=0 rpm=1000 (hex=0x03e8)
17:43:53.921  INFO    -> rpm
17:43:53.926  INFO    <- OK ret=0 rpm=1000 (hex=0x03e8)
17:43:54.121  INFO    -> rpm
17:43:54.126  INFO    <- OK ret=0 rpm=1000 (hex=0x03e8)
17:43:54.321  INFO    -> rpm
17:43:54.326  INFO    <- OK ret=0 rpm=1000 (hex=0x03e8)
17:43:54.327  INFO    -> current
17:43:54.332  INFO    <- OK ret=0 val1=-0.54 val2=-0.44
17:43:54.521  INFO    -> rpm
17:43:54.526  INFO    <- OK ret=0 rpm=1000 (hex=0x03e8)
17:43:54.721  INFO    -> rpm
17:43:54.729  INFO    <- OK ret=0 rpm=1000 (hex=0x03e8)
17:43:54.921  INFO    -> rpm
17:43:54.926  INFO    <- OK ret=0 rpm=1025 (hex=0x0401)
17:43:55.121  INFO    -> rpm
17:43:55.126  INFO    <- OK ret=0 rpm=1000 (hex=0x03e8)
17:43:55.126  INFO    -> speed 800
17:43:55.131  INFO    <- OK
17:43:55.382  INFO    -> speed 600
17:43:55.387  INFO    <- OK
17:43:55.638  INFO    -> speed 400
17:43:55.642  INFO    <- OK
17:43:55.893  INFO    -> speed 200
17:43:55.898  INFO    <- OK
17:43:56.149  INFO    -> speed 0
17:43:56.154  INFO    <- OK
